Archive member included to satisfy reference by file (symbol)

c:/program files (x86)/atmel/studio/7.0/toolchain/avr8/avr8-gnu-toolchain/bin/../lib/gcc/avr/5.4.0/../../../../avr/lib/avrxmega6\libm.a(addsf3.o)
                              src/twi.o (__subsf3)
c:/program files (x86)/atmel/studio/7.0/toolchain/avr8/avr8-gnu-toolchain/bin/../lib/gcc/avr/5.4.0/../../../../avr/lib/avrxmega6\libm.a(addsf3x.o)
                              c:/program files (x86)/atmel/studio/7.0/toolchain/avr8/avr8-gnu-toolchain/bin/../lib/gcc/avr/5.4.0/../../../../avr/lib/avrxmega6\libm.a(addsf3.o) (__addsf3x)
c:/program files (x86)/atmel/studio/7.0/toolchain/avr8/avr8-gnu-toolchain/bin/../lib/gcc/avr/5.4.0/../../../../avr/lib/avrxmega6\libm.a(cmpsf2.o)
                              src/twi.o (__eqsf2)
c:/program files (x86)/atmel/studio/7.0/toolchain/avr8/avr8-gnu-toolchain/bin/../lib/gcc/avr/5.4.0/../../../../avr/lib/avrxmega6\libm.a(cos.o)
                              src/twi.o (cos)
c:/program files (x86)/atmel/studio/7.0/toolchain/avr8/avr8-gnu-toolchain/bin/../lib/gcc/avr/5.4.0/../../../../avr/lib/avrxmega6\libm.a(divsf3.o)
                              src/usb.o (__divsf3)
c:/program files (x86)/atmel/studio/7.0/toolchain/avr8/avr8-gnu-toolchain/bin/../lib/gcc/avr/5.4.0/../../../../avr/lib/avrxmega6\libm.a(divsf3x.o)
                              c:/program files (x86)/atmel/studio/7.0/toolchain/avr8/avr8-gnu-toolchain/bin/../lib/gcc/avr/5.4.0/../../../../avr/lib/avrxmega6\libm.a(divsf3.o) (__divsf3x)
c:/program files (x86)/atmel/studio/7.0/toolchain/avr8/avr8-gnu-toolchain/bin/../lib/gcc/avr/5.4.0/../../../../avr/lib/avrxmega6\libm.a(fixsfsi.o)
                              src/twi.o (__fixsfsi)
c:/program files (x86)/atmel/studio/7.0/toolchain/avr8/avr8-gnu-toolchain/bin/../lib/gcc/avr/5.4.0/../../../../avr/lib/avrxmega6\libm.a(fixunssfsi.o)
                              src/twi.o (__fixunssfsi)
c:/program files (x86)/atmel/studio/7.0/toolchain/avr8/avr8-gnu-toolchain/bin/../lib/gcc/avr/5.4.0/../../../../avr/lib/avrxmega6\libm.a(floatsisf.o)
                              src/main.o (__floatunsisf)
c:/program files (x86)/atmel/studio/7.0/toolchain/avr8/avr8-gnu-toolchain/bin/../lib/gcc/avr/5.4.0/../../../../avr/lib/avrxmega6\libm.a(fp_cmp.o)
                              c:/program files (x86)/atmel/studio/7.0/toolchain/avr8/avr8-gnu-toolchain/bin/../lib/gcc/avr/5.4.0/../../../../avr/lib/avrxmega6\libm.a(cmpsf2.o) (__fp_cmp)
c:/program files (x86)/atmel/studio/7.0/toolchain/avr8/avr8-gnu-toolchain/bin/../lib/gcc/avr/5.4.0/../../../../avr/lib/avrxmega6\libm.a(fp_inf.o)
                              c:/program files (x86)/atmel/studio/7.0/toolchain/avr8/avr8-gnu-toolchain/bin/../lib/gcc/avr/5.4.0/../../../../avr/lib/avrxmega6\libm.a(addsf3x.o) (__fp_inf)
c:/program files (x86)/atmel/studio/7.0/toolchain/avr8/avr8-gnu-toolchain/bin/../lib/gcc/avr/5.4.0/../../../../avr/lib/avrxmega6\libm.a(fp_nan.o)
                              c:/program files (x86)/atmel/studio/7.0/toolchain/avr8/avr8-gnu-toolchain/bin/../lib/gcc/avr/5.4.0/../../../../avr/lib/avrxmega6\libm.a(addsf3x.o) (__fp_nan)
c:/program files (x86)/atmel/studio/7.0/toolchain/avr8/avr8-gnu-toolchain/bin/../lib/gcc/avr/5.4.0/../../../../avr/lib/avrxmega6\libm.a(fp_pscA.o)
                              c:/program files (x86)/atmel/studio/7.0/toolchain/avr8/avr8-gnu-toolchain/bin/../lib/gcc/avr/5.4.0/../../../../avr/lib/avrxmega6\libm.a(addsf3x.o) (__fp_pscA)
c:/program files (x86)/atmel/studio/7.0/toolchain/avr8/avr8-gnu-toolchain/bin/../lib/gcc/avr/5.4.0/../../../../avr/lib/avrxmega6\libm.a(fp_pscB.o)
                              c:/program files (x86)/atmel/studio/7.0/toolchain/avr8/avr8-gnu-toolchain/bin/../lib/gcc/avr/5.4.0/../../../../avr/lib/avrxmega6\libm.a(addsf3x.o) (__fp_pscB)
c:/program files (x86)/atmel/studio/7.0/toolchain/avr8/avr8-gnu-toolchain/bin/../lib/gcc/avr/5.4.0/../../../../avr/lib/avrxmega6\libm.a(fp_rempio2.o)
                              c:/program files (x86)/atmel/studio/7.0/toolchain/avr8/avr8-gnu-toolchain/bin/../lib/gcc/avr/5.4.0/../../../../avr/lib/avrxmega6\libm.a(cos.o) (__fp_rempio2)
c:/program files (x86)/atmel/studio/7.0/toolchain/avr8/avr8-gnu-toolchain/bin/../lib/gcc/avr/5.4.0/../../../../avr/lib/avrxmega6\libm.a(fp_round.o)
                              c:/program files (x86)/atmel/studio/7.0/toolchain/avr8/avr8-gnu-toolchain/bin/../lib/gcc/avr/5.4.0/../../../../avr/lib/avrxmega6\libm.a(addsf3.o) (__fp_round)
c:/program files (x86)/atmel/studio/7.0/toolchain/avr8/avr8-gnu-toolchain/bin/../lib/gcc/avr/5.4.0/../../../../avr/lib/avrxmega6\libm.a(fp_sinus.o)
                              c:/program files (x86)/atmel/studio/7.0/toolchain/avr8/avr8-gnu-toolchain/bin/../lib/gcc/avr/5.4.0/../../../../avr/lib/avrxmega6\libm.a(cos.o) (__fp_sinus)
c:/program files (x86)/atmel/studio/7.0/toolchain/avr8/avr8-gnu-toolchain/bin/../lib/gcc/avr/5.4.0/../../../../avr/lib/avrxmega6\libm.a(fp_split3.o)
[...]
Memory Configuration

Name             Origin             Length             Attributes
text             0x00000000         0x00100000         xr
data             0x00802000         0x0000ffa0         rw !x
eeprom           0x00810000         0x00010000         rw !x
fuse             0x00820000         0x00000006         rw !x
lock             0x00830000         0x00000400         rw !x
signature        0x00840000         0x00000400         rw !x
user_signatures  0x00850000         0x00000400         rw !x
*default*        0x00000000         0xffffffff

Linker script and memory map

LOAD C:/Program Files (x86)/Atmel/Studio/7.0/Packs/Atmel/XMEGAA_DFP/1.1.68/gcc/dev/atxmega256a3bu/avrxmega6/crtatxmega256a3bu.o
LOAD src/ASF/common/services/serial/usart_serial.o
LOAD src/ASF/xmega/drivers/usart/usart.o
LOAD src/serial.o
LOAD src/usb.o
LOAD src/ASF/common/drivers/nvm/xmega/xmega_nvm.o
LOAD src/ASF/common/services/calendar/calendar.o
LOAD src/ASF/common/services/fifo/fifo.o
LOAD src/ASF/common/services/hugemem/avr8/avr8_hugemem.o
LOAD src/ASF/xmega/drivers/dma/dma.o
LOAD src/ASF/xmega/drivers/rtc32/rtc32.o
LOAD src/dds.o
LOAD src/interpreter.o
LOAD src/twi.o
LOAD src/ASF/common/boards/user_board/init.o
LOAD src/ASF/common/services/gfx_mono/gfx_mono_framebuffer.o
LOAD src/ASF/common/services/gfx_mono/gfx_mono_generic.o
LOAD src/ASF/common/services/gfx_mono/gfx_mono_null.o
LOAD src/ASF/common/services/gfx_mono/gfx_mono_text.o
LOAD src/ASF/common/services/gfx_mono/sysfont.o
LOAD src/ASF/common/services/ioport/xmega/ioport_compat.o
LOAD src/ASF/xmega/drivers/adc/adc.o
LOAD src/ASF/xmega/drivers/adc/xmega_aau/adc_aau.o
LOAD src/ASF/xmega/drivers/dac/dac.o
LOAD src/ASF/xmega/drivers/tc/tc.o
LOAD src/ASF/xmega/drivers/twi/twim.o
LOAD src/ASF/xmega/drivers/twi/twis.o
LOAD src/ASF/xmega/drivers/usb/usb_device.o
LOAD src/ASF/xmega/services/pwm/pwm.o
LOAD src/main.o
LOAD src/ASF/common/services/clock/xmega/sysclk.o
LOAD src/ASF/common/services/sleepmgr/xmega/sleepmgr.o
LOAD src/ASF/common/services/usb/class/cdc/device/udi_cdc.o
LOAD src/ASF/common/services/usb/class/cdc/device/udi_cdc_desc.o
LOAD src/ASF/common/services/usb/udc/udc.o
LOAD src/ASF/common/utils/stdio/read.o
LOAD src/ASF/common/utils/stdio/stdio_usb/stdio_usb.o
LOAD src/ASF/common/utils/stdio/write.o
LOAD src/ASF/xmega/drivers/nvm/nvm.o
LOAD src/ASF/xmega/drivers/nvm/nvm_asm.o
LOAD src/ASF/xmega/drivers/cpu/ccp.o
START GROUP
LOAD c:/program files (x86)/atmel/studio/7.0/toolchain/avr8/avr8-gnu-toolchain/bin/../lib/gcc/avr/5.4.0/../../../../avr/lib/avrxmega6\libm.a
END GROUP
LOAD c:/program files (x86)/atmel/studio/7.0/toolchain/avr8/avr8-gnu-toolchain/bin/../lib/gcc/avr/5.4.0/../../../../avr/lib/avrxmega6\libprintf_flt.a
START GROUP
LOAD c:/program files (x86)/atmel/studio/7.0/toolchain/avr8/avr8-gnu-toolchain/bin/../lib/gcc/avr/5.4.0/avrxmega6\libgcc.a
LOAD c:/program files (x86)/atmel/studio/7.0/toolchain/avr8/avr8-gnu-toolchain/bin/../lib/gcc/avr/5.4.0/../../../../avr/lib/avrxmega6\libm.a
LOAD c:/program files (x86)/atmel/studio/7.0/toolchain/avr8/avr8-gnu-toolchain/bin/../lib/gcc/avr/5.4.0/../../../../avr/lib/avrxmega6\libc.a
LOAD C:/Program Files (x86)/Atmel/Studio/7.0/Packs/Atmel/XMEGAA_DFP/1.1.68/gcc/dev/atxmega256a3bu/avrxmega6\libatxmega256a3bu.a
END GROUP
                0x00100000                __TEXT_REGION_LENGTH__ = DEFINED (__TEXT_REGION_LENGTH__)?__TEXT_REGION_LENGTH__:0x100000
                0x0000ffa0                __DATA_REGION_LENGTH__ = DEFINED (__DATA_REGION_LENGTH__)?__DATA_REGION_LENGTH__:0xffa0
                0x00010000                __EEPROM_REGION_LENGTH__ = DEFINED (__EEPROM_REGION_LENGTH__)?__EEPROM_REGION_LENGTH__:0x10000
                [0x00000006]                __FUSE_REGION_LENGTH__ = DEFINED (__FUSE_REGION_LENGTH__)?__FUSE_REGION_LENGTH__:0x400
                0x00000400                __LOCK_REGION_LENGTH__ = DEFINED (__LOCK_REGION_LENGTH__)?__LOCK_REGION_LENGTH__:0x400
                0x00000400                __SIGNATURE_REGION_LENGTH__ = DEFINED (__SIGNATURE_REGION_LENGTH__)?__SIGNATURE_REGION_LENGTH__:0x400
                0x00000400                __USER_SIGNATURE_REGION_LENGTH__ = DEFINED (__USER_SIGNATURE_REGION_LENGTH__)?__USER_SIGNATURE_REGION_LENGTH__:0x400

.hash
 *(.hash)

.dynsym
 *(.dynsym)

.dynstr
 *(.dynstr)

.gnu.version
 *(.gnu.version)

.gnu.version_d
 *(.gnu.version_d)

.gnu.version_r
 *(.gnu.version_r)

.rel.init
 *(.rel.init)

.rela.init
 *(.rela.init)

.rel.text
 *(.rel.text)
 *(.rel.text.*)
 *(.rel.gnu.linkonce.t*)

.rela.text
 *(.rela.text)
 *(.rela.text.*)
 *(.rela.gnu.linkonce.t*)

.rel.fini
 *(.rel.fini)

.rela.fini
 *(.rela.fini)

.rel.rodata
 *(.rel.rodata)
 *(.rel.rodata.*)
 *(.rel.gnu.linkonce.r*)

.rela.rodata
 *(.rela.rodata)
 *(.rela.rodata.*)
 *(.rela.gnu.linkonce.r*)

.rel.data
 *(.rel.data)
 *(.rel.data.*)
 *(.rel.gnu.linkonce.d*)

.rela.data
 *(.rela.data)
 *(.rela.data.*)
 *(.rela.gnu.linkonce.d*)

.rel.ctors
 *(.rel.ctors)

.rela.ctors
 *(.rela.ctors)

.rel.dtors
 *(.rel.dtors)

.rela.dtors
 *(.rela.dtors)

.rel.got
 *(.rel.got)

.rela.got
 *(.rela.got)

.rel.bss
 *(.rel.bss)

.rela.bss
 *(.rela.bss)

.rel.plt
 *(.rel.plt)

.rela.plt
 *(.rela.plt)

.text           0x00000000    0x14f7a
 *(.vectors)
 .vectors       0x00000000      0x1fc C:/Program Files (x86)/Atmel/Studio/7.0/Packs/Atmel/XMEGAA_DFP/1.1.68/gcc/dev/atxmega256a3bu/avrxmega6/crtatxmega256a3bu.o
                0x00000000                __vector_default
                0x00000000                __vectors
 *(.vectors)
 *(.progmem.gcc*)
 .progmem.gcc_sw_table.task_serial
                0x000001fc       0x26 src/serial.o
 .progmem.gcc_sw_table.pwm_init
                0x00000222        0xe src/ASF/xmega/services/pwm/pwm.o
 .progmem.gcc_fplib
                0x00000230       0x1e c:/program files (x86)/atmel/studio/7.0/toolchain/avr8/avr8-gnu-toolchain/bin/../lib/gcc/avr/5.4.0/../../../../avr/lib/avrxmega6\libm.a(fp_sinus.o)
 .progmem.gcc_fplib
                0x0000024e       0x5a c:/program files (x86)/atmel/studio/7.0/toolchain/avr8/avr8-gnu-toolchain/bin/../lib/gcc/avr/5.4.0/../../../../avr/lib/avrxmega6\libm.a(log.o)
 .progmem.gcc_fplib
                0x000002a8       0x28 c:/program files (x86)/atmel/studio/7.0/toolchain/avr8/avr8-gnu-toolchain/bin/../lib/gcc/avr/5.4.0/../../../../avr/lib/avrxmega6\libm.a(exp.o)
                0x000002d0                . = ALIGN (0x2)
                0x000002d0                __trampolines_start = .
 *(.trampolines)
 .trampolines   0x000002d0        0x0 linker stubs
 *(.trampolines*)
                0x000002d0                __trampolines_end = .
 *libprintf_flt.a:*(.progmem.data)
 .progmem.data  0x000002d0        0x8 c:/program files (x86)/atmel/studio/7.0/toolchain/avr8/avr8-gnu-toolchain/bin/../lib/gcc/avr/5.4.0/../../../../avr/lib/avrxmega6\libprintf_flt.a(vfprintf_flt.o)
 *libc.a:*(.progmem.data)
 .progmem.data  0x000002d8       0xfa c:/program files (x86)/atmel/studio/7.0/toolchain/avr8/avr8-gnu-toolchain/bin/../lib/gcc/avr/5.4.0/../../../../avr/lib/avrxmega6\libc.a(ftoa_engine.o)
 .progmem.data  0x000003d2       0x3b c:/program files (x86)/atmel/studio/7.0/toolchain/avr8/avr8-gnu-toolchain/bin/../lib/gcc/avr/5.4.0/../../../../avr/lib/avrxmega6\libc.a(strtod.o)
 *(.progmem*)
 .progmem.data.PM_TWI1_UTIL_ONBOARD_SIM808_GPS_UGNSINF
                0x0000040d        0xa src/serial.o
                0x0000040d                PM_TWI1_UTIL_ONBOARD_SIM808_GPS_UGNSINF
 .progmem.data.PM_TWI1_INIT_ONBOARD_SIM808_GPS_03
                0x00000417       0x10 src/serial.o
                0x00000417                PM_TWI1_INIT_ONBOARD_SIM808_GPS_03
 .progmem.data.PM_TWI1_INIT_ONBOARD_SIM808_GPS_02
                0x00000427        0xd src/serial.o
                0x00000427                PM_TWI1_INIT_ONBOARD_SIM808_GPS_02
 .progmem.data.PM_TWI1_INIT_ONBOARD_SIM808_GPS_01
                0x00000434       0x10 src/serial.o
                0x00000434                PM_TWI1_INIT_ONBOARD_SIM808_GPS_01
 .progmem.data.PM_TWI1_INIT_ONBOARD_SIM808_INFO_02
                0x00000444        0x9 src/serial.o
                0x00000444                PM_TWI1_INIT_ONBOARD_SIM808_INFO_02
 .progmem.data.PM_TWI1_INIT_ONBOARD_SIM808_INFO_01
                0x0000044d        0x6 src/serial.o
                0x0000044d                PM_TWI1_INIT_ONBOARD_SIM808_INFO_01
 .progmem.data.PM_TWI1_INIT_ONBOARD_SIM808_CFUN1
                0x00000453        0xd src/serial.o
                0x00000453                PM_TWI1_INIT_ONBOARD_SIM808_CFUN1
 .progmem.data.PM_TWI1_INIT_ONBOARD_SIM808_CREG2
                0x00000460        0xc src/serial.o
                0x00000460                PM_TWI1_INIT_ONBOARD_SIM808_CREG2
 .progmem.data.PM_TWI1_INIT_ONBOARD_SIM808_CMEE2
                0x0000046c        0xc src/serial.o
                0x0000046c                PM_TWI1_INIT_ONBOARD_SIM808_CMEE2
 .progmem.data.PM_TWI1_INIT_ONBOARD_SIM808_IFC
                0x00000478        0xd src/serial.o
                0x00000478                PM_TWI1_INIT_ONBOARD_SIM808_IFC
 .progmem.data.PM_TWI1_INIT_ONBOARD_SIM808_IPR
                0x00000485        0xd src/serial.o
                0x00000485                PM_TWI1_INIT_ONBOARD_SIM808_IPR
 .progmem.data.PM_TWI1_INIT_ONBOARD_SIM808_OK
                0x00000492       0x15 src/serial.o
                0x00000492                PM_TWI1_INIT_ONBOARD_SIM808_OK
 .progmem.data.PM_TWI1_INIT_ONBOARD_SIM808_RESTART
                0x000004a7       0x1c src/serial.o
                0x000004a7                PM_TWI1_INIT_ONBOARD_SIM808_RESTART
 .progmem.data.PM_TWI1_INIT_ONBOARD_SIM808_START
                0x000004c3       0x1a src/serial.o
                0x000004c3                PM_TWI1_INIT_ONBOARD_SIM808_START
 .progmem.data.PM_SIM808_INFO_SYNCED
                0x000004dd       0x22 src/serial.o
                0x000004dd                PM_SIM808_INFO_SYNCED
 .progmem.data.PM_SIM808_INFO_RESTART
                0x000004ff       0x28 src/serial.o
                0x000004ff                PM_SIM808_INFO_RESTART
 .progmem.data.PM_SIM808_INFO_START
                0x00000527       0x28 src/serial.o
                0x00000527                PM_SIM808_INFO_START
 .progmem.data.PM_SIM808_OK
                0x0000054f        0x3 src/serial.o
                0x0000054f                PM_SIM808_OK
 .progmem.data.PM_SHUTDOWN_1
                0x00000552        0xb src/serial.o
                0x00000552                PM_SHUTDOWN_1
 .progmem.data.PM_SET_FUNC_1
                0x0000055d        0xb src/serial.o
                0x0000055d                PM_SET_FUNC_1
 .progmem.data.PM_INFO_PART_PLL1C
                0x00000568       0x1b src/usb.o
                0x00000568                PM_INFO_PART_PLL1C
 .progmem.data.PM_INFO_PART_PLL1B
                0x00000583       0x17 src/usb.o
                0x00000583                PM_INFO_PART_PLL1B
 .progmem.data.PM_INFO_PART_PLL1A
                0x0000059a       0x28 src/usb.o
                0x0000059a                PM_INFO_PART_PLL1A
 .progmem.data.PM_INFO_PART_L2P4
                0x000005c2       0x1f src/usb.o
                0x000005c2                PM_INFO_PART_L2P4
 .progmem.data.PM_INFO_PART_L2P3B
                0x000005e1       0x18 src/usb.o
                0x000005e1                PM_INFO_PART_L2P3B
 .progmem.data.PM_INFO_PART_L2P3A
                0x000005f9       0x2d src/usb.o
                0x000005f9                PM_INFO_PART_L2P3A
 .progmem.data.PM_INFO_PART_L2P2B
                0x00000626       0x18 src/usb.o
                0x00000626                PM_INFO_PART_L2P2B
 .progmem.data.PM_INFO_PART_L2P2A
                0x0000063e       0x2f src/usb.o
                0x0000063e                PM_INFO_PART_L2P2A
 .progmem.data.PM_INFO_PART_L2P1B
                0x0000066d       0x17 src/usb.o
                0x0000066d                PM_INFO_PART_L2P1B
 .progmem.data.PM_INFO_PART_L2P1A
                0x00000684       0x2c src/usb.o
                0x00000684                PM_INFO_PART_L2P1A
 .progmem.data.PM_INFO_PART_L1P4A
                0x000006b0       0x27 src/usb.o
                0x000006b0                PM_INFO_PART_L1P4A
 .progmem.data.PM_INFO_PART_L1P3B
                0x000006d7       0x20 src/usb.o
                0x000006d7                PM_INFO_PART_L1P3B
 .progmem.data.PM_INFO_PART_L1P3A
                0x000006f7       0x2b src/usb.o
                0x000006f7                PM_INFO_PART_L1P3A
 .progmem.data.PM_INFO_PART_L1P2B
                0x00000722       0x15 src/usb.o
                0x00000722                PM_INFO_PART_L1P2B
 .progmem.data.PM_INFO_PART_L1P2A
                0x00000737       0x26 src/usb.o
                0x00000737                PM_INFO_PART_L1P2A
 .progmem.data.PM_INFO_PART_L1P1C
                0x0000075d       0x14 src/usb.o
                0x0000075d                PM_INFO_PART_L1P1C
 .progmem.data.PM_INFO_PART_L1P1B
                0x00000771       0x2a src/usb.o
                0x00000771                PM_INFO_PART_L1P1B
 .progmem.data.PM_INFO_PART_L1P1A
                0x0000079b       0x35 src/usb.o
                0x0000079b                PM_INFO_PART_L1P1A
 .progmem.data.PM_USBINIT_HEADER_4
                0x000007d0       0x24 src/usb.o
                0x000007d0                PM_USBINIT_HEADER_4
 .progmem.data.PM_USBINIT_HEADER_3
                0x000007f4       0x22 src/usb.o
                0x000007f4                PM_USBINIT_HEADER_3
 .progmem.data.PM_USBINIT_HEADER_2
                0x00000816       0x26 src/usb.o
                0x00000816                PM_USBINIT_HEADER_2
 .progmem.data.PM_USBINIT_HEADER_1
                0x0000083c        0x7 src/usb.o
                0x0000083c                PM_USBINIT_HEADER_1
 .progmem.data.PM_SINE_IP
                0x00000843      0x680 src/dds.o
                0x00000843                PM_SINE_IP
 .progmem.data.PM_SINE
                0x00000ec3     0x2000 src/dds.o
                0x00000ec3                PM_SINE
 .progmem.data.PM_UNKNOWN_01
                0x00002ec3       0x35 src/interpreter.o
                0x00002ec3                PM_UNKNOWN_01
 .progmem.data.PM_IP_CMD_xo
                0x00002ef8        0x4 src/interpreter.o
                0x00002ef8                PM_IP_CMD_xo
 .progmem.data.PM_IP_CMD_reset
                0x00002efc        0x7 src/interpreter.o
                0x00002efc                PM_IP_CMD_reset
 .progmem.data.PM_IP_CMD_pt
                0x00002f03        0x4 src/interpreter.o
                0x00002f03                PM_IP_CMD_pt
 .progmem.data.PM_IP_CMD_kb
                0x00002f07        0x4 src/interpreter.o
                0x00002f07                PM_IP_CMD_kb
 .progmem.data.PM_IP_CMD_help
                0x00002f0b        0x5 src/interpreter.o
                0x00002f0b                PM_IP_CMD_help
 .progmem.data.PM_IP_CMD_info
                0x00002f10        0x6 src/interpreter.o
                0x00002f10                PM_IP_CMD_info
 .progmem.data.PM_IP_CMD_eb
                0x00002f16        0x4 src/interpreter.o
                0x00002f16                PM_IP_CMD_eb
 .progmem.data.PM_IP_CMD_down
                0x00002f1a        0x5 src/interpreter.o
                0x00002f1a                PM_IP_CMD_down
 .progmem.data.PM_IP_CMD_dds
                0x00002f1f        0x5 src/interpreter.o
                0x00002f1f                PM_IP_CMD_dds
 .progmem.data.PM_IP_CMD_dac
                0x00002f24        0x5 src/interpreter.o
                0x00002f24                PM_IP_CMD_dac
 .progmem.data.PM_IP_CMD_cal_gyro
                0x00002f29        0x9 src/interpreter.o
                0x00002f29                PM_IP_CMD_cal_gyro
 .progmem.data.PM_IP_CMD_cal_defaults
                0x00002f32        0xd src/interpreter.o
                0x00002f32                PM_IP_CMD_cal_defaults
 .progmem.data.PM_IP_CMD_cal_accelz
                0x00002f3f        0xb src/interpreter.o
                0x00002f3f                PM_IP_CMD_cal_accelz
 .progmem.data.PM_IP_CMD_cal_accely
                0x00002f4a        0xb src/interpreter.o
                0x00002f4a                PM_IP_CMD_cal_accely
 .progmem.data.PM_IP_CMD_cal_accelx
                0x00002f55        0xb src/interpreter.o
                0x00002f55                PM_IP_CMD_cal_accelx
 .progmem.data.PM_IP_CMD_bl
                0x00002f60        0x4 src/interpreter.o
                0x00002f60                PM_IP_CMD_bl
 .progmem.data.PM_IP_CMD_bias
                0x00002f64        0x6 src/interpreter.o
                0x00002f64                PM_IP_CMD_bias
 .progmem.data.PM_IP_CMD_A_slash
                0x00002f6a        0x3 src/interpreter.o
                0x00002f6a                PM_IP_CMD_A_slash
 .progmem.data.PM_IP_CMD_AT
                0x00002f6d        0x3 src/interpreter.o
                0x00002f6d                PM_IP_CMD_AT
 .progmem.data.PM_IP_CMD_aprs_pwd
                0x00002f70        0xa src/interpreter.o
                0x00002f70                PM_IP_CMD_aprs_pwd
 .progmem.data.PM_IP_CMD_aprs_user
                0x00002f7a        0xb src/interpreter.o
                0x00002f7a                PM_IP_CMD_aprs_user
 .progmem.data.PM_IP_CMD_aprs_ssid
                0x00002f85        0xb src/interpreter.o
                0x00002f85                PM_IP_CMD_aprs_ssid
 .progmem.data.PM_IP_CMD_aprs_call
                0x00002f90        0xb src/interpreter.o
                0x00002f90                PM_IP_CMD_aprs_call
 .progmem.data.PM_IP_CMD_aprs_num
                0x00002f9b        0x6 src/interpreter.o
                0x00002f9b                PM_IP_CMD_aprs_num
 .progmem.data.PM_IP_CMD_adc
                0x00002fa1        0x5 src/interpreter.o
                0x00002fa1                PM_IP_CMD_adc
 .progmem.data.PM_IP_CMD_CmdLine
                0x00002fa6        0x5 src/interpreter.o
                0x00002fa6                PM_IP_CMD_CmdLine
 .progmem.data.PM_IP_CMD_NewLine
                0x00002fab        0x3 src/interpreter.o
                0x00002fab                PM_IP_CMD_NewLine
 .progmem.data.PM_HELP_XO_2
                0x00002fae        0xd src/interpreter.o
                0x00002fae                PM_HELP_XO_2
 .progmem.data.PM_HELP_XO_1
                0x00002fbb       0x24 src/interpreter.o
                0x00002fbb                PM_HELP_XO_1
 .progmem.data.PM_HELP_RESET_1
                0x00002fdf       0x18 src/interpreter.o
                0x00002fdf                PM_HELP_RESET_1
 .progmem.data.PM_HELP_PT_2
                0x00002ff7       0x1f src/interpreter.o
                0x00002ff7                PM_HELP_PT_2
 .progmem.data.PM_HELP_PT_1
                0x00003016       0x19 src/interpreter.o
                0x00003016                PM_HELP_PT_1
 .progmem.data.PM_HELP_KB_1
                0x0000302f       0x1e src/interpreter.o
                0x0000302f                PM_HELP_KB_1
 .progmem.data.PM_HELP_INFO_3
                0x0000304d       0x11 src/interpreter.o
                0x0000304d                PM_HELP_INFO_3
 .progmem.data.PM_HELP_INFO_2
                0x0000305e        0xf src/interpreter.o
                0x0000305e                PM_HELP_INFO_2
 .progmem.data.PM_HELP_INFO_1
                0x0000306d       0x1f src/interpreter.o
                0x0000306d                PM_HELP_INFO_1
 .progmem.data.PM_HELP_HELP_2
                0x0000308c       0x1f src/interpreter.o
                0x0000308c                PM_HELP_HELP_2
 .progmem.data.PM_HELP_HELP_1
                0x000030ab       0x1d src/interpreter.o
                0x000030ab                PM_HELP_HELP_1
 .progmem.data.PM_HELP_EB_1
                0x000030c8       0x20 src/interpreter.o
                0x000030c8                PM_HELP_EB_1
 .progmem.data.PM_HELP_DOWN_1
                0x000030e8       0x1d src/interpreter.o
                0x000030e8                PM_HELP_DOWN_1
 .progmem.data.PM_HELP_DDS_3
                0x00003105       0x25 src/interpreter.o
                0x00003105                PM_HELP_DDS_3
 .progmem.data.PM_HELP_DDS_2
                0x0000312a        0xe src/interpreter.o
                0x0000312a                PM_HELP_DDS_2
 .progmem.data.PM_HELP_DDS_1
                0x00003138       0x22 src/interpreter.o
                0x00003138                PM_HELP_DDS_1
 .progmem.data.PM_HELP_DAC_2
                0x0000315a       0x12 src/interpreter.o
                0x0000315a                PM_HELP_DAC_2
 .progmem.data.PM_HELP_DAC_1
                0x0000316c       0x19 src/interpreter.o
                0x0000316c                PM_HELP_DAC_1
 .progmem.data.PM_HELP_CAL_6
                0x00003185       0x24 src/interpreter.o
                0x00003185                PM_HELP_CAL_6
 .progmem.data.PM_HELP_CAL_5
                0x000031a9       0x2f src/interpreter.o
                0x000031a9                PM_HELP_CAL_5
 .progmem.data.PM_HELP_CAL_4
                0x000031d8       0x2f src/interpreter.o
                0x000031d8                PM_HELP_CAL_4
 .progmem.data.PM_HELP_CAL_3
                0x00003207       0x2f src/interpreter.o
                0x00003207                PM_HELP_CAL_3
 .progmem.data.PM_HELP_CAL_2
                0x00003236        0xc src/interpreter.o
                0x00003236                PM_HELP_CAL_2
 .progmem.data.PM_HELP_CAL_1
                0x00003242       0x25 src/interpreter.o
                0x00003242                PM_HELP_CAL_1
 .progmem.data.PM_HELP_BL_2
                0x00003267       0x22 src/interpreter.o
                0x00003267                PM_HELP_BL_2
 .progmem.data.PM_HELP_BL_1
                0x00003289       0x1c src/interpreter.o
                0x00003289                PM_HELP_BL_1
 .progmem.data.PM_HELP_BIAS_2
                0x000032a5       0x13 src/interpreter.o
                0x000032a5                PM_HELP_BIAS_2
 .progmem.data.PM_HELP_BIAS_1
                0x000032b8       0x1b src/interpreter.o
                0x000032b8                PM_HELP_BIAS_1
 .progmem.data.PM_HELP_AT_1
                0x000032d3       0x20 src/interpreter.o
                0x000032d3                PM_HELP_AT_1
 .progmem.data.PM_HELP_APRS_5
                0x000032f3       0x18 src/interpreter.o
                0x000032f3                PM_HELP_APRS_5
 .progmem.data.PM_HELP_APRS_4
                0x0000330b       0x1b src/interpreter.o
                0x0000330b                PM_HELP_APRS_4
 .progmem.data.PM_HELP_APRS_3
                0x00003326       0x17 src/interpreter.o
                0x00003326                PM_HELP_APRS_3
 .progmem.data.PM_HELP_APRS_2
                0x0000333d       0x19 src/interpreter.o
                0x0000333d                PM_HELP_APRS_2
 .progmem.data.PM_HELP_APRS_1
                0x00003356       0x17 src/interpreter.o
                0x00003356                PM_HELP_APRS_1
 .progmem.data.PM_HELP_ADC_2
                0x0000336d       0x1b src/interpreter.o
                0x0000336d                PM_HELP_ADC_2
 .progmem.data.PM_HELP_ADC_1
                0x00003388       0x22 src/interpreter.o
                0x00003388                PM_HELP_ADC_1
 .progmem.data.PM_HELP_HDR_2
                0x000033aa       0x1f src/interpreter.o
                0x000033aa                PM_HELP_HDR_2
 .progmem.data.PM_HELP_HDR_1
                0x000033c9       0x15 src/interpreter.o
                0x000033c9                PM_HELP_HDR_1
 .progmem.data.PM_TWIINIT_ACCEL
                0x000033de        0x7 src/twi.o
                0x000033de                PM_TWIINIT_ACCEL
 .progmem.data.PM_TWIINIT_MAGNETICS
                0x000033e5        0xa src/twi.o
                0x000033e5                PM_TWIINIT_MAGNETICS
 .progmem.data.PM_TWIINIT_GZ
                0x000033ef        0x3 src/twi.o
                0x000033ef                PM_TWIINIT_GZ
 .progmem.data.PM_TWIINIT_GY
                0x000033f2        0x3 src/twi.o
                0x000033f2                PM_TWIINIT_GY
 .progmem.data.PM_TWIINIT_GX
                0x000033f5        0x3 src/twi.o
                0x000033f5                PM_TWIINIT_GX
 .progmem.data.PM_TWIINIT_P100
                0x000033f8        0x2 src/twi.o
                0x000033f8                PM_TWIINIT_P100
 .progmem.data.PM_TWIINIT_V
                0x000033fa        0x2 src/twi.o
                0x000033fa                PM_TWIINIT_V
 .progmem.data.PM_TWIINIT_C
                0x000033fc        0x2 src/twi.o
                0x000033fc                PM_TWIINIT_C
 .progmem.data.PM_TWIINIT_QNH
                0x000033fe        0xa src/twi.o
                0x000033fe                PM_TWIINIT_QNH
 .progmem.data.PM_TWIINIT_DP_TEMP
                0x00003408        0xa src/twi.o
                0x00003408                PM_TWIINIT_DP_TEMP
 .progmem.data.PM_TWIINIT_ENV_RELH
                0x00003412        0xa src/twi.o
                0x00003412                PM_TWIINIT_ENV_RELH
 .progmem.data.PM_TWIINIT_ENV_TEMP
                0x0000341c        0xa src/twi.o
                0x0000341c                PM_TWIINIT_ENV_TEMP
 .progmem.data.PM_TWIINIT_MP_UVCTCXO
                0x00003426        0xa src/twi.o
                0x00003426                PM_TWIINIT_MP_UVCTCXO
 .progmem.data.PM_TWIINIT_MP_UBAT
                0x00003430        0x7 src/twi.o
                0x00003430                PM_TWIINIT_MP_UBAT
 .progmem.data.PM_TWIINIT_MP_UUSB
                0x00003437        0x7 src/twi.o
                0x00003437                PM_TWIINIT_MP_UUSB
 .progmem.data.PM_TWIINIT_MP_TEMP
                0x0000343e        0xa src/twi.o
                0x0000343e                PM_TWIINIT_MP_TEMP
 .progmem.data.PM_TWIINIT_DATE_TIME
                0x00003448       0x18 src/twi.o
                0x00003448                PM_TWIINIT_DATE_TIME
 .progmem.data.PM_TWIHEADER_BY_DF4IAH
                0x00003460        0xa src/twi.o
                0x00003460                PM_TWIHEADER_BY_DF4IAH
 .progmem.data.PM_TWIHEADER_FINDMESAT
                0x0000346a        0xa src/twi.o
                0x0000346a                PM_TWIHEADER_FINDMESAT
 .progmem.data.PM_TWI1_INIT_ONBOARD_01
                0x00003474       0x10 src/twi.o
                0x00003474                PM_TWI1_INIT_ONBOARD_01
 .progmem.data.PM_TWI1_INIT_ONBOARD_BARO_OK
                0x00003484       0x14 src/twi.o
                0x00003484                PM_TWI1_INIT_ONBOARD_BARO_OK
 .progmem.data.PM_TWI1_INIT_BARO_06
                0x00003498       0x31 src/twi.o
                0x00003498                PM_TWI1_INIT_BARO_06
 .progmem.data.PM_TWI1_INIT_BARO_05
                0x000034c9       0x1e src/twi.o
                0x000034c9                PM_TWI1_INIT_BARO_05
 .progmem.data.PM_TWI1_INIT_BARO_04
                0x000034e7       0x35 src/twi.o
                0x000034e7                PM_TWI1_INIT_BARO_04
 .progmem.data.PM_TWI1_INIT_BARO_03
                0x0000351c       0x36 src/twi.o
                0x0000351c                PM_TWI1_INIT_BARO_03
 .progmem.data.PM_TWI1_INIT_BARO_02
                0x00003552       0x35 src/twi.o
                0x00003552                PM_TWI1_INIT_BARO_02
 .progmem.data.PM_TWI1_INIT_BARO_01
                0x00003587       0x3c src/twi.o
                0x00003587                PM_TWI1_INIT_BARO_01
 .progmem.data.PM_TWI1_INIT_ONBOARD_GYRO_OK
                0x000035c3       0x14 src/twi.o
                0x000035c3                PM_TWI1_INIT_ONBOARD_GYRO_OK
 .progmem.data.PM_TWI1_INIT_GYRO_05
                0x000035d7       0x31 src/twi.o
                0x000035d7                PM_TWI1_INIT_GYRO_05
 .progmem.data.PM_TWI1_INIT_GYRO_04
                0x00003608       0x1e src/twi.o
                0x00003608                PM_TWI1_INIT_GYRO_04
 .progmem.data.PM_TWI1_INIT_GYRO_03
                0x00003626       0x3b src/twi.o
                0x00003626                PM_TWI1_INIT_GYRO_03
 .progmem.data.PM_TWI1_INIT_GYRO_02
                0x00003661       0x3a src/twi.o
                0x00003661                PM_TWI1_INIT_GYRO_02
 .progmem.data.PM_TWI1_INIT_GYRO_01
                0x0000369b       0x3d src/twi.o
                0x0000369b                PM_TWI1_INIT_GYRO_01
 .progmem.data.PM_TWI1_INIT_ONBOARD_HYGRO_OK
                0x000036d8       0x14 src/twi.o
                0x000036d8                PM_TWI1_INIT_ONBOARD_HYGRO_OK
 .progmem.data.PM_TWI1_INIT_HYGRO_05
                0x000036ec       0x31 src/twi.o
                0x000036ec                PM_TWI1_INIT_HYGRO_05
 .progmem.data.PM_TWI1_INIT_HYGRO_04
                0x0000371d       0x1e src/twi.o
                0x0000371d                PM_TWI1_INIT_HYGRO_04
 .progmem.data.PM_TWI1_INIT_HYGRO_03
                0x0000373b       0x32 src/twi.o
                0x0000373b                PM_TWI1_INIT_HYGRO_03
 .progmem.data.PM_TWI1_INIT_HYGRO_02
                0x0000376d       0x47 src/twi.o
                0x0000376d                PM_TWI1_INIT_HYGRO_02
 .progmem.data.PM_TWI1_INIT_HYGRO_01
                0x000037b4       0x37 src/twi.o
                0x000037b4                PM_TWI1_INIT_HYGRO_01
 .progmem.data.PM_FORMAT_KMPH
                0x000037eb        0x4 src/twi.o
                0x000037eb                PM_FORMAT_KMPH
 .progmem.data.PM_FORMAT_07F2
                0x000037ef        0x7 src/twi.o
                0x000037ef                PM_FORMAT_07F2
 .progmem.data.PM_FORMAT_05F2
                0x000037f6        0x7 src/twi.o
                0x000037f6                PM_FORMAT_05F2
 .progmem.data.PM_FORMAT_05LD
                0x000037fd        0x6 src/twi.o
                0x000037fd                PM_FORMAT_05LD
 .progmem.data.PM_FORMAT_5F3
                0x00003803        0x6 src/twi.o
                0x00003803                PM_FORMAT_5F3
 .progmem.data.PM_FORMAT_5F1
                0x00003809        0x6 src/twi.o
                0x00003809                PM_FORMAT_5F1
 .progmem.data.PM_FORMAT_4F1
                0x0000380f        0x6 src/twi.o
                0x0000380f                PM_FORMAT_4F1
 .progmem.data.PM_FORMAT_4LD
                0x00003815        0x5 src/twi.o
                0x00003815                PM_FORMAT_4LD
 .progmem.data.PM_FORMAT_03LD
                0x0000381a        0x6 src/twi.o
                0x0000381a                PM_FORMAT_03LD
 .progmem.data.PM_FORMAT_02LD
                0x00003820        0x6 src/twi.o
                0x00003820                PM_FORMAT_02LD
 .progmem.data.PM_DEBUG_MAIN_1PPS_2
                0x00003826       0x1c src/main.o
                0x00003826                PM_DEBUG_MAIN_1PPS_2
 .progmem.data.PM_DEBUG_MAIN_1PPS_1
                0x00003842       0x39 src/main.o
                0x00003842                PM_DEBUG_MAIN_1PPS_1
 .progmem.data.PM_APRS_TX_MSGEND
                0x0000387b        0x3 src/main.o
                0x0000387b                PM_APRS_TX_MSGEND
 .progmem.data.PM_APRS_TX_N5
                0x0000387e       0x26 src/main.o
                0x0000387e                PM_APRS_TX_N5
 .progmem.data.PM_APRS_TX_N4
                0x000038a4       0x24 src/main.o
                0x000038a4                PM_APRS_TX_N4
 .progmem.data.PM_APRS_TX_N3
                0x000038c8       0x25 src/main.o
                0x000038c8                PM_APRS_TX_N3
 .progmem.data.PM_APRS_TX_N2
                0x000038ed       0x25 src/main.o
                0x000038ed                PM_APRS_TX_N2
 .progmem.data.PM_APRS_TX_N1
                0x00003912       0x28 src/main.o
                0x00003912                PM_APRS_TX_N1
 .progmem.data.PM_APRS_TX_POS
                0x0000393a       0x25 src/main.o
                0x0000393a                PM_APRS_TX_POS
 .progmem.data.PM_APRS_TX_FORWARD
                0x0000395f       0x12 src/main.o
                0x0000395f                PM_APRS_TX_FORWARD
 .progmem.data.PM_APRS_TX_LOGIN
                0x00003971       0x1d src/main.o
                0x00003971                PM_APRS_TX_LOGIN
 .progmem.data.PM_APRS_TX_HTTP_L4
                0x0000398e       0x1c src/main.o
                0x0000398e                PM_APRS_TX_HTTP_L4
 .progmem.data.PM_APRS_TX_HTTP_L3
                0x000039aa       0x29 src/main.o
                0x000039aa                PM_APRS_TX_HTTP_L3
 .progmem.data.PM_APRS_TX_HTTP_L2
                0x000039d3       0x15 src/main.o
                0x000039d3                PM_APRS_TX_HTTP_L2
 .progmem.data.PM_APRS_TX_HTTP_L1
                0x000039e8       0x12 src/main.o
                0x000039e8                PM_APRS_TX_HTTP_L1
                0x000039fa                . = ALIGN (0x2)
 *(.jumptables)
 *(.jumptables*)
 *(.lowtext)
 *(.lowtext*)
                0x000039fa                __ctors_start = .
 *(.ctors)
                0x000039fa                __ctors_end = .
                0x000039fa                __dtors_start = .
 *(.dtors)
                0x000039fa                __dtors_end = .
 SORT(*)(.ctors)
 SORT(*)(.dtors)
 *(.init0)
 .init0         0x000039fa        0x0 C:/Program Files (x86)/Atmel/Studio/7.0/Packs/Atmel/XMEGAA_DFP/1.1.68/gcc/dev/atxmega256a3bu/avrxmega6/crtatxmega256a3bu.o
                0x000039fa                __init
 *(.init0)
 *(.init1)
 *(.init1)
 *(.init2)
 .init2         0x000039fa       0x10 C:/Program Files (x86)/Atmel/Studio/7.0/Packs/Atmel/XMEGAA_DFP/1.1.68/gcc/dev/atxmega256a3bu/avrxmega6/crtatxmega256a3bu.o
 *(.init2)
 *(.init3)
 *(.init3)
 *(.init4)
 .init4         0x00003a0a       0x1a c:/program files (x86)/atmel/studio/7.0/toolchain/avr8/avr8-gnu-toolchain/bin/../lib/gcc/avr/5.4.0/avrxmega6\libgcc.a(_copy_data.o)
                0x00003a0a                __do_copy_data
 .init4         0x00003a24       0x10 c:/program files (x86)/atmel/studio/7.0/toolchain/avr8/avr8-gnu-toolchain/bin/../lib/gcc/avr/5.4.0/avrxmega6\libgcc.a(_clear_bss.o)
                0x00003a24                __do_clear_bss
 *(.init4)
 *(.init5)
 *(.init5)
 *(.init6)
 *(.init6)
 *(.init7)
 *(.init7)
 *(.init8)
 *(.init8)
 *(.init9)
 .init9         0x00003a34        0x8 C:/Program Files (x86)/Atmel/Studio/7.0/Packs/Atmel/XMEGAA_DFP/1.1.68/gcc/dev/atxmega256a3bu/avrxmega6/crtatxmega256a3bu.o
 *(.init9)
 *(.text)
 .text          0x00003a3c        0x4 C:/Program Files (x86)/Atmel/Studio/7.0/Packs/Atmel/XMEGAA_DFP/1.1.68/gcc/dev/atxmega256a3bu/avrxmega6/crtatxmega256a3bu.o
                0x00003a3c                __vector_38
                0x00003a3c                __vector_104
                0x00003a3c                __vector_63
                0x00003a3c                __vector_28
                0x00003a3c                __vector_67
                0x00003a3c                __vector_1
                0x00003a3c                __vector_32
                0x00003a3c                __vector_75
                0x00003a3c                __vector_91
                0x00003a3c                __vector_34
                0x00003a3c                __vector_62
                0x00003a3c                __vector_102
                0x00003a3c                __vector_24
                0x00003a3c                __vector_12
                0x00003a3c                __vector_69
                0x00003a3c                __vector_90
                0x00003a3c                __bad_interrupt
                0x00003a3c                __vector_122
                0x00003a3c                __vector_114
                0x00003a3c                __vector_31
                0x00003a3c                __vector_92
                0x00003a3c                __vector_35
                0x00003a3c                __vector_117
                0x00003a3c                __vector_107
                0x00003a3c                __vector_3
                0x00003a3c                __vector_105
                0x00003a3c                __vector_98
                0x00003a3c                __vector_68
                0x00003a3c                __vector_30
                0x00003a3c                __vector_45
                0x00003a3c                __vector_25
                0x00003a3c                __vector_93
                0x00003a3c                __vector_61
                0x00003a3c                __vector_99
                0x00003a3c                __vector_123
                0x00003a3c                __vector_100
                0x00003a3c                __vector_101
                0x00003a3c                __vector_64
                0x00003a3c                __vector_88
                0x00003a3c                __vector_43
                0x00003a3c                __vector_27
                0x00003a3c                __vector_5
                0x00003a3c                __vector_33
                0x00003a3c                __vector_76
                0x00003a3c                __vector_115
                0x00003a3c                __vector_37
                0x00003a3c                __vector_95
                0x00003a3c                __vector_103
                0x00003a3c                __vector_96
                0x00003a3c                __vector_89
                0x00003a3c                __vector_44
                0x00003a3c                __vector_106
                0x00003a3c                __vector_118
                0x00003a3c                __vector_2
                0x00003a3c                __vector_66
                0x00003a3c                __vector_36
                0x00003a3c                __vector_58
                0x00003a3c                __vector_70
                0x00003a3c                __vector_29
                0x00003a3c                __vector_60
                0x00003a3c                __vector_121
                0x00003a3c                __vector_94
                0x00003a3c                __vector_26
                0x00003a3c                __vector_124
                0x00003a3c                __vector_116
                0x00003a3c                __vector_57
                0x00003a3c                __vector_10
                0x00003a3c                __vector_59
                0x00003a3c                __vector_97
                0x00003a3c                __vector_87
                0x00003a3c                __vector_65
                0x00003a3c                __vector_120
                0x00003a40                . = ALIGN (0x2)
 *(.text.*)
 .text.usart_serial_write_packet
                0x00003a40       0x34 src/ASF/common/services/serial/usart_serial.o
                0x00003a40                usart_serial_write_packet
 .text.sysclk_enable_peripheral_clock
                0x00003a74      0x170 src/ASF/xmega/drivers/usart/usart.o
 .text.usart_putchar
                0x00003be4       0x10 src/ASF/xmega/drivers/usart/usart.o
                0x00003be4                usart_putchar
 .text.usart_getchar
                0x00003bf4        0xc src/ASF/xmega/drivers/usart/usart.o
                0x00003bf4                usart_getchar
 .text.usart_set_baudrate
                0x00003c00      0x1c6 src/ASF/xmega/drivers/usart/usart.o
                0x00003c00                usart_set_baudrate
 .text.usart_init_rs232
                0x00003dc6       0x52 src/ASF/xmega/drivers/usart/usart.o
                0x00003dc6                usart_init_rs232
 .text.cpu_irq_save
                0x00003e18       0x1a src/serial.o
 .text.__portable_avr_delay_cycles
                0x00003e32       0x16 src/serial.o
 .text.ioport_set_pin_mode
                0x00003e48       0x3a src/serial.o
 .text.__vector_119
                0x00003e82       0x9a src/serial.o
                0x00003e82                __vector_119
 .text.serial_sim808_send
                0x00003f1c       0x6e src/serial.o
                0x00003f1c                serial_sim808_send
 .text.serial_sim808_gsm_setFunc
                0x00003f8a       0x36 src/serial.o
                0x00003f8a                serial_sim808_gsm_setFunc
 .text.serial_sim808_gsm_shutdown
                0x00003fc0       0x32 src/serial.o
                0x00003fc0                serial_sim808_gsm_shutdown
 .text.serial_init
                0x00003ff2       0xdc src/serial.o
                0x00003ff2                serial_init
 .text.serial_start
                0x000040ce      0x420 src/serial.o
                0x000040ce                serial_start
 .text.serial_send_gns_urc
                0x000044ee       0x36 src/serial.o
                0x000044ee                serial_send_gns_urc
 .text.task_serial
                0x00004524      0x5b0 src/serial.o
                0x00004524                task_serial
 .text.udi_write_tx_char
                0x00004ad4       0x2c src/usb.o
 .text.udi_write_tx_buf
                0x00004b00       0x70 src/usb.o
                0x00004b00                udi_write_tx_buf
 .text.udi_write_serial_line
                0x00004b70       0xa8 src/usb.o
                0x00004b70                udi_write_serial_line
 .text.usb_init
                0x00004c18       0xf8 src/usb.o
                0x00004c18                usb_init
 .text.usb_callback_suspend_action
                0x00004d10        0x8 src/usb.o
                0x00004d10                usb_callback_suspend_action
 .text.usb_callback_resume_action
                0x00004d18        0x8 src/usb.o
                0x00004d18                usb_callback_resume_action
 .text.usb_callback_remotewakeup_enable
                0x00004d20        0x2 src/usb.o
                0x00004d20                usb_callback_remotewakeup_enable
 .text.usb_callback_remotewakeup_disable
                0x00004d22        0x2 src/usb.o
                0x00004d22                usb_callback_remotewakeup_disable
 .text.usb_callback_cdc_enable
                0x00004d24        0x8 src/usb.o
                0x00004d24                usb_callback_cdc_enable
 .text.usb_callback_cdc_disable
                0x00004d2c        0x6 src/usb.o
                0x00004d2c                usb_callback_cdc_disable
 .text.usb_callback_config
                0x00004d32        0x2 src/usb.o
                0x00004d32                usb_callback_config
 .text.usb_callback_cdc_set_dtr
                0x00004d34        0x2 src/usb.o
                0x00004d34                usb_callback_cdc_set_dtr
 .text.usb_callback_cdc_set_rts
                0x00004d36        0x2 src/usb.o
                0x00004d36                usb_callback_cdc_set_rts
 .text.usb_callback_rx_notify
                0x00004d38        0x8 src/usb.o
                0x00004d38                usb_callback_rx_notify
 .text.usb_callback_tx_empty_notify
                0x00004d40        0x6 src/usb.o
                0x00004d40                usb_callback_tx_empty_notify
 .text.task_usb
                0x00004d46      0xb28 src/usb.o
                0x00004d46                task_usb
 .text.nvm_init
                0x0000586e        0xc src/ASF/common/drivers/nvm/xmega/xmega_nvm.o
                0x0000586e                nvm_init
 .text.nvm_read
                0x0000587a       0x4c src/ASF/common/drivers/nvm/xmega/xmega_nvm.o
                0x0000587a                nvm_read
 .text.nvm_write
                0x000058c6       0x50 src/ASF/common/drivers/nvm/xmega/xmega_nvm.o
                0x000058c6                nvm_write
 .text.calendar_leapyear
                0x00005916       0x32 src/ASF/common/services/calendar/calendar.o
 .text.calendar_is_date_valid
                0x00005948       0x60 src/ASF/common/services/calendar/calendar.o
                0x00005948                calendar_is_date_valid
 .text.calendar_timestamp_to_date
                0x000059a8      0x11a src/ASF/common/services/calendar/calendar.o
                0x000059a8                calendar_timestamp_to_date
 .text.calendar_date_to_timestamp
                0x00005ac2       0xf6 src/ASF/common/services/calendar/calendar.o
                0x00005ac2                calendar_date_to_timestamp
 .text.fifo_init
                0x00005bb8       0x18 src/ASF/common/services/fifo/fifo.o
                0x00005bb8                fifo_init
 .text.cpu_irq_save
                0x00005bd0       0x1a src/ASF/xmega/drivers/dma/dma.o
 .text.dma_interrupt
                0x00005bea       0xca src/ASF/xmega/drivers/dma/dma.o
 .text.dma_enable
                0x00005cb4       0x2e src/ASF/xmega/drivers/dma/dma.o
                0x00005cb4                dma_enable
 .text.dma_disable
                0x00005ce2       0x26 src/ASF/xmega/drivers/dma/dma.o
                0x00005ce2                dma_disable
 .text.dma_set_callback
                0x00005d08       0x12 src/ASF/xmega/drivers/dma/dma.o
                0x00005d08                dma_set_callback
 .text.__vector_6
                0x00005d1a       0x50 src/ASF/xmega/drivers/dma/dma.o
                0x00005d1a                __vector_6
 .text.__vector_7
                0x00005d6a       0x50 src/ASF/xmega/drivers/dma/dma.o
                0x00005d6a                __vector_7
 .text.__vector_8
                0x00005dba       0x50 src/ASF/xmega/drivers/dma/dma.o
                0x00005dba                __vector_8
 .text.__vector_9
                0x00005e0a       0x50 src/ASF/xmega/drivers/dma/dma.o
                0x00005e0a                __vector_9
 .text.dma_channel_write_config
                0x00005e5a       0x5c src/ASF/xmega/drivers/dma/dma.o
                0x00005e5a                dma_channel_write_config
 .text.__portable_avr_delay_cycles.constprop.1
                0x00005eb6       0x10 src/ASF/xmega/drivers/rtc32/rtc32.o
 .text.rtc_get_time
                0x00005ec6       0x20 src/ASF/xmega/drivers/rtc32/rtc32.o
                0x00005ec6                rtc_get_time
 .text.rtc_set_alarm
                0x00005ee6       0x16 src/ASF/xmega/drivers/rtc32/rtc32.o
                0x00005ee6                rtc_set_alarm
 .text.rtc_set_callback
                0x00005efc        0xa src/ASF/xmega/drivers/rtc32/rtc32.o
                0x00005efc                rtc_set_callback
 .text.rtc_init
                0x00005f06       0x88 src/ASF/xmega/drivers/rtc32/rtc32.o
                0x00005f06                rtc_init
 .text.__vector_11
                0x00005f8e       0x7c src/ASF/xmega/drivers/rtc32/rtc32.o
                0x00005f8e                __vector_11
 .text.get_interpolated_sine
                0x0000600a       0x64 src/dds.o
                0x0000600a                get_interpolated_sine
 .text.printHelp
                0x0000606e      0x7ee src/interpreter.o
                0x0000606e                printHelp
 .text.interpreter_doProcess
                0x0000685c      0x644 src/interpreter.o
                0x0000685c                interpreter_doProcess
 .text.cpu_irq_save
                0x00006ea0       0x1a src/twi.o
 .text.__portable_avr_delay_cycles
                0x00006eba       0x16 src/twi.o
 .text.twi_master_read
                0x00006ed0        0x6 src/twi.o
 .text.twi_master_write
                0x00006ed6        0x6 src/twi.o
 .text.task_twi1_hygro
                0x00006edc      0x1ae src/twi.o
 .text.task_twi1_baro
                0x0000708a      0x4f6 src/twi.o
 .text.calc_gyro2_correct_mag_2_nT
                0x00007580       0x9a src/twi.o
 .text.task_twi1_gyro
                0x0000761a      0x308 src/twi.o
 .text.service_twi1_baro.isra.3
                0x00007922      0x1a4 src/twi.o
 .text.sysclk_enable_peripheral_clock
                0x00007ac6      0x1d4 src/twi.o
 .text.twi2_waitUntilReady
                0x00007c9a       0x7c src/twi.o
                0x00007c9a                twi2_waitUntilReady
 .text.twi2_set_leds
                0x00007d16       0x30 src/twi.o
                0x00007d16                twi2_set_leds
 .text.twi2_set_ledbl
                0x00007d46       0x3a src/twi.o
                0x00007d46                twi2_set_ledbl
 .text.twi2_set_bias
                0x00007d80       0x2e src/twi.o
                0x00007d80                twi2_set_bias
 .text.twi2_set_beep
                0x00007dae       0x3a src/twi.o
                0x00007dae                twi2_set_beep
 .text.twi1_gyro_gyro_offset_set
                0x00007de8       0x58 src/twi.o
                0x00007de8                twi1_gyro_gyro_offset_set
 .text.twi1_gyro_accel_offset_set
                0x00007e40       0xb4 src/twi.o
                0x00007e40                twi1_gyro_accel_offset_set
 .text.twi_init
                0x00007ef4       0x14 src/twi.o
                0x00007ef4                twi_init
 .text.isr_100ms_twi1_onboard
                0x00007f08      0x260 src/twi.o
                0x00007f08                isr_100ms_twi1_onboard
 .text.isr_500ms_twi1_onboard
                0x00008168       0xe6 src/twi.o
                0x00008168                isr_500ms_twi1_onboard
 .text.isr_sparetime_twi1_onboard
                0x0000824e       0x38 src/twi.o
                0x0000824e                isr_sparetime_twi1_onboard
 .text.task_twi2_lcd_cls
                0x00008286       0x24 src/twi.o
                0x00008286                task_twi2_lcd_cls
 .text.task_twi2_lcd_pos_xy
                0x000082aa       0x3e src/twi.o
                0x000082aa                task_twi2_lcd_pos_xy
 .text.task_twi2_lcd_print_format_long_P
                0x000082e8       0x78 src/twi.o
 .text.task_twi2_lcd_print_format_float_P
                0x00008360       0x78 src/twi.o
 .text.task_twi2_lcd_print_format_c
                0x000083d8       0x3c src/twi.o
 .text.task_twi2_lcd_str
                0x00008414       0x9e src/twi.o
                0x00008414                task_twi2_lcd_str
 .text.init_twi1_gyro
                0x000084b2      0x4ae src/twi.o
                0x000084b2                init_twi1_gyro
 .text.task_twi2_lcd_line
                0x00008960       0x4c src/twi.o
                0x00008960                task_twi2_lcd_line
 .text.task_twi2_lcd_rect
                0x000089ac       0x56 src/twi.o
                0x000089ac                task_twi2_lcd_rect
 .text.task_twi2_lcd_circ
                0x00008a02       0x4e src/twi.o
                0x00008a02                task_twi2_lcd_circ
 .text.task_twi2_lcd_header
                0x00008a50       0x66 src/twi.o
                0x00008a50                task_twi2_lcd_header
 .text.twi_start
                0x00008ab6      0x6cc src/twi.o
                0x00008ab6                twi_start
 .text.task_twi2_lcd_print_format_P
                0x00009182       0x5c src/twi.o
                0x00009182                task_twi2_lcd_print_format_P
 .text.task_twi2_lcd__cpu1
                0x000091de      0x2b6 src/twi.o
                0x000091de                task_twi2_lcd__cpu1
 .text.task_twi2_lcd__cpu2
                0x00009494       0xaa src/twi.o
                0x00009494                task_twi2_lcd__cpu2
 .text.task_twi2_lcd__sim1
                0x0000953e      0x3d6 src/twi.o
                0x0000953e                task_twi2_lcd__sim1
 .text.task_twi2_lcd__hygro
                0x00009914       0x5c src/twi.o
                0x00009914                task_twi2_lcd__hygro
 .text.task_twi2_lcd__gyro_gfxmag
                0x00009970      0x3d2 src/twi.o
                0x00009970                task_twi2_lcd__gyro_gfxmag
 .text.task_twi2_lcd__gyro_gfxaccel
                0x00009d42      0x1ea src/twi.o
                0x00009d42                task_twi2_lcd__gyro_gfxaccel
 .text.task_twi2_lcd__gyro_gfxgyro
                0x00009f2c      0x4d2 src/twi.o
                0x00009f2c                task_twi2_lcd__gyro_gfxgyro
 .text.task_twi2_lcd__gyro_beepvario
                0x0000a3fe       0xa6 src/twi.o
                0x0000a3fe                task_twi2_lcd__gyro_beepvario
 .text.task_twi2_lcd__gyro
                0x0000a4a4        0x8 src/twi.o
                0x0000a4a4                task_twi2_lcd__gyro
 .text.task_twi2_lcd__baro
                0x0000a4ac       0x8c src/twi.o
                0x0000a4ac                task_twi2_lcd__baro
 .text.task_twi2_lcd__environment
                0x0000a538       0xaa src/twi.o
                0x0000a538                task_twi2_lcd__environment
 .text.task_twi
                0x0000a5e2      0x396 src/twi.o
                0x0000a5e2                task_twi
 .text.board_init
                0x0000a978        0x2 src/ASF/common/boards/user_board/init.o
                0x0000a978                board_init
 .text.cpu_irq_save
                0x0000a97a       0x1a src/ASF/xmega/drivers/adc/adc.o
 .text.adc_set_callback
                0x0000a994       0x3a src/ASF/xmega/drivers/adc/adc.o
                0x0000a994                adc_set_callback
 .text.adc_enable_clock
                0x0000a9ce       0x3e src/ASF/xmega/drivers/adc/adc.o
                0x0000a9ce                adc_enable_clock
 .text.adc_disable_clock
                0x0000aa0c       0x3a src/ASF/xmega/drivers/adc/adc.o
                0x0000aa0c                adc_disable_clock
 .text.adc_enable
                0x0000aa46       0x38 src/ASF/xmega/drivers/adc/adc.o
                0x0000aa46                adc_enable
 .text.adc_disable
                0x0000aa7e       0x38 src/ASF/xmega/drivers/adc/adc.o
                0x0000aa7e                adc_disable
 .text.cpu_irq_save
                0x0000aab6       0x1a src/ASF/xmega/drivers/adc/xmega_aau/adc_aau.o
 .text.__vector_71
                0x0000aad0       0x64 src/ASF/xmega/drivers/adc/xmega_aau/adc_aau.o
                0x0000aad0                __vector_71
 .text.__vector_72
                0x0000ab34       0x64 src/ASF/xmega/drivers/adc/xmega_aau/adc_aau.o
                0x0000ab34                __vector_72
 .text.__vector_73
                0x0000ab98       0x64 src/ASF/xmega/drivers/adc/xmega_aau/adc_aau.o
                0x0000ab98                __vector_73
 .text.__vector_74
                0x0000abfc       0x64 src/ASF/xmega/drivers/adc/xmega_aau/adc_aau.o
                0x0000abfc                __vector_74
 .text.__vector_39
                0x0000ac60       0x64 src/ASF/xmega/drivers/adc/xmega_aau/adc_aau.o
                0x0000ac60                __vector_39
 .text.__vector_40
                0x0000acc4       0x64 src/ASF/xmega/drivers/adc/xmega_aau/adc_aau.o
                0x0000acc4                __vector_40
 .text.__vector_41
                0x0000ad28       0x64 src/ASF/xmega/drivers/adc/xmega_aau/adc_aau.o
                0x0000ad28                __vector_41
 .text.__vector_42
                0x0000ad8c       0x64 src/ASF/xmega/drivers/adc/xmega_aau/adc_aau.o
                0x0000ad8c                __vector_42
 .text.adc_write_configuration
                0x0000adf0       0xb8 src/ASF/xmega/drivers/adc/xmega_aau/adc_aau.o
                0x0000adf0                adc_write_configuration
 .text.adc_read_configuration
                0x0000aea8       0x48 src/ASF/xmega/drivers/adc/xmega_aau/adc_aau.o
                0x0000aea8                adc_read_configuration
 .text.adcch_write_configuration
                0x0000aef0       0x70 src/ASF/xmega/drivers/adc/xmega_aau/adc_aau.o
                0x0000aef0                adcch_write_configuration
 .text.adcch_read_configuration
                0x0000af60       0x70 src/ASF/xmega/drivers/adc/xmega_aau/adc_aau.o
                0x0000af60                adcch_read_configuration
 .text.cpu_irq_save
                0x0000afd0       0x1a src/ASF/xmega/drivers/dac/dac.o
 .text.dac_enable_clock
                0x0000afea       0x20 src/ASF/xmega/drivers/dac/dac.o
 .text.dac_disable_clock
                0x0000b00a       0x1e src/ASF/xmega/drivers/dac/dac.o
 .text.dac_enable
                0x0000b028       0x38 src/ASF/xmega/drivers/dac/dac.o
                0x0000b028                dac_enable
 .text.dac_disable
                0x0000b060       0x38 src/ASF/xmega/drivers/dac/dac.o
                0x0000b060                dac_disable
 .text.dac_write_configuration
                0x0000b098       0x9e src/ASF/xmega/drivers/dac/dac.o
                0x0000b098                dac_write_configuration
 .text.dac_read_configuration
                0x0000b136       0x3c src/ASF/xmega/drivers/dac/dac.o
                0x0000b136                dac_read_configuration
 .text.cpu_irq_save
                0x0000b172       0x1a src/ASF/xmega/drivers/tc/tc.o
 .text.__vector_14
                0x0000b18c       0x5a src/ASF/xmega/drivers/tc/tc.o
                0x0000b18c                __vector_14
 .text.__vector_15
                0x0000b1e6       0x5a src/ASF/xmega/drivers/tc/tc.o
                0x0000b1e6                __vector_15
 .text.__vector_16
                0x0000b240       0x5a src/ASF/xmega/drivers/tc/tc.o
                0x0000b240                __vector_16
 .text.__vector_17
                0x0000b29a       0x5a src/ASF/xmega/drivers/tc/tc.o
                0x0000b29a                __vector_17
 .text.__vector_18
                0x0000b2f4       0x5a src/ASF/xmega/drivers/tc/tc.o
                0x0000b2f4                __vector_18
 .text.__vector_19
                0x0000b34e       0x5a src/ASF/xmega/drivers/tc/tc.o
                0x0000b34e                __vector_19
 .text.__vector_20
                0x0000b3a8       0x5a src/ASF/xmega/drivers/tc/tc.o
                0x0000b3a8                __vector_20
 .text.__vector_21
                0x0000b402       0x5a src/ASF/xmega/drivers/tc/tc.o
                0x0000b402                __vector_21
 .text.__vector_22
                0x0000b45c       0x5a src/ASF/xmega/drivers/tc/tc.o
                0x0000b45c                __vector_22
 .text.__vector_23
                0x0000b4b6       0x5a src/ASF/xmega/drivers/tc/tc.o
                0x0000b4b6                __vector_23
 .text.__vector_77
                0x0000b510       0x5a src/ASF/xmega/drivers/tc/tc.o
                0x0000b510                __vector_77
 .text.__vector_78
                0x0000b56a       0x5a src/ASF/xmega/drivers/tc/tc.o
                0x0000b56a                __vector_78
 .text.__vector_79
                0x0000b5c4       0x5a src/ASF/xmega/drivers/tc/tc.o
                0x0000b5c4                __vector_79
 .text.__vector_80
                0x0000b61e       0x5a src/ASF/xmega/drivers/tc/tc.o
                0x0000b61e                __vector_80
 .text.__vector_81
                0x0000b678       0x5a src/ASF/xmega/drivers/tc/tc.o
                0x0000b678                __vector_81
 .text.__vector_82
                0x0000b6d2       0x5a src/ASF/xmega/drivers/tc/tc.o
                0x0000b6d2                __vector_82
 .text.__vector_83
                0x0000b72c       0x5a src/ASF/xmega/drivers/tc/tc.o
                0x0000b72c                __vector_83
 .text.__vector_84
                0x0000b786       0x5a src/ASF/xmega/drivers/tc/tc.o
                0x0000b786                __vector_84
 .text.__vector_85
                0x0000b7e0       0x5a src/ASF/xmega/drivers/tc/tc.o
                0x0000b7e0                __vector_85
 .text.__vector_86
                0x0000b83a       0x5a src/ASF/xmega/drivers/tc/tc.o
                0x0000b83a                __vector_86
 .text.__vector_47
                0x0000b894       0x5a src/ASF/xmega/drivers/tc/tc.o
                0x0000b894                __vector_47
 .text.__vector_48
                0x0000b8ee       0x5a src/ASF/xmega/drivers/tc/tc.o
                0x0000b8ee                __vector_48
 .text.__vector_49
                0x0000b948       0x5a src/ASF/xmega/drivers/tc/tc.o
                0x0000b948                __vector_49
 .text.__vector_50
                0x0000b9a2       0x5a src/ASF/xmega/drivers/tc/tc.o
                0x0000b9a2                __vector_50
 .text.__vector_51
                0x0000b9fc       0x5a src/ASF/xmega/drivers/tc/tc.o
                0x0000b9fc                __vector_51
 .text.__vector_52
                0x0000ba56       0x5a src/ASF/xmega/drivers/tc/tc.o
                0x0000ba56                __vector_52
 .text.__vector_53
                0x0000bab0       0x5a src/ASF/xmega/drivers/tc/tc.o
                0x0000bab0                __vector_53
 .text.__vector_54
                0x0000bb0a       0x5a src/ASF/xmega/drivers/tc/tc.o
                0x0000bb0a                __vector_54
 .text.__vector_55
                0x0000bb64       0x5a src/ASF/xmega/drivers/tc/tc.o
                0x0000bb64                __vector_55
 .text.__vector_56
                0x0000bbbe       0x5a src/ASF/xmega/drivers/tc/tc.o
                0x0000bbbe                __vector_56
 .text.__vector_108
                0x0000bc18       0x5a src/ASF/xmega/drivers/tc/tc.o
                0x0000bc18                __vector_108
 .text.__vector_109
                0x0000bc72       0x5a src/ASF/xmega/drivers/tc/tc.o
                0x0000bc72                __vector_109
 .text.__vector_110
                0x0000bccc       0x5a src/ASF/xmega/drivers/tc/tc.o
                0x0000bccc                __vector_110
 .text.__vector_111
                0x0000bd26       0x5a src/ASF/xmega/drivers/tc/tc.o
                0x0000bd26                __vector_111
 .text.__vector_112
                0x0000bd80       0x5a src/ASF/xmega/drivers/tc/tc.o
                0x0000bd80                __vector_112
 .text.__vector_113
                0x0000bdda       0x5a src/ASF/xmega/drivers/tc/tc.o
                0x0000bdda                __vector_113
 .text.tc_enable
                0x0000be34       0xaa src/ASF/xmega/drivers/tc/tc.o
                0x0000be34                tc_enable
 .text.tc_set_overflow_interrupt_callback
                0x0000bede       0x7c src/ASF/xmega/drivers/tc/tc.o
                0x0000bede                tc_set_overflow_interrupt_callback
 .text.__vector_46
                0x0000bf5a      0x170 src/ASF/xmega/drivers/twi/twim.o
                0x0000bf5a                __vector_46
 .text.__vector_13
                0x0000c0ca       0x4e src/ASF/xmega/drivers/twi/twim.o
                0x0000c0ca                __vector_13
 .text.twi_master_init
                0x0000c118       0x2a src/ASF/xmega/drivers/twi/twim.o
                0x0000c118                twi_master_init
 .text.twi_master_transfer
                0x0000c142       0xaa src/ASF/xmega/drivers/twi/twim.o
                0x0000c142                twi_master_transfer
 .text.cpu_irq_save
                0x0000c1ec       0x1a src/ASF/xmega/drivers/usb/usb_device.o
 .text.sleepmgr_lock_mode
                0x0000c206       0x24 src/ASF/xmega/drivers/usb/usb_device.o
 .text.sleepmgr_unlock_mode
                0x0000c22a       0x24 src/ASF/xmega/drivers/usb/usb_device.o
 .text.udd_sleep_mode
                0x0000c24e       0x26 src/ASF/xmega/drivers/usb/usb_device.o
 .text.udd_ep_get_ctrl
                0x0000c274       0x2e src/ASF/xmega/drivers/usb/usb_device.o
 .text.udd_ctrl_init
                0x0000c2a2       0x4a src/ASF/xmega/drivers/usb/usb_device.o
 .text.udd_ctrl_stall_data
                0x0000c2ec       0x1c src/ASF/xmega/drivers/usb/usb_device.o
 .text.udd_ctrl_send_zlp_in
                0x0000c308       0x1c src/ASF/xmega/drivers/usb/usb_device.o
 .text.udd_ctrl_endofrequest
                0x0000c324       0x10 src/ASF/xmega/drivers/usb/usb_device.o
 .text.udd_ep_get_job
                0x0000c334       0x34 src/ASF/xmega/drivers/usb/usb_device.o
 .text.udd_ep_trans_complet
                0x0000c368      0x20c src/ASF/xmega/drivers/usb/usb_device.o
 .text.udd_ctrl_in_sent
                0x0000c574       0xdc src/ASF/xmega/drivers/usb/usb_device.o
 .text.udd_ctrl_interrupt_tc_setup
                0x0000c650       0xe6 src/ASF/xmega/drivers/usb/usb_device.o
 .text.udd_disable
                0x0000c736       0x28 src/ASF/xmega/drivers/usb/usb_device.o
                0x0000c736                udd_disable
 .text.udd_attach
                0x0000c75e       0x46 src/ASF/xmega/drivers/usb/usb_device.o
                0x0000c75e                udd_attach
 .text.udd_enable
                0x0000c7a4       0xdc src/ASF/xmega/drivers/usb/usb_device.o
                0x0000c7a4                udd_enable
 .text.udd_is_high_speed
                0x0000c880        0x4 src/ASF/xmega/drivers/usb/usb_device.o
                0x0000c880                udd_is_high_speed
 .text.udd_set_address
                0x0000c884        0x6 src/ASF/xmega/drivers/usb/usb_device.o
                0x0000c884                udd_set_address
 .text.udd_getaddress
                0x0000c88a        0x6 src/ASF/xmega/drivers/usb/usb_device.o
                0x0000c88a                udd_getaddress
 .text.udd_get_frame_number
                0x0000c890        0xa src/ASF/xmega/drivers/usb/usb_device.o
                0x0000c890                udd_get_frame_number
 .text.udd_get_micro_frame_number
                0x0000c89a        0x6 src/ASF/xmega/drivers/usb/usb_device.o
                0x0000c89a                udd_get_micro_frame_number
 .text.udd_set_setup_payload
                0x0000c8a0        0xe src/ASF/xmega/drivers/usb/usb_device.o
                0x0000c8a0                udd_set_setup_payload
 .text.udd_ep_alloc
                0x0000c8ae       0xa6 src/ASF/xmega/drivers/usb/usb_device.o
                0x0000c8ae                udd_ep_alloc
 .text.udd_ep_is_halted
                0x0000c954        0xe src/ASF/xmega/drivers/usb/usb_device.o
                0x0000c954                udd_ep_is_halted
 .text.udd_ep_clear_halt
                0x0000c962       0x3a src/ASF/xmega/drivers/usb/usb_device.o
                0x0000c962                udd_ep_clear_halt
 .text.udd_ep_run
                0x0000c99c       0xfc src/ASF/xmega/drivers/usb/usb_device.o
                0x0000c99c                udd_ep_run
 .text.udd_ep_abort
                0x0000ca98       0x60 src/ASF/xmega/drivers/usb/usb_device.o
                0x0000ca98                udd_ep_abort
 .text.udd_ep_free
                0x0000caf8       0x12 src/ASF/xmega/drivers/usb/usb_device.o
                0x0000caf8                udd_ep_free
 .text.udd_ep_set_halt
                0x0000cb0a       0x18 src/ASF/xmega/drivers/usb/usb_device.o
                0x0000cb0a                udd_ep_set_halt
 .text.__vector_125
                0x0000cb22      0x170 src/ASF/xmega/drivers/usb/usb_device.o
                0x0000cb22                __vector_125
 .text.__vector_126
                0x0000cc92      0x1b2 src/ASF/xmega/drivers/usb/usb_device.o
                0x0000cc92                __vector_126
 .text.pwm_set_frequency
                0x0000ce44       0xd8 src/ASF/xmega/services/pwm/pwm.o
                0x0000ce44                pwm_set_frequency
 .text.pwm_init
                0x0000cf1c      0x180 src/ASF/xmega/services/pwm/pwm.o
                0x0000cf1c                pwm_init
 .text.pwm_start
                0x0000d09c       0x8c src/ASF/xmega/services/pwm/pwm.o
                0x0000d09c                pwm_start
 .text.cpu_irq_save
                0x0000d128       0x1a src/main.o
 .text.sleepmgr_enter_sleep
                0x0000d142       0x48 src/main.o
 .text.dma_channel_enable
                0x0000d18a       0x22 src/main.o
 .text.yield_ms_cb
                0x0000d1ac        0x6 src/main.o
                0x0000d1ac                yield_ms_cb
 .text.isr_tcc1_ovfl
                0x0000d1b2       0x48 src/main.o
                0x0000d1b2                isr_tcc1_ovfl
 .text.isr_adc_a
                0x0000d1fa      0x34e src/main.o
                0x0000d1fa                isr_adc_a
 .text.task_dac
                0x0000d548      0x130 src/main.o
 .text.task_adc
                0x0000d678      0x2b0 src/main.o
 .text.nvm_read_production_signature_row
                0x0000d928        0xa src/main.o
 .text.adcch_enable_interrupt.isra.10
                0x0000d932        0xc src/main.o
 .text.isr_adc_b
                0x0000d93e       0x94 src/main.o
                0x0000d93e                isr_adc_b
 .text.calc_next_frame.constprop.28
                0x0000d9d2       0xb4 src/main.o
 .text.isr_dma_dac_ch0_A
                0x0000da86        0xc src/main.o
 .text.isr_dma_dac_ch0_B
                0x0000da92        0xc src/main.o
 .text.fifo_pull_uint32.constprop.31
                0x0000da9e       0x56 src/main.o
 .text.tc_init  0x0000daf4       0xba src/main.o
 .text.dac_start
                0x0000dbae       0x88 src/main.o
 .text.tc_start
                0x0000dc36       0x5e src/main.o
 .text.fifo_push_uint32.constprop.32
                0x0000dc94       0x56 src/main.o
 .text.adc_init
                0x0000dcea      0x260 src/main.o
 .text.save_globals
                0x0000df4a      0x42a src/main.o
                0x0000df4a                save_globals
 .text.cueBehind
                0x0000e374       0x14 src/main.o
                0x0000e374                cueBehind
 .text.myStringToFloat
                0x0000e388      0x1a2 src/main.o
                0x0000e388                myStringToFloat
 .text.myStringToVar
                0x0000e52a      0x136 src/main.o
                0x0000e52a                myStringToVar
 .text.adc_app_enable
                0x0000e660       0x46 src/main.o
                0x0000e660                adc_app_enable
 .text.aprs_num_update
                0x0000e6a6       0x10 src/main.o
                0x0000e6a6                aprs_num_update
 .text.aprs_call_update
                0x0000e6b6       0xb0 src/main.o
                0x0000e6b6                aprs_call_update
 .text.aprs_ssid_update
                0x0000e766       0x7c src/main.o
                0x0000e766                aprs_ssid_update
 .text.aprs_user_update
                0x0000e7e2       0x6a src/main.o
                0x0000e7e2                aprs_user_update
 .text.aprs_pwd_update
                0x0000e84c       0x70 src/main.o
                0x0000e84c                aprs_pwd_update
 .text.backlight_mode_pwm
                0x0000e8bc       0x40 src/main.o
                0x0000e8bc                backlight_mode_pwm
 .text.bias_update
                0x0000e8fc        0xa src/main.o
                0x0000e8fc                bias_update
 .text.calibration_mode
                0x0000e906      0x2fc src/main.o
                0x0000e906                calibration_mode
 .text.errorBeep_enable
                0x0000ec02        0x8 src/main.o
                0x0000ec02                errorBeep_enable
 .text.keyBeep_enable
                0x0000ec0a        0x8 src/main.o
                0x0000ec0a                keyBeep_enable
 .text.pitchTone_mode
                0x0000ec12        0x8 src/main.o
                0x0000ec12                pitchTone_mode
 .text.printStatusLines_bitfield
                0x0000ec1a       0x20 src/main.o
                0x0000ec1a                printStatusLines_bitfield
 .text.shutdown
                0x0000ec3a       0x12 src/main.o
                0x0000ec3a                shutdown
 .text.xoPwm_set
                0x0000ec4c       0xe4 src/main.o
                0x0000ec4c                xoPwm_set
 .text.aprs_pos_anchor
                0x0000ed30       0x48 src/main.o
                0x0000ed30                aprs_pos_anchor
 .text.aprs_pos_delta_m
                0x0000ed78      0x1c6 src/main.o
                0x0000ed78                aprs_pos_delta_m
 .text.aprs_gyro_total_dps_1000
                0x0000ef3e      0x148 src/main.o
                0x0000ef3e                aprs_gyro_total_dps_1000
 .text.aprs_accel_xy_delta_g_1000
                0x0000f086      0x1ba src/main.o
                0x0000f086                aprs_accel_xy_delta_g_1000
 .text.aprs_mag_delta_nT
                0x0000f240      0x276 src/main.o
                0x0000f240                aprs_mag_delta_nT
 .text.aprs_message_send
                0x0000f4b6      0x138 src/main.o
                0x0000f4b6                aprs_message_send
 .text.sched_getLock
                0x0000f5ee       0x26 src/main.o
                0x0000f5ee                sched_getLock
 .text.sched_freeLock
                0x0000f614       0x14 src/main.o
                0x0000f614                sched_freeLock
 .text.sched_set_alarm
                0x0000f628       0x32 src/main.o
                0x0000f628                sched_set_alarm
 .text.sched_push
                0x0000f65a      0x382 src/main.o
                0x0000f65a                sched_push
 .text.dds_update
                0x0000f9dc      0x1bc src/main.o
                0x0000f9dc                dds_update
 .text.sched_pop
                0x0000fb98      0x176 src/main.o
                0x0000fb98                sched_pop
 .text.isr_rtc_alarm
                0x0000fd0e        0x4 src/main.o
                0x0000fd0e                isr_rtc_alarm
 .text.yield_ms
                0x0000fd12       0x4c src/main.o
                0x0000fd12                yield_ms
 .text.__vector_4
                0x0000fd5e      0x1ca src/main.o
                0x0000fd5e                __vector_4
 .text.tcc1_get_time
                0x0000ff28       0x20 src/main.o
                0x0000ff28                tcc1_get_time
 .text.dac_init
                0x0000ff48       0xce src/main.o
 .text.dac_app_enable
                0x00010016       0x90 src/main.o
                0x00010016                dac_app_enable
 .text.isr_tcc0_ovfl
                0x000100a6      0x3b8 src/main.o
                0x000100a6                isr_tcc0_ovfl
 .text.startup.main
                0x0001045e     0x140a src/main.o
                0x0001045e                main
 .text.cpu_irq_save
                0x00011868       0x1a src/ASF/common/services/clock/xmega/sysclk.o
 .text.sysclk_init
                0x00011882       0xfc src/ASF/common/services/clock/xmega/sysclk.o
                0x00011882                sysclk_init
 .text.sysclk_enable_module
                0x0001197e       0x22 src/ASF/common/services/clock/xmega/sysclk.o
                0x0001197e                sysclk_enable_module
 .text.sysclk_disable_module
                0x000119a0       0x20 src/ASF/common/services/clock/xmega/sysclk.o
                0x000119a0                sysclk_disable_module
 .text.sysclk_enable_usb
                0x000119c0       0x6c src/ASF/common/services/clock/xmega/sysclk.o
                0x000119c0                sysclk_enable_usb
 .text.sysclk_disable_usb
                0x00011a2c       0x10 src/ASF/common/services/clock/xmega/sysclk.o
                0x00011a2c                sysclk_disable_usb
 .text.cpu_irq_save
                0x00011a3c       0x1a src/ASF/common/services/usb/class/cdc/device/udi_cdc.o
 .text.udi_cdc_comm_disable
                0x00011a56        0xc src/ASF/common/services/usb/class/cdc/device/udi_cdc.o
                0x00011a56                udi_cdc_comm_disable
 .text.udi_cdc_data_setup
                0x00011a62        0x4 src/ASF/common/services/usb/class/cdc/device/udi_cdc.o
                0x00011a62                udi_cdc_data_setup
 .text.udi_cdc_getsetting
                0x00011a66        0x4 src/ASF/common/services/usb/class/cdc/device/udi_cdc.o
                0x00011a66                udi_cdc_getsetting
 .text.udi_cdc_line_coding_received
                0x00011a6a        0xa src/ASF/common/services/usb/class/cdc/device/udi_cdc.o
 .text.udi_cdc_data_disable
                0x00011a74       0x18 src/ASF/common/services/usb/class/cdc/device/udi_cdc.o
                0x00011a74                udi_cdc_data_disable
 .text.udi_cdc_comm_enable
                0x00011a8c       0x80 src/ASF/common/services/usb/class/cdc/device/udi_cdc.o
                0x00011a8c                udi_cdc_comm_enable
 .text.udi_cdc_tx_send.isra.1
                0x00011b0c      0x142 src/ASF/common/services/usb/class/cdc/device/udi_cdc.o
 .text.udi_cdc_data_sof_notify
                0x00011c4e        0x2 src/ASF/common/services/usb/class/cdc/device/udi_cdc.o
                0x00011c4e                udi_cdc_data_sof_notify
 .text.udi_cdc_data_sent
                0x00011c50       0x38 src/ASF/common/services/usb/class/cdc/device/udi_cdc.o
 .text.udi_cdc_comm_setup
                0x00011c88       0x90 src/ASF/common/services/usb/class/cdc/device/udi_cdc.o
                0x00011c88                udi_cdc_comm_setup
 .text.udi_cdc_multi_get_nb_received_data
                0x00011d18       0x26 src/ASF/common/services/usb/class/cdc/device/udi_cdc.o
                0x00011d18                udi_cdc_multi_get_nb_received_data
 .text.udi_cdc_get_nb_received_data
                0x00011d3e        0x4 src/ASF/common/services/usb/class/cdc/device/udi_cdc.o
                0x00011d3e                udi_cdc_get_nb_received_data
 .text.udi_cdc_multi_is_rx_ready
                0x00011d42        0xe src/ASF/common/services/usb/class/cdc/device/udi_cdc.o
                0x00011d42                udi_cdc_multi_is_rx_ready
 .text.udi_cdc_rx_start.isra.8
                0x00011d50       0x94 src/ASF/common/services/usb/class/cdc/device/udi_cdc.o
 .text.udi_cdc_data_enable
                0x00011de4       0x68 src/ASF/common/services/usb/class/cdc/device/udi_cdc.o
                0x00011de4                udi_cdc_data_enable
 .text.udi_cdc_data_received
                0x00011e4c       0x60 src/ASF/common/services/usb/class/cdc/device/udi_cdc.o
 .text.udi_cdc_multi_getc
                0x00011eac       0x94 src/ASF/common/services/usb/class/cdc/device/udi_cdc.o
                0x00011eac                udi_cdc_multi_getc
 .text.udi_cdc_getc
                0x00011f40        0x4 src/ASF/common/services/usb/class/cdc/device/udi_cdc.o
                0x00011f40                udi_cdc_getc
 .text.udi_cdc_read_no_polling
                0x00011f44       0xa6 src/ASF/common/services/usb/class/cdc/device/udi_cdc.o
                0x00011f44                udi_cdc_read_no_polling
 .text.udi_cdc_multi_get_free_tx_buffer
                0x00011fea       0x4c src/ASF/common/services/usb/class/cdc/device/udi_cdc.o
                0x00011fea                udi_cdc_multi_get_free_tx_buffer
 .text.udi_cdc_multi_is_tx_ready
                0x00012036        0xe src/ASF/common/services/usb/class/cdc/device/udi_cdc.o
                0x00012036                udi_cdc_multi_is_tx_ready
 .text.udi_cdc_is_tx_ready
                0x00012044        0x4 src/ASF/common/services/usb/class/cdc/device/udi_cdc.o
                0x00012044                udi_cdc_is_tx_ready
 .text.udi_cdc_multi_putc
                0x00012048       0x90 src/ASF/common/services/usb/class/cdc/device/udi_cdc.o
                0x00012048                udi_cdc_multi_putc
 .text.udi_cdc_putc
                0x000120d8        0x6 src/ASF/common/services/usb/class/cdc/device/udi_cdc.o
                0x000120d8                udi_cdc_putc
 .text.udc_valid_address
                0x000120de        0xa src/ASF/common/services/usb/udc/udc.o
 .text.udc_update_iface_desc
                0x000120e8       0x66 src/ASF/common/services/usb/udc/udc.o
 .text.udc_next_desc_in_iface.constprop.3
                0x0001214e       0x40 src/ASF/common/services/usb/udc/udc.o
 .text.udc_iface_enable
                0x0001218e       0x68 src/ASF/common/services/usb/udc/udc.o
 .text.udc_iface_disable
                0x000121f6       0x80 src/ASF/common/services/usb/udc/udc.o
 .text.udc_start
                0x00012276        0x4 src/ASF/common/services/usb/udc/udc.o
                0x00012276                udc_start
 .text.udc_reset
                0x0001227a       0x48 src/ASF/common/services/usb/udc/udc.o
                0x0001227a                udc_reset
 .text.udc_stop
                0x000122c2        0x6 src/ASF/common/services/usb/udc/udc.o
                0x000122c2                udc_stop
 .text.udc_sof_notify
                0x000122c8       0x4a src/ASF/common/services/usb/udc/udc.o
                0x000122c8                udc_sof_notify
 .text.udc_process_setup
                0x00012312      0x520 src/ASF/common/services/usb/udc/udc.o
                0x00012312                udc_process_setup
 .text._read    0x00012832       0x32 src/ASF/common/utils/stdio/read.o
                0x00012832                _read
 .text.stdio_usb_getchar
                0x00012864       0x1e src/ASF/common/utils/stdio/stdio_usb/stdio_usb.o
                0x00012864                stdio_usb_getchar
 .text.stdio_usb_putchar
                0x00012882       0x2e src/ASF/common/utils/stdio/stdio_usb/stdio_usb.o
                0x00012882                stdio_usb_putchar
 .text.stdio_usb_enable
                0x000128b0        0x8 src/ASF/common/utils/stdio/stdio_usb/stdio_usb.o
                0x000128b0                stdio_usb_enable
 .text.stdio_usb_disable
                0x000128b8        0x6 src/ASF/common/utils/stdio/stdio_usb/stdio_usb.o
                0x000128b8                stdio_usb_disable
 .text.stdio_usb_init
                0x000128be       0x2e src/ASF/common/utils/stdio/stdio_usb/stdio_usb.o
                0x000128be                stdio_usb_init
 .text._write   0x000128ec       0x24 src/ASF/common/utils/stdio/write.o
                0x000128ec                _write
 .text.nvm_wait_until_ready
                0x00012910        0xa src/ASF/xmega/drivers/nvm/nvm.o
 .text.nvm_issue_command
                0x0001291a       0x20 src/ASF/xmega/drivers/nvm/nvm.o
 .text.nvm_eeprom_read_buffer
                0x0001293a       0x46 src/ASF/xmega/drivers/nvm/nvm.o
                0x0001293a                nvm_eeprom_read_buffer
 .text.nvm_eeprom_flush_buffer
                0x00012980       0x1a src/ASF/xmega/drivers/nvm/nvm.o
                0x00012980                nvm_eeprom_flush_buffer
 .text.nvm_eeprom_load_byte_to_buffer
                0x0001299a       0x28 src/ASF/xmega/drivers/nvm/nvm.o
                0x0001299a                nvm_eeprom_load_byte_to_buffer
 .text.nvm_eeprom_write_byte
                0x000129c2       0x44 src/ASF/xmega/drivers/nvm/nvm.o
                0x000129c2                nvm_eeprom_write_byte
 .text.nvm_eeprom_load_page_to_buffer
                0x00012a06       0x24 src/ASF/xmega/drivers/nvm/nvm.o
                0x00012a06                nvm_eeprom_load_page_to_buffer
 .text.nvm_eeprom_atomic_write_page
                0x00012a2a       0x1e src/ASF/xmega/drivers/nvm/nvm.o
                0x00012a2a                nvm_eeprom_atomic_write_page
 .text.nvm_eeprom_erase_and_write_buffer
                0x00012a48       0x78 src/ASF/xmega/drivers/nvm/nvm.o
                0x00012a48                nvm_eeprom_erase_and_write_buffer
 .text.nvm_flash_read_buffer
                0x00012ac0       0x4a src/ASF/xmega/drivers/nvm/nvm.o
                0x00012ac0                nvm_flash_read_buffer
 .text.nvm_user_sig_read_buffer
                0x00012b0a       0x3e src/ASF/xmega/drivers/nvm/nvm.o
                0x00012b0a                nvm_user_sig_read_buffer
 .text.nvm_user_sig_write_buffer
                0x00012b48      0x12e src/ASF/xmega/drivers/nvm/nvm.o
                0x00012b48                nvm_user_sig_write_buffer
 .text.nvm_flash_erase_and_write_buffer
                0x00012c76      0x144 src/ASF/xmega/drivers/nvm/nvm.o
                0x00012c76                nvm_flash_erase_and_write_buffer
 .text.nvm_read_byte
                0x00012dba       0x14 src/ASF/xmega/drivers/nvm/nvm_asm.o
                0x00012dba                nvm_read_byte
 .text.ccp_write_io
                0x00012dce        0xc src/ASF/xmega/drivers/cpu/ccp.o
                0x00012dce                ccp_write_io
 .text.avr-libc.fplib
                0x00012dda        0xa c:/program files (x86)/atmel/studio/7.0/toolchain/avr8/avr8-gnu-toolchain/bin/../lib/gcc/avr/5.4.0/../../../../avr/lib/avrxmega6\libm.a(addsf3.o)
                0x00012dda                __subsf3
                0x00012ddc                __addsf3
 .text.avr-libc.fplib
                0x00012de4       0xc0 c:/program files (x86)/atmel/studio/7.0/toolchain/avr8/avr8-gnu-toolchain/bin/../lib/gcc/avr/5.4.0/../../../../avr/lib/avrxmega6\libm.a(addsf3x.o)
                0x00012dfe                __addsf3x
 .text.avr-libc.fplib
                0x00012ea4        0x8 c:/program files (x86)/atmel/studio/7.0/toolchain/avr8/avr8-gnu-toolchain/bin/../lib/gcc/avr/5.4.0/../../../../avr/lib/avrxmega6\libm.a(cmpsf2.o)
                0x00012ea4                __nesf2
                0x00012ea4                __eqsf2
                0x00012ea4                __cmpsf2
                0x00012ea4                __ltsf2
                0x00012ea4                __lesf2
 .text.avr-libc.fplib
                0x00012eac        0x6 c:/program files (x86)/atmel/studio/7.0/toolchain/avr8/avr8-gnu-toolchain/bin/../lib/gcc/avr/5.4.0/../../../../avr/lib/avrxmega6\libm.a(cos.o)
                0x00012eac                cos
 .text.avr-libc.fplib
                0x00012eb2        0x4 c:/program files (x86)/atmel/studio/7.0/toolchain/avr8/avr8-gnu-toolchain/bin/../lib/gcc/avr/5.4.0/../../../../avr/lib/avrxmega6\libm.a(divsf3.o)
                0x00012eb2                __divsf3
 .text.avr-libc.fplib
                0x00012eb6       0xcc c:/program files (x86)/atmel/studio/7.0/toolchain/avr8/avr8-gnu-toolchain/bin/../lib/gcc/avr/5.4.0/../../../../avr/lib/avrxmega6\libm.a(divsf3x.o)
                0x00012ecc                __divsf3x
                0x00012ed0                __divsf3_pse
 .text.avr-libc.fplib
                0x00012f82        0xa c:/program files (x86)/atmel/studio/7.0/toolchain/avr8/avr8-gnu-toolchain/bin/../lib/gcc/avr/5.4.0/../../../../avr/lib/avrxmega6\libm.a(fixsfsi.o)
                0x00012f82                __fixsfsi
 .text.avr-libc.fplib
                0x00012f8c       0x58 c:/program files (x86)/atmel/studio/7.0/toolchain/avr8/avr8-gnu-toolchain/bin/../lib/gcc/avr/5.4.0/../../../../avr/lib/avrxmega6\libm.a(fixunssfsi.o)
                0x00012f8c                __fixunssfsi
 .text.avr-libc.fplib
                0x00012fe4       0x7a c:/program files (x86)/atmel/studio/7.0/toolchain/avr8/avr8-gnu-toolchain/bin/../lib/gcc/avr/5.4.0/../../../../avr/lib/avrxmega6\libm.a(floatsisf.o)
                0x00012fe4                __floatunsisf
                0x00012fe8                __floatsisf
 .text.avr-libc.fplib
                0x0001305e       0x48 c:/program files (x86)/atmel/studio/7.0/toolchain/avr8/avr8-gnu-toolchain/bin/../lib/gcc/avr/5.4.0/../../../../avr/lib/avrxmega6\libm.a(fp_cmp.o)
                0x0001305e                __fp_cmp
 .text.avr-libc.fplib
                0x000130a6        0xc c:/program files (x86)/atmel/studio/7.0/toolchain/avr8/avr8-gnu-toolchain/bin/../lib/gcc/avr/5.4.0/../../../../avr/lib/avrxmega6\libm.a(fp_inf.o)
                0x000130a6                __fp_inf
 .text.avr-libc.fplib
                0x000130b2        0x6 c:/program files (x86)/atmel/studio/7.0/toolchain/avr8/avr8-gnu-toolchain/bin/../lib/gcc/avr/5.4.0/../../../../avr/lib/avrxmega6\libm.a(fp_nan.o)
                0x000130b2                __fp_nan
 .text.avr-libc.fplib
                0x000130b8        0xe c:/program files (x86)/atmel/studio/7.0/toolchain/avr8/avr8-gnu-toolchain/bin/../lib/gcc/avr/5.4.0/../../../../avr/lib/avrxmega6\libm.a(fp_pscA.o)
                0x000130b8                __fp_pscA
 .text.avr-libc.fplib
                0x000130c6        0xe c:/program files (x86)/atmel/studio/7.0/toolchain/avr8/avr8-gnu-toolchain/bin/../lib/gcc/avr/5.4.0/../../../../avr/lib/avrxmega6\libm.a(fp_pscB.o)
                0x000130c6                __fp_pscB
 .text.avr-libc.fplib
                0x000130d4       0x50 c:/program files (x86)/atmel/studio/7.0/toolchain/avr8/avr8-gnu-toolchain/bin/../lib/gcc/avr/5.4.0/../../../../avr/lib/avrxmega6\libm.a(fp_rempio2.o)
                0x000130d6                __fp_rempio2
 .text.avr-libc.fplib
                0x00013124       0x22 c:/program files (x86)/atmel/studio/7.0/toolchain/avr8/avr8-gnu-toolchain/bin/../lib/gcc/avr/5.4.0/../../../../avr/lib/avrxmega6\libm.a(fp_round.o)
                0x00013124                __fp_round
 .text.avr-libc.fplib
                0x00013146       0x22 c:/program files (x86)/atmel/studio/7.0/toolchain/avr8/avr8-gnu-toolchain/bin/../lib/gcc/avr/5.4.0/../../../../avr/lib/avrxmega6\libm.a(fp_sinus.o)
                0x00013146                __fp_sinus
 .text.avr-libc.fplib
                0x00013168       0x44 c:/program files (x86)/atmel/studio/7.0/toolchain/avr8/avr8-gnu-toolchain/bin/../lib/gcc/avr/5.4.0/../../../../avr/lib/avrxmega6\libm.a(fp_split3.o)
                0x00013168                __fp_split3
                0x00013178                __fp_splitA
 .text.avr-libc.fplib
                0x000131ac        0xe c:/program files (x86)/atmel/studio/7.0/toolchain/avr8/avr8-gnu-toolchain/bin/../lib/gcc/avr/5.4.0/../../../../avr/lib/avrxmega6\libm.a(fp_zero.o)
                0x000131ac                __fp_zero
                0x000131ae                __fp_szero
 .text.avr-libc.fplib
                0x000131ba        0x8 c:/program files (x86)/atmel/studio/7.0/toolchain/avr8/avr8-gnu-toolchain/bin/../lib/gcc/avr/5.4.0/../../../../avr/lib/avrxmega6\libm.a(gesf2.o)
                0x000131ba                __gesf2
                0x000131ba                __gtsf2
 .text.avr-libc.fplib
                0x000131c2       0x8a c:/program files (x86)/atmel/studio/7.0/toolchain/avr8/avr8-gnu-toolchain/bin/../lib/gcc/avr/5.4.0/../../../../avr/lib/avrxmega6\libm.a(log.o)
                0x000131cc                log
 .text.avr-libc.fplib
                0x0001324c        0x4 c:/program files (x86)/atmel/studio/7.0/toolchain/avr8/avr8-gnu-toolchain/bin/../lib/gcc/avr/5.4.0/../../../../avr/lib/avrxmega6\libm.a(mulsf3.o)
                0x0001324c                __mulsf3
 .text.avr-libc.fplib
                0x00013250       0xc2 c:/program files (x86)/atmel/studio/7.0/toolchain/avr8/avr8-gnu-toolchain/bin/../lib/gcc/avr/5.4.0/../../../../avr/lib/avrxmega6\libm.a(mulsf3x.o)
                0x00013264                __mulsf3x
                0x00013268                __mulsf3_pse
 .text.avr-libc.fplib
                0x00013312       0x98 c:/program files (x86)/atmel/studio/7.0/toolchain/avr8/avr8-gnu-toolchain/bin/../lib/gcc/avr/5.4.0/../../../../avr/lib/avrxmega6\libm.a(pow.o)
                0x00013312                pow
 .text.avr-libc.fplib
                0x000133aa        0xc c:/program files (x86)/atmel/studio/7.0/toolchain/avr8/avr8-gnu-toolchain/bin/../lib/gcc/avr/5.4.0/../../../../avr/lib/avrxmega6\libm.a(sin.o)
                0x000133aa                sin
 .text.avr-libc.fplib
                0x000133b6       0x84 c:/program files (x86)/atmel/studio/7.0/toolchain/avr8/avr8-gnu-toolchain/bin/../lib/gcc/avr/5.4.0/../../../../avr/lib/avrxmega6\libm.a(sqrt.o)
                0x000133be                sqrtf
                0x000133be                sqrt
 .text.avr-libc.fplib
                0x0001343a       0x62 c:/program files (x86)/atmel/studio/7.0/toolchain/avr8/avr8-gnu-toolchain/bin/../lib/gcc/avr/5.4.0/../../../../avr/lib/avrxmega6\libm.a(exp.o)
                0x00013444                exp
 .text.avr-libc.fplib
                0x0001349c       0x1c c:/program files (x86)/atmel/studio/7.0/toolchain/avr8/avr8-gnu-toolchain/bin/../lib/gcc/avr/5.4.0/../../../../avr/lib/avrxmega6\libm.a(fp_mpack.o)
                0x0001349c                __fp_mpack
                0x000134a0                __fp_mpack_finite
 .text.avr-libc.fplib
                0x000134b8        0xe c:/program files (x86)/atmel/studio/7.0/toolchain/avr8/avr8-gnu-toolchain/bin/../lib/gcc/avr/5.4.0/../../../../avr/lib/avrxmega6\libm.a(fp_norm2.o)
                0x000134b8                __fp_norm2
 .text.avr-libc.fplib
                0x000134c6       0x4a c:/program files (x86)/atmel/studio/7.0/toolchain/avr8/avr8-gnu-toolchain/bin/../lib/gcc/avr/5.4.0/../../../../avr/lib/avrxmega6\libm.a(fp_powser.o)
                0x000134c6                __fp_powser
 .text.avr-libc.fplib
                0x00013510       0x22 c:/program files (x86)/atmel/studio/7.0/toolchain/avr8/avr8-gnu-toolchain/bin/../lib/gcc/avr/5.4.0/../../../../avr/lib/avrxmega6\libm.a(fp_powsodd.o)
                0x00013510                __fp_powsodd
 .text.avr-libc.fplib
                0x00013532        0xe c:/program files (x86)/atmel/studio/7.0/toolchain/avr8/avr8-gnu-toolchain/bin/../lib/gcc/avr/5.4.0/../../../../avr/lib/avrxmega6\libm.a(inverse.o)
                0x00013532                inverse
 .text.avr-libc.fplib
                0x00013540       0x6c c:/program files (x86)/atmel/studio/7.0/toolchain/avr8/avr8-gnu-toolchain/bin/../lib/gcc/avr/5.4.0/../../../../avr/lib/avrxmega6\libm.a(ldexp.o)
                0x00013544                ldexp
 .text.avr-libc.fplib
                0x000135ac       0x66 c:/program files (x86)/atmel/studio/7.0/toolchain/avr8/avr8-gnu-toolchain/bin/../lib/gcc/avr/5.4.0/../../../../avr/lib/avrxmega6\libm.a(modf.o)
                0x000135ac                modf
                0x000135ac                modff
 .text.avr-libc
                0x00013612      0x708 c:/program files (x86)/atmel/studio/7.0/toolchain/avr8/avr8-gnu-toolchain/bin/../lib/gcc/avr/5.4.0/../../../../avr/lib/avrxmega6\libprintf_flt.a(vfprintf_flt.o)
                0x00013612                vfprintf
 .text.libgcc.mul
                0x00013d1a       0x1e c:/program files (x86)/atmel/studio/7.0/toolchain/avr8/avr8-gnu-toolchain/bin/../lib/gcc/avr/5.4.0/avrxmega6\libgcc.a(_mulsi3.o)
                0x00013d1a                __mulsi3
 .text.libgcc.div
                0x00013d38       0x28 c:/program files (x86)/atmel/studio/7.0/toolchain/avr8/avr8-gnu-toolchain/bin/../lib/gcc/avr/5.4.0/avrxmega6\libgcc.a(_udivmodhi4.o)
                0x00013d38                __udivmodhi4
 .text.libgcc.div
                0x00013d60       0x26 c:/program files (x86)/atmel/studio/7.0/toolchain/avr8/avr8-gnu-toolchain/bin/../lib/gcc/avr/5.4.0/avrxmega6\libgcc.a(_divmodhi4.o)
                0x00013d60                _div
                0x00013d60                __divmodhi4
 .text.libgcc.div
                0x00013d86       0x44 c:/program files (x86)/atmel/studio/7.0/toolchain/avr8/avr8-gnu-toolchain/bin/../lib/gcc/avr/5.4.0/avrxmega6\libgcc.a(_udivmodsi4.o)
                0x00013d86                __udivmodsi4
 .text.libgcc.div
                0x00013dca       0x28 c:/program files (x86)/atmel/studio/7.0/toolchain/avr8/avr8-gnu-toolchain/bin/../lib/gcc/avr/5.4.0/avrxmega6\libgcc.a(_divmodsi4.o)
                0x00013dca                __divmodsi4
 .text.libgcc.div
                0x00013df2       0x10 c:/program files (x86)/atmel/studio/7.0/toolchain/avr8/avr8-gnu-toolchain/bin/../lib/gcc/avr/5.4.0/avrxmega6\libgcc.a(_negsi2.o)
                0x00013df2                __negsi2
 .text.libgcc   0x00013e02       0x10 c:/program files (x86)/atmel/studio/7.0/toolchain/avr8/avr8-gnu-toolchain/bin/../lib/gcc/avr/5.4.0/avrxmega6\libgcc.a(_tablejump2.o)
                0x00013e02                __tablejump2__
 .text.libgcc.mul