Archive member included to satisfy reference by file (symbol)

c:/program files (x86)/atmel/studio/7.0/toolchain/avr8/avr8-gnu-toolchain/bin/../lib/gcc/avr/5.4.0/../../../../avr/lib/avrxmega6\libprintf_flt.a(vfprintf_flt.o)
                              (vfprintf)
c:/program files (x86)/atmel/studio/7.0/toolchain/avr8/avr8-gnu-toolchain/bin/../lib/gcc/avr/5.4.0/../../../../avr/lib/avrxmega6\libm.a(addsf3.o)
                              src/twi.o (__subsf3)
c:/program files (x86)/atmel/studio/7.0/toolchain/avr8/avr8-gnu-toolchain/bin/../lib/gcc/avr/5.4.0/../../../../avr/lib/avrxmega6\libm.a(addsf3x.o)
                              c:/program files (x86)/atmel/studio/7.0/toolchain/avr8/avr8-gnu-toolchain/bin/../lib/gcc/avr/5.4.0/../../../../avr/lib/avrxmega6\libm.a(addsf3.o) (__addsf3x)
c:/program files (x86)/atmel/studio/7.0/toolchain/avr8/avr8-gnu-toolchain/bin/../lib/gcc/avr/5.4.0/../../../../avr/lib/avrxmega6\libm.a(cmpsf2.o)
                              src/twi.o (__eqsf2)
c:/program files (x86)/atmel/studio/7.0/toolchain/avr8/avr8-gnu-toolchain/bin/../lib/gcc/avr/5.4.0/../../../../avr/lib/avrxmega6\libm.a(cos.o)
                              src/twi.o (cos)
c:/program files (x86)/atmel/studio/7.0/toolchain/avr8/avr8-gnu-toolchain/bin/../lib/gcc/avr/5.4.0/../../../../avr/lib/avrxmega6\libm.a(divsf3.o)
                              src/usb.o (__divsf3)
c:/program files (x86)/atmel/studio/7.0/toolchain/avr8/avr8-gnu-toolchain/bin/../lib/gcc/avr/5.4.0/../../../../avr/lib/avrxmega6\libm.a(divsf3x.o)
                              c:/program files (x86)/atmel/studio/7.0/toolchain/avr8/avr8-gnu-toolchain/bin/../lib/gcc/avr/5.4.0/../../../../avr/lib/avrxmega6\libm.a(divsf3.o) (__divsf3x)
c:/program files (x86)/atmel/studio/7.0/toolchain/avr8/avr8-gnu-toolchain/bin/../lib/gcc/avr/5.4.0/../../../../avr/lib/avrxmega6\libm.a(fixsfsi.o)
                              src/twi.o (__fixsfsi)
c:/program files (x86)/atmel/studio/7.0/toolchain/avr8/avr8-gnu-toolchain/bin/../lib/gcc/avr/5.4.0/../../../../avr/lib/avrxmega6\libm.a(fixunssfsi.o)
                              src/twi.o (__fixunssfsi)
c:/program files (x86)/atmel/studio/7.0/toolchain/avr8/avr8-gnu-toolchain/bin/../lib/gcc/avr/5.4.0/../../../../avr/lib/avrxmega6\libm.a(floatsisf.o)
                              src/main.o (__floatunsisf)
c:/program files (x86)/atmel/studio/7.0/toolchain/avr8/avr8-gnu-toolchain/bin/../lib/gcc/avr/5.4.0/../../../../avr/lib/avrxmega6\libm.a(fp_cmp.o)
                              c:/program files (x86)/atmel/studio/7.0/toolchain/avr8/avr8-gnu-toolchain/bin/../lib/gcc/avr/5.4.0/../../../../avr/lib/avrxmega6\libm.a(cmpsf2.o) (__fp_cmp)
c:/program files (x86)/atmel/studio/7.0/toolchain/avr8/avr8-gnu-toolchain/bin/../lib/gcc/avr/5.4.0/../../../../avr/lib/avrxmega6\libm.a(fp_inf.o)
                              c:/program files (x86)/atmel/studio/7.0/toolchain/avr8/avr8-gnu-toolchain/bin/../lib/gcc/avr/5.4.0/../../../../avr/lib/avrxmega6\libm.a(addsf3x.o) (__fp_inf)
c:/program files (x86)/atmel/studio/7.0/toolchain/avr8/avr8-gnu-toolchain/bin/../lib/gcc/avr/5.4.0/../../../../avr/lib/avrxmega6\libm.a(fp_nan.o)
                              c:/program files (x86)/atmel/studio/7.0/toolchain/avr8/avr8-gnu-toolchain/bin/../lib/gcc/avr/5.4.0/../../../../avr/lib/avrxmega6\libm.a(addsf3x.o) (__fp_nan)
c:/program files (x86)/atmel/studio/7.0/toolchain/avr8/avr8-gnu-toolchain/bin/../lib/gcc/avr/5.4.0/../../../../avr/lib/avrxmega6\libm.a(fp_pscA.o)
                              c:/program files (x86)/atmel/studio/7.0/toolchain/avr8/avr8-gnu-toolchain/bin/../lib/gcc/avr/5.4.0/../../../../avr/lib/avrxmega6\libm.a(addsf3x.o) (__fp_pscA)
c:/program files (x86)/atmel/studio/7.0/toolchain/avr8/avr8-gnu-toolchain/bin/../lib/gcc/avr/5.4.0/../../../../avr/lib/avrxmega6\libm.a(fp_pscB.o)
                              c:/program files (x86)/atmel/studio/7.0/toolchain/avr8/avr8-gnu-toolchain/bin/../lib/gcc/avr/5.4.0/../../../../avr/lib/avrxmega6\libm.a(addsf3x.o) (__fp_pscB)
c:/program files (x86)/atmel/studio/7.0/toolchain/avr8/avr8-gnu-toolchain/bin/../lib/gcc/avr/5.4.0/../../../../avr/lib/avrxmega6\libm.a(fp_rempio2.o)
                              c:/program files (x86)/atmel/studio/7.0/toolchain/avr8/avr8-gnu-toolchain/bin/../lib/gcc/avr/5.4.0/../../../../avr/lib/avrxmega6\libm.a(cos.o) (__fp_rempio2)
c:/program files (x86)/atmel/studio/7.0/toolchain/avr8/avr8-gnu-toolchain/bin/../lib/gcc/avr/5.4.0/../../../../avr/lib/avrxmega6\libm.a(fp_round.o)
                              c:/program files (x86)/atmel/studio/7.0/toolchain/avr8/avr8-gnu-toolchain/bin/../lib/gcc/avr/5.4.0/../../../../avr/lib/avrxmega6\libm.a(addsf3.o) (__fp_round)
c:/program files (x86)/atmel/studio/7.0/toolchain/avr8/avr8-gnu-toolchain/bin/../lib/gcc/avr/5.4.0/../../../../avr/lib/avrxmega6\libm.a(fp_sinus.o)
[...]
Memory Configuration

Name             Origin             Length             Attributes
text             0x00000000         0x00100000         xr
data             0x00802000         0x0000ffa0         rw !x
eeprom           0x00810000         0x00010000         rw !x
fuse             0x00820000         0x00000006         rw !x
lock             0x00830000         0x00000400         rw !x
signature        0x00840000         0x00000400         rw !x
user_signatures  0x00850000         0x00000400         rw !x
*default*        0x00000000         0xffffffff

Linker script and memory map

LOAD C:/Program Files (x86)/Atmel/Studio/7.0/Packs/Atmel/XMEGAA_DFP/1.1.68/gcc/dev/atxmega256a3bu/avrxmega6/crtatxmega256a3bu.o
LOAD src/ASF/common/services/serial/usart_serial.o
LOAD src/ASF/xmega/drivers/usart/usart.o
LOAD src/serial.o
LOAD src/usb.o
LOAD src/ASF/common/drivers/nvm/xmega/xmega_nvm.o
LOAD src/ASF/common/services/calendar/calendar.o
LOAD src/ASF/common/services/fifo/fifo.o
LOAD src/ASF/common/services/hugemem/avr8/avr8_hugemem.o
LOAD src/ASF/xmega/drivers/dma/dma.o
LOAD src/ASF/xmega/drivers/rtc32/rtc32.o
LOAD src/dds.o
LOAD src/interpreter.o
LOAD src/twi.o
LOAD src/ASF/common/boards/user_board/init.o
LOAD src/ASF/common/services/gfx_mono/gfx_mono_framebuffer.o
LOAD src/ASF/common/services/gfx_mono/gfx_mono_generic.o
LOAD src/ASF/common/services/gfx_mono/gfx_mono_null.o
LOAD src/ASF/common/services/gfx_mono/gfx_mono_text.o
LOAD src/ASF/common/services/gfx_mono/sysfont.o
LOAD src/ASF/common/services/ioport/xmega/ioport_compat.o
LOAD src/ASF/xmega/drivers/adc/adc.o
LOAD src/ASF/xmega/drivers/adc/xmega_aau/adc_aau.o
LOAD src/ASF/xmega/drivers/dac/dac.o
LOAD src/ASF/xmega/drivers/tc/tc.o
LOAD src/ASF/xmega/drivers/twi/twim.o
LOAD src/ASF/xmega/drivers/twi/twis.o
LOAD src/ASF/xmega/drivers/usb/usb_device.o
LOAD src/ASF/xmega/services/pwm/pwm.o
LOAD src/main.o
LOAD src/ASF/common/services/clock/xmega/sysclk.o
LOAD src/ASF/common/services/sleepmgr/xmega/sleepmgr.o
LOAD src/ASF/common/services/usb/class/cdc/device/udi_cdc.o
LOAD src/ASF/common/services/usb/class/cdc/device/udi_cdc_desc.o
LOAD src/ASF/common/services/usb/udc/udc.o
LOAD src/ASF/common/utils/stdio/read.o
LOAD src/ASF/common/utils/stdio/stdio_usb/stdio_usb.o
LOAD src/ASF/common/utils/stdio/write.o
LOAD src/ASF/xmega/drivers/nvm/nvm.o
LOAD src/ASF/xmega/drivers/nvm/nvm_asm.o
LOAD src/ASF/xmega/drivers/cpu/ccp.o
START GROUP
END GROUP
LOAD c:/program files (x86)/atmel/studio/7.0/toolchain/avr8/avr8-gnu-toolchain/bin/../lib/gcc/avr/5.4.0/../../../../avr/lib/avrxmega6\libprintf_flt.a
LOAD c:/program files (x86)/atmel/studio/7.0/toolchain/avr8/avr8-gnu-toolchain/bin/../lib/gcc/avr/5.4.0/../../../../avr/lib/avrxmega6\libm.a
START GROUP
LOAD c:/program files (x86)/atmel/studio/7.0/toolchain/avr8/avr8-gnu-toolchain/bin/../lib/gcc/avr/5.4.0/avrxmega6\libgcc.a
LOAD c:/program files (x86)/atmel/studio/7.0/toolchain/avr8/avr8-gnu-toolchain/bin/../lib/gcc/avr/5.4.0/../../../../avr/lib/avrxmega6\libm.a
LOAD c:/program files (x86)/atmel/studio/7.0/toolchain/avr8/avr8-gnu-toolchain/bin/../lib/gcc/avr/5.4.0/../../../../avr/lib/avrxmega6\libc.a
LOAD C:/Program Files (x86)/Atmel/Studio/7.0/Packs/Atmel/XMEGAA_DFP/1.1.68/gcc/dev/atxmega256a3bu/avrxmega6\libatxmega256a3bu.a
END GROUP
                0x00100000                __TEXT_REGION_LENGTH__ = DEFINED (__TEXT_REGION_LENGTH__)?__TEXT_REGION_LENGTH__:0x100000
                0x0000ffa0                __DATA_REGION_LENGTH__ = DEFINED (__DATA_REGION_LENGTH__)?__DATA_REGION_LENGTH__:0xffa0
                0x00010000                __EEPROM_REGION_LENGTH__ = DEFINED (__EEPROM_REGION_LENGTH__)?__EEPROM_REGION_LENGTH__:0x10000
                [0x00000006]                __FUSE_REGION_LENGTH__ = DEFINED (__FUSE_REGION_LENGTH__)?__FUSE_REGION_LENGTH__:0x400
                0x00000400                __LOCK_REGION_LENGTH__ = DEFINED (__LOCK_REGION_LENGTH__)?__LOCK_REGION_LENGTH__:0x400
                0x00000400                __SIGNATURE_REGION_LENGTH__ = DEFINED (__SIGNATURE_REGION_LENGTH__)?__SIGNATURE_REGION_LENGTH__:0x400
                0x00000400                __USER_SIGNATURE_REGION_LENGTH__ = DEFINED (__USER_SIGNATURE_REGION_LENGTH__)?__USER_SIGNATURE_REGION_LENGTH__:0x400

.hash
 *(.hash)

.dynsym
 *(.dynsym)

.dynstr
 *(.dynstr)

.gnu.version
 *(.gnu.version)

.gnu.version_d
 *(.gnu.version_d)

.gnu.version_r
 *(.gnu.version_r)

.rel.init
 *(.rel.init)

.rela.init
 *(.rela.init)

.rel.text
 *(.rel.text)
 *(.rel.text.*)
 *(.rel.gnu.linkonce.t*)

.rela.text
 *(.rela.text)
 *(.rela.text.*)
 *(.rela.gnu.linkonce.t*)

.rel.fini
 *(.rel.fini)

.rela.fini
 *(.rela.fini)

.rel.rodata
 *(.rel.rodata)
 *(.rel.rodata.*)
 *(.rel.gnu.linkonce.r*)

.rela.rodata
 *(.rela.rodata)
 *(.rela.rodata.*)
 *(.rela.gnu.linkonce.r*)

.rel.data
 *(.rel.data)
 *(.rel.data.*)
 *(.rel.gnu.linkonce.d*)

.rela.data
 *(.rela.data)
 *(.rela.data.*)
 *(.rela.gnu.linkonce.d*)

.rel.ctors
 *(.rel.ctors)

.rela.ctors
 *(.rela.ctors)

.rel.dtors
 *(.rel.dtors)

.rela.dtors
 *(.rela.dtors)

.rel.got
 *(.rel.got)

.rela.got
 *(.rela.got)

.rel.bss
 *(.rel.bss)

.rela.bss
 *(.rela.bss)

.rel.plt
 *(.rel.plt)

.rela.plt
 *(.rela.plt)

.text           0x00000000    0x12352
 *(.vectors)
 .vectors       0x00000000      0x1fc C:/Program Files (x86)/Atmel/Studio/7.0/Packs/Atmel/XMEGAA_DFP/1.1.68/gcc/dev/atxmega256a3bu/avrxmega6/crtatxmega256a3bu.o
                0x00000000                __vector_default
                0x00000000                __vectors
 *(.vectors)
 *(.progmem.gcc*)
 .progmem.gcc_sw_table.task_serial
                0x000001fc       0x26 src/serial.o
 .progmem.gcc_sw_table.pwm_init
                0x00000222        0xe src/ASF/xmega/services/pwm/pwm.o
 .progmem.gcc_fplib
                0x00000230       0x1e c:/program files (x86)/atmel/studio/7.0/toolchain/avr8/avr8-gnu-toolchain/bin/../lib/gcc/avr/5.4.0/../../../../avr/lib/avrxmega6\libm.a(fp_sinus.o)
 .progmem.gcc_fplib
                0x0000024e       0x28 c:/program files (x86)/atmel/studio/7.0/toolchain/avr8/avr8-gnu-toolchain/bin/../lib/gcc/avr/5.4.0/../../../../avr/lib/avrxmega6\libm.a(exp.o)
 .progmem.gcc_fplib
                0x00000276       0x5a c:/program files (x86)/atmel/studio/7.0/toolchain/avr8/avr8-gnu-toolchain/bin/../lib/gcc/avr/5.4.0/../../../../avr/lib/avrxmega6\libm.a(log.o)
                0x000002d0                . = ALIGN (0x2)
                0x000002d0                __trampolines_start = .
 *(.trampolines)
 .trampolines   0x000002d0        0x0 linker stubs
 *(.trampolines*)
                0x000002d0                __trampolines_end = .
 *libprintf_flt.a:*(.progmem.data)
 .progmem.data  0x000002d0        0x8 c:/program files (x86)/atmel/studio/7.0/toolchain/avr8/avr8-gnu-toolchain/bin/../lib/gcc/avr/5.4.0/../../../../avr/lib/avrxmega6\libprintf_flt.a(vfprintf_flt.o)
 *libc.a:*(.progmem.data)
 .progmem.data  0x000002d8       0xfa c:/program files (x86)/atmel/studio/7.0/toolchain/avr8/avr8-gnu-toolchain/bin/../lib/gcc/avr/5.4.0/../../../../avr/lib/avrxmega6\libc.a(ftoa_engine.o)
 .progmem.data  0x000003d2       0x3b c:/program files (x86)/atmel/studio/7.0/toolchain/avr8/avr8-gnu-toolchain/bin/../lib/gcc/avr/5.4.0/../../../../avr/lib/avrxmega6\libc.a(strtod.o)
 *(.progmem*)
 .progmem.data.PM_TWI1_UTIL_ONBOARD_SIM808_GPS_GNSINF
                0x0000040d        0xa src/serial.o
                0x0000040d                PM_TWI1_UTIL_ONBOARD_SIM808_GPS_GNSINF
 .progmem.data.PM_TWI1_INIT_ONBOARD_SIM808_GPS_02
                0x00000417        0xd src/serial.o
                0x00000417                PM_TWI1_INIT_ONBOARD_SIM808_GPS_02
 .progmem.data.PM_TWI1_INIT_ONBOARD_SIM808_GPS_01
                0x00000424       0x10 src/serial.o
                0x00000424                PM_TWI1_INIT_ONBOARD_SIM808_GPS_01
 .progmem.data.PM_TWI1_INIT_ONBOARD_SIM808_INFO_02
                0x00000434        0x9 src/serial.o
                0x00000434                PM_TWI1_INIT_ONBOARD_SIM808_INFO_02
 .progmem.data.PM_TWI1_INIT_ONBOARD_SIM808_INFO_01
                0x0000043d        0x6 src/serial.o
                0x0000043d                PM_TWI1_INIT_ONBOARD_SIM808_INFO_01
 .progmem.data.PM_TWI1_INIT_ONBOARD_SIM808_CFUN1
                0x00000443        0xc src/serial.o
                0x00000443                PM_TWI1_INIT_ONBOARD_SIM808_CFUN1
 .progmem.data.PM_TWI1_INIT_ONBOARD_SIM808_CMEE2
                0x0000044f        0xc src/serial.o
                0x0000044f                PM_TWI1_INIT_ONBOARD_SIM808_CMEE2
 .progmem.data.PM_TWI1_INIT_ONBOARD_SIM808_IFC
                0x0000045b        0xd src/serial.o
                0x0000045b                PM_TWI1_INIT_ONBOARD_SIM808_IFC
 .progmem.data.PM_TWI1_INIT_ONBOARD_SIM808_IPR
                0x00000468        0xd src/serial.o
                0x00000468                PM_TWI1_INIT_ONBOARD_SIM808_IPR
 .progmem.data.PM_TWI1_INIT_ONBOARD_SIM808_OK
                0x00000475       0x15 src/serial.o
                0x00000475                PM_TWI1_INIT_ONBOARD_SIM808_OK
 .progmem.data.PM_TWI1_INIT_ONBOARD_SIM808_RESTART
                0x0000048a       0x1c src/serial.o
                0x0000048a                PM_TWI1_INIT_ONBOARD_SIM808_RESTART
 .progmem.data.PM_TWI1_INIT_ONBOARD_SIM808_START
                0x000004a6       0x1a src/serial.o
                0x000004a6                PM_TWI1_INIT_ONBOARD_SIM808_START
 .progmem.data.PM_SIM808_INFO_SYNCED
                0x000004c0       0x22 src/serial.o
                0x000004c0                PM_SIM808_INFO_SYNCED
 .progmem.data.PM_SIM808_INFO_RESTART
                0x000004e2       0x28 src/serial.o
                0x000004e2                PM_SIM808_INFO_RESTART
 .progmem.data.PM_SIM808_INFO_START
                0x0000050a       0x28 src/serial.o
                0x0000050a                PM_SIM808_INFO_START
 .progmem.data.PM_SIM808_OK
                0x00000532        0x3 src/serial.o
                0x00000532                PM_SIM808_OK
 .progmem.data.PM_INFO_PART_PLL3
                0x00000535       0x1b src/usb.o
                0x00000535                PM_INFO_PART_PLL3
 .progmem.data.PM_INFO_PART_PLL2
                0x00000550       0x17 src/usb.o
                0x00000550                PM_INFO_PART_PLL2
 .progmem.data.PM_INFO_PART_PLL1
                0x00000567       0x28 src/usb.o
                0x00000567                PM_INFO_PART_PLL1
 .progmem.data.PM_INFO_PART_L2P4
                0x0000058f       0x1f src/usb.o
                0x0000058f                PM_INFO_PART_L2P4
 .progmem.data.PM_INFO_PART_L2P3B
                0x000005ae       0x18 src/usb.o
                0x000005ae                PM_INFO_PART_L2P3B
 .progmem.data.PM_INFO_PART_L2P3A
                0x000005c6       0x2d src/usb.o
                0x000005c6                PM_INFO_PART_L2P3A
 .progmem.data.PM_INFO_PART_L2P2B
                0x000005f3       0x18 src/usb.o
                0x000005f3                PM_INFO_PART_L2P2B
 .progmem.data.PM_INFO_PART_L2P2A
                0x0000060b       0x2f src/usb.o
                0x0000060b                PM_INFO_PART_L2P2A
 .progmem.data.PM_INFO_PART_L2P1B
                0x0000063a       0x17 src/usb.o
                0x0000063a                PM_INFO_PART_L2P1B
 .progmem.data.PM_INFO_PART_L2P1A
                0x00000651       0x2c src/usb.o
                0x00000651                PM_INFO_PART_L2P1A
 .progmem.data.PM_INFO_PART_L1P3
                0x0000067d       0x2b src/usb.o
                0x0000067d                PM_INFO_PART_L1P3
 .progmem.data.PM_INFO_PART_L1P2
                0x000006a8       0x27 src/usb.o
                0x000006a8                PM_INFO_PART_L1P2
 .progmem.data.PM_INFO_PART_L1P1C
                0x000006cf       0x14 src/usb.o
                0x000006cf                PM_INFO_PART_L1P1C
 .progmem.data.PM_INFO_PART_L1P1B
                0x000006e3       0x2a src/usb.o
                0x000006e3                PM_INFO_PART_L1P1B
 .progmem.data.PM_INFO_PART_L1P1A
                0x0000070d       0x35 src/usb.o
                0x0000070d                PM_INFO_PART_L1P1A
 .progmem.data.PM_USBINIT_HEADER_4
                0x00000742       0x24 src/usb.o
                0x00000742                PM_USBINIT_HEADER_4
 .progmem.data.PM_USBINIT_HEADER_3
                0x00000766       0x22 src/usb.o
                0x00000766                PM_USBINIT_HEADER_3
 .progmem.data.PM_USBINIT_HEADER_2
                0x00000788       0x26 src/usb.o
                0x00000788                PM_USBINIT_HEADER_2
 .progmem.data.PM_USBINIT_HEADER_1
                0x000007ae        0x7 src/usb.o
                0x000007ae                PM_USBINIT_HEADER_1
 .progmem.data.PM_SINE_IP
                0x000007b5      0x680 src/dds.o
                0x000007b5                PM_SINE_IP
 .progmem.data.PM_SINE
                0x00000e35     0x2000 src/dds.o
                0x00000e35                PM_SINE
 .progmem.data.PM_UNKNOWN_01
                0x00002e35       0x35 src/interpreter.o
                0x00002e35                PM_UNKNOWN_01
 .progmem.data.PM_IP_CMD_xo
                0x00002e6a        0x4 src/interpreter.o
                0x00002e6a                PM_IP_CMD_xo
 .progmem.data.PM_IP_CMD_reset
                0x00002e6e        0x7 src/interpreter.o
                0x00002e6e                PM_IP_CMD_reset
 .progmem.data.PM_IP_CMD_pt
                0x00002e75        0x4 src/interpreter.o
                0x00002e75                PM_IP_CMD_pt
 .progmem.data.PM_IP_CMD_kb
                0x00002e79        0x4 src/interpreter.o
                0x00002e79                PM_IP_CMD_kb
 .progmem.data.PM_IP_CMD_help
                0x00002e7d        0x5 src/interpreter.o
                0x00002e7d                PM_IP_CMD_help
 .progmem.data.PM_IP_CMD_info
                0x00002e82        0x6 src/interpreter.o
                0x00002e82                PM_IP_CMD_info
 .progmem.data.PM_IP_CMD_eb
                0x00002e88        0x4 src/interpreter.o
                0x00002e88                PM_IP_CMD_eb
 .progmem.data.PM_IP_CMD_dds
                0x00002e8c        0x5 src/interpreter.o
                0x00002e8c                PM_IP_CMD_dds
 .progmem.data.PM_IP_CMD_dac
                0x00002e91        0x5 src/interpreter.o
                0x00002e91                PM_IP_CMD_dac
 .progmem.data.PM_IP_CMD_cal_gyro
                0x00002e96        0x9 src/interpreter.o
                0x00002e96                PM_IP_CMD_cal_gyro
 .progmem.data.PM_IP_CMD_cal_defaults
                0x00002e9f        0xd src/interpreter.o
                0x00002e9f                PM_IP_CMD_cal_defaults
 .progmem.data.PM_IP_CMD_cal_accelz
                0x00002eac        0xb src/interpreter.o
                0x00002eac                PM_IP_CMD_cal_accelz
 .progmem.data.PM_IP_CMD_cal_accely
                0x00002eb7        0xb src/interpreter.o
                0x00002eb7                PM_IP_CMD_cal_accely
 .progmem.data.PM_IP_CMD_cal_accelx
                0x00002ec2        0xb src/interpreter.o
                0x00002ec2                PM_IP_CMD_cal_accelx
 .progmem.data.PM_IP_CMD_bl
                0x00002ecd        0x4 src/interpreter.o
                0x00002ecd                PM_IP_CMD_bl
 .progmem.data.PM_IP_CMD_bias
                0x00002ed1        0x6 src/interpreter.o
                0x00002ed1                PM_IP_CMD_bias
 .progmem.data.PM_IP_CMD_A_slash
                0x00002ed7        0x3 src/interpreter.o
                0x00002ed7                PM_IP_CMD_A_slash
 .progmem.data.PM_IP_CMD_AT
                0x00002eda        0x3 src/interpreter.o
                0x00002eda                PM_IP_CMD_AT
 .progmem.data.PM_IP_CMD_adc
                0x00002edd        0x5 src/interpreter.o
                0x00002edd                PM_IP_CMD_adc
 .progmem.data.PM_IP_CMD_CmdLine
                0x00002ee2        0x5 src/interpreter.o
                0x00002ee2                PM_IP_CMD_CmdLine
 .progmem.data.PM_IP_CMD_NewLine
                0x00002ee7        0x3 src/interpreter.o
                0x00002ee7                PM_IP_CMD_NewLine
 .progmem.data.PM_HELP_XO_2
                0x00002eea        0xd src/interpreter.o
                0x00002eea                PM_HELP_XO_2
 .progmem.data.PM_HELP_XO_1
                0x00002ef7       0x24 src/interpreter.o
                0x00002ef7                PM_HELP_XO_1
 .progmem.data.PM_HELP_RESET_1
                0x00002f1b       0x18 src/interpreter.o
                0x00002f1b                PM_HELP_RESET_1
 .progmem.data.PM_HELP_PT_2
                0x00002f33       0x1f src/interpreter.o
                0x00002f33                PM_HELP_PT_2
 .progmem.data.PM_HELP_PT_1
                0x00002f52       0x19 src/interpreter.o
                0x00002f52                PM_HELP_PT_1
 .progmem.data.PM_HELP_KB_1
                0x00002f6b       0x1e src/interpreter.o
                0x00002f6b                PM_HELP_KB_1
 .progmem.data.PM_HELP_INFO_3
                0x00002f89       0x11 src/interpreter.o
                0x00002f89                PM_HELP_INFO_3
 .progmem.data.PM_HELP_INFO_2
                0x00002f9a        0xf src/interpreter.o
                0x00002f9a                PM_HELP_INFO_2
 .progmem.data.PM_HELP_INFO_1
                0x00002fa9       0x1f src/interpreter.o
                0x00002fa9                PM_HELP_INFO_1
 .progmem.data.PM_HELP_HELP_2
                0x00002fc8       0x1f src/interpreter.o
                0x00002fc8                PM_HELP_HELP_2
 .progmem.data.PM_HELP_HELP_1
                0x00002fe7       0x1d src/interpreter.o
                0x00002fe7                PM_HELP_HELP_1
 .progmem.data.PM_HELP_EB_1
                0x00003004       0x20 src/interpreter.o
                0x00003004                PM_HELP_EB_1
 .progmem.data.PM_HELP_DDS_3
                0x00003024       0x25 src/interpreter.o
                0x00003024                PM_HELP_DDS_3
 .progmem.data.PM_HELP_DDS_2
                0x00003049        0xe src/interpreter.o
                0x00003049                PM_HELP_DDS_2
 .progmem.data.PM_HELP_DDS_1
                0x00003057       0x22 src/interpreter.o
                0x00003057                PM_HELP_DDS_1
 .progmem.data.PM_HELP_DAC_2
                0x00003079       0x12 src/interpreter.o
                0x00003079                PM_HELP_DAC_2
 .progmem.data.PM_HELP_DAC_1
                0x0000308b       0x19 src/interpreter.o
                0x0000308b                PM_HELP_DAC_1
 .progmem.data.PM_HELP_CAL_6
                0x000030a4       0x24 src/interpreter.o
                0x000030a4                PM_HELP_CAL_6
 .progmem.data.PM_HELP_CAL_5
                0x000030c8       0x2f src/interpreter.o
                0x000030c8                PM_HELP_CAL_5
 .progmem.data.PM_HELP_CAL_4
                0x000030f7       0x2f src/interpreter.o
                0x000030f7                PM_HELP_CAL_4
 .progmem.data.PM_HELP_CAL_3
                0x00003126       0x2f src/interpreter.o
                0x00003126                PM_HELP_CAL_3
 .progmem.data.PM_HELP_CAL_2
                0x00003155        0xc src/interpreter.o
                0x00003155                PM_HELP_CAL_2
 .progmem.data.PM_HELP_CAL_1
                0x00003161       0x25 src/interpreter.o
                0x00003161                PM_HELP_CAL_1
 .progmem.data.PM_HELP_BL_2
                0x00003186       0x22 src/interpreter.o
                0x00003186                PM_HELP_BL_2
 .progmem.data.PM_HELP_BL_1
                0x000031a8       0x1c src/interpreter.o
                0x000031a8                PM_HELP_BL_1
 .progmem.data.PM_HELP_BIAS_2
                0x000031c4       0x13 src/interpreter.o
                0x000031c4                PM_HELP_BIAS_2
 .progmem.data.PM_HELP_BIAS_1
                0x000031d7       0x1b src/interpreter.o
                0x000031d7                PM_HELP_BIAS_1
 .progmem.data.PM_HELP_AT_1
                0x000031f2       0x20 src/interpreter.o
                0x000031f2                PM_HELP_AT_1
 .progmem.data.PM_HELP_ADC_2
                0x00003212       0x1b src/interpreter.o
                0x00003212                PM_HELP_ADC_2
 .progmem.data.PM_HELP_ADC_1
                0x0000322d       0x22 src/interpreter.o
                0x0000322d                PM_HELP_ADC_1
 .progmem.data.PM_HELP_HDR_2
                0x0000324f       0x1f src/interpreter.o
                0x0000324f                PM_HELP_HDR_2
 .progmem.data.PM_HELP_HDR_1
                0x0000326e       0x15 src/interpreter.o
                0x0000326e                PM_HELP_HDR_1
 .progmem.data.PM_FORMAT_5F3
                0x00003283        0x6 src/twi.o
                0x00003283                PM_FORMAT_5F3
 .progmem.data.PM_FORMAT_4F1
                0x00003289        0x6 src/twi.o
                0x00003289                PM_FORMAT_4F1
 .progmem.data.PM_FORMAT_07F2
                0x0000328f        0x7 src/twi.o
                0x0000328f                PM_FORMAT_07F2
 .progmem.data.PM_FORMAT_05F2
                0x00003296        0x7 src/twi.o
                0x00003296                PM_FORMAT_05F2
 .progmem.data.PM_TWI1_INIT_ONBOARD_01
                0x0000329d       0x10 src/twi.o
                0x0000329d                PM_TWI1_INIT_ONBOARD_01
 .progmem.data.PM_TWI1_INIT_ONBOARD_BARO_OK
                0x000032ad       0x14 src/twi.o
                0x000032ad                PM_TWI1_INIT_ONBOARD_BARO_OK
 .progmem.data.PM_TWI1_INIT_BARO_06
                0x000032c1       0x31 src/twi.o
                0x000032c1                PM_TWI1_INIT_BARO_06
 .progmem.data.PM_TWI1_INIT_BARO_05
                0x000032f2       0x1e src/twi.o
                0x000032f2                PM_TWI1_INIT_BARO_05
 .progmem.data.PM_TWI1_INIT_BARO_04
                0x00003310       0x35 src/twi.o
                0x00003310                PM_TWI1_INIT_BARO_04
 .progmem.data.PM_TWI1_INIT_BARO_03
                0x00003345       0x36 src/twi.o
                0x00003345                PM_TWI1_INIT_BARO_03
 .progmem.data.PM_TWI1_INIT_BARO_02
                0x0000337b       0x35 src/twi.o
                0x0000337b                PM_TWI1_INIT_BARO_02
 .progmem.data.PM_TWI1_INIT_BARO_01
                0x000033b0       0x3c src/twi.o
                0x000033b0                PM_TWI1_INIT_BARO_01
 .progmem.data.PM_TWI1_INIT_ONBOARD_GYRO_OK
                0x000033ec       0x14 src/twi.o
                0x000033ec                PM_TWI1_INIT_ONBOARD_GYRO_OK
 .progmem.data.PM_TWI1_INIT_GYRO_05
                0x00003400       0x31 src/twi.o
                0x00003400                PM_TWI1_INIT_GYRO_05
 .progmem.data.PM_TWI1_INIT_GYRO_04
                0x00003431       0x1e src/twi.o
                0x00003431                PM_TWI1_INIT_GYRO_04
 .progmem.data.PM_TWI1_INIT_GYRO_03
                0x0000344f       0x3b src/twi.o
                0x0000344f                PM_TWI1_INIT_GYRO_03
 .progmem.data.PM_TWI1_INIT_GYRO_02
                0x0000348a       0x3a src/twi.o
                0x0000348a                PM_TWI1_INIT_GYRO_02
 .progmem.data.PM_TWI1_INIT_GYRO_01
                0x000034c4       0x3d src/twi.o
                0x000034c4                PM_TWI1_INIT_GYRO_01
 .progmem.data.PM_TWI1_INIT_ONBOARD_HYGRO_OK
                0x00003501       0x14 src/twi.o
                0x00003501                PM_TWI1_INIT_ONBOARD_HYGRO_OK
 .progmem.data.PM_TWI1_INIT_HYGRO_05
                0x00003515       0x31 src/twi.o
                0x00003515                PM_TWI1_INIT_HYGRO_05
 .progmem.data.PM_TWI1_INIT_HYGRO_04
                0x00003546       0x1e src/twi.o
                0x00003546                PM_TWI1_INIT_HYGRO_04
 .progmem.data.PM_TWI1_INIT_HYGRO_03
                0x00003564       0x32 src/twi.o
                0x00003564                PM_TWI1_INIT_HYGRO_03
 .progmem.data.PM_TWI1_INIT_HYGRO_02
                0x00003596       0x47 src/twi.o
                0x00003596                PM_TWI1_INIT_HYGRO_02
 .progmem.data.PM_TWI1_INIT_HYGRO_01
                0x000035dd       0x37 src/twi.o
                0x000035dd                PM_TWI1_INIT_HYGRO_01
 .progmem.data.PM_DEBUG_MAIN_1PPS_2
                0x00003614       0x1c src/main.o
                0x00003614                PM_DEBUG_MAIN_1PPS_2
 .progmem.data.PM_DEBUG_MAIN_1PPS_1
                0x00003630       0x39 src/main.o
                0x00003630                PM_DEBUG_MAIN_1PPS_1
                0x0000366a                . = ALIGN (0x2)
 *fill*         0x00003669        0x1 
 *(.jumptables)
 *(.jumptables*)
 *(.lowtext)
 *(.lowtext*)
                0x0000366a                __ctors_start = .
 *(.ctors)
                0x0000366a                __ctors_end = .
                0x0000366a                __dtors_start = .
 *(.dtors)
                0x0000366a                __dtors_end = .
 SORT(*)(.ctors)
 SORT(*)(.dtors)
 *(.init0)
 .init0         0x0000366a        0x0 C:/Program Files (x86)/Atmel/Studio/7.0/Packs/Atmel/XMEGAA_DFP/1.1.68/gcc/dev/atxmega256a3bu/avrxmega6/crtatxmega256a3bu.o
                0x0000366a                __init
 *(.init0)
 *(.init1)
 *(.init1)
 *(.init2)
 .init2         0x0000366a       0x10 C:/Program Files (x86)/Atmel/Studio/7.0/Packs/Atmel/XMEGAA_DFP/1.1.68/gcc/dev/atxmega256a3bu/avrxmega6/crtatxmega256a3bu.o
 *(.init2)
 *(.init3)
 *(.init3)
 *(.init4)
 .init4         0x0000367a       0x1a c:/program files (x86)/atmel/studio/7.0/toolchain/avr8/avr8-gnu-toolchain/bin/../lib/gcc/avr/5.4.0/avrxmega6\libgcc.a(_copy_data.o)
                0x0000367a                __do_copy_data
 .init4         0x00003694       0x10 c:/program files (x86)/atmel/studio/7.0/toolchain/avr8/avr8-gnu-toolchain/bin/../lib/gcc/avr/5.4.0/avrxmega6\libgcc.a(_clear_bss.o)
                0x00003694                __do_clear_bss
 *(.init4)
 *(.init5)
 *(.init5)
 *(.init6)
 *(.init6)
 *(.init7)
 *(.init7)
 *(.init8)
 *(.init8)
 *(.init9)
 .init9         0x000036a4        0x8 C:/Program Files (x86)/Atmel/Studio/7.0/Packs/Atmel/XMEGAA_DFP/1.1.68/gcc/dev/atxmega256a3bu/avrxmega6/crtatxmega256a3bu.o
 *(.init9)
 *(.text)
 .text          0x000036ac        0x4 C:/Program Files (x86)/Atmel/Studio/7.0/Packs/Atmel/XMEGAA_DFP/1.1.68/gcc/dev/atxmega256a3bu/avrxmega6/crtatxmega256a3bu.o
                0x000036ac                __vector_38
                0x000036ac                __vector_104
                0x000036ac                __vector_63
                0x000036ac                __vector_28
                0x000036ac                __vector_67
                0x000036ac                __vector_1
                0x000036ac                __vector_32
                0x000036ac                __vector_75
                0x000036ac                __vector_91
                0x000036ac                __vector_34
                0x000036ac                __vector_62
                0x000036ac                __vector_102
                0x000036ac                __vector_24
                0x000036ac                __vector_12
                0x000036ac                __vector_69
                0x000036ac                __vector_90
                0x000036ac                __bad_interrupt
                0x000036ac                __vector_122
                0x000036ac                __vector_114
                0x000036ac                __vector_31
                0x000036ac                __vector_92
                0x000036ac                __vector_35
                0x000036ac                __vector_117
                0x000036ac                __vector_107
                0x000036ac                __vector_3
                0x000036ac                __vector_105
                0x000036ac                __vector_98
                0x000036ac                __vector_68
                0x000036ac                __vector_30
                0x000036ac                __vector_45
                0x000036ac                __vector_25
                0x000036ac                __vector_93
                0x000036ac                __vector_61
                0x000036ac                __vector_99
                0x000036ac                __vector_123
                0x000036ac                __vector_100
                0x000036ac                __vector_101
                0x000036ac                __vector_64
                0x000036ac                __vector_88
                0x000036ac                __vector_43
                0x000036ac                __vector_27
                0x000036ac                __vector_5
                0x000036ac                __vector_33
                0x000036ac                __vector_76
                0x000036ac                __vector_115
                0x000036ac                __vector_37
                0x000036ac                __vector_95
                0x000036ac                __vector_103
                0x000036ac                __vector_96
                0x000036ac                __vector_89
                0x000036ac                __vector_44
                0x000036ac                __vector_106
                0x000036ac                __vector_118
                0x000036ac                __vector_2
                0x000036ac                __vector_66
                0x000036ac                __vector_36
                0x000036ac                __vector_58
                0x000036ac                __vector_70
                0x000036ac                __vector_29
                0x000036ac                __vector_60
                0x000036ac                __vector_121
                0x000036ac                __vector_94
                0x000036ac                __vector_26
                0x000036ac                __vector_124
                0x000036ac                __vector_116
                0x000036ac                __vector_57
                0x000036ac                __vector_10
                0x000036ac                __vector_59
                0x000036ac                __vector_97
                0x000036ac                __vector_87
                0x000036ac                __vector_65
                0x000036ac                __vector_120
                0x000036b0                . = ALIGN (0x2)
 *(.text.*)
 .text.usart_serial_write_packet
                0x000036b0       0x34 src/ASF/common/services/serial/usart_serial.o
                0x000036b0                usart_serial_write_packet
 .text.sysclk_enable_peripheral_clock
                0x000036e4      0x170 src/ASF/xmega/drivers/usart/usart.o
 .text.usart_putchar
                0x00003854       0x10 src/ASF/xmega/drivers/usart/usart.o
                0x00003854                usart_putchar
 .text.usart_getchar
                0x00003864        0xc src/ASF/xmega/drivers/usart/usart.o
                0x00003864                usart_getchar
 .text.usart_set_baudrate
                0x00003870      0x1c6 src/ASF/xmega/drivers/usart/usart.o
                0x00003870                usart_set_baudrate
 .text.usart_init_rs232
                0x00003a36       0x52 src/ASF/xmega/drivers/usart/usart.o
                0x00003a36                usart_init_rs232
 .text.cpu_irq_save
                0x00003a88       0x1a src/serial.o
 .text.__portable_avr_delay_cycles
                0x00003aa2       0x16 src/serial.o
 .text.ioport_set_pin_mode
                0x00003ab8       0x3a src/serial.o
 .text.__vector_119
                0x00003af2       0x9a src/serial.o
                0x00003af2                __vector_119
 .text.serial_sim808_send
                0x00003b8c       0x3c src/serial.o
                0x00003b8c                serial_sim808_send
 .text.serial_init
                0x00003bc8       0xdc src/serial.o
                0x00003bc8                serial_init
 .text.serial_start
                0x00003ca4      0x3f8 src/serial.o
                0x00003ca4                serial_start
 .text.serial_send_gns_info_req
                0x0000409c       0x38 src/serial.o
                0x0000409c                serial_send_gns_info_req
 .text.task_serial
                0x000040d4      0x516 src/serial.o
                0x000040d4                task_serial
 .text.udi_write_tx_char
                0x000045ea       0x2c src/usb.o
 .text.udi_write_tx_buf
                0x00004616       0x70 src/usb.o
                0x00004616                udi_write_tx_buf
 .text.udi_write_serial_line
                0x00004686       0xa8 src/usb.o
                0x00004686                udi_write_serial_line
 .text.usb_init
                0x0000472e       0xf8 src/usb.o
                0x0000472e                usb_init
 .text.usb_callback_suspend_action
                0x00004826        0x8 src/usb.o
                0x00004826                usb_callback_suspend_action
 .text.usb_callback_resume_action
                0x0000482e        0x8 src/usb.o
                0x0000482e                usb_callback_resume_action
 .text.usb_callback_remotewakeup_enable
                0x00004836        0x2 src/usb.o
                0x00004836                usb_callback_remotewakeup_enable
 .text.usb_callback_remotewakeup_disable
                0x00004838        0x2 src/usb.o
                0x00004838                usb_callback_remotewakeup_disable
 .text.usb_callback_cdc_enable
                0x0000483a        0x8 src/usb.o
                0x0000483a                usb_callback_cdc_enable
 .text.usb_callback_cdc_disable
                0x00004842        0x6 src/usb.o
                0x00004842                usb_callback_cdc_disable
 .text.usb_callback_config
                0x00004848        0x2 src/usb.o
                0x00004848                usb_callback_config
 .text.usb_callback_cdc_set_dtr
                0x0000484a        0x2 src/usb.o
                0x0000484a                usb_callback_cdc_set_dtr
 .text.usb_callback_cdc_set_rts
                0x0000484c        0x2 src/usb.o
                0x0000484c                usb_callback_cdc_set_rts
 .text.usb_callback_rx_notify
                0x0000484e        0x8 src/usb.o
                0x0000484e                usb_callback_rx_notify
 .text.usb_callback_tx_empty_notify
                0x00004856        0x6 src/usb.o
                0x00004856                usb_callback_tx_empty_notify
 .text.task_usb
                0x0000485c      0x982 src/usb.o
                0x0000485c                task_usb
 .text.nvm_init
                0x000051de        0xc src/ASF/common/drivers/nvm/xmega/xmega_nvm.o
                0x000051de                nvm_init
 .text.nvm_read
                0x000051ea       0x4c src/ASF/common/drivers/nvm/xmega/xmega_nvm.o
                0x000051ea                nvm_read
 .text.nvm_write
                0x00005236       0x50 src/ASF/common/drivers/nvm/xmega/xmega_nvm.o
                0x00005236                nvm_write
 .text.calendar_leapyear
                0x00005286       0x32 src/ASF/common/services/calendar/calendar.o
 .text.calendar_is_date_valid
                0x000052b8       0x60 src/ASF/common/services/calendar/calendar.o
                0x000052b8                calendar_is_date_valid
 .text.calendar_date_to_timestamp
                0x00005318       0xf6 src/ASF/common/services/calendar/calendar.o
                0x00005318                calendar_date_to_timestamp
 .text.fifo_init
                0x0000540e       0x18 src/ASF/common/services/fifo/fifo.o
                0x0000540e                fifo_init
 .text.cpu_irq_save
                0x00005426       0x1a src/ASF/xmega/drivers/dma/dma.o
 .text.dma_interrupt
                0x00005440       0xca src/ASF/xmega/drivers/dma/dma.o
 .text.dma_enable
                0x0000550a       0x2e src/ASF/xmega/drivers/dma/dma.o
                0x0000550a                dma_enable
 .text.dma_disable
                0x00005538       0x26 src/ASF/xmega/drivers/dma/dma.o
                0x00005538                dma_disable
 .text.dma_set_callback
                0x0000555e       0x12 src/ASF/xmega/drivers/dma/dma.o
                0x0000555e                dma_set_callback
 .text.__vector_6
                0x00005570       0x50 src/ASF/xmega/drivers/dma/dma.o
                0x00005570                __vector_6
 .text.__vector_7
                0x000055c0       0x50 src/ASF/xmega/drivers/dma/dma.o
                0x000055c0                __vector_7
 .text.__vector_8
                0x00005610       0x50 src/ASF/xmega/drivers/dma/dma.o
                0x00005610                __vector_8
 .text.__vector_9
                0x00005660       0x50 src/ASF/xmega/drivers/dma/dma.o
                0x00005660                __vector_9
 .text.dma_channel_write_config
                0x000056b0       0x5c src/ASF/xmega/drivers/dma/dma.o
                0x000056b0                dma_channel_write_config
 .text.__portable_avr_delay_cycles.constprop.1
                0x0000570c       0x10 src/ASF/xmega/drivers/rtc32/rtc32.o
 .text.rtc_get_time
                0x0000571c       0x20 src/ASF/xmega/drivers/rtc32/rtc32.o
                0x0000571c                rtc_get_time
 .text.rtc_set_alarm
                0x0000573c       0x16 src/ASF/xmega/drivers/rtc32/rtc32.o
                0x0000573c                rtc_set_alarm
 .text.rtc_set_callback
                0x00005752        0xa src/ASF/xmega/drivers/rtc32/rtc32.o
                0x00005752                rtc_set_callback
 .text.rtc_init
                0x0000575c       0x88 src/ASF/xmega/drivers/rtc32/rtc32.o
                0x0000575c                rtc_init
 .text.__vector_11
                0x000057e4       0x7c src/ASF/xmega/drivers/rtc32/rtc32.o
                0x000057e4                __vector_11
 .text.get_interpolated_sine
                0x00005860       0x64 src/dds.o
                0x00005860                get_interpolated_sine
 .text.printHelp
                0x000058c4      0x6c2 src/interpreter.o
                0x000058c4                printHelp
 .text.interpreter_doProcess
                0x00005f86      0x56e src/interpreter.o
                0x00005f86                interpreter_doProcess
 .text.cpu_irq_save
                0x000064f4       0x1a src/twi.o
 .text.__portable_avr_delay_cycles
                0x0000650e       0x16 src/twi.o
 .text.task_twi1_hygro
                0x00006524       0x80 src/twi.o
 .text.task_twi1_baro
                0x000065a4      0x3ca src/twi.o
 .text.twi_master_read
                0x0000696e        0x6 src/twi.o
 .text.twi_master_write
                0x00006974        0x6 src/twi.o
 .text.calc_gyro2_correct_mag_2_nT
                0x0000697a       0x9a src/twi.o
 .text.task_twi1_gyro
                0x00006a14      0x308 src/twi.o
 .text.service_twi1_baro.isra.3
                0x00006d1c      0x1a4 src/twi.o
 .text.sysclk_enable_peripheral_clock
                0x00006ec0      0x1d4 src/twi.o
 .text.twi2_waitUntilReady
                0x00007094       0x7c src/twi.o
                0x00007094                twi2_waitUntilReady
 .text.twi2_set_leds
                0x00007110       0x30 src/twi.o
                0x00007110                twi2_set_leds
 .text.twi2_set_ledbl
                0x00007140       0x3a src/twi.o
                0x00007140                twi2_set_ledbl
 .text.twi2_set_bias
                0x0000717a       0x2e src/twi.o
                0x0000717a                twi2_set_bias
 .text.twi2_set_beep
                0x000071a8       0x3a src/twi.o
                0x000071a8                twi2_set_beep
 .text.twi1_gyro_gyro_offset_set
                0x000071e2       0x58 src/twi.o
                0x000071e2                twi1_gyro_gyro_offset_set
 .text.twi1_gyro_accel_offset_set
                0x0000723a       0xb2 src/twi.o
                0x0000723a                twi1_gyro_accel_offset_set
 .text.twi_init
                0x000072ec       0x14 src/twi.o
                0x000072ec                twi_init
 .text.isr_100ms_twi1_onboard
                0x00007300      0x256 src/twi.o
                0x00007300                isr_100ms_twi1_onboard
 .text.isr_500ms_twi1_onboard
                0x00007556       0xe2 src/twi.o
                0x00007556                isr_500ms_twi1_onboard
 .text.isr_sparetime_twi1_onboard
                0x00007638       0x38 src/twi.o
                0x00007638                isr_sparetime_twi1_onboard
 .text.task_twi2_lcd_cls
                0x00007670       0x22 src/twi.o
                0x00007670                task_twi2_lcd_cls
 .text.task_twi2_lcd_pos_xy
                0x00007692       0x3c src/twi.o
                0x00007692                task_twi2_lcd_pos_xy
 .text.task_twi2_lcd_print_format_float_P
                0x000076ce       0x76 src/twi.o
 .text.task_twi2_lcd_str
                0x00007744       0x9c src/twi.o
                0x00007744                task_twi2_lcd_str
 .text.init_twi1_gyro
                0x000077e0      0x4a6 src/twi.o
                0x000077e0                init_twi1_gyro
 .text.task_twi2_lcd_line
                0x00007c86       0x4c src/twi.o
                0x00007c86                task_twi2_lcd_line
 .text.task_twi2_lcd_rect
                0x00007cd2       0x56 src/twi.o
                0x00007cd2                task_twi2_lcd_rect
 .text.task_twi2_lcd_circ
                0x00007d28       0x4e src/twi.o
                0x00007d28                task_twi2_lcd_circ
 .text.task_twi2_lcd_header
                0x00007d76       0x52 src/twi.o
                0x00007d76                task_twi2_lcd_header
 .text.twi_start
                0x00007dc8      0x6c8 src/twi.o
                0x00007dc8                twi_start
 .text.task_twi2_lcd__cpu1
                0x00008490       0xa6 src/twi.o
                0x00008490                task_twi2_lcd__cpu1
 .text.task_twi2_lcd__cpu2
                0x00008536       0xa6 src/twi.o
                0x00008536                task_twi2_lcd__cpu2
 .text.task_twi2_lcd__cpu3
                0x000085dc       0xa6 src/twi.o
                0x000085dc                task_twi2_lcd__cpu3
 .text.task_twi2_lcd__hygro
                0x00008682       0xaa src/twi.o
                0x00008682                task_twi2_lcd__hygro
 .text.task_twi2_lcd__gyro_gfxmag
                0x0000872c      0x3be src/twi.o
                0x0000872c                task_twi2_lcd__gyro_gfxmag
 .text.task_twi2_lcd__gyro_gfxaccel
                0x00008aea      0x1dc src/twi.o
                0x00008aea                task_twi2_lcd__gyro_gfxaccel
 .text.task_twi2_lcd__gyro_gfxgyro
                0x00008cc6      0x4d2 src/twi.o
                0x00008cc6                task_twi2_lcd__gyro_gfxgyro
 .text.task_twi2_lcd__gyro_beepvario
                0x00009198       0xa6 src/twi.o
                0x00009198                task_twi2_lcd__gyro_beepvario
 .text.task_twi2_lcd__gyro
                0x0000923e        0x8 src/twi.o
                0x0000923e                task_twi2_lcd__gyro
 .text.task_twi2_lcd__baro
                0x00009246       0xe0 src/twi.o
                0x00009246                task_twi2_lcd__baro
 .text.task_twi
                0x00009326      0x2da src/twi.o
                0x00009326                task_twi
 .text.board_init
                0x00009600        0x2 src/ASF/common/boards/user_board/init.o
                0x00009600                board_init
 .text.cpu_irq_save
                0x00009602       0x1a src/ASF/xmega/drivers/adc/adc.o
 .text.adc_set_callback
                0x0000961c       0x3a src/ASF/xmega/drivers/adc/adc.o
                0x0000961c                adc_set_callback
 .text.adc_enable_clock
                0x00009656       0x3e src/ASF/xmega/drivers/adc/adc.o
                0x00009656                adc_enable_clock
 .text.adc_disable_clock
                0x00009694       0x3a src/ASF/xmega/drivers/adc/adc.o
                0x00009694                adc_disable_clock
 .text.adc_enable
                0x000096ce       0x38 src/ASF/xmega/drivers/adc/adc.o
                0x000096ce                adc_enable
 .text.adc_disable
                0x00009706       0x38 src/ASF/xmega/drivers/adc/adc.o
                0x00009706                adc_disable
 .text.cpu_irq_save
                0x0000973e       0x1a src/ASF/xmega/drivers/adc/xmega_aau/adc_aau.o
 .text.__vector_71
                0x00009758       0x64 src/ASF/xmega/drivers/adc/xmega_aau/adc_aau.o
                0x00009758                __vector_71
 .text.__vector_72
                0x000097bc       0x64 src/ASF/xmega/drivers/adc/xmega_aau/adc_aau.o
                0x000097bc                __vector_72
 .text.__vector_73
                0x00009820       0x64 src/ASF/xmega/drivers/adc/xmega_aau/adc_aau.o
                0x00009820                __vector_73
 .text.__vector_74
                0x00009884       0x64 src/ASF/xmega/drivers/adc/xmega_aau/adc_aau.o
                0x00009884                __vector_74
 .text.__vector_39
                0x000098e8       0x64 src/ASF/xmega/drivers/adc/xmega_aau/adc_aau.o
                0x000098e8                __vector_39
 .text.__vector_40
                0x0000994c       0x64 src/ASF/xmega/drivers/adc/xmega_aau/adc_aau.o
                0x0000994c                __vector_40
 .text.__vector_41
                0x000099b0       0x64 src/ASF/xmega/drivers/adc/xmega_aau/adc_aau.o
                0x000099b0                __vector_41
 .text.__vector_42
                0x00009a14       0x64 src/ASF/xmega/drivers/adc/xmega_aau/adc_aau.o
                0x00009a14                __vector_42
 .text.adc_write_configuration
                0x00009a78       0xb8 src/ASF/xmega/drivers/adc/xmega_aau/adc_aau.o
                0x00009a78                adc_write_configuration
 .text.adc_read_configuration
                0x00009b30       0x48 src/ASF/xmega/drivers/adc/xmega_aau/adc_aau.o
                0x00009b30                adc_read_configuration
 .text.adcch_write_configuration
                0x00009b78       0x70 src/ASF/xmega/drivers/adc/xmega_aau/adc_aau.o
                0x00009b78                adcch_write_configuration
 .text.adcch_read_configuration
                0x00009be8       0x70 src/ASF/xmega/drivers/adc/xmega_aau/adc_aau.o
                0x00009be8                adcch_read_configuration
 .text.cpu_irq_save
                0x00009c58       0x1a src/ASF/xmega/drivers/dac/dac.o
 .text.dac_enable_clock
                0x00009c72       0x20 src/ASF/xmega/drivers/dac/dac.o
 .text.dac_disable_clock
                0x00009c92       0x1e src/ASF/xmega/drivers/dac/dac.o
 .text.dac_enable
                0x00009cb0       0x38 src/ASF/xmega/drivers/dac/dac.o
                0x00009cb0                dac_enable
 .text.dac_disable
                0x00009ce8       0x38 src/ASF/xmega/drivers/dac/dac.o
                0x00009ce8                dac_disable
 .text.dac_write_configuration
                0x00009d20       0x9e src/ASF/xmega/drivers/dac/dac.o
                0x00009d20                dac_write_configuration
 .text.dac_read_configuration
                0x00009dbe       0x3c src/ASF/xmega/drivers/dac/dac.o
                0x00009dbe                dac_read_configuration
 .text.cpu_irq_save
                0x00009dfa       0x1a src/ASF/xmega/drivers/tc/tc.o
 .text.__vector_14
                0x00009e14       0x5a src/ASF/xmega/drivers/tc/tc.o
                0x00009e14                __vector_14
 .text.__vector_15
                0x00009e6e       0x5a src/ASF/xmega/drivers/tc/tc.o
                0x00009e6e                __vector_15
 .text.__vector_16
                0x00009ec8       0x5a src/ASF/xmega/drivers/tc/tc.o
                0x00009ec8                __vector_16
 .text.__vector_17
                0x00009f22       0x5a src/ASF/xmega/drivers/tc/tc.o
                0x00009f22                __vector_17
 .text.__vector_18
                0x00009f7c       0x5a src/ASF/xmega/drivers/tc/tc.o
                0x00009f7c                __vector_18
 .text.__vector_19
                0x00009fd6       0x5a src/ASF/xmega/drivers/tc/tc.o
                0x00009fd6                __vector_19
 .text.__vector_20
                0x0000a030       0x5a src/ASF/xmega/drivers/tc/tc.o
                0x0000a030                __vector_20
 .text.__vector_21
                0x0000a08a       0x5a src/ASF/xmega/drivers/tc/tc.o
                0x0000a08a                __vector_21
 .text.__vector_22
                0x0000a0e4       0x5a src/ASF/xmega/drivers/tc/tc.o
                0x0000a0e4                __vector_22
 .text.__vector_23
                0x0000a13e       0x5a src/ASF/xmega/drivers/tc/tc.o
                0x0000a13e                __vector_23
 .text.__vector_77
                0x0000a198       0x5a src/ASF/xmega/drivers/tc/tc.o
                0x0000a198                __vector_77
 .text.__vector_78
                0x0000a1f2       0x5a src/ASF/xmega/drivers/tc/tc.o
                0x0000a1f2                __vector_78
 .text.__vector_79
                0x0000a24c       0x5a src/ASF/xmega/drivers/tc/tc.o
                0x0000a24c                __vector_79
 .text.__vector_80
                0x0000a2a6       0x5a src/ASF/xmega/drivers/tc/tc.o
                0x0000a2a6                __vector_80
 .text.__vector_81
                0x0000a300       0x5a src/ASF/xmega/drivers/tc/tc.o
                0x0000a300                __vector_81
 .text.__vector_82
                0x0000a35a       0x5a src/ASF/xmega/drivers/tc/tc.o
                0x0000a35a                __vector_82
 .text.__vector_83
                0x0000a3b4       0x5a src/ASF/xmega/drivers/tc/tc.o
                0x0000a3b4                __vector_83
 .text.__vector_84
                0x0000a40e       0x5a src/ASF/xmega/drivers/tc/tc.o
                0x0000a40e                __vector_84
 .text.__vector_85
                0x0000a468       0x5a src/ASF/xmega/drivers/tc/tc.o
                0x0000a468                __vector_85
 .text.__vector_86
                0x0000a4c2       0x5a src/ASF/xmega/drivers/tc/tc.o
                0x0000a4c2                __vector_86
 .text.__vector_47
                0x0000a51c       0x5a src/ASF/xmega/drivers/tc/tc.o
                0x0000a51c                __vector_47
 .text.__vector_48
                0x0000a576       0x5a src/ASF/xmega/drivers/tc/tc.o
                0x0000a576                __vector_48
 .text.__vector_49
                0x0000a5d0       0x5a src/ASF/xmega/drivers/tc/tc.o
                0x0000a5d0                __vector_49
 .text.__vector_50
                0x0000a62a       0x5a src/ASF/xmega/drivers/tc/tc.o
                0x0000a62a                __vector_50
 .text.__vector_51
                0x0000a684       0x5a src/ASF/xmega/drivers/tc/tc.o
                0x0000a684                __vector_51
 .text.__vector_52
                0x0000a6de       0x5a src/ASF/xmega/drivers/tc/tc.o
                0x0000a6de                __vector_52
 .text.__vector_53
                0x0000a738       0x5a src/ASF/xmega/drivers/tc/tc.o
                0x0000a738                __vector_53
 .text.__vector_54
                0x0000a792       0x5a src/ASF/xmega/drivers/tc/tc.o
                0x0000a792                __vector_54
 .text.__vector_55
                0x0000a7ec       0x5a src/ASF/xmega/drivers/tc/tc.o
                0x0000a7ec                __vector_55
 .text.__vector_56
                0x0000a846       0x5a src/ASF/xmega/drivers/tc/tc.o
                0x0000a846                __vector_56
 .text.__vector_108
                0x0000a8a0       0x5a src/ASF/xmega/drivers/tc/tc.o
                0x0000a8a0                __vector_108
 .text.__vector_109
                0x0000a8fa       0x5a src/ASF/xmega/drivers/tc/tc.o
                0x0000a8fa                __vector_109
 .text.__vector_110
                0x0000a954       0x5a src/ASF/xmega/drivers/tc/tc.o
                0x0000a954                __vector_110
 .text.__vector_111
                0x0000a9ae       0x5a src/ASF/xmega/drivers/tc/tc.o
                0x0000a9ae                __vector_111
 .text.__vector_112
                0x0000aa08       0x5a src/ASF/xmega/drivers/tc/tc.o
                0x0000aa08                __vector_112
 .text.__vector_113
                0x0000aa62       0x5a src/ASF/xmega/drivers/tc/tc.o
                0x0000aa62                __vector_113
 .text.tc_enable
                0x0000aabc       0xaa src/ASF/xmega/drivers/tc/tc.o
                0x0000aabc                tc_enable
 .text.tc_set_overflow_interrupt_callback
                0x0000ab66       0x7c src/ASF/xmega/drivers/tc/tc.o
                0x0000ab66                tc_set_overflow_interrupt_callback
 .text.__vector_46
                0x0000abe2      0x170 src/ASF/xmega/drivers/twi/twim.o
                0x0000abe2                __vector_46
 .text.__vector_13
                0x0000ad52       0x4e src/ASF/xmega/drivers/twi/twim.o
                0x0000ad52                __vector_13
 .text.twi_master_init
                0x0000ada0       0x2a src/ASF/xmega/drivers/twi/twim.o
                0x0000ada0                twi_master_init
 .text.twi_master_transfer
                0x0000adca       0xaa src/ASF/xmega/drivers/twi/twim.o
                0x0000adca                twi_master_transfer
 .text.cpu_irq_save
                0x0000ae74       0x1a src/ASF/xmega/drivers/usb/usb_device.o
 .text.sleepmgr_lock_mode
                0x0000ae8e       0x24 src/ASF/xmega/drivers/usb/usb_device.o
 .text.sleepmgr_unlock_mode
                0x0000aeb2       0x24 src/ASF/xmega/drivers/usb/usb_device.o
 .text.udd_sleep_mode
                0x0000aed6       0x26 src/ASF/xmega/drivers/usb/usb_device.o
 .text.udd_ep_get_ctrl
                0x0000aefc       0x2e src/ASF/xmega/drivers/usb/usb_device.o
 .text.udd_ctrl_init
                0x0000af2a       0x4a src/ASF/xmega/drivers/usb/usb_device.o
 .text.udd_ctrl_stall_data
                0x0000af74       0x1c src/ASF/xmega/drivers/usb/usb_device.o
 .text.udd_ctrl_send_zlp_in
                0x0000af90       0x1c src/ASF/xmega/drivers/usb/usb_device.o
 .text.udd_ctrl_endofrequest
                0x0000afac       0x10 src/ASF/xmega/drivers/usb/usb_device.o
 .text.udd_ep_get_job
                0x0000afbc       0x34 src/ASF/xmega/drivers/usb/usb_device.o
 .text.udd_ep_trans_complet
                0x0000aff0      0x20c src/ASF/xmega/drivers/usb/usb_device.o
 .text.udd_ctrl_in_sent
                0x0000b1fc       0xdc src/ASF/xmega/drivers/usb/usb_device.o
 .text.udd_ctrl_interrupt_tc_setup
                0x0000b2d8       0xe6 src/ASF/xmega/drivers/usb/usb_device.o
 .text.udd_disable
                0x0000b3be       0x28 src/ASF/xmega/drivers/usb/usb_device.o
                0x0000b3be                udd_disable
 .text.udd_attach
                0x0000b3e6       0x46 src/ASF/xmega/drivers/usb/usb_device.o
                0x0000b3e6                udd_attach
 .text.udd_enable
                0x0000b42c       0xdc src/ASF/xmega/drivers/usb/usb_device.o
                0x0000b42c                udd_enable
 .text.udd_is_high_speed
                0x0000b508        0x4 src/ASF/xmega/drivers/usb/usb_device.o
                0x0000b508                udd_is_high_speed
 .text.udd_set_address
                0x0000b50c        0x6 src/ASF/xmega/drivers/usb/usb_device.o
                0x0000b50c                udd_set_address
 .text.udd_getaddress
                0x0000b512        0x6 src/ASF/xmega/drivers/usb/usb_device.o
                0x0000b512                udd_getaddress
 .text.udd_get_frame_number
                0x0000b518        0xa src/ASF/xmega/drivers/usb/usb_device.o
                0x0000b518                udd_get_frame_number
 .text.udd_get_micro_frame_number
                0x0000b522        0x6 src/ASF/xmega/drivers/usb/usb_device.o
                0x0000b522                udd_get_micro_frame_number
 .text.udd_set_setup_payload
                0x0000b528        0xe src/ASF/xmega/drivers/usb/usb_device.o
                0x0000b528                udd_set_setup_payload
 .text.udd_ep_alloc
                0x0000b536       0xa6 src/ASF/xmega/drivers/usb/usb_device.o
                0x0000b536                udd_ep_alloc
 .text.udd_ep_is_halted
                0x0000b5dc        0xe src/ASF/xmega/drivers/usb/usb_device.o
                0x0000b5dc                udd_ep_is_halted
 .text.udd_ep_clear_halt
                0x0000b5ea       0x3a src/ASF/xmega/drivers/usb/usb_device.o
                0x0000b5ea                udd_ep_clear_halt
 .text.udd_ep_run
                0x0000b624       0xfc src/ASF/xmega/drivers/usb/usb_device.o
                0x0000b624                udd_ep_run
 .text.udd_ep_abort
                0x0000b720       0x60 src/ASF/xmega/drivers/usb/usb_device.o
                0x0000b720                udd_ep_abort
 .text.udd_ep_free
                0x0000b780       0x12 src/ASF/xmega/drivers/usb/usb_device.o
                0x0000b780                udd_ep_free
 .text.udd_ep_set_halt
                0x0000b792       0x18 src/ASF/xmega/drivers/usb/usb_device.o
                0x0000b792                udd_ep_set_halt
 .text.__vector_125
                0x0000b7aa      0x170 src/ASF/xmega/drivers/usb/usb_device.o
                0x0000b7aa                __vector_125
 .text.__vector_126
                0x0000b91a      0x1b2 src/ASF/xmega/drivers/usb/usb_device.o
                0x0000b91a                __vector_126
 .text.pwm_set_frequency
                0x0000bacc       0xd8 src/ASF/xmega/services/pwm/pwm.o
                0x0000bacc                pwm_set_frequency
 .text.pwm_init
                0x0000bba4      0x180 src/ASF/xmega/services/pwm/pwm.o
                0x0000bba4                pwm_init
 .text.pwm_start
                0x0000bd24       0x8c src/ASF/xmega/services/pwm/pwm.o
                0x0000bd24                pwm_start
 .text.cpu_irq_save
                0x0000bdb0       0x1a src/main.o
 .text.sleepmgr_enter_sleep
                0x0000bdca       0x48 src/main.o
 .text.dma_channel_enable
                0x0000be12       0x22 src/main.o
 .text.yield_ms_cb
                0x0000be34        0x6 src/main.o
                0x0000be34                yield_ms_cb
 .text.isr_tcc1_ovfl
                0x0000be3a       0x48 src/main.o
                0x0000be3a                isr_tcc1_ovfl
 .text.isr_adc_a
                0x0000be82      0x34e src/main.o
                0x0000be82                isr_adc_a
 .text.task_dac
                0x0000c1d0      0x130 src/main.o
 .text.task_adc
                0x0000c300      0x2b0 src/main.o
 .text.nvm_read_production_signature_row
                0x0000c5b0        0xa src/main.o
 .text.adcch_enable_interrupt.isra.10
                0x0000c5ba        0xc src/main.o
 .text.isr_adc_b
                0x0000c5c6       0x94 src/main.o
                0x0000c5c6                isr_adc_b
 .text.calc_next_frame.constprop.28
                0x0000c65a       0xb4 src/main.o
 .text.isr_dma_dac_ch0_A
                0x0000c70e        0xc src/main.o
 .text.isr_dma_dac_ch0_B
                0x0000c71a        0xc src/main.o
 .text.fifo_pull_uint32.constprop.29
                0x0000c726       0x56 src/main.o
 .text.tc_init  0x0000c77c       0xba src/main.o
 .text.dac_start
                0x0000c836       0x88 src/main.o
 .text.tc_start
                0x0000c8be       0x5e src/main.o
 .text.fifo_push_uint32.constprop.30
                0x0000c91c       0x56 src/main.o
 .text.dac_init
                0x0000c972       0xc6 src/main.o
 .text.adc_init
                0x0000ca38      0x260 src/main.o
 .text.save_globals
                0x0000cc98      0x3a2 src/main.o
                0x0000cc98                save_globals
 .text.cueBehind
                0x0000d03a       0x14 src/main.o
                0x0000d03a                cueBehind
 .text.myStringToFloat
                0x0000d04e      0x1a2 src/main.o
                0x0000d04e                myStringToFloat
 .text.myStringToVar
                0x0000d1f0      0x136 src/main.o
                0x0000d1f0                myStringToVar
 .text.adc_app_enable
                0x0000d326       0x46 src/main.o
                0x0000d326                adc_app_enable
 .text.backlight_mode_pwm
                0x0000d36c       0x40 src/main.o
                0x0000d36c                backlight_mode_pwm
 .text.bias_update
                0x0000d3ac        0xa src/main.o
                0x0000d3ac                bias_update
 .text.calibration_mode
                0x0000d3b6      0x2f8 src/main.o
                0x0000d3b6                calibration_mode
 .text.dac_app_enable
                0x0000d6ae       0x8c src/main.o
                0x0000d6ae                dac_app_enable
 .text.errorBeep_enable
                0x0000d73a        0x8 src/main.o
                0x0000d73a                errorBeep_enable
 .text.keyBeep_enable
                0x0000d742        0x8 src/main.o
                0x0000d742                keyBeep_enable
 .text.pitchTone_mode
                0x0000d74a        0x8 src/main.o
                0x0000d74a                pitchTone_mode
 .text.printStatusLines_bitfield
                0x0000d752       0x20 src/main.o
                0x0000d752                printStatusLines_bitfield
 .text.xoPwm_set
                0x0000d772       0xe4 src/main.o
                0x0000d772                xoPwm_set
 .text.sched_getLock
                0x0000d856       0x26 src/main.o
                0x0000d856                sched_getLock
 .text.sched_freeLock
                0x0000d87c       0x14 src/main.o
                0x0000d87c                sched_freeLock
 .text.sched_set_alarm
                0x0000d890       0x32 src/main.o
                0x0000d890                sched_set_alarm
 .text.sched_push
                0x0000d8c2      0x382 src/main.o
                0x0000d8c2                sched_push
 .text.dds_update
                0x0000dc44      0x1bc src/main.o
                0x0000dc44                dds_update
 .text.isr_tcc0_ovfl
                0x0000de00      0x3d2 src/main.o
                0x0000de00                isr_tcc0_ovfl
 .text.sched_pop
                0x0000e1d2      0x176 src/main.o
                0x0000e1d2                sched_pop
 .text.isr_rtc_alarm
                0x0000e348        0x4 src/main.o
                0x0000e348                isr_rtc_alarm
 .text.yield_ms
                0x0000e34c       0x4c src/main.o
                0x0000e34c                yield_ms
 .text.__vector_4
                0x0000e398      0x1c4 src/main.o
                0x0000e398                __vector_4
 .text.startup.main
                0x0000e55c      0x76e src/main.o
                0x0000e55c                main
 .text.cpu_irq_save
                0x0000ecca       0x1a src/ASF/common/services/clock/xmega/sysclk.o
 .text.sysclk_init
                0x0000ece4       0xfc src/ASF/common/services/clock/xmega/sysclk.o
                0x0000ece4                sysclk_init
 .text.sysclk_enable_module
                0x0000ede0       0x22 src/ASF/common/services/clock/xmega/sysclk.o
                0x0000ede0                sysclk_enable_module
 .text.sysclk_disable_module
                0x0000ee02       0x20 src/ASF/common/services/clock/xmega/sysclk.o
                0x0000ee02                sysclk_disable_module
 .text.sysclk_enable_usb
                0x0000ee22       0x6c src/ASF/common/services/clock/xmega/sysclk.o
                0x0000ee22                sysclk_enable_usb
 .text.sysclk_disable_usb
                0x0000ee8e       0x10 src/ASF/common/services/clock/xmega/sysclk.o
                0x0000ee8e                sysclk_disable_usb
 .text.cpu_irq_save
                0x0000ee9e       0x1a src/ASF/common/services/usb/class/cdc/device/udi_cdc.o
 .text.udi_cdc_comm_disable
                0x0000eeb8        0xc src/ASF/common/services/usb/class/cdc/device/udi_cdc.o
                0x0000eeb8                udi_cdc_comm_disable
 .text.udi_cdc_data_setup
                0x0000eec4        0x4 src/ASF/common/services/usb/class/cdc/device/udi_cdc.o
                0x0000eec4                udi_cdc_data_setup
 .text.udi_cdc_getsetting
                0x0000eec8        0x4 src/ASF/common/services/usb/class/cdc/device/udi_cdc.o
                0x0000eec8                udi_cdc_getsetting
 .text.udi_cdc_line_coding_received
                0x0000eecc        0xa src/ASF/common/services/usb/class/cdc/device/udi_cdc.o
 .text.udi_cdc_data_disable
                0x0000eed6       0x18 src/ASF/common/services/usb/class/cdc/device/udi_cdc.o
                0x0000eed6                udi_cdc_data_disable
 .text.udi_cdc_comm_enable
                0x0000eeee       0x80 src/ASF/common/services/usb/class/cdc/device/udi_cdc.o
                0x0000eeee                udi_cdc_comm_enable
 .text.udi_cdc_tx_send.isra.1
                0x0000ef6e      0x142 src/ASF/common/services/usb/class/cdc/device/udi_cdc.o
 .text.udi_cdc_data_sof_notify
                0x0000f0b0        0x2 src/ASF/common/services/usb/class/cdc/device/udi_cdc.o
                0x0000f0b0                udi_cdc_data_sof_notify
 .text.udi_cdc_data_sent
                0x0000f0b2       0x38 src/ASF/common/services/usb/class/cdc/device/udi_cdc.o
 .text.udi_cdc_comm_setup
                0x0000f0ea       0x90 src/ASF/common/services/usb/class/cdc/device/udi_cdc.o
                0x0000f0ea                udi_cdc_comm_setup
 .text.udi_cdc_multi_get_nb_received_data
                0x0000f17a       0x26 src/ASF/common/services/usb/class/cdc/device/udi_cdc.o
                0x0000f17a                udi_cdc_multi_get_nb_received_data
 .text.udi_cdc_get_nb_received_data
                0x0000f1a0        0x4 src/ASF/common/services/usb/class/cdc/device/udi_cdc.o
                0x0000f1a0                udi_cdc_get_nb_received_data
 .text.udi_cdc_multi_is_rx_ready
                0x0000f1a4        0xe src/ASF/common/services/usb/class/cdc/device/udi_cdc.o
                0x0000f1a4                udi_cdc_multi_is_rx_ready
 .text.udi_cdc_rx_start.isra.8
                0x0000f1b2       0x94 src/ASF/common/services/usb/class/cdc/device/udi_cdc.o
 .text.udi_cdc_data_enable
                0x0000f246       0x68 src/ASF/common/services/usb/class/cdc/device/udi_cdc.o
                0x0000f246                udi_cdc_data_enable
 .text.udi_cdc_data_received
                0x0000f2ae       0x60 src/ASF/common/services/usb/class/cdc/device/udi_cdc.o
 .text.udi_cdc_multi_getc
                0x0000f30e       0x94 src/ASF/common/services/usb/class/cdc/device/udi_cdc.o
                0x0000f30e                udi_cdc_multi_getc
 .text.udi_cdc_getc
                0x0000f3a2        0x4 src/ASF/common/services/usb/class/cdc/device/udi_cdc.o
                0x0000f3a2                udi_cdc_getc
 .text.udi_cdc_read_no_polling
                0x0000f3a6       0xa6 src/ASF/common/services/usb/class/cdc/device/udi_cdc.o
                0x0000f3a6                udi_cdc_read_no_polling
 .text.udi_cdc_multi_get_free_tx_buffer
                0x0000f44c       0x4c src/ASF/common/services/usb/class/cdc/device/udi_cdc.o
                0x0000f44c                udi_cdc_multi_get_free_tx_buffer
 .text.udi_cdc_multi_is_tx_ready
                0x0000f498        0xe src/ASF/common/services/usb/class/cdc/device/udi_cdc.o
                0x0000f498                udi_cdc_multi_is_tx_ready
 .text.udi_cdc_is_tx_ready
                0x0000f4a6        0x4 src/ASF/common/services/usb/class/cdc/device/udi_cdc.o
                0x0000f4a6                udi_cdc_is_tx_ready
 .text.udi_cdc_multi_putc
                0x0000f4aa       0x90 src/ASF/common/services/usb/class/cdc/device/udi_cdc.o
                0x0000f4aa                udi_cdc_multi_putc
 .text.udi_cdc_putc
                0x0000f53a        0x6 src/ASF/common/services/usb/class/cdc/device/udi_cdc.o
                0x0000f53a                udi_cdc_putc
 .text.udc_valid_address
                0x0000f540        0xa src/ASF/common/services/usb/udc/udc.o
 .text.udc_update_iface_desc
                0x0000f54a       0x66 src/ASF/common/services/usb/udc/udc.o
 .text.udc_next_desc_in_iface.constprop.3
                0x0000f5b0       0x40 src/ASF/common/services/usb/udc/udc.o
 .text.udc_iface_enable
                0x0000f5f0       0x68 src/ASF/common/services/usb/udc/udc.o
 .text.udc_iface_disable
                0x0000f658       0x80 src/ASF/common/services/usb/udc/udc.o
 .text.udc_start
                0x0000f6d8        0x4 src/ASF/common/services/usb/udc/udc.o
                0x0000f6d8                udc_start
 .text.udc_reset
                0x0000f6dc       0x48 src/ASF/common/services/usb/udc/udc.o
                0x0000f6dc                udc_reset
 .text.udc_stop
                0x0000f724        0x6 src/ASF/common/services/usb/udc/udc.o
                0x0000f724                udc_stop
 .text.udc_sof_notify
                0x0000f72a       0x4a src/ASF/common/services/usb/udc/udc.o
                0x0000f72a                udc_sof_notify
 .text.udc_process_setup
                0x0000f774      0x520 src/ASF/common/services/usb/udc/udc.o
                0x0000f774                udc_process_setup
 .text._read    0x0000fc94       0x32 src/ASF/common/utils/stdio/read.o
                0x0000fc94                _read
 .text.stdio_usb_getchar
                0x0000fcc6       0x1e src/ASF/common/utils/stdio/stdio_usb/stdio_usb.o
                0x0000fcc6                stdio_usb_getchar
 .text.stdio_usb_putchar
                0x0000fce4       0x2e src/ASF/common/utils/stdio/stdio_usb/stdio_usb.o
                0x0000fce4                stdio_usb_putchar
 .text.stdio_usb_enable
                0x0000fd12        0x8 src/ASF/common/utils/stdio/stdio_usb/stdio_usb.o
                0x0000fd12                stdio_usb_enable
 .text.stdio_usb_disable
                0x0000fd1a        0x6 src/ASF/common/utils/stdio/stdio_usb/stdio_usb.o
                0x0000fd1a                stdio_usb_disable
 .text.stdio_usb_init
                0x0000fd20       0x2e src/ASF/common/utils/stdio/stdio_usb/stdio_usb.o
                0x0000fd20                stdio_usb_init
 .text._write   0x0000fd4e       0x24 src/ASF/common/utils/stdio/write.o
                0x0000fd4e                _write
 .text.nvm_wait_until_ready
                0x0000fd72        0xa src/ASF/xmega/drivers/nvm/nvm.o
 .text.nvm_issue_command
                0x0000fd7c       0x20 src/ASF/xmega/drivers/nvm/nvm.o
 .text.nvm_eeprom_read_buffer
                0x0000fd9c       0x46 src/ASF/xmega/drivers/nvm/nvm.o
                0x0000fd9c                nvm_eeprom_read_buffer
 .text.nvm_eeprom_flush_buffer
                0x0000fde2       0x1a src/ASF/xmega/drivers/nvm/nvm.o
                0x0000fde2                nvm_eeprom_flush_buffer
 .text.nvm_eeprom_load_byte_to_buffer
                0x0000fdfc       0x28 src/ASF/xmega/drivers/nvm/nvm.o
                0x0000fdfc                nvm_eeprom_load_byte_to_buffer
 .text.nvm_eeprom_write_byte
                0x0000fe24       0x44 src/ASF/xmega/drivers/nvm/nvm.o
                0x0000fe24                nvm_eeprom_write_byte
 .text.nvm_eeprom_load_page_to_buffer
                0x0000fe68       0x24 src/ASF/xmega/drivers/nvm/nvm.o
                0x0000fe68                nvm_eeprom_load_page_to_buffer
 .text.nvm_eeprom_atomic_write_page
                0x0000fe8c       0x1e src/ASF/xmega/drivers/nvm/nvm.o
                0x0000fe8c                nvm_eeprom_atomic_write_page
 .text.nvm_eeprom_erase_and_write_buffer
                0x0000feaa       0x78 src/ASF/xmega/drivers/nvm/nvm.o
                0x0000feaa                nvm_eeprom_erase_and_write_buffer
 .text.nvm_flash_read_buffer
                0x0000ff22       0x4a src/ASF/xmega/drivers/nvm/nvm.o
                0x0000ff22                nvm_flash_read_buffer
 .text.nvm_user_sig_read_buffer
                0x0000ff6c       0x3e src/ASF/xmega/drivers/nvm/nvm.o
                0x0000ff6c                nvm_user_sig_read_buffer
 .text.nvm_user_sig_write_buffer
                0x0000ffaa      0x12e src/ASF/xmega/drivers/nvm/nvm.o
                0x0000ffaa                nvm_user_sig_write_buffer
 .text.nvm_flash_erase_and_write_buffer
                0x000100d8      0x144 src/ASF/xmega/drivers/nvm/nvm.o
                0x000100d8                nvm_flash_erase_and_write_buffer
 .text.nvm_read_byte
                0x0001021c       0x14 src/ASF/xmega/drivers/nvm/nvm_asm.o
                0x0001021c                nvm_read_byte
 .text.ccp_write_io
                0x00010230        0xc src/ASF/xmega/drivers/cpu/ccp.o
                0x00010230                ccp_write_io
 .text.avr-libc
                0x0001023c      0x740 c:/program files (x86)/atmel/studio/7.0/toolchain/avr8/avr8-gnu-toolchain/bin/../lib/gcc/avr/5.4.0/../../../../avr/lib/avrxmega6\libprintf_flt.a(vfprintf_flt.o)
                0x0001023c                vfprintf
 .text.avr-libc.fplib
                0x0001097c        0xa c:/program files (x86)/atmel/studio/7.0/toolchain/avr8/avr8-gnu-toolchain/bin/../lib/gcc/avr/5.4.0/../../../../avr/lib/avrxmega6\libm.a(addsf3.o)
                0x0001097c                __subsf3
                0x0001097e                __addsf3
 .text.avr-libc.fplib
                0x00010986       0xc0 c:/program files (x86)/atmel/studio/7.0/toolchain/avr8/avr8-gnu-toolchain/bin/../lib/gcc/avr/5.4.0/../../../../avr/lib/avrxmega6\libm.a(addsf3x.o)
                0x000109a0                __addsf3x
 .text.avr-libc.fplib
                0x00010a46        0x8 c:/program files (x86)/atmel/studio/7.0/toolchain/avr8/avr8-gnu-toolchain/bin/../lib/gcc/avr/5.4.0/../../../../avr/lib/avrxmega6\libm.a(cmpsf2.o)
                0x00010a46                __nesf2
                0x00010a46                __eqsf2
                0x00010a46                __cmpsf2
                0x00010a46                __ltsf2
                0x00010a46                __lesf2
 .text.avr-libc.fplib
                0x00010a4e        0x6 c:/program files (x86)/atmel/studio/7.0/toolchain/avr8/avr8-gnu-toolchain/bin/../lib/gcc/avr/5.4.0/../../../../avr/lib/avrxmega6\libm.a(cos.o)
                0x00010a4e                cos
 .text.avr-libc.fplib
                0x00010a54        0x4 c:/program files (x86)/atmel/studio/7.0/toolchain/avr8/avr8-gnu-toolchain/bin/../lib/gcc/avr/5.4.0/../../../../avr/lib/avrxmega6\libm.a(divsf3.o)
                0x00010a54                __divsf3
 .text.avr-libc.fplib
                0x00010a58       0xcc c:/program files (x86)/atmel/studio/7.0/toolchain/avr8/avr8-gnu-toolchain/bin/../lib/gcc/avr/5.4.0/../../../../avr/lib/avrxmega6\libm.a(divsf3x.o)
                0x00010a6e                __divsf3x
                0x00010a72                __divsf3_pse
 .text.avr-libc.fplib
                0x00010b24        0xa c:/program files (x86)/atmel/studio/7.0/toolchain/avr8/avr8-gnu-toolchain/bin/../lib/gcc/avr/5.4.0/../../../../avr/lib/avrxmega6\libm.a(fixsfsi.o)
                0x00010b24                __fixsfsi
 .text.avr-libc.fplib
                0x00010b2e       0x58 c:/program files (x86)/atmel/studio/7.0/toolchain/avr8/avr8-gnu-toolchain/bin/../lib/gcc/avr/5.4.0/../../../../avr/lib/avrxmega6\libm.a(fixunssfsi.o)
                0x00010b2e                __fixunssfsi
 .text.avr-libc.fplib
                0x00010b86       0x7a c:/program files (x86)/atmel/studio/7.0/toolchain/avr8/avr8-gnu-toolchain/bin/../lib/gcc/avr/5.4.0/../../../../avr/lib/avrxmega6\libm.a(floatsisf.o)
                0x00010b86                __floatunsisf
                0x00010b8a                __floatsisf
 .text.avr-libc.fplib
                0x00010c00       0x48 c:/program files (x86)/atmel/studio/7.0/toolchain/avr8/avr8-gnu-toolchain/bin/../lib/gcc/avr/5.4.0/../../../../avr/lib/avrxmega6\libm.a(fp_cmp.o)
                0x00010c00                __fp_cmp
 .text.avr-libc.fplib
                0x00010c48        0xc c:/program files (x86)/atmel/studio/7.0/toolchain/avr8/avr8-gnu-toolchain/bin/../lib/gcc/avr/5.4.0/../../../../avr/lib/avrxmega6\libm.a(fp_inf.o)
                0x00010c48                __fp_inf
 .text.avr-libc.fplib
                0x00010c54        0x6 c:/program files (x86)/atmel/studio/7.0/toolchain/avr8/avr8-gnu-toolchain/bin/../lib/gcc/avr/5.4.0/../../../../avr/lib/avrxmega6\libm.a(fp_nan.o)
                0x00010c54                __fp_nan
 .text.avr-libc.fplib
                0x00010c5a        0xe c:/program files (x86)/atmel/studio/7.0/toolchain/avr8/avr8-gnu-toolchain/bin/../lib/gcc/avr/5.4.0/../../../../avr/lib/avrxmega6\libm.a(fp_pscA.o)
                0x00010c5a                __fp_pscA
 .text.avr-libc.fplib
                0x00010c68        0xe c:/program files (x86)/atmel/studio/7.0/toolchain/avr8/avr8-gnu-toolchain/bin/../lib/gcc/avr/5.4.0/../../../../avr/lib/avrxmega6\libm.a(fp_pscB.o)
                0x00010c68                __fp_pscB
 .text.avr-libc.fplib
                0x00010c76       0x50 c:/program files (x86)/atmel/studio/7.0/toolchain/avr8/avr8-gnu-toolchain/bin/../lib/gcc/avr/5.4.0/../../../../avr/lib/avrxmega6\libm.a(fp_rempio2.o)
                0x00010c78                __fp_rempio2
 .text.avr-libc.fplib
                0x00010cc6       0x22 c:/program files (x86)/atmel/studio/7.0/toolchain/avr8/avr8-gnu-toolchain/bin/../lib/gcc/avr/5.4.0/../../../../avr/lib/avrxmega6\libm.a(fp_round.o)
                0x00010cc6                __fp_round
 .text.avr-libc.fplib
                0x00010ce8       0x22 c:/program files (x86)/atmel/studio/7.0/toolchain/avr8/avr8-gnu-toolchain/bin/../lib/gcc/avr/5.4.0/../../../../avr/lib/avrxmega6\libm.a(fp_sinus.o)
                0x00010ce8                __fp_sinus
 .text.avr-libc.fplib
                0x00010d0a       0x44 c:/program files (x86)/atmel/studio/7.0/toolchain/avr8/avr8-gnu-toolchain/bin/../lib/gcc/avr/5.4.0/../../../../avr/lib/avrxmega6\libm.a(fp_split3.o)
                0x00010d0a                __fp_split3
                0x00010d1a                __fp_splitA
 .text.avr-libc.fplib
                0x00010d4e        0xe c:/program files (x86)/atmel/studio/7.0/toolchain/avr8/avr8-gnu-toolchain/bin/../lib/gcc/avr/5.4.0/../../../../avr/lib/avrxmega6\libm.a(fp_zero.o)
                0x00010d4e                __fp_zero
                0x00010d50                __fp_szero
 .text.avr-libc.fplib
                0x00010d5c        0x8 c:/program files (x86)/atmel/studio/7.0/toolchain/avr8/avr8-gnu-toolchain/bin/../lib/gcc/avr/5.4.0/../../../../avr/lib/avrxmega6\libm.a(gesf2.o)
                0x00010d5c                __gesf2
                0x00010d5c                __gtsf2
 .text.avr-libc.fplib
                0x00010d64        0x4 c:/program files (x86)/atmel/studio/7.0/toolchain/avr8/avr8-gnu-toolchain/bin/../lib/gcc/avr/5.4.0/../../../../avr/lib/avrxmega6\libm.a(mulsf3.o)
                0x00010d64                __mulsf3
 .text.avr-libc.fplib
                0x00010d68       0xc2 c:/program files (x86)/atmel/studio/7.0/toolchain/avr8/avr8-gnu-toolchain/bin/../lib/gcc/avr/5.4.0/../../../../avr/lib/avrxmega6\libm.a(mulsf3x.o)
                0x00010d7c                __mulsf3x
                0x00010d80                __mulsf3_pse
 .text.avr-libc.fplib
                0x00010e2a       0x98 c:/program files (x86)/atmel/studio/7.0/toolchain/avr8/avr8-gnu-toolchain/bin/../lib/gcc/avr/5.4.0/../../../../avr/lib/avrxmega6\libm.a(pow.o)
                0x00010e2a                pow
 .text.avr-libc.fplib
                0x00010ec2        0xc c:/program files (x86)/atmel/studio/7.0/toolchain/avr8/avr8-gnu-toolchain/bin/../lib/gcc/avr/5.4.0/../../../../avr/lib/avrxmega6\libm.a(sin.o)
                0x00010ec2                sin
 .text.avr-libc.fplib
                0x00010ece       0x62 c:/program files (x86)/atmel/studio/7.0/toolchain/avr8/avr8-gnu-toolchain/bin/../lib/gcc/avr/5.4.0/../../../../avr/lib/avrxmega6\libm.a(exp.o)
                0x00010ed8                exp
 .text.avr-libc.fplib
                0x00010f30       0x1c c:/program files (x86)/atmel/studio/7.0/toolchain/avr8/avr8-gnu-toolchain/bin/../lib/gcc/avr/5.4.0/../../../../avr/lib/avrxmega6\libm.a(fp_mpack.o)
                0x00010f30                __fp_mpack
                0x00010f34                __fp_mpack_finite
 .text.avr-libc.fplib
                0x00010f4c       0x4a c:/program files (x86)/atmel/studio/7.0/toolchain/avr8/avr8-gnu-toolchain/bin/../lib/gcc/avr/5.4.0/../../../../avr/lib/avrxmega6\libm.a(fp_powser.o)
                0x00010f4c                __fp_powser
 .text.avr-libc.fplib
                0x00010f96       0x22 c:/program files (x86)/atmel/studio/7.0/toolchain/avr8/avr8-gnu-toolchain/bin/../lib/gcc/avr/5.4.0/../../../../avr/lib/avrxmega6\libm.a(fp_powsodd.o)
                0x00010f96                __fp_powsodd
 .text.avr-libc.fplib
                0x00010fb8        0xe c:/program files (x86)/atmel/studio/7.0/toolchain/avr8/avr8-gnu-toolchain/bin/../lib/gcc/avr/5.4.0/../../../../avr/lib/avrxmega6\libm.a(inverse.o)
                0x00010fb8                inverse
 .text.avr-libc.fplib
                0x00010fc6       0x6c c:/program files (x86)/atmel/studio/7.0/toolchain/avr8/avr8-gnu-toolchain/bin/../lib/gcc/avr/5.4.0/../../../../avr/lib/avrxmega6\libm.a(ldexp.o)
                0x00010fca                ldexp
 .text.avr-libc.fplib
                0x00011032       0x8a c:/program files (x86)/atmel/studio/7.0/toolchain/avr8/avr8-gnu-toolchain/bin/../lib/gcc/avr/5.4.0/../../../../avr/lib/avrxmega6\libm.a(log.o)
                0x0001103c                log
 .text.avr-libc.fplib
                0x000110bc       0x66 c:/program files (x86)/atmel/studio/7.0/toolchain/avr8/avr8-gnu-toolchain/bin/../lib/gcc/avr/5.4.0/../../../../avr/lib/avrxmega6\libm.a(modf.o)
                0x000110bc                modf
                0x000110bc                modff
 .text.libgcc.mul
                0x00011122       0x1e c:/program files (x86)/atmel/studio/7.0/toolchain/avr8/avr8-gnu-toolchain/bin/../lib/gcc/avr/5.4.0/avrxmega6\libgcc.a(_mulsi3.o)
                0x00011122                __mulsi3
 .text.libgcc.div
                0x00011140       0x28 c:/program files (x86)/atmel/studio/7.0/toolchain/avr8/avr8-gnu-toolchain/bin/../lib/gcc/avr/5.4.0/avrxmega6\libgcc.a(_udivmodhi4.o)
                0x00011140                __udivmodhi4
 .text.libgcc.div
                0x00011168       0x26 c:/program files (x86)/atmel/studio/7.0/toolchain/avr8/avr8-gnu-toolchain/bin/../lib/gcc/avr/5.4.0/avrxmega6\libgcc.a(_divmodhi4.o)
                0x00011168                _div
                0x00011168                __divmodhi4
 .text.libgcc.div
                0x0001118e       0x44 c:/program files (x86)/atmel/studio/7.0/toolchain/avr8/avr8-gnu-toolchain/bin/../lib/gcc/avr/5.4.0/avrxmega6\libgcc.a(_udivmodsi4.o)
                0x0001118e                __udivmodsi4
 .text.libgcc.div
                0x000111d2       0x28 c:/program files (x86)/atmel/studio/7.0/toolchain/avr8/avr8-gnu-toolchain/bin/../lib/gcc/avr/5.4.0/avrxmega6\libgcc.a(_divmodsi4.o)
                0x000111d2                __divmodsi4
 .text.libgcc.div
                0x000111fa       0x10 c:/program files (x86)/atmel/studio/7.0/toolchain/avr8/avr8-gnu-toolchain/bin/../lib/gcc/avr/5.4.0/avrxmega6\libgcc.a(_negsi2.o)
                0x000111fa                __negsi2
 .text.libgcc   0x0001120a       0x10 c:/program files (x86)/atmel/studio/7.0/toolchain/avr8/avr8-gnu-toolchain/bin/../lib/gcc/avr/5.4.0/avrxmega6\libgcc.a(_tablejump2.o)
                0x0001120a                __tablejump2__
 .text.libgcc.mul
                0x0001121a        0xc c:/program files (x86)/atmel/studio/7.0/toolchain/avr8/avr8-gnu-toolchain/bin/../lib/gcc/avr/5.4.0/avrxmega6\libgcc.a(_mulhisi3.o)
                0x0001121a                __mulhisi3
 .text.libgcc.mul
                0x00011226       0x1e c:/program files (x86)/atmel/studio/7.0/toolchain/avr8/avr8-gnu-toolchain/bin/../lib/gcc/avr/5.4.0/avrxmega6\libgcc.a(_umulhisi3.o)
                0x00011226                __umulhisi3
 .text.libgcc.mul
                0x00011244        0xc c:/program files (x86)/atmel/studio/7.0/toolchain/avr8/avr8-gnu-toolchain/bin/../lib/gcc/avr/5.4.0/avrxmega6\libgcc.a(_usmulhisi3.o)
                0x00011244                __usmulhisi3
                0x00011246                __usmulhisi3_tail
 .text.libgcc.mul
                0x00011250       0x14 c:/program files (x86)/atmel/studio/7.0/toolchain/avr8/avr8-gnu-toolchain/bin/../lib/gcc/avr/5.4.0/avrxmega6\libgcc.a(_muluhisi3.o)
                0x00011250                __muluhisi3
 .text.libgcc.mul
                0x00011264       0x92 c:/program files (x86)/atmel/studio/7.0/toolchain/avr8/avr8-gnu-toolchain/bin/../lib/gcc/avr/5.4.0/avrxmega6\libgcc.a(_muldi3.o)
                0x00011264                __muldi3
 .text.libgcc.mul
                0x000112f6       0x10 c:/program files (x86)/atmel/studio/7.0/toolchain/avr8/avr8-gnu-toolchain/bin/../lib/gcc/avr/5.4.0/avrxmega6\libgcc.a(_muldi3_6.o)
                0x000112f6                __muldi3_6
 .text.libgcc.mul
                0x00011306       0x1a c:/program files (x86)/atmel/studio/7.0/toolchain/avr8/avr8-gnu-toolchain/bin/../lib/gcc/avr/5.4.0/avrxmega6\libgcc.a(_mulsidi3.o)
                0x00011306                __mulsidi3
 .text.libgcc.mul
                0x00011320       0x4e c:/program files (x86)/atmel/studio/7.0/toolchain/avr8/avr8-gnu-toolchain/bin/../lib/gcc/avr/5.4.0/avrxmega6\libgcc.a(_umulsidi3.o)
                0x00011320                __umulsidi3
                0x00011322                __umulsidi3_helper
 .text.libgcc.div
                0x0001136e       0x56 c:/program files (x86)/atmel/studio/7.0/toolchain/avr8/avr8-gnu-toolchain/bin/../lib/gcc/avr/5.4.0/avrxmega6\libgcc.a(_divdi3.o)
                0x0001136e                __moddi3
                0x00011372                __divdi3
                0x00011374                __divdi3_moddi3
 .text.libgcc.div
                0x000113c4       0x1a c:/program files (x86)/atmel/studio/7.0/toolchain/avr8/avr8-gnu-toolchain/bin/../lib/gcc/avr/5.4.0/avrxmega6\libgcc.a(_udivdi3.o)
                0x000113c4                __umoddi3
                0x000113c8                __udivdi3
                0x000113ca                __udivdi3_umoddi3
 .text.libgcc.div
                0x000113de       0xa2 c:/program files (x86)/atmel/studio/7.0/toolchain/avr8/avr8-gnu-toolchain/bin/../lib/gcc/avr/5.4.0/avrxmega6\libgcc.a(_udivmod64.o)
                0x000113de                __udivmod64
 .text.libgcc   0x00011480       0x20 c:/program files (x86)/atmel/studio/7.0/toolchain/avr8/avr8-gnu-toolchain/bin/../lib/gcc/avr/5.4.0/avrxmega6\libgcc.a(_negdi2.o)
                0x00011480                __negdi2
 .text.libgcc.prologue
                0x000114a0       0x32 c:/program files (x86)/atmel/studio/7.0/toolchain/avr8/avr8-gnu-toolchain/bin/../lib/gcc/avr/5.4.0/avrxmega6\libgcc.a(_prologue.o)
                0x000114a0                __prologue_saves__
 .text.libgcc.prologue
                0x000114d2       0x30 c:/program files (x86)/atmel/studio/7.0/toolchain/avr8/avr8-gnu-toolchain/bin/../lib/gcc/avr/5.4.0/avrxmega6\libgcc.a(_epilogue.o)
                0x000114d2                __epilogue_restores__
 .text.libgcc.builtins
                0x00011502       0x32 c:/program files (x86)/atmel/studio/7.0/toolchain/avr8/avr8-gnu-toolchain/bin/../lib/gcc/avr/5.4.0/avrxmega6\libgcc.a(_ashldi3.o)
                0x00011502                __ashldi3
 .text.libgcc.builtins
                0x00011534       0x3c c:/program files (x86)/atmel/studio/7.0/toolchain/avr8/avr8-gnu-toolchain/bin/../lib/gcc/avr/5.4.0/avrxmega6\libgcc.a(_ashrdi3.o)
                0x00011534                __ashrdi3
                0x00011538                __lshrdi3
 .text.libgcc   0x00011570       0x12 c:/program files (x86)/atmel/studio/7.0/toolchain/avr8/avr8-gnu-toolchain/bin/../lib/gcc/avr/5.4.0/avrxmega6\libgcc.a(_adddi3.o)
                0x00011570                __adddi3
 .text.libgcc   0x00011582       0x18 c:/program files (x86)/atmel/studio/7.0/toolchain/avr8/avr8-gnu-toolchain/bin/../lib/gcc/avr/5.4.0/avrxmega6\libgcc.a(_adddi3_s8.o)
                0x00011582                __adddi3_s8
 .text.libgcc   0x0001159a       0x12 c:/program files (x86)/atmel/studio/7.0/toolchain/avr8/avr8-gnu-toolchain/bin/../lib/gcc/avr/5.4.0/avrxmega6\libgcc.a(_subdi3.o)
                0x0001159a                __subdi3
 .text.libgcc   0x000115ac       0x18 c:/program files (x86)/atmel/studio/7.0/toolchain/avr8/avr8-gnu-toolchain/bin/../lib/gcc/avr/5.4.0/avrxmega6\libgcc.a(_cmpdi2_s8.o)
                0x000115ac                __cmpdi2_s8
 .text.avr-libc
                0x000115c4      0x256 c:/program files (x86)/atmel/studio/7.0/toolchain/avr8/avr8-gnu-toolchain/bin/../lib/gcc/avr/5.4.0/../../../../avr/lib/avrxmega6\libc.a(strtol.o)
                0x000115c4                strtol
 .text.avr-libc
                0x0001181a        0x6 c:/program files (x86)/atmel/studio/7.0/toolchain/avr8/avr8-gnu-toolchain/bin/../lib/gcc/avr/5.4.0/../../../../avr/lib/avrxmega6\libc.a(atof.o)
                0x0001181a                atof
 .text.avr-libc
                0x00011820       0x3a c:/program files (x86)/atmel/studio/7.0/toolchain/avr8/avr8-gnu-toolchain/bin/../lib/gcc/avr/5.4.0/../../../../avr/lib/avrxmega6\libc.a(atoi.o)
                0x00011820                atoi
 .text.avr-libc
                0x0001185a       0x4c c:/program files (x86)/atmel/studio/7.0/toolchain/avr8/avr8-gnu-toolchain/bin/../lib/gcc/avr/5.4.0/../../../../avr/lib/avrxmega6\libc.a(atol.o)
                0x0001185a                atol
 .text.avr-libc
                0x000118a6      0x1b0 c:/program files (x86)/atmel/studio/7.0/toolchain/avr8/avr8-gnu-toolchain/bin/../lib/gcc/avr/5.4.0/../../../../avr/lib/avrxmega6\libc.a(ftoa_engine.o)
                0x000118a6                __ftoa_engine
 .text.avr-libc
                0x00011a56       0x10 c:/program files (x86)/atmel/studio/7.0/toolchain/avr8/avr8-gnu-toolchain/bin/../lib/gcc/avr/5.4.0/../../../../avr/lib/avrxmega6\libc.a(isspace.o)
                0x00011a56                isspace
 .text.avr-libc
                0x00011a66       0x30 c:/program files (x86)/atmel/studio/7.0/toolchain/avr8/avr8-gnu-toolchain/bin/../lib/gcc/avr/5.4.0/../../../../avr/lib/avrxmega6\libc.a(strncasecmp_P.o)
                0x00011a66                strncasecmp_P
 .text.avr-libc
                0x00011a96       0x1c c:/program files (x86)/atmel/studio/7.0/toolchain/avr8/avr8-gnu-toolchain/bin/../lib/gcc/avr/5.4.0/../../../../avr/lib/avrxmega6\libc.a(strncmp_P.o)
                0x00011a96                strncmp_P
 .text.avr-libc
                0x00011ab2       0x16 c:/program files (x86)/atmel/studio/7.0/toolchain/avr8/avr8-gnu-toolchain/bin/../lib/gcc/avr/5.4.0/../../../../avr/lib/avrxmega6\libc.a(strnlen_P.o)
                0x00011ab2                strnlen_P
 .text.avr-libc
                0x00011ac8       0x34 c:/program files (x86)/atmel/studio/7.0/toolchain/avr8/avr8-gnu-toolchain/bin/../lib/gcc/avr/5.4.0/../../../../avr/lib/avrxmega6\libc.a(strstr_P.o)
                0x00011ac8                strstr_P
 .text.avr-libc
                0x00011afc       0x1a c:/program files (x86)/atmel/studio/7.0/toolchain/avr8/avr8-gnu-toolchain/bin/../lib/gcc/avr/5.4.0/../../../../avr/lib/avrxmega6\libc.a(memchr.o)
                0x00011afc                memchr
 .text.avr-libc
                0x00011b16       0x12 c:/program files (x86)/atmel/studio/7.0/toolchain/avr8/avr8-gnu-toolchain/bin/../lib/gcc/avr/5.4.0/../../../../avr/lib/avrxmega6\libc.a(memcpy.o)
                0x00011b16                memcpy
 .text.avr-libc
                0x00011b28       0x16 c:/program files (x86)/atmel/studio/7.0/toolchain/avr8/avr8-gnu-toolchain/bin/../lib/gcc/avr/5.4.0/../../../../avr/lib/avrxmega6\libc.a(strchr.o)
                0x00011b28                strchr
 .text.avr-libc
                0x00011b3e       0x16 c:/program files (x86)/atmel/studio/7.0/toolchain/avr8/avr8-gnu-toolchain/bin/../lib/gcc/avr/5.4.0/../../../../avr/lib/avrxmega6\libc.a(strnlen.o)
                0x00011b3e                strnlen
 .text.avr-libc
                0x00011b54       0x2a c:/program files (x86)/atmel/studio/7.0/toolchain/avr8/avr8-gnu-toolchain/bin/../lib/gcc/avr/5.4.0/../../../../avr/lib/avrxmega6\libc.a(mulsi10.o)
                0x00011b54                __mulsi_const_10
 .text.avr-libc
                0x00011b7e       0x10 c:/program files (x86)/atmel/studio/7.0/toolchain/avr8/avr8-gnu-toolchain/bin/../lib/gcc/avr/5.4.0/../../../../avr/lib/avrxmega6\libc.a(mul10.o)
                0x00011b7e                __mulhi_const_10
 .text.avr-libc
                0x00011b8e       0x94 c:/program files (x86)/atmel/studio/7.0/toolchain/avr8/avr8-gnu-toolchain/bin/../lib/gcc/avr/5.4.0/../../../../avr/lib/avrxmega6\libc.a(fdevopen.o)
                0x00011b8e                fdevopen
 .text.avr-libc
                0x00011c22       0x78 c:/program files (x86)/atmel/studio/7.0/toolchain/avr8/avr8-gnu-toolchain/bin/../lib/gcc/avr/5.4.0/../../../../avr/lib/avrxmega6\libc.a(fputc.o)
                0x00011c22                fputc
 .text.avr-libc
                0x00011c9a       0x6e c:/program files (x86)/atmel/studio/7.0/toolchain/avr8/avr8-gnu-toolchain/bin/../lib/gcc/avr/5.4.0/../../../../avr/lib/avrxmega6\libc.a(snprintf_p.o)
                0x00011c9a                snprintf_P
 .text.avr-libc
                0x00011d08       0x52 c:/program files (x86)/atmel/studio/7.0/toolchain/avr8/avr8-gnu-toolchain/bin/../lib/gcc/avr/5.4.0/../../../../avr/lib/avrxmega6\libc.a(sprintf_p.o)
                0x00011d08                sprintf_P
 .text.avr-libc
                0x00011d5a       0xbc c:/program files (x86)/atmel/studio/7.0/toolchain/avr8/avr8-gnu-toolchain/bin/../lib/gcc/avr/5.4.0/../../../../avr/lib/avrxmega6\libc.a(ultoa_invert.o)
                0x00011d5a                __ultoa_invert
 .text.avr-libc
                0x00011e16       0x34 c:/program files (x86)/atmel/studio/7.0/toolchain/avr8/avr8-gnu-toolchain/bin/../lib/gcc/avr/5.4.0/../../../../avr/lib/avrxmega6\libc.a(calloc.o)
                0x00011e16                calloc
 .text.avr-libc
                0x00011e4a      0x242 c:/program files (x86)/atmel/studio/7.0/toolchain/avr8/avr8-gnu-toolchain/bin/../lib/gcc/avr/5.4.0/../../../../avr/lib/avrxmega6\libc.a(malloc.o)
                0x00011e4a                malloc
                0x00011f7a                free
 .text.avr-libc
                0x0001208c      0x2ae c:/program files (x86)/atmel/studio/7.0/toolchain/avr8/avr8-gnu-toolchain/bin/../lib/gcc/avr/5.4.0/../../../../avr/lib/avrxmega6\libc.a(strtod.o)
                0x0001208c                strtod
 .text.avr-libc