Archive member included to satisfy reference by file (symbol)

c:/program files (x86)/atmel/studio/7.0/toolchain/avr8/avr8-gnu-toolchain/bin/../lib/gcc/avr/5.4.0/../../../../avr/lib/avrxmega6\libm.a(addsf3.o)
                              src/serial_sim.o (__subsf3)
c:/program files (x86)/atmel/studio/7.0/toolchain/avr8/avr8-gnu-toolchain/bin/../lib/gcc/avr/5.4.0/../../../../avr/lib/avrxmega6\libm.a(addsf3x.o)
                              c:/program files (x86)/atmel/studio/7.0/toolchain/avr8/avr8-gnu-toolchain/bin/../lib/gcc/avr/5.4.0/../../../../avr/lib/avrxmega6\libm.a(addsf3.o) (__addsf3x)
c:/program files (x86)/atmel/studio/7.0/toolchain/avr8/avr8-gnu-toolchain/bin/../lib/gcc/avr/5.4.0/../../../../avr/lib/avrxmega6\libm.a(cmpsf2.o)
                              src/twi_1_2.o (__eqsf2)
c:/program files (x86)/atmel/studio/7.0/toolchain/avr8/avr8-gnu-toolchain/bin/../lib/gcc/avr/5.4.0/../../../../avr/lib/avrxmega6\libm.a(cos.o)
                              src/twi_1_2.o (cos)
c:/program files (x86)/atmel/studio/7.0/toolchain/avr8/avr8-gnu-toolchain/bin/../lib/gcc/avr/5.4.0/../../../../avr/lib/avrxmega6\libm.a(divsf3.o)
                              src/serial_sim.o (__divsf3)
c:/program files (x86)/atmel/studio/7.0/toolchain/avr8/avr8-gnu-toolchain/bin/../lib/gcc/avr/5.4.0/../../../../avr/lib/avrxmega6\libm.a(divsf3x.o)
                              c:/program files (x86)/atmel/studio/7.0/toolchain/avr8/avr8-gnu-toolchain/bin/../lib/gcc/avr/5.4.0/../../../../avr/lib/avrxmega6\libm.a(divsf3.o) (__divsf3x)
c:/program files (x86)/atmel/studio/7.0/toolchain/avr8/avr8-gnu-toolchain/bin/../lib/gcc/avr/5.4.0/../../../../avr/lib/avrxmega6\libm.a(fixsfsi.o)
                              src/serial_sim.o (__fixsfsi)
c:/program files (x86)/atmel/studio/7.0/toolchain/avr8/avr8-gnu-toolchain/bin/../lib/gcc/avr/5.4.0/../../../../avr/lib/avrxmega6\libm.a(fixunssfsi.o)
                              src/serial_sim.o (__fixunssfsi)
c:/program files (x86)/atmel/studio/7.0/toolchain/avr8/avr8-gnu-toolchain/bin/../lib/gcc/avr/5.4.0/../../../../avr/lib/avrxmega6\libm.a(floatsisf.o)
                              src/spi_ax.o (__floatunsisf)
c:/program files (x86)/atmel/studio/7.0/toolchain/avr8/avr8-gnu-toolchain/bin/../lib/gcc/avr/5.4.0/../../../../avr/lib/avrxmega6\libm.a(fp_cmp.o)
                              c:/program files (x86)/atmel/studio/7.0/toolchain/avr8/avr8-gnu-toolchain/bin/../lib/gcc/avr/5.4.0/../../../../avr/lib/avrxmega6\libm.a(cmpsf2.o) (__fp_cmp)
c:/program files (x86)/atmel/studio/7.0/toolchain/avr8/avr8-gnu-toolchain/bin/../lib/gcc/avr/5.4.0/../../../../avr/lib/avrxmega6\libm.a(fp_inf.o)
                              c:/program files (x86)/atmel/studio/7.0/toolchain/avr8/avr8-gnu-toolchain/bin/../lib/gcc/avr/5.4.0/../../../../avr/lib/avrxmega6\libm.a(addsf3x.o) (__fp_inf)
c:/program files (x86)/atmel/studio/7.0/toolchain/avr8/avr8-gnu-toolchain/bin/../lib/gcc/avr/5.4.0/../../../../avr/lib/avrxmega6\libm.a(fp_nan.o)
                              c:/program files (x86)/atmel/studio/7.0/toolchain/avr8/avr8-gnu-toolchain/bin/../lib/gcc/avr/5.4.0/../../../../avr/lib/avrxmega6\libm.a(addsf3x.o) (__fp_nan)
c:/program files (x86)/atmel/studio/7.0/toolchain/avr8/avr8-gnu-toolchain/bin/../lib/gcc/avr/5.4.0/../../../../avr/lib/avrxmega6\libm.a(fp_pscA.o)
                              c:/program files (x86)/atmel/studio/7.0/toolchain/avr8/avr8-gnu-toolchain/bin/../lib/gcc/avr/5.4.0/../../../../avr/lib/avrxmega6\libm.a(addsf3x.o) (__fp_pscA)
c:/program files (x86)/atmel/studio/7.0/toolchain/avr8/avr8-gnu-toolchain/bin/../lib/gcc/avr/5.4.0/../../../../avr/lib/avrxmega6\libm.a(fp_pscB.o)
                              c:/program files (x86)/atmel/studio/7.0/toolchain/avr8/avr8-gnu-toolchain/bin/../lib/gcc/avr/5.4.0/../../../../avr/lib/avrxmega6\libm.a(addsf3x.o) (__fp_pscB)
c:/program files (x86)/atmel/studio/7.0/toolchain/avr8/avr8-gnu-toolchain/bin/../lib/gcc/avr/5.4.0/../../../../avr/lib/avrxmega6\libm.a(fp_rempio2.o)
                              c:/program files (x86)/atmel/studio/7.0/toolchain/avr8/avr8-gnu-toolchain/bin/../lib/gcc/avr/5.4.0/../../../../avr/lib/avrxmega6\libm.a(cos.o) (__fp_rempio2)
c:/program files (x86)/atmel/studio/7.0/toolchain/avr8/avr8-gnu-toolchain/bin/../lib/gcc/avr/5.4.0/../../../../avr/lib/avrxmega6\libm.a(fp_round.o)
                              c:/program files (x86)/atmel/studio/7.0/toolchain/avr8/avr8-gnu-toolchain/bin/../lib/gcc/avr/5.4.0/../../../../avr/lib/avrxmega6\libm.a(addsf3.o) (__fp_round)
c:/program files (x86)/atmel/studio/7.0/toolchain/avr8/avr8-gnu-toolchain/bin/../lib/gcc/avr/5.4.0/../../../../avr/lib/avrxmega6\libm.a(fp_sinus.o)
                              c:/program files (x86)/atmel/studio/7.0/toolchain/avr8/avr8-gnu-toolchain/bin/../lib/gcc/avr/5.4.0/../../../../avr/lib/avrxmega6\libm.a(cos.o) (__fp_sinus)
c:/program files (x86)/atmel/studio/7.0/toolchain/avr8/avr8-gnu-toolchain/bin/../lib/gcc/avr/5.4.0/../../../../avr/lib/avrxmega6\libm.a(fp_split3.o)
[...]
Memory Configuration

Name             Origin             Length             Attributes
text             0x00000000         0x00100000         xr
data             0x00802000         0x0000ffa0         rw !x
eeprom           0x00810000         0x00010000         rw !x
fuse             0x00820000         0x00000006         rw !x
lock             0x00830000         0x00000400         rw !x
signature        0x00840000         0x00000400         rw !x
user_signatures  0x00850000         0x00000400         rw !x
*default*        0x00000000         0xffffffff

Linker script and memory map

LOAD C:/Program Files (x86)/Atmel/Studio/7.0/Packs/Atmel/XMEGAA_DFP/1.1.68/gcc/dev/atxmega256a3bu/avrxmega6/crtatxmega256a3bu.o
LOAD src/ASF/common/services/spi/xmega_spi/spi_master.o
LOAD src/ASF/xmega/drivers/spi/spi.o
LOAD src/serial_sim.o
LOAD src/spi_ax.o
LOAD src/usb.o
LOAD src/ASF/common/drivers/nvm/xmega/xmega_nvm.o
LOAD src/ASF/common/services/calendar/calendar.o
LOAD src/ASF/common/services/fifo/fifo.o
LOAD src/ASF/common/services/hugemem/avr8/avr8_hugemem.o
LOAD src/ASF/xmega/drivers/dma/dma.o
LOAD src/ASF/xmega/drivers/rtc32/rtc32.o
LOAD src/dds.o
LOAD src/interpreter.o
LOAD src/twi_1_2.o
LOAD src/ASF/common/boards/user_board/init.o
LOAD src/ASF/common/services/gfx_mono/gfx_mono_framebuffer.o
LOAD src/ASF/common/services/gfx_mono/gfx_mono_generic.o
LOAD src/ASF/common/services/gfx_mono/gfx_mono_null.o
LOAD src/ASF/common/services/gfx_mono/gfx_mono_text.o
LOAD src/ASF/common/services/gfx_mono/sysfont.o
LOAD src/ASF/common/services/ioport/xmega/ioport_compat.o
LOAD src/ASF/xmega/drivers/adc/adc.o
LOAD src/ASF/xmega/drivers/adc/xmega_aau/adc_aau.o
LOAD src/ASF/xmega/drivers/dac/dac.o
LOAD src/ASF/xmega/drivers/tc/tc.o
LOAD src/ASF/xmega/drivers/twi/twim.o
LOAD src/ASF/xmega/drivers/twi/twis.o
LOAD src/ASF/xmega/drivers/usb/usb_device.o
LOAD src/ASF/xmega/services/pwm/pwm.o
LOAD src/main.o
LOAD src/ASF/common/services/clock/xmega/sysclk.o
LOAD src/ASF/common/services/sleepmgr/xmega/sleepmgr.o
LOAD src/ASF/common/services/usb/class/cdc/device/udi_cdc.o
LOAD src/ASF/common/services/usb/class/cdc/device/udi_cdc_desc.o
LOAD src/ASF/common/services/usb/udc/udc.o
LOAD src/ASF/common/utils/stdio/read.o
LOAD src/ASF/common/utils/stdio/stdio_usb/stdio_usb.o
LOAD src/ASF/common/utils/stdio/write.o
LOAD src/ASF/xmega/drivers/nvm/nvm.o
LOAD src/ASF/xmega/drivers/nvm/nvm_asm.o
LOAD src/ASF/xmega/drivers/cpu/ccp.o
START GROUP
LOAD c:/program files (x86)/atmel/studio/7.0/toolchain/avr8/avr8-gnu-toolchain/bin/../lib/gcc/avr/5.4.0/../../../../avr/lib/avrxmega6\libm.a
END GROUP
LOAD c:/program files (x86)/atmel/studio/7.0/toolchain/avr8/avr8-gnu-toolchain/bin/../lib/gcc/avr/5.4.0/../../../../avr/lib/avrxmega6\libprintf_flt.a
START GROUP
LOAD c:/program files (x86)/atmel/studio/7.0/toolchain/avr8/avr8-gnu-toolchain/bin/../lib/gcc/avr/5.4.0/avrxmega6\libgcc.a
LOAD c:/program files (x86)/atmel/studio/7.0/toolchain/avr8/avr8-gnu-toolchain/bin/../lib/gcc/avr/5.4.0/../../../../avr/lib/avrxmega6\libm.a
LOAD c:/program files (x86)/atmel/studio/7.0/toolchain/avr8/avr8-gnu-toolchain/bin/../lib/gcc/avr/5.4.0/../../../../avr/lib/avrxmega6\libc.a
LOAD C:/Program Files (x86)/Atmel/Studio/7.0/Packs/Atmel/XMEGAA_DFP/1.1.68/gcc/dev/atxmega256a3bu/avrxmega6\libatxmega256a3bu.a
END GROUP
                0x00100000                __TEXT_REGION_LENGTH__ = DEFINED (__TEXT_REGION_LENGTH__)?__TEXT_REGION_LENGTH__:0x100000
                0x0000ffa0                __DATA_REGION_LENGTH__ = DEFINED (__DATA_REGION_LENGTH__)?__DATA_REGION_LENGTH__:0xffa0
                0x00010000                __EEPROM_REGION_LENGTH__ = DEFINED (__EEPROM_REGION_LENGTH__)?__EEPROM_REGION_LENGTH__:0x10000
                [0x00000006]                __FUSE_REGION_LENGTH__ = DEFINED (__FUSE_REGION_LENGTH__)?__FUSE_REGION_LENGTH__:0x400
                0x00000400                __LOCK_REGION_LENGTH__ = DEFINED (__LOCK_REGION_LENGTH__)?__LOCK_REGION_LENGTH__:0x400
                0x00000400                __SIGNATURE_REGION_LENGTH__ = DEFINED (__SIGNATURE_REGION_LENGTH__)?__SIGNATURE_REGION_LENGTH__:0x400
                0x00000400                __USER_SIGNATURE_REGION_LENGTH__ = DEFINED (__USER_SIGNATURE_REGION_LENGTH__)?__USER_SIGNATURE_REGION_LENGTH__:0x400

.hash
 *(.hash)

.dynsym
 *(.dynsym)

.dynstr
 *(.dynstr)

.gnu.version
 *(.gnu.version)

.gnu.version_d
 *(.gnu.version_d)

.gnu.version_r
 *(.gnu.version_r)

.rel.init
 *(.rel.init)

.rela.init
 *(.rela.init)

.rel.text
 *(.rel.text)
 *(.rel.text.*)
 *(.rel.gnu.linkonce.t*)

.rela.text
 *(.rela.text)
 *(.rela.text.*)
 *(.rela.gnu.linkonce.t*)

.rel.fini
 *(.rel.fini)

.rela.fini
 *(.rela.fini)

.rel.rodata
 *(.rel.rodata)
 *(.rel.rodata.*)
 *(.rel.gnu.linkonce.r*)

.rela.rodata
 *(.rela.rodata)
 *(.rela.rodata.*)
 *(.rela.gnu.linkonce.r*)

.rel.data
 *(.rel.data)
 *(.rel.data.*)
 *(.rel.gnu.linkonce.d*)

.rela.data
 *(.rela.data)
 *(.rela.data.*)
 *(.rela.gnu.linkonce.d*)

.rel.ctors
 *(.rel.ctors)

.rela.ctors
 *(.rela.ctors)

.rel.dtors
 *(.rel.dtors)

.rela.dtors
 *(.rela.dtors)

.rel.got
 *(.rel.got)

.rela.got
 *(.rela.got)

.rel.bss
 *(.rel.bss)

.rela.bss
 *(.rela.bss)

.rel.plt
 *(.rel.plt)

.rela.plt
 *(.rela.plt)

.text           0x00000000    0x249d0
 *(.vectors)
 .vectors       0x00000000      0x1fc C:/Program Files (x86)/Atmel/Studio/7.0/Packs/Atmel/XMEGAA_DFP/1.1.68/gcc/dev/atxmega256a3bu/avrxmega6/crtatxmega256a3bu.o
                0x00000000                __vector_default
                0x00000000                __vectors
 *(.vectors)
 *(.progmem.gcc*)
 .progmem.gcc_sw_table.serial_filter_inStream.part.4
                0x000001fc       0x26 src/serial_sim.o
 .progmem.gcc_sw_table.spi_ax_util_POCSAG_Tx_FIFO_Batches
                0x00000222       0xac src/spi_ax.o
 .progmem.gcc_sw_table.spi_ax_setRegisters
                0x000002ce       0x1c src/spi_ax.o
 .progmem.gcc_sw_table.pwm_init
                0x000002ea        0xe src/ASF/xmega/services/pwm/pwm.o
 .progmem.gcc_fplib
                0x000002f8       0x1e c:/program files (x86)/atmel/studio/7.0/toolchain/avr8/avr8-gnu-toolchain/bin/../lib/gcc/avr/5.4.0/../../../../avr/lib/avrxmega6\libm.a(fp_sinus.o)
 .progmem.gcc_fplib
                0x00000316       0x5a c:/program files (x86)/atmel/studio/7.0/toolchain/avr8/avr8-gnu-toolchain/bin/../lib/gcc/avr/5.4.0/../../../../avr/lib/avrxmega6\libm.a(log.o)
 .progmem.gcc_fplib
                0x00000370       0x28 c:/program files (x86)/atmel/studio/7.0/toolchain/avr8/avr8-gnu-toolchain/bin/../lib/gcc/avr/5.4.0/../../../../avr/lib/avrxmega6\libm.a(exp.o)
                0x00000398                . = ALIGN (0x2)
                0x00000398                __trampolines_start = .
 *(.trampolines)
 .trampolines   0x00000398       0x44 linker stubs
 *(.trampolines*)
                0x000003dc                __trampolines_end = .
 *libprintf_flt.a:*(.progmem.data)
 .progmem.data  0x000003dc        0x8 c:/program files (x86)/atmel/studio/7.0/toolchain/avr8/avr8-gnu-toolchain/bin/../lib/gcc/avr/5.4.0/../../../../avr/lib/avrxmega6\libprintf_flt.a(vfprintf_flt.o)
 *libc.a:*(.progmem.data)
 .progmem.data  0x000003e4       0xfa c:/program files (x86)/atmel/studio/7.0/toolchain/avr8/avr8-gnu-toolchain/bin/../lib/gcc/avr/5.4.0/../../../../avr/lib/avrxmega6\libc.a(ftoa_engine.o)
 .progmem.data  0x000004de        0xc c:/program files (x86)/atmel/studio/7.0/toolchain/avr8/avr8-gnu-toolchain/bin/../lib/gcc/avr/5.4.0/../../../../avr/lib/avrxmega6\libc.a(vfscanf_std.o)
 .progmem.data  0x000004ea       0x3b c:/program files (x86)/atmel/studio/7.0/toolchain/avr8/avr8-gnu-toolchain/bin/../lib/gcc/avr/5.4.0/../../../../avr/lib/avrxmega6\libc.a(strtod.o)
 *(.progmem*)
 .progmem.data.PM_TWI1_UTIL_ONBOARD_SIM808_RING_R
                0x00000525        0x5 src/serial_sim.o
                0x00000525                PM_TWI1_UTIL_ONBOARD_SIM808_RING_R
 .progmem.data.PM_TWI1_UTIL_ONBOARD_SIM808_CGATT_R
                0x0000052a        0x9 src/serial_sim.o
                0x0000052a                PM_TWI1_UTIL_ONBOARD_SIM808_CGATT_R
 .progmem.data.PM_TWI1_UTIL_ONBOARD_SIM808_CREG_R_DDSS
                0x00000533       0x23 src/serial_sim.o
                0x00000533                PM_TWI1_UTIL_ONBOARD_SIM808_CREG_R_DDSS
 .progmem.data.PM_TWI1_UTIL_ONBOARD_SIM808_CREG_R_DSS
                0x00000556       0x20 src/serial_sim.o
                0x00000556                PM_TWI1_UTIL_ONBOARD_SIM808_CREG_R_DSS
 .progmem.data.PM_TWI1_UTIL_ONBOARD_SIM808_CREG_R_DD
                0x00000576        0xd src/serial_sim.o
                0x00000576                PM_TWI1_UTIL_ONBOARD_SIM808_CREG_R_DD
 .progmem.data.PM_TWI1_UTIL_ONBOARD_SIM808_UGNSINF_R
                0x00000583        0xa src/serial_sim.o
                0x00000583                PM_TWI1_UTIL_ONBOARD_SIM808_UGNSINF_R
 .progmem.data.PM_TWI1_UTIL_ONBOARD_SIM808_OK_R
                0x0000058d        0x3 src/serial_sim.o
                0x0000058d                PM_TWI1_UTIL_ONBOARD_SIM808_OK_R
 .progmem.data.PM_TWI1_INIT_ONBOARD_SIM808_GSM_GPRS_CIPSHUT
                0x00000590        0xd src/serial_sim.o
                0x00000590                PM_TWI1_INIT_ONBOARD_SIM808_GSM_GPRS_CIPSHUT
 .progmem.data.PM_TWI1_INIT_ONBOARD_SIM808_GSM_GPRS_CIPCLOSE
                0x0000059d        0xe src/serial_sim.o
                0x0000059d                PM_TWI1_INIT_ONBOARD_SIM808_GSM_GPRS_CIPCLOSE
 .progmem.data.PM_TWI1_INIT_ONBOARD_SIM808_GSM_GPRS_CTRL_Z
                0x000005ab        0x4 src/serial_sim.o
                0x000005ab                PM_TWI1_INIT_ONBOARD_SIM808_GSM_GPRS_CTRL_Z
 .progmem.data.PM_TWI1_INIT_ONBOARD_SIM808_GSM_GPRS_CIPSEND
                0x000005af        0xd src/serial_sim.o
                0x000005af                PM_TWI1_INIT_ONBOARD_SIM808_GSM_GPRS_CIPSEND
 .progmem.data.PM_TWI1_INIT_ONBOARD_SIM808_GSM_GPRS_CIPSTART
                0x000005bc       0x1d src/serial_sim.o
                0x000005bc                PM_TWI1_INIT_ONBOARD_SIM808_GSM_GPRS_CIPSTART
 .progmem.data.PM_TWI1_INIT_ONBOARD_SIM808_GSM_GPRS_CIFSR
                0x000005d9        0xb src/serial_sim.o
                0x000005d9                PM_TWI1_INIT_ONBOARD_SIM808_GSM_GPRS_CIFSR
 .progmem.data.PM_TWI1_INIT_ONBOARD_SIM808_GSM_GPRS_CIICR
                0x000005e4        0xb src/serial_sim.o
                0x000005e4                PM_TWI1_INIT_ONBOARD_SIM808_GSM_GPRS_CIICR
 .progmem.data.PM_TWI1_INIT_ONBOARD_SIM808_GSM_GPRS_CSTT_PARAM
                0x000005ef       0x19 src/serial_sim.o
                0x000005ef                PM_TWI1_INIT_ONBOARD_SIM808_GSM_GPRS_CSTT_PARAM
 .progmem.data.PM_TWI1_INIT_ONBOARD_SIM808_GSM_GPRS_CGATT
                0x00000608        0xc src/serial_sim.o
                0x00000608                PM_TWI1_INIT_ONBOARD_SIM808_GSM_GPRS_CGATT
 .progmem.data.PM_TWI1_INIT_ONBOARD_SIM808_GSM_GPRS_CREG
                0x00000614        0xb src/serial_sim.o
                0x00000614                PM_TWI1_INIT_ONBOARD_SIM808_GSM_GPRS_CREG
 .progmem.data.PM_TWI1_INIT_ONBOARD_SIM808_GPS_03
                0x0000061f       0x10 src/serial_sim.o
                0x0000061f                PM_TWI1_INIT_ONBOARD_SIM808_GPS_03
 .progmem.data.PM_TWI1_INIT_ONBOARD_SIM808_GPS_02
                0x0000062f        0xd src/serial_sim.o
                0x0000062f                PM_TWI1_INIT_ONBOARD_SIM808_GPS_02
 .progmem.data.PM_TWI1_INIT_ONBOARD_SIM808_GPS_01
                0x0000063c       0x10 src/serial_sim.o
                0x0000063c                PM_TWI1_INIT_ONBOARD_SIM808_GPS_01
 .progmem.data.PM_TWI1_INIT_ONBOARD_SIM808_INFO_01
                0x0000064c        0x6 src/serial_sim.o
                0x0000064c                PM_TWI1_INIT_ONBOARD_SIM808_INFO_01
 .progmem.data.PM_TWI1_INIT_ONBOARD_SIM808_CREG_X
                0x00000652        0xd src/serial_sim.o
                0x00000652                PM_TWI1_INIT_ONBOARD_SIM808_CREG_X
 .progmem.data.PM_TWI1_INIT_ONBOARD_SIM808_CMEE_X
                0x0000065f        0xd src/serial_sim.o
                0x0000065f                PM_TWI1_INIT_ONBOARD_SIM808_CMEE_X
 .progmem.data.PM_TWI1_INIT_ONBOARD_SIM808_ATE_X
                0x0000066c        0x8 src/serial_sim.o
                0x0000066c                PM_TWI1_INIT_ONBOARD_SIM808_ATE_X
 .progmem.data.PM_TWI1_INIT_ONBOARD_SIM808_IFC_XX
                0x00000674        0xf src/serial_sim.o
                0x00000674                PM_TWI1_INIT_ONBOARD_SIM808_IFC_XX
 .progmem.data.PM_TWI1_INIT_ONBOARD_SIM808_IPR_X
                0x00000683        0xd src/serial_sim.o
                0x00000683                PM_TWI1_INIT_ONBOARD_SIM808_IPR_X
 .progmem.data.PM_SET_CPOWD_X
                0x00000690        0xe src/serial_sim.o
                0x00000690                PM_SET_CPOWD_X
 .progmem.data.PM_SET_PIN_1
                0x0000069e       0x12 src/serial_sim.o
                0x0000069e                PM_SET_PIN_1
 .progmem.data.PM_SET_FUNC_1
                0x000006b0        0xd src/serial_sim.o
                0x000006b0                PM_SET_FUNC_1
 .progmem.data.PM_SIM808_INFO_WAIT_CONNECT
                0x000006bd       0x48 src/serial_sim.o
                0x000006bd                PM_SIM808_INFO_WAIT_CONNECT
 .progmem.data.PM_SIM808_INFO_SYNCED
                0x00000705       0x24 src/serial_sim.o
                0x00000705                PM_SIM808_INFO_SYNCED
 .progmem.data.PM_SIM808_INFO_RESTART
                0x00000729       0x2a src/serial_sim.o
                0x00000729                PM_SIM808_INFO_RESTART
 .progmem.data.PM_SIM808_INFO_START
                0x00000753       0x28 src/serial_sim.o
                0x00000753                PM_SIM808_INFO_START
 .progmem.data.PM_SIM808_INFO_LCD_WAIT
                0x0000077b       0x21 src/serial_sim.o
                0x0000077b                PM_SIM808_INFO_LCD_WAIT
 .progmem.data.PM_SIM808_INFO_LCD_INITED
                0x0000079c       0x21 src/serial_sim.o
                0x0000079c                PM_SIM808_INFO_LCD_INITED
 .progmem.data.PM_SIM808_INFO_LCD_RESTART
                0x000007bd       0x21 src/serial_sim.o
                0x000007bd                PM_SIM808_INFO_LCD_RESTART
 .progmem.data.PM_SIM808_INFO_LCD_START
                0x000007de       0x21 src/serial_sim.o
                0x000007de                PM_SIM808_INFO_LCD_START
 .progmem.data.PM_POCSAG_SKYPER_NEWS
                0x000007ff        0x5 src/spi_ax.o
                0x000007ff                PM_POCSAG_SKYPER_NEWS
 .progmem.data.PM_POCSAG_SKYPER_RUBRIC
                0x00000804        0x6 src/spi_ax.o
                0x00000804                PM_POCSAG_SKYPER_RUBRIC
 .progmem.data.PM_POCSAG_SKYPER_TIME
                0x0000080a       0x1c src/spi_ax.o
                0x0000080a                PM_POCSAG_SKYPER_TIME
 .progmem.data.PM_INFO_PART_PLL1C
                0x00000826       0x1b src/usb.o
                0x00000826                PM_INFO_PART_PLL1C
 .progmem.data.PM_INFO_PART_PLL1B
                0x00000841       0x17 src/usb.o
                0x00000841                PM_INFO_PART_PLL1B
 .progmem.data.PM_INFO_PART_PLL1A
                0x00000858       0x28 src/usb.o
                0x00000858                PM_INFO_PART_PLL1A
 .progmem.data.PM_INFO_PART_L2P4
                0x00000880       0x1f src/usb.o
                0x00000880                PM_INFO_PART_L2P4
 .progmem.data.PM_INFO_PART_L2P3B
                0x0000089f       0x18 src/usb.o
                0x0000089f                PM_INFO_PART_L2P3B
 .progmem.data.PM_INFO_PART_L2P3A
                0x000008b7       0x2d src/usb.o
                0x000008b7                PM_INFO_PART_L2P3A
 .progmem.data.PM_INFO_PART_L2P2B
                0x000008e4       0x18 src/usb.o
                0x000008e4                PM_INFO_PART_L2P2B
 .progmem.data.PM_INFO_PART_L2P2A
                0x000008fc       0x2f src/usb.o
                0x000008fc                PM_INFO_PART_L2P2A
 .progmem.data.PM_INFO_PART_L2P1B
                0x0000092b       0x17 src/usb.o
                0x0000092b                PM_INFO_PART_L2P1B
 .progmem.data.PM_INFO_PART_L2P1A
                0x00000942       0x2c src/usb.o
                0x00000942                PM_INFO_PART_L2P1A
 .progmem.data.PM_INFO_PART_L1P4A
                0x0000096e       0x27 src/usb.o
                0x0000096e                PM_INFO_PART_L1P4A
 .progmem.data.PM_INFO_PART_L1P3B
                0x00000995       0x20 src/usb.o
                0x00000995                PM_INFO_PART_L1P3B
 .progmem.data.PM_INFO_PART_L1P3A
                0x000009b5       0x2b src/usb.o
                0x000009b5                PM_INFO_PART_L1P3A
 .progmem.data.PM_INFO_PART_L1P2B
                0x000009e0       0x15 src/usb.o
                0x000009e0                PM_INFO_PART_L1P2B
 .progmem.data.PM_INFO_PART_L1P2A
                0x000009f5       0x26 src/usb.o
                0x000009f5                PM_INFO_PART_L1P2A
 .progmem.data.PM_INFO_PART_L1P1C
                0x00000a1b       0x14 src/usb.o
                0x00000a1b                PM_INFO_PART_L1P1C
 .progmem.data.PM_INFO_PART_L1P1B
                0x00000a2f       0x2a src/usb.o
                0x00000a2f                PM_INFO_PART_L1P1B
 .progmem.data.PM_INFO_PART_L1P1A
                0x00000a59       0x35 src/usb.o
                0x00000a59                PM_INFO_PART_L1P1A
 .progmem.data.PM_USBINIT_HEADER_4
                0x00000a8e       0x24 src/usb.o
                0x00000a8e                PM_USBINIT_HEADER_4
 .progmem.data.PM_USBINIT_HEADER_3
                0x00000ab2       0x22 src/usb.o
                0x00000ab2                PM_USBINIT_HEADER_3
 .progmem.data.PM_USBINIT_HEADER_2
                0x00000ad4       0x26 src/usb.o
                0x00000ad4                PM_USBINIT_HEADER_2
 .progmem.data.PM_USBINIT_HEADER_1
                0x00000afa        0x7 src/usb.o
                0x00000afa                PM_USBINIT_HEADER_1
 .progmem.data.PM_SINE_IP
                0x00000b01      0x680 src/dds.o
                0x00000b01                PM_SINE_IP
 .progmem.data.PM_SINE
                0x00001181     0x2000 src/dds.o
                0x00001181                PM_SINE
 .progmem.data.PM_UNKNOWN_01
                0x00003181       0x35 src/interpreter.o
                0x00003181                PM_UNKNOWN_01
 .progmem.data.PM_IP_CMD_xo
                0x000031b6        0x4 src/interpreter.o
                0x000031b6                PM_IP_CMD_xo
 .progmem.data.PM_IP_CMD_shut
                0x000031ba        0x5 src/interpreter.o
                0x000031ba                PM_IP_CMD_shut
 .progmem.data.PM_IP_CMD_sa
                0x000031bf        0x3 src/interpreter.o
                0x000031bf                PM_IP_CMD_sa
 .progmem.data.PM_IP_CMD_ric
                0x000031c2        0x5 src/interpreter.o
                0x000031c2                PM_IP_CMD_ric
 .progmem.data.PM_IP_CMD_reset
                0x000031c7        0x7 src/interpreter.o
                0x000031c7                PM_IP_CMD_reset
 .progmem.data.PM_IP_CMD_qnh_m
                0x000031ce        0x7 src/interpreter.o
                0x000031ce                PM_IP_CMD_qnh_m
 .progmem.data.PM_IP_CMD_qnh_auto
                0x000031d5        0x9 src/interpreter.o
                0x000031d5                PM_IP_CMD_qnh_auto
 .progmem.data.PM_IP_CMD_pt
                0x000031de        0x4 src/interpreter.o
                0x000031de                PM_IP_CMD_pt
 .progmem.data.PM_IP_CMD_m
                0x000031e2        0x3 src/interpreter.o
                0x000031e2                PM_IP_CMD_m
 .progmem.data.PM_IP_CMD_kb
                0x000031e5        0x4 src/interpreter.o
                0x000031e5                PM_IP_CMD_kb
 .progmem.data.PM_IP_CMD_info
                0x000031e9        0x6 src/interpreter.o
                0x000031e9                PM_IP_CMD_info
 .progmem.data.PM_IP_CMD_help
                0x000031ef        0x5 src/interpreter.o
                0x000031ef                PM_IP_CMD_help
 .progmem.data.PM_IP_CMD_gsm_pin
                0x000031f4        0x9 src/interpreter.o
                0x000031f4                PM_IP_CMD_gsm_pin
 .progmem.data.PM_IP_CMD_gsm_aprs
                0x000031fd        0xa src/interpreter.o
                0x000031fd                PM_IP_CMD_gsm_aprs
 .progmem.data.PM_IP_CMD_gsm_num
                0x00003207        0x5 src/interpreter.o
                0x00003207                PM_IP_CMD_gsm_num
 .progmem.data.PM_IP_CMD_env_t
                0x0000320c        0x7 src/interpreter.o
                0x0000320c                PM_IP_CMD_env_t
 .progmem.data.PM_IP_CMD_eb
                0x00003213        0x4 src/interpreter.o
                0x00003213                PM_IP_CMD_eb
 .progmem.data.PM_IP_CMD_dds
                0x00003217        0x5 src/interpreter.o
                0x00003217                PM_IP_CMD_dds
 .progmem.data.PM_IP_CMD_dac
                0x0000321c        0x5 src/interpreter.o
                0x0000321c                PM_IP_CMD_dac
 .progmem.data.PM_IP_CMD_chime
                0x00003221        0x7 src/interpreter.o
                0x00003221                PM_IP_CMD_chime
 .progmem.data.PM_IP_CMD_cal_gyro
                0x00003228        0x9 src/interpreter.o
                0x00003228                PM_IP_CMD_cal_gyro
 .progmem.data.PM_IP_CMD_cal_defaults
                0x00003231        0xd src/interpreter.o
                0x00003231                PM_IP_CMD_cal_defaults
 .progmem.data.PM_IP_CMD_cal_accelz
                0x0000323e        0xb src/interpreter.o
                0x0000323e                PM_IP_CMD_cal_accelz
 .progmem.data.PM_IP_CMD_cal_accely
                0x00003249        0xb src/interpreter.o
                0x00003249                PM_IP_CMD_cal_accely
 .progmem.data.PM_IP_CMD_cal_accelx
                0x00003254        0xb src/interpreter.o
                0x00003254                PM_IP_CMD_cal_accelx
 .progmem.data.PM_IP_CMD_bl
                0x0000325f        0x4 src/interpreter.o
                0x0000325f                PM_IP_CMD_bl
 .progmem.data.PM_IP_CMD_bias
                0x00003263        0x6 src/interpreter.o
                0x00003263                PM_IP_CMD_bias
 .progmem.data.PM_IP_CMD_A_slash
                0x00003269        0x3 src/interpreter.o
                0x00003269                PM_IP_CMD_A_slash
 .progmem.data.PM_IP_CMD_ax_pocsag
                0x0000326c        0xb src/interpreter.o
                0x0000326c                PM_IP_CMD_ax_pocsag
 .progmem.data.PM_IP_CMD_ax_aprs
                0x00003277        0x9 src/interpreter.o
                0x00003277                PM_IP_CMD_ax_aprs
 .progmem.data.PM_IP_CMD_ax_num
                0x00003280        0x4 src/interpreter.o
                0x00003280                PM_IP_CMD_ax_num
 .progmem.data.PM_IP_CMD_AT
                0x00003284        0x3 src/interpreter.o
                0x00003284                PM_IP_CMD_AT
 .progmem.data.PM_IP_CMD_aprs_pwd
                0x00003287        0xa src/interpreter.o
                0x00003287                PM_IP_CMD_aprs_pwd
 .progmem.data.PM_IP_CMD_aprs_user
                0x00003291        0xb src/interpreter.o
                0x00003291                PM_IP_CMD_aprs_user
 .progmem.data.PM_IP_CMD_aprs_ip_port
                0x0000329c        0xe src/interpreter.o
                0x0000329c                PM_IP_CMD_aprs_ip_port
 .progmem.data.PM_IP_CMD_aprs_ip_name
                0x000032aa        0xe src/interpreter.o
                0x000032aa                PM_IP_CMD_aprs_ip_name
 .progmem.data.PM_IP_CMD_aprs_ip_proto
                0x000032b8        0xf src/interpreter.o
                0x000032b8                PM_IP_CMD_aprs_ip_proto
 .progmem.data.PM_IP_CMD_aprs_link_pwd
                0x000032c7        0xc src/interpreter.o
                0x000032c7                PM_IP_CMD_aprs_link_pwd
 .progmem.data.PM_IP_CMD_aprs_link_user
                0x000032d3        0xd src/interpreter.o
                0x000032d3                PM_IP_CMD_aprs_link_user
 .progmem.data.PM_IP_CMD_aprs_link_name
                0x000032e0        0xd src/interpreter.o
                0x000032e0                PM_IP_CMD_aprs_link_name
 .progmem.data.PM_IP_CMD_aprs_ssid
                0x000032ed        0xb src/interpreter.o
                0x000032ed                PM_IP_CMD_aprs_ssid
 .progmem.data.PM_IP_CMD_aprs_call
                0x000032f8        0xb src/interpreter.o
                0x000032f8                PM_IP_CMD_aprs_call
 .progmem.data.PM_IP_CMD_aprs_ring
                0x00003303        0xa src/interpreter.o
                0x00003303                PM_IP_CMD_aprs_ring
 .progmem.data.PM_IP_CMD_aprs_num
                0x0000330d        0x6 src/interpreter.o
                0x0000330d                PM_IP_CMD_aprs_num
 .progmem.data.PM_IP_CMD_adc
                0x00003313        0x5 src/interpreter.o
                0x00003313                PM_IP_CMD_adc
 .progmem.data.PM_IP_CMD_CmdLine
                0x00003318        0x5 src/interpreter.o
                0x00003318                PM_IP_CMD_CmdLine
 .progmem.data.PM_IP_CMD_NewLine
                0x0000331d        0x3 src/interpreter.o
                0x0000331d                PM_IP_CMD_NewLine
 .progmem.data.PM_HELP_XO_2
                0x00003320        0xe src/interpreter.o
                0x00003320                PM_HELP_XO_2
 .progmem.data.PM_HELP_XO_1
                0x0000332e       0x24 src/interpreter.o
                0x0000332e                PM_HELP_XO_1
 .progmem.data.PM_HELP_SHUT_1
                0x00003352       0x1e src/interpreter.o
                0x00003352                PM_HELP_SHUT_1
 .progmem.data.PM_HELP_SA_1
                0x00003370       0x30 src/interpreter.o
                0x00003370                PM_HELP_SA_1
 .progmem.data.PM_HELP_RIC_1
                0x000033a0       0x37 src/interpreter.o
                0x000033a0                PM_HELP_RIC_1
 .progmem.data.PM_HELP_RESET_1
                0x000033d7       0x19 src/interpreter.o
                0x000033d7                PM_HELP_RESET_1
 .progmem.data.PM_HELP_QNH_M_1
                0x000033f0       0x29 src/interpreter.o
                0x000033f0                PM_HELP_QNH_M_1
 .progmem.data.PM_HELP_QNH_AUTO_1
                0x00003419       0x28 src/interpreter.o
                0x00003419                PM_HELP_QNH_AUTO_1
 .progmem.data.PM_HELP_PT_2
                0x00003441       0x20 src/interpreter.o
                0x00003441                PM_HELP_PT_2
 .progmem.data.PM_HELP_PT_1
                0x00003461       0x19 src/interpreter.o
                0x00003461                PM_HELP_PT_1
 .progmem.data.PM_HELP_M_1
                0x0000347a       0x1f src/interpreter.o
                0x0000347a                PM_HELP_M_1
 .progmem.data.PM_HELP_KB_1
                0x00003499       0x1f src/interpreter.o
                0x00003499                PM_HELP_KB_1
 .progmem.data.PM_HELP_INFO_4
                0x000034b8       0x16 src/interpreter.o
                0x000034b8                PM_HELP_INFO_4
 .progmem.data.PM_HELP_INFO_3
                0x000034ce       0x14 src/interpreter.o
                0x000034ce                PM_HELP_INFO_3
 .progmem.data.PM_HELP_INFO_2
                0x000034e2       0x15 src/interpreter.o
                0x000034e2                PM_HELP_INFO_2
 .progmem.data.PM_HELP_INFO_1
                0x000034f7       0x26 src/interpreter.o
                0x000034f7                PM_HELP_INFO_1
 .progmem.data.PM_HELP_HELP_2
                0x0000351d       0x20 src/interpreter.o
                0x0000351d                PM_HELP_HELP_2
 .progmem.data.PM_HELP_HELP_1
                0x0000353d       0x1d src/interpreter.o
                0x0000353d                PM_HELP_HELP_1
 .progmem.data.PM_HELP_GSM_3
                0x0000355a       0x2e src/interpreter.o
                0x0000355a                PM_HELP_GSM_3
 .progmem.data.PM_HELP_GSM_2
                0x00003588       0x25 src/interpreter.o
                0x00003588                PM_HELP_GSM_2
 .progmem.data.PM_HELP_GSM_1
                0x000035ad       0x17 src/interpreter.o
                0x000035ad                PM_HELP_GSM_1
 .progmem.data.PM_HELP_ENV_T_1
                0x000035c4       0x2a src/interpreter.o
                0x000035c4                PM_HELP_ENV_T_1
 .progmem.data.PM_HELP_EB_1
                0x000035ee       0x21 src/interpreter.o
                0x000035ee                PM_HELP_EB_1
 .progmem.data.PM_HELP_DDS_3
                0x0000360f       0x26 src/interpreter.o
                0x0000360f                PM_HELP_DDS_3
 .progmem.data.PM_HELP_DDS_2
                0x00003635        0xe src/interpreter.o
                0x00003635                PM_HELP_DDS_2
 .progmem.data.PM_HELP_DDS_1
                0x00003643       0x22 src/interpreter.o
                0x00003643                PM_HELP_DDS_1
 .progmem.data.PM_HELP_DAC_2
                0x00003665       0x13 src/interpreter.o
                0x00003665                PM_HELP_DAC_2
 .progmem.data.PM_HELP_DAC_1
                0x00003678       0x19 src/interpreter.o
                0x00003678                PM_HELP_DAC_1
 .progmem.data.PM_HELP_CHIME_1
                0x00003691       0x37 src/interpreter.o
                0x00003691                PM_HELP_CHIME_1
 .progmem.data.PM_HELP_CAL_6
                0x000036c8       0x25 src/interpreter.o
                0x000036c8                PM_HELP_CAL_6
 .progmem.data.PM_HELP_CAL_5
                0x000036ed       0x30 src/interpreter.o
                0x000036ed                PM_HELP_CAL_5
 .progmem.data.PM_HELP_CAL_4
                0x0000371d       0x30 src/interpreter.o
                0x0000371d                PM_HELP_CAL_4
 .progmem.data.PM_HELP_CAL_3
                0x0000374d       0x30 src/interpreter.o
                0x0000374d                PM_HELP_CAL_3
 .progmem.data.PM_HELP_CAL_2
                0x0000377d        0xd src/interpreter.o
                0x0000377d                PM_HELP_CAL_2
 .progmem.data.PM_HELP_CAL_1
                0x0000378a       0x25 src/interpreter.o
                0x0000378a                PM_HELP_CAL_1
 .progmem.data.PM_HELP_BL_2
                0x000037af       0x23 src/interpreter.o
                0x000037af                PM_HELP_BL_2
 .progmem.data.PM_HELP_BL_1
                0x000037d2       0x1c src/interpreter.o
                0x000037d2                PM_HELP_BL_1
 .progmem.data.PM_HELP_BIAS_2
                0x000037ee       0x14 src/interpreter.o
                0x000037ee                PM_HELP_BIAS_2
 .progmem.data.PM_HELP_BIAS_1
                0x00003802       0x1b src/interpreter.o
                0x00003802                PM_HELP_BIAS_1
 .progmem.data.PM_HELP_AX_3
                0x0000381d       0x2c src/interpreter.o
                0x0000381d                PM_HELP_AX_3
 .progmem.data.PM_HELP_AX_2
                0x00003849       0x28 src/interpreter.o
                0x00003849                PM_HELP_AX_2
 .progmem.data.PM_HELP_AX_1
                0x00003871       0x36 src/interpreter.o
                0x00003871                PM_HELP_AX_1
 .progmem.data.PM_HELP_AT_1
                0x000038a7       0x21 src/interpreter.o
                0x000038a7                PM_HELP_AT_1
 .progmem.data.PM_HELP_APRS_12
                0x000038c8       0x25 src/interpreter.o
                0x000038c8                PM_HELP_APRS_12
 .progmem.data.PM_HELP_APRS_11
                0x000038ed       0x28 src/interpreter.o
                0x000038ed                PM_HELP_APRS_11
 .progmem.data.PM_HELP_APRS_10
                0x00003915       0x23 src/interpreter.o
                0x00003915                PM_HELP_APRS_10
 .progmem.data.PM_HELP_APRS_9
                0x00003938       0x26 src/interpreter.o
                0x00003938                PM_HELP_APRS_9
 .progmem.data.PM_HELP_APRS_8
                0x0000395e       0x31 src/interpreter.o
                0x0000395e                PM_HELP_APRS_8
 .progmem.data.PM_HELP_APRS_7
                0x0000398f       0x28 src/interpreter.o
                0x0000398f                PM_HELP_APRS_7
 .progmem.data.PM_HELP_APRS_6
                0x000039b7       0x2b src/interpreter.o
                0x000039b7                PM_HELP_APRS_6
 .progmem.data.PM_HELP_APRS_5
                0x000039e2       0x25 src/interpreter.o
                0x000039e2                PM_HELP_APRS_5
 .progmem.data.PM_HELP_APRS_4
                0x00003a07       0x18 src/interpreter.o
                0x00003a07                PM_HELP_APRS_4
 .progmem.data.PM_HELP_APRS_3
                0x00003a1f       0x1a src/interpreter.o
                0x00003a1f                PM_HELP_APRS_3
 .progmem.data.PM_HELP_APRS_2
                0x00003a39       0x2f src/interpreter.o
                0x00003a39                PM_HELP_APRS_2
 .progmem.data.PM_HELP_APRS_1
                0x00003a68       0x18 src/interpreter.o
                0x00003a68                PM_HELP_APRS_1
 .progmem.data.PM_HELP_ADC_2
                0x00003a80       0x1c src/interpreter.o
                0x00003a80                PM_HELP_ADC_2
 .progmem.data.PM_HELP_ADC_1
                0x00003a9c       0x22 src/interpreter.o
                0x00003a9c                PM_HELP_ADC_1
 .progmem.data.PM_HELP__HASH_1
                0x00003abe       0x2b src/interpreter.o
                0x00003abe                PM_HELP__HASH_1
 .progmem.data.PM_HELP_HDR_2
                0x00003ae9       0x1f src/interpreter.o
                0x00003ae9                PM_HELP_HDR_2
 .progmem.data.PM_HELP_HDR_1
                0x00003b08       0x15 src/interpreter.o
                0x00003b08                PM_HELP_HDR_1
 .progmem.data.PM_TWIINIT_ACCEL
                0x00003b1d        0x7 src/twi_1_2.o
                0x00003b1d                PM_TWIINIT_ACCEL
 .progmem.data.PM_TWIINIT_MAGNETICS
                0x00003b24        0xa src/twi_1_2.o
                0x00003b24                PM_TWIINIT_MAGNETICS
 .progmem.data.PM_TWIINIT_GZ
                0x00003b2e        0x3 src/twi_1_2.o
                0x00003b2e                PM_TWIINIT_GZ
 .progmem.data.PM_TWIINIT_GY
                0x00003b31        0x3 src/twi_1_2.o
                0x00003b31                PM_TWIINIT_GY
 .progmem.data.PM_TWIINIT_GX
                0x00003b34        0x3 src/twi_1_2.o
                0x00003b34                PM_TWIINIT_GX
 .progmem.data.PM_TWIINIT_P100
                0x00003b37        0x2 src/twi_1_2.o
                0x00003b37                PM_TWIINIT_P100
 .progmem.data.PM_TWIINIT_V
                0x00003b39        0x2 src/twi_1_2.o
                0x00003b39                PM_TWIINIT_V
 .progmem.data.PM_TWIINIT_C
                0x00003b3b        0x2 src/twi_1_2.o
                0x00003b3b                PM_TWIINIT_C
 .progmem.data.PM_TWIINIT_QNH
                0x00003b3d        0xa src/twi_1_2.o
                0x00003b3d                PM_TWIINIT_QNH
 .progmem.data.PM_TWIINIT_DP_TEMP
                0x00003b47        0xa src/twi_1_2.o
                0x00003b47                PM_TWIINIT_DP_TEMP
 .progmem.data.PM_TWIINIT_ENV_RELH
                0x00003b51        0xa src/twi_1_2.o
                0x00003b51                PM_TWIINIT_ENV_RELH
 .progmem.data.PM_TWIINIT_ENV_TEMP
                0x00003b5b        0xa src/twi_1_2.o
                0x00003b5b                PM_TWIINIT_ENV_TEMP
 .progmem.data.PM_TWIINIT_MP_UVCTCXO
                0x00003b65        0xa src/twi_1_2.o
                0x00003b65                PM_TWIINIT_MP_UVCTCXO
 .progmem.data.PM_TWIINIT_MP_UBAT
                0x00003b6f        0x7 src/twi_1_2.o
                0x00003b6f                PM_TWIINIT_MP_UBAT
 .progmem.data.PM_TWIINIT_MP_UUSB
                0x00003b76        0x7 src/twi_1_2.o
                0x00003b76                PM_TWIINIT_MP_UUSB
 .progmem.data.PM_TWIINIT_MP_TEMP
                0x00003b7d        0xa src/twi_1_2.o
                0x00003b7d                PM_TWIINIT_MP_TEMP
 .progmem.data.PM_TWIINIT_DATE_TIME
                0x00003b87       0x18 src/twi_1_2.o
                0x00003b87                PM_TWIINIT_DATE_TIME
 .progmem.data.PM_TWIHEADER_BY_DF4IAH
                0x00003b9f        0xa src/twi_1_2.o
                0x00003b9f                PM_TWIHEADER_BY_DF4IAH
 .progmem.data.PM_TWIHEADER_FINDMESAT
                0x00003ba9        0xa src/twi_1_2.o
                0x00003ba9                PM_TWIHEADER_FINDMESAT
 .progmem.data.PM_TWI1_INIT_LCD_01
                0x00003bb3       0x47 src/twi_1_2.o
                0x00003bb3                PM_TWI1_INIT_LCD_01
 .progmem.data.PM_TWI1_INIT_ONBOARD_01
                0x00003bfa       0x10 src/twi_1_2.o
                0x00003bfa                PM_TWI1_INIT_ONBOARD_01
 .progmem.data.PM_TWI1_INIT_ONBOARD_BARO_OK
                0x00003c0a       0x1c src/twi_1_2.o
                0x00003c0a                PM_TWI1_INIT_ONBOARD_BARO_OK
 .progmem.data.PM_TWI1_INIT_BARO_06
                0x00003c26       0x31 src/twi_1_2.o
                0x00003c26                PM_TWI1_INIT_BARO_06
 .progmem.data.PM_TWI1_INIT_BARO_05
                0x00003c57       0x1e src/twi_1_2.o
                0x00003c57                PM_TWI1_INIT_BARO_05
 .progmem.data.PM_TWI1_INIT_BARO_04
                0x00003c75       0x35 src/twi_1_2.o
                0x00003c75                PM_TWI1_INIT_BARO_04
 .progmem.data.PM_TWI1_INIT_BARO_03
                0x00003caa       0x37 src/twi_1_2.o
                0x00003caa                PM_TWI1_INIT_BARO_03
 .progmem.data.PM_TWI1_INIT_BARO_02
                0x00003ce1       0x35 src/twi_1_2.o
                0x00003ce1                PM_TWI1_INIT_BARO_02
 .progmem.data.PM_TWI1_INIT_BARO_01
                0x00003d16       0x3d src/twi_1_2.o
                0x00003d16                PM_TWI1_INIT_BARO_01
 .progmem.data.PM_TWI1_INIT_ONBOARD_GYRO_OK
                0x00003d53       0x1c src/twi_1_2.o
                0x00003d53                PM_TWI1_INIT_ONBOARD_GYRO_OK
 .progmem.data.PM_TWI1_INIT_GYRO_05
                0x00003d6f       0x31 src/twi_1_2.o
                0x00003d6f                PM_TWI1_INIT_GYRO_05
 .progmem.data.PM_TWI1_INIT_GYRO_04
                0x00003da0       0x1e src/twi_1_2.o
                0x00003da0                PM_TWI1_INIT_GYRO_04
 .progmem.data.PM_TWI1_INIT_GYRO_03
                0x00003dbe       0x3d src/twi_1_2.o
                0x00003dbe                PM_TWI1_INIT_GYRO_03
 .progmem.data.PM_TWI1_INIT_GYRO_02
                0x00003dfb       0x3c src/twi_1_2.o
                0x00003dfb                PM_TWI1_INIT_GYRO_02
 .progmem.data.PM_TWI1_INIT_GYRO_01
                0x00003e37       0x3f src/twi_1_2.o
                0x00003e37                PM_TWI1_INIT_GYRO_01
 .progmem.data.PM_TWI1_INIT_ONBOARD_HYGRO_OK
                0x00003e76       0x1c src/twi_1_2.o
                0x00003e76                PM_TWI1_INIT_ONBOARD_HYGRO_OK
 .progmem.data.PM_TWI1_INIT_HYGRO_05
                0x00003e92       0x31 src/twi_1_2.o
                0x00003e92                PM_TWI1_INIT_HYGRO_05
 .progmem.data.PM_TWI1_INIT_HYGRO_04
                0x00003ec3       0x1e src/twi_1_2.o
                0x00003ec3                PM_TWI1_INIT_HYGRO_04
 .progmem.data.PM_TWI1_INIT_HYGRO_03
                0x00003ee1       0x35 src/twi_1_2.o
                0x00003ee1                PM_TWI1_INIT_HYGRO_03
 .progmem.data.PM_TWI1_INIT_HYGRO_02
                0x00003f16       0x47 src/twi_1_2.o
                0x00003f16                PM_TWI1_INIT_HYGRO_02
 .progmem.data.PM_TWI1_INIT_HYGRO_01
                0x00003f5d       0x37 src/twi_1_2.o
                0x00003f5d                PM_TWI1_INIT_HYGRO_01
 .progmem.data.PM_FORMAT_KMPH
                0x00003f94        0x5 src/twi_1_2.o
                0x00003f94                PM_FORMAT_KMPH
 .progmem.data.PM_FORMAT_07F2
                0x00003f99        0x7 src/twi_1_2.o
                0x00003f99                PM_FORMAT_07F2
 .progmem.data.PM_FORMAT_05F2
                0x00003fa0        0x7 src/twi_1_2.o
                0x00003fa0                PM_FORMAT_05F2
 .progmem.data.PM_FORMAT_05LD
                0x00003fa7        0x6 src/twi_1_2.o
                0x00003fa7                PM_FORMAT_05LD
 .progmem.data.PM_FORMAT_5F3
                0x00003fad        0x6 src/twi_1_2.o
                0x00003fad                PM_FORMAT_5F3
 .progmem.data.PM_FORMAT_5F1
                0x00003fb3        0x6 src/twi_1_2.o
                0x00003fb3                PM_FORMAT_5F1
 .progmem.data.PM_FORMAT_4F1
                0x00003fb9        0x6 src/twi_1_2.o
                0x00003fb9                PM_FORMAT_4F1
 .progmem.data.PM_FORMAT_4LD
                0x00003fbf        0x5 src/twi_1_2.o
                0x00003fbf                PM_FORMAT_4LD
 .progmem.data.PM_FORMAT_03LD
                0x00003fc4        0x6 src/twi_1_2.o
                0x00003fc4                PM_FORMAT_03LD
 .progmem.data.PM_FORMAT_02LD
                0x00003fca        0x6 src/twi_1_2.o
                0x00003fca                PM_FORMAT_02LD
 .progmem.data.PM_DEBUG_MAIN_1PPS_2
                0x00003fd0       0x1c src/main.o
                0x00003fd0                PM_DEBUG_MAIN_1PPS_2
 .progmem.data.PM_DEBUG_MAIN_1PPS_1
                0x00003fec       0x39 src/main.o
                0x00003fec                PM_DEBUG_MAIN_1PPS_1
 .progmem.data.PM_CALIBRATION_ACCELZ_END
                0x00004025       0x1d src/main.o
                0x00004025                PM_CALIBRATION_ACCELZ_END
 .progmem.data.PM_CALIBRATION_ACCELZ_START
                0x00004042       0x23 src/main.o
                0x00004042                PM_CALIBRATION_ACCELZ_START
 .progmem.data.PM_CALIBRATION_ACCELY_END
                0x00004065       0x1d src/main.o
                0x00004065                PM_CALIBRATION_ACCELY_END
 .progmem.data.PM_CALIBRATION_ACCELY_START
                0x00004082       0x23 src/main.o
                0x00004082                PM_CALIBRATION_ACCELY_START
 .progmem.data.PM_CALIBRATION_ACCELX_END
                0x000040a5       0x1d src/main.o
                0x000040a5                PM_CALIBRATION_ACCELX_END
 .progmem.data.PM_CALIBRATION_ACCELX_START
                0x000040c2       0x23 src/main.o
                0x000040c2                PM_CALIBRATION_ACCELX_START
 .progmem.data.PM_CALIBRATION_GYRO_END
                0x000040e5       0x1d src/main.o
                0x000040e5                PM_CALIBRATION_GYRO_END
 .progmem.data.PM_CALIBRATION_GYRO_START
                0x00004102       0x23 src/main.o
                0x00004102                PM_CALIBRATION_GYRO_START
 .progmem.data.PM_TWI1_SHUT_01
                0x00004125       0x12 src/main.o
                0x00004125                PM_TWI1_SHUT_01
 .progmem.data.PM_SIM808_INFO_READY
                0x00004137       0x1d src/main.o
                0x00004137                PM_SIM808_INFO_READY
 .progmem.data.PM_SIM808_INFO_LCD_READY
                0x00004154       0x1f src/main.o
                0x00004154                PM_SIM808_INFO_LCD_READY
 .progmem.data.PM_GSM_IP_PROTO_UDP_STR
                0x00004173        0x4 src/main.o
                0x00004173                PM_GSM_IP_PROTO_UDP_STR
 .progmem.data.PM_GSM_IP_PROTO_TCP_STR
                0x00004177        0x4 src/main.o
                0x00004177                PM_GSM_IP_PROTO_TCP_STR
 .progmem.data.PM_APRS_TX_MSGEND
                0x0000417b        0x3 src/main.o
                0x0000417b                PM_APRS_TX_MSGEND
 .progmem.data.PM_APRS_TX_N4
                0x0000417e       0x23 src/main.o
                0x0000417e                PM_APRS_TX_N4
 .progmem.data.PM_APRS_TX_N3
                0x000041a1       0x26 src/main.o
                0x000041a1                PM_APRS_TX_N3
 .progmem.data.PM_APRS_TX_N2
                0x000041c7       0x23 src/main.o
                0x000041c7                PM_APRS_TX_N2
 .progmem.data.PM_APRS_TX_N1
                0x000041ea       0x26 src/main.o
                0x000041ea                PM_APRS_TX_N1
 .progmem.data.PM_APRS_TX_POS_SPD_HDG
                0x00004210       0x25 src/main.o
                0x00004210                PM_APRS_TX_POS_SPD_HDG
 .progmem.data.PM_APRS_TX_FORWARD
                0x00004235       0x12 src/main.o
                0x00004235                PM_APRS_TX_FORWARD
 .progmem.data.PM_APRS_TX_LOGIN
                0x00004247       0x1d src/main.o
                0x00004247                PM_APRS_TX_LOGIN
 .progmem.data.PM_APRS_TX_HTTP_L4
                0x00004264       0x1c src/main.o
                0x00004264                PM_APRS_TX_HTTP_L4
 .progmem.data.PM_APRS_TX_HTTP_L3
                0x00004280       0x29 src/main.o
                0x00004280                PM_APRS_TX_HTTP_L3
 .progmem.data.PM_APRS_TX_HTTP_L2
                0x000042a9       0x15 src/main.o
                0x000042a9                PM_APRS_TX_HTTP_L2
 .progmem.data.PM_APRS_TX_HTTP_L1
                0x000042be       0x12 src/main.o
                0x000042be                PM_APRS_TX_HTTP_L1
 .progmem.data.PM_POCSAG_TX_SPD_HDG_POS_NEWS
                0x000042d0       0x4c src/main.o
                0x000042d0                PM_POCSAG_TX_SPD_HDG_POS_NEWS
 .progmem.data.PM_POCSAG_TX_SPD_HDG_POS_RIC
                0x0000431c       0x32 src/main.o
                0x0000431c                PM_POCSAG_TX_SPD_HDG_POS_RIC
 .progmem.data.PM_POCSAG_TX_MSG_SRCCALL
                0x0000434e        0x6 src/main.o
                0x0000434e                PM_POCSAG_TX_MSG_SRCCALL
                0x00004354                . = ALIGN (0x2)
 *(.jumptables)
 *(.jumptables*)
 *(.lowtext)
 *(.lowtext*)
                0x00004354                __ctors_start = .
 *(.ctors)
                0x00004354                __ctors_end = .
                0x00004354                __dtors_start = .
 *(.dtors)
                0x00004354                __dtors_end = .
 SORT(*)(.ctors)
 SORT(*)(.dtors)
 *(.init0)
 .init0         0x00004354        0x0 C:/Program Files (x86)/Atmel/Studio/7.0/Packs/Atmel/XMEGAA_DFP/1.1.68/gcc/dev/atxmega256a3bu/avrxmega6/crtatxmega256a3bu.o
                0x00004354                __init
 *(.init0)
 *(.init1)
 *(.init1)
 *(.init2)
 .init2         0x00004354       0x10 C:/Program Files (x86)/Atmel/Studio/7.0/Packs/Atmel/XMEGAA_DFP/1.1.68/gcc/dev/atxmega256a3bu/avrxmega6/crtatxmega256a3bu.o
 *(.init2)
 *(.init3)
 *(.init3)
 *(.init4)
 .init4         0x00004364       0x1a c:/program files (x86)/atmel/studio/7.0/toolchain/avr8/avr8-gnu-toolchain/bin/../lib/gcc/avr/5.4.0/avrxmega6\libgcc.a(_copy_data.o)
                0x00004364                __do_copy_data
 .init4         0x0000437e       0x10 c:/program files (x86)/atmel/studio/7.0/toolchain/avr8/avr8-gnu-toolchain/bin/../lib/gcc/avr/5.4.0/avrxmega6\libgcc.a(_clear_bss.o)
                0x0000437e                __do_clear_bss
 *(.init4)
 *(.init5)
 *(.init5)
 *(.init6)
 *(.init6)
 *(.init7)
 *(.init7)
 *(.init8)
 *(.init8)
 *(.init9)
 .init9         0x0000438e        0x8 C:/Program Files (x86)/Atmel/Studio/7.0/Packs/Atmel/XMEGAA_DFP/1.1.68/gcc/dev/atxmega256a3bu/avrxmega6/crtatxmega256a3bu.o
 *(.init9)
 *(.text)
 .text          0x00004396        0x4 C:/Program Files (x86)/Atmel/Studio/7.0/Packs/Atmel/XMEGAA_DFP/1.1.68/gcc/dev/atxmega256a3bu/avrxmega6/crtatxmega256a3bu.o
                0x00004396                __vector_38
                0x00004396                __vector_104
                0x00004396                __vector_63
                0x00004396                __vector_28
                0x00004396                __vector_67
                0x00004396                __vector_1
                0x00004396                __vector_32
                0x00004396                __vector_75
                0x00004396                __vector_91
                0x00004396                __vector_34
                0x00004396                __vector_62
                0x00004396                __vector_102
                0x00004396                __vector_24
                0x00004396                __vector_12
                0x00004396                __vector_69
                0x00004396                __vector_90
                0x00004396                __bad_interrupt
                0x00004396                __vector_122
                0x00004396                __vector_114
                0x00004396                __vector_31
                0x00004396                __vector_92
                0x00004396                __vector_35
                0x00004396                __vector_117
                0x00004396                __vector_107
                0x00004396                __vector_3
                0x00004396                __vector_105
                0x00004396                __vector_98
                0x00004396                __vector_68
                0x00004396                __vector_30
                0x00004396                __vector_45
                0x00004396                __vector_25
                0x00004396                __vector_93
                0x00004396                __vector_61
                0x00004396                __vector_99
                0x00004396                __vector_123
                0x00004396                __vector_100
                0x00004396                __vector_101
                0x00004396                __vector_64
                0x00004396                __vector_88
                0x00004396                __vector_43
                0x00004396                __vector_27
                0x00004396                __vector_5
                0x00004396                __vector_33
                0x00004396                __vector_76
                0x00004396                __vector_115
                0x00004396                __vector_37
                0x00004396                __vector_95
                0x00004396                __vector_103
                0x00004396                __vector_96
                0x00004396                __vector_89
                0x00004396                __vector_44
                0x00004396                __vector_106
                0x00004396                __vector_118
                0x00004396                __vector_2
                0x00004396                __vector_66
                0x00004396                __vector_36
                0x00004396                __vector_58
                0x00004396                __vector_70
                0x00004396                __vector_29
                0x00004396                __vector_60
                0x00004396                __vector_94
                0x00004396                __vector_26
                0x00004396                __vector_124
                0x00004396                __vector_116
                0x00004396                __vector_57
                0x00004396                __vector_10
                0x00004396                __vector_59
                0x00004396                __vector_97
                0x00004396                __vector_87
                0x00004396                __vector_65
                0x00004396                __vector_120
                0x0000439a                . = ALIGN (0x2)
 *(.text.*)
 .text.spi_master_init
                0x0000439a       0x4a src/ASF/common/services/spi/xmega_spi/spi_master.o
                0x0000439a                spi_master_init
 .text.spi_master_setup_device
                0x000043e4       0x3c src/ASF/common/services/spi/xmega_spi/spi_master.o
                0x000043e4                spi_master_setup_device
 .text.spi_write_packet
                0x00004420       0x22 src/ASF/common/services/spi/xmega_spi/spi_master.o
                0x00004420                spi_write_packet
 .text.spi_read_packet
                0x00004442       0x26 src/ASF/common/services/spi/xmega_spi/spi_master.o
                0x00004442                spi_read_packet
 .text.spi_select_device
                0x00004468       0x2c src/ASF/common/services/spi/xmega_spi/spi_master.o
                0x00004468                spi_select_device
 .text.spi_deselect_device
                0x00004494       0x2c src/ASF/common/services/spi/xmega_spi/spi_master.o
                0x00004494                spi_deselect_device
 .text.spi_xmega_set_baud_div
                0x000044c0       0x90 src/ASF/xmega/drivers/spi/spi.o
                0x000044c0                spi_xmega_set_baud_div
 .text.__vector_119
                0x00004550       0x9c src/serial_sim.o
                0x00004550                __vector_119
 .text.__vector_121
                0x000045ec       0xac src/serial_sim.o
                0x000045ec                __vector_121
 .text.serial_sim808_send
                0x00004698       0xc8 src/serial_sim.o
                0x00004698                serial_sim808_send
 .text.serial_init
                0x00004760      0x29c src/serial_sim.o
                0x00004760                serial_init
 .text.serial_shutdown
                0x000049fc       0x3c src/serial_sim.o
                0x000049fc                serial_shutdown
 .text.task_serial
                0x00004a38      0x2da src/serial_sim.o
                0x00004a38                task_serial
 .text.serial_sim808_sendAndResponse
                0x00004d12       0x2e src/serial_sim.o
                0x00004d12                serial_sim808_sendAndResponse
 .text.serial_send_gns_urc
                0x00004d40       0x56 src/serial_sim.o
                0x00004d40                serial_send_gns_urc
 .text.serial_gsm_gprs_ip_openClose
                0x00004d96      0x1c4 src/serial_sim.o
                0x00004d96                serial_gsm_gprs_ip_openClose
 .text.serial_gsm_rx_creg
                0x00004f5a       0x96 src/serial_sim.o
                0x00004f5a                serial_gsm_rx_creg
 .text.serial_sim808_gsm_setFuncMode
                0x00004ff0       0x60 src/serial_sim.o
                0x00004ff0                serial_sim808_gsm_setFuncMode
 .text.serial_gsm_activation
                0x00005050      0x20e src/serial_sim.o
                0x00005050                serial_gsm_activation
 .text.serial_start
                0x0000525e      0x696 src/serial_sim.o
                0x0000525e                serial_start
 .text.serial_gsm_gprs_link_openClose
                0x000058f4      0x26c src/serial_sim.o
                0x000058f4                serial_gsm_gprs_link_openClose
 .text.serial_sim808_gsm_shutdown
                0x00005b60      0x164 src/serial_sim.o
                0x00005b60                serial_sim808_gsm_shutdown
 .text.serial_gsm_rx_cgatt
                0x00005cc4      0x166 src/serial_sim.o
                0x00005cc4                serial_gsm_rx_cgatt
 .text.serial_filter_inStream.part.4
                0x00005e2a      0x864 src/serial_sim.o
 .text.spi_ax_transport.constprop.19
                0x0000668e      0x294 src/spi_ax.o
 .text.spi_ax_util_PR1200_Tx_FIFO_AddressField.part.3
                0x00006922      0x2e8 src/spi_ax.o
 .text.spi_ax_selectVcoFreq.constprop.7
                0x00006c0a       0xea src/spi_ax.o
 .text.ax_pocsag_analyze_msg_tgtFunc_get
                0x00006cf4       0x7e src/spi_ax.o
                0x00006cf4                ax_pocsag_analyze_msg_tgtFunc_get
 .text.spi_ax_pocsag_skyper_RIC2ActivationString
                0x00006d72       0x8e src/spi_ax.o
                0x00006d72                spi_ax_pocsag_skyper_RIC2ActivationString
 .text.spi_ax_pocsag_skyper_TimeString
                0x00006e00       0xa4 src/spi_ax.o
                0x00006e00                spi_ax_pocsag_skyper_TimeString
 .text.spi_ax_pocsag_skyper_RubricString
                0x00006ea4       0x9a src/spi_ax.o
                0x00006ea4                spi_ax_pocsag_skyper_RubricString
 .text.spi_ax_pocsag_skyper_NewsString
                0x00006f3e       0x98 src/spi_ax.o
                0x00006f3e                spi_ax_pocsag_skyper_NewsString
 .text.spi_ax_transport
                0x00006fd6      0x2e4 src/spi_ax.o
                0x00006fd6                spi_ax_transport
 .text.spi_ax_initRegisters_FSK
                0x000072ba      0x216 src/spi_ax.o
                0x000072ba                spi_ax_initRegisters_FSK
 .text.spi_ax_initRegisters_PR1200
                0x000074d0      0x30a src/spi_ax.o
                0x000074d0                spi_ax_initRegisters_PR1200
 .text.spi_ax_initRegisters_PR1200_Tx
                0x000077da       0xa8 src/spi_ax.o
                0x000077da                spi_ax_initRegisters_PR1200_Tx
 .text.spi_ax_initRegisters_PR1200_Rx
                0x00007882       0xb8 src/spi_ax.o
                0x00007882                spi_ax_initRegisters_PR1200_Rx
 .text.spi_ax_run_PR1200_Tx_FIFO_APRS
                0x0000793a      0x158 src/spi_ax.o
                0x0000793a                spi_ax_run_PR1200_Tx_FIFO_APRS
 .text.spi_ax_initRegisters_POCSAG
                0x00007a92      0x3c8 src/spi_ax.o
                0x00007a92                spi_ax_initRegisters_POCSAG
 .text.spi_ax_util_POCSAG_Tx_FIFO_Batches
                0x00007e5a      0x62a src/spi_ax.o
                0x00007e5a                spi_ax_util_POCSAG_Tx_FIFO_Batches
 .text.spi_ax_run_POCSAG_Tx_FIFO_Msg
                0x00008484       0x98 src/spi_ax.o
                0x00008484                spi_ax_run_POCSAG_Tx_FIFO_Msg
 .text.spi_ax_initRegisters_AnlogFM_Rx
                0x0000851c       0x78 src/spi_ax.o
                0x0000851c                spi_ax_initRegisters_AnlogFM_Rx
 .text.spi_ax_setRegisters
                0x00008594      0xde2 src/spi_ax.o
                0x00008594                spi_ax_setRegisters
 .text.spi_ax_setRegisters.constprop.11
                0x00009376      0x83c src/spi_ax.o
 .text.spi_ax_setRegisters.constprop.12
                0x00009bb2      0x5e8 src/spi_ax.o
 .text.spi_ax_doRanging
                0x0000a19a      0x4b0 src/spi_ax.o
                0x0000a19a                spi_ax_doRanging
 .text.spi_ax_init_PR1200_Tx
                0x0000a64a      0x130 src/spi_ax.o
                0x0000a64a                spi_ax_init_PR1200_Tx
 .text.spi_ax_init_POCSAG_Tx
                0x0000a77a      0x226 src/spi_ax.o
                0x0000a77a                spi_ax_init_POCSAG_Tx
 .text.spi_ax_send_POCSAG_Msg
                0x0000a9a0       0xc6 src/spi_ax.o
                0x0000a9a0                spi_ax_send_POCSAG_Msg
 .text.spi_init
                0x0000aa66       0xb0 src/spi_ax.o
                0x0000aa66                spi_init
 .text.spi_start
                0x0000ab16       0x4e src/spi_ax.o
                0x0000ab16                spi_start
 .text.udi_write_tx_msg_P
                0x0000ab64      0x104 src/usb.o
                0x0000ab64                udi_write_tx_msg_P
 .text.udi_write_tx_buf
                0x0000ac68      0x108 src/usb.o
                0x0000ac68                udi_write_tx_buf
 .text.udi_write_serial_line
                0x0000ad70      0x1ac src/usb.o
                0x0000ad70                udi_write_serial_line
 .text.usb_init
                0x0000af1c      0x4aa src/usb.o
                0x0000af1c                usb_init
 .text.usb_callback_suspend_action
                0x0000b3c6        0x2 src/usb.o
                0x0000b3c6                usb_callback_suspend_action
 .text.usb_callback_resume_action
                0x0000b3c8        0x2 src/usb.o
                0x0000b3c8                usb_callback_resume_action
 .text.usb_callback_remotewakeup_enable
                0x0000b3ca        0x2 src/usb.o
                0x0000b3ca                usb_callback_remotewakeup_enable
 .text.usb_callback_remotewakeup_disable
                0x0000b3cc        0x2 src/usb.o
                0x0000b3cc                usb_callback_remotewakeup_disable
 .text.usb_callback_cdc_enable
                0x0000b3ce        0x8 src/usb.o
                0x0000b3ce                usb_callback_cdc_enable
 .text.usb_callback_cdc_disable
                0x0000b3d6        0x6 src/usb.o
                0x0000b3d6                usb_callback_cdc_disable
 .text.usb_callback_config
                0x0000b3dc        0x2 src/usb.o
                0x0000b3dc                usb_callback_config
 .text.usb_callback_cdc_set_dtr
                0x0000b3de        0x2 src/usb.o
                0x0000b3de                usb_callback_cdc_set_dtr
 .text.usb_callback_cdc_set_rts
                0x0000b3e0        0x2 src/usb.o
                0x0000b3e0                usb_callback_cdc_set_rts
 .text.usb_callback_rx_notify
                0x0000b3e2        0x8 src/usb.o
                0x0000b3e2                usb_callback_rx_notify
 .text.usb_callback_tx_empty_notify
                0x0000b3ea        0x6 src/usb.o
                0x0000b3ea                usb_callback_tx_empty_notify
 .text.task_usb
                0x0000b3f0     0x15b2 src/usb.o
                0x0000b3f0                task_usb
 .text.nvm_init
                0x0000c9a2        0xc src/ASF/common/drivers/nvm/xmega/xmega_nvm.o
                0x0000c9a2                nvm_init
 .text.nvm_read
                0x0000c9ae       0x68 src/ASF/common/drivers/nvm/xmega/xmega_nvm.o
                0x0000c9ae                nvm_read
 .text.nvm_write
                0x0000ca16       0x6c src/ASF/common/drivers/nvm/xmega/xmega_nvm.o
                0x0000ca16                nvm_write
 .text.calendar_timestamp_to_date
                0x0000ca82      0x2e8 src/ASF/common/services/calendar/calendar.o
                0x0000ca82                calendar_timestamp_to_date
 .text.calendar_date_to_timestamp
                0x0000cd6a      0x352 src/ASF/common/services/calendar/calendar.o
                0x0000cd6a                calendar_date_to_timestamp
 .text.fifo_init
                0x0000d0bc       0x18 src/ASF/common/services/fifo/fifo.o
                0x0000d0bc                fifo_init
 .text.dma_enable
                0x0000d0d4       0x44 src/ASF/xmega/drivers/dma/dma.o
                0x0000d0d4                dma_enable
 .text.dma_disable
                0x0000d118       0x3c src/ASF/xmega/drivers/dma/dma.o
                0x0000d118                dma_disable
 .text.dma_set_callback
                0x0000d154       0x12 src/ASF/xmega/drivers/dma/dma.o
                0x0000d154                dma_set_callback
 .text.__vector_6
                0x0000d166       0xba src/ASF/xmega/drivers/dma/dma.o
                0x0000d166                __vector_6
 .text.__vector_7
                0x0000d220       0xc8 src/ASF/xmega/drivers/dma/dma.o
                0x0000d220                __vector_7
 .text.__vector_8
                0x0000d2e8       0xc4 src/ASF/xmega/drivers/dma/dma.o
                0x0000d2e8                __vector_8
 .text.__vector_9
                0x0000d3ac       0xb0 src/ASF/xmega/drivers/dma/dma.o
                0x0000d3ac                __vector_9
 .text.dma_channel_write_config
                0x0000d45c       0x86 src/ASF/xmega/drivers/dma/dma.o
                0x0000d45c                dma_channel_write_config
 .text.rtc_get_time
                0x0000d4e2       0x20 src/ASF/xmega/drivers/rtc32/rtc32.o
                0x0000d4e2                rtc_get_time
 .text.rtc_set_alarm
                0x0000d502       0x16 src/ASF/xmega/drivers/rtc32/rtc32.o
                0x0000d502                rtc_set_alarm
 .text.rtc_set_callback
                0x0000d518        0xa src/ASF/xmega/drivers/rtc32/rtc32.o
                0x0000d518                rtc_set_callback
 .text.rtc_init
                0x0000d522       0x94 src/ASF/xmega/drivers/rtc32/rtc32.o
                0x0000d522                rtc_init
 .text.__vector_11
                0x0000d5b6       0x7c src/ASF/xmega/drivers/rtc32/rtc32.o
                0x0000d5b6                __vector_11
 .text.get_interpolated_sine
                0x0000d632       0x68 src/dds.o
                0x0000d632                get_interpolated_sine
 .text.printHelp
                0x0000d69a      0x1fe src/interpreter.o
                0x0000d69a                printHelp
 .text.interpreter_doProcess
                0x0000d898      0xae2 src/interpreter.o
                0x0000d898                interpreter_doProcess
 .text.task_twi1_hygro
                0x0000e37a      0x1d2 src/twi_1_2.o
 .text.task_twi1_baro
                0x0000e54c      0x52c src/twi_1_2.o
 .text.twi2_waitUntilReady.constprop.34
                0x0000ea78      0x106 src/twi_1_2.o
 .text.task_twi1_gyro
                0x0000eb7e      0x570 src/twi_1_2.o
                0x0000eb7e                task_twi1_gyro
 .text.task_twi2_lcd__gyro_gfxaccel.part.26
                0x0000f0ee      0x56a src/twi_1_2.o
 .text.task_twi2_lcd__gyro_gfxmag.part.25
                0x0000f658      0x870 src/twi_1_2.o
 .text.task_twi2_lcd__gyro_gfxgyro.part.27
                0x0000fec8      0x7c0 src/twi_1_2.o
 .text.task_twi2_lcd__sim1.part.23
                0x00010688      0xb18 src/twi_1_2.o
 .text.calc_gyro1_accel_raw2mg
                0x000111a0       0xde src/twi_1_2.o
                0x000111a0                calc_gyro1_accel_raw2mg
 .text.twi2_set_leds
                0x0001127e       0x46 src/twi_1_2.o
                0x0001127e                twi2_set_leds
 .text.twi2_set_ledbl
                0x000112c4       0x50 src/twi_1_2.o
                0x000112c4                twi2_set_ledbl
 .text.twi2_set_bias
                0x00011314       0x44 src/twi_1_2.o
                0x00011314                twi2_set_bias
 .text.twi2_set_beep
                0x00011358       0x50 src/twi_1_2.o
                0x00011358                twi2_set_beep
 .text.twi1_gyro_gyro_offset_set
                0x000113a8       0x5c src/twi_1_2.o
                0x000113a8                twi1_gyro_gyro_offset_set
 .text.twi1_gyro_accel_offset_set
                0x00011404       0xbc src/twi_1_2.o
                0x00011404                twi1_gyro_accel_offset_set
 .text.service_twi1_gyro.part.9
                0x000114c0      0x27c src/twi_1_2.o
 .text.twi1_gyro_get_mean_values
                0x0001173c      0x212 src/twi_1_2.o
                0x0001173c                twi1_gyro_get_mean_values
 .text.start_twi2_lcd
                0x0001194e       0x86 src/twi_1_2.o
                0x0001194e                start_twi2_lcd
 .text.twi2_waitUntilReady
                0x000119d4      0x120 src/twi_1_2.o
                0x000119d4                twi2_waitUntilReady
 .text.start_twi2_lcd.part.4
                0x00011af4      0x31e src/twi_1_2.o
 .text.twi_init
                0x00011e12       0x14 src/twi_1_2.o
                0x00011e12                twi_init
 .text.service_twi1_gyro
                0x00011e26       0x48 src/twi_1_2.o
                0x00011e26                service_twi1_gyro
 .text.isr_100ms_twi1_onboard
                0x00011e6e       0x7a src/twi_1_2.o
                0x00011e6e                isr_100ms_twi1_onboard
 .text.isr_500ms_twi1_onboard
                0x00011ee8      0x28a src/twi_1_2.o
                0x00011ee8                isr_500ms_twi1_onboard
 .text.isr_sparetime_twi1_onboard
                0x00012172      0x1e4 src/twi_1_2.o
                0x00012172                isr_sparetime_twi1_onboard
 .text.task_twi2_lcd_reset
                0x00012356       0x38 src/twi_1_2.o
                0x00012356                task_twi2_lcd_reset
 .text.task_twi2_lcd_cls
                0x0001238e       0x34 src/twi_1_2.o
                0x0001238e                task_twi2_lcd_cls
 .text.task_twi2_lcd_str
                0x000123c2       0xf4 src/twi_1_2.o
                0x000123c2                task_twi2_lcd_str
 .text.init_twi1_gyro
                0x000124b6      0x4ea src/twi_1_2.o
                0x000124b6                init_twi1_gyro
 .text.task_twi2_lcd_header.part.18
                0x000129a0      0x276 src/twi_1_2.o
 .text.twi_start
                0x00012c16      0x6ce src/twi_1_2.o
                0x00012c16                twi_start
 .text.task_twi2_lcd_header
                0x000132e4        0xe src/twi_1_2.o
                0x000132e4                task_twi2_lcd_header
 .text.task_twi2_lcd_template
                0x000132f2      0x37e src/twi_1_2.o
                0x000132f2                task_twi2_lcd_template
 .text.task_twi2_lcd__cpu1
                0x00013670      0x744 src/twi_1_2.o
                0x00013670                task_twi2_lcd__cpu1
 .text.task_twi2_lcd__cpu2
                0x00013db4      0x1f4 src/twi_1_2.o
                0x00013db4                task_twi2_lcd__cpu2
 .text.task_twi2_lcd__hygro
                0x00013fa8      0x10e src/twi_1_2.o
                0x00013fa8                task_twi2_lcd__hygro
 .text.task_twi2_lcd__gyro
                0x000140b6      0x11e src/twi_1_2.o
                0x000140b6                task_twi2_lcd__gyro
 .text.task_twi2_lcd__baro
                0x000141d4      0x13c src/twi_1_2.o
                0x000141d4                task_twi2_lcd__baro
 .text.task_twi
                0x00014310      0x5a2 src/twi_1_2.o
                0x00014310                task_twi
 .text.board_init
                0x000148b2        0x2 src/ASF/common/boards/user_board/init.o
                0x000148b2                board_init
 .text.adc_set_callback
                0x000148b4       0x4e src/ASF/xmega/drivers/adc/adc.o
                0x000148b4                adc_set_callback
 .text.adc_enable_clock
                0x00014902       0x40 src/ASF/xmega/drivers/adc/adc.o
                0x00014902                adc_enable_clock
 .text.adc_disable_clock
                0x00014942       0x3c src/ASF/xmega/drivers/adc/adc.o
                0x00014942                adc_disable_clock
 .text.adc_enable
                0x0001497e       0x98 src/ASF/xmega/drivers/adc/adc.o
                0x0001497e                adc_enable
 .text.adc_disable
                0x00014a16       0x88 src/ASF/xmega/drivers/adc/adc.o
                0x00014a16                adc_disable
 .text.__vector_71
                0x00014a9e       0x64 src/ASF/xmega/drivers/adc/xmega_aau/adc_aau.o
                0x00014a9e                __vector_71
 .text.__vector_72
                0x00014b02       0x64 src/ASF/xmega/drivers/adc/xmega_aau/adc_aau.o
                0x00014b02                __vector_72
 .text.__vector_73
                0x00014b66       0x64 src/ASF/xmega/drivers/adc/xmega_aau/adc_aau.o
                0x00014b66                __vector_73
 .text.__vector_74
                0x00014bca       0x64 src/ASF/xmega/drivers/adc/xmega_aau/adc_aau.o
                0x00014bca                __vector_74
 .text.__vector_39
                0x00014c2e       0x64 src/ASF/xmega/drivers/adc/xmega_aau/adc_aau.o
                0x00014c2e                __vector_39
 .text.__vector_40
                0x00014c92       0x64 src/ASF/xmega/drivers/adc/xmega_aau/adc_aau.o
                0x00014c92                __vector_40
 .text.__vector_41
                0x00014cf6       0x64 src/ASF/xmega/drivers/adc/xmega_aau/adc_aau.o
                0x00014cf6                __vector_41
 .text.__vector_42
                0x00014d5a       0x64 src/ASF/xmega/drivers/adc/xmega_aau/adc_aau.o
                0x00014d5a                __vector_42
 .text.adc_write_configuration
                0x00014dbe       0xda src/ASF/xmega/drivers/adc/xmega_aau/adc_aau.o
                0x00014dbe                adc_write_configuration
 .text.adc_read_configuration
                0x00014e98       0x72 src/ASF/xmega/drivers/adc/xmega_aau/adc_aau.o
                0x00014e98                adc_read_configuration
 .text.adcch_write_configuration
                0x00014f0a       0x9e src/ASF/xmega/drivers/adc/xmega_aau/adc_aau.o
                0x00014f0a                adcch_write_configuration
 .text.adcch_read_configuration
                0x00014fa8       0x9e src/ASF/xmega/drivers/adc/xmega_aau/adc_aau.o
                0x00014fa8                adcch_read_configuration
 .text.dac_enable
                0x00015046       0x76 src/ASF/xmega/drivers/dac/dac.o
                0x00015046                dac_enable
 .text.dac_disable
                0x000150bc       0x68 src/ASF/xmega/drivers/dac/dac.o
                0x000150bc                dac_disable
 .text.dac_write_configuration
                0x00015124       0xdc src/ASF/xmega/drivers/dac/dac.o
                0x00015124                dac_write_configuration
 .text.dac_read_configuration
                0x00015200       0xae src/ASF/xmega/drivers/dac/dac.o
                0x00015200                dac_read_configuration
 .text.__vector_14
                0x000152ae       0x5a src/ASF/xmega/drivers/tc/tc.o
                0x000152ae                __vector_14
 .text.__vector_15
                0x00015308       0x5a src/ASF/xmega/drivers/tc/tc.o
                0x00015308                __vector_15
 .text.__vector_16
                0x00015362       0x5a src/ASF/xmega/drivers/tc/tc.o
                0x00015362                __vector_16
 .text.__vector_17
                0x000153bc       0x5a src/ASF/xmega/drivers/tc/tc.o
                0x000153bc                __vector_17
 .text.__vector_18
                0x00015416       0x5a src/ASF/xmega/drivers/tc/tc.o
                0x00015416                __vector_18
 .text.__vector_19
                0x00015470       0x5a src/ASF/xmega/drivers/tc/tc.o
                0x00015470                __vector_19
 .text.__vector_20
                0x000154ca       0x5a src/ASF/xmega/drivers/tc/tc.o
                0x000154ca                __vector_20
 .text.__vector_21
                0x00015524       0x5a src/ASF/xmega/drivers/tc/tc.o
                0x00015524                __vector_21
 .text.__vector_22
                0x0001557e       0x5a src/ASF/xmega/drivers/tc/tc.o
                0x0001557e                __vector_22
 .text.__vector_23
                0x000155d8       0x5a src/ASF/xmega/drivers/tc/tc.o
                0x000155d8                __vector_23
 .text.__vector_77
                0x00015632       0x5a src/ASF/xmega/drivers/tc/tc.o
                0x00015632                __vector_77
 .text.__vector_78
                0x0001568c       0x5a src/ASF/xmega/drivers/tc/tc.o
                0x0001568c                __vector_78
 .text.__vector_79
                0x000156e6       0x5a src/ASF/xmega/drivers/tc/tc.o
                0x000156e6                __vector_79
 .text.__vector_80
                0x00015740       0x5a src/ASF/xmega/drivers/tc/tc.o
                0x00015740                __vector_80
 .text.__vector_81
                0x0001579a       0x5a src/ASF/xmega/drivers/tc/tc.o
                0x0001579a                __vector_81
 .text.__vector_82
                0x000157f4       0x5a src/ASF/xmega/drivers/tc/tc.o
                0x000157f4                __vector_82
 .text.__vector_83
                0x0001584e       0x5a src/ASF/xmega/drivers/tc/tc.o
                0x0001584e                __vector_83
 .text.__vector_84
                0x000158a8       0x5a src/ASF/xmega/drivers/tc/tc.o
                0x000158a8                __vector_84
 .text.__vector_85
                0x00015902       0x5a src/ASF/xmega/drivers/tc/tc.o
                0x00015902                __vector_85
 .text.__vector_86
                0x0001595c       0x5a src/ASF/xmega/drivers/tc/tc.o
                0x0001595c                __vector_86
 .text.__vector_47
                0x000159b6       0x5a src/ASF/xmega/drivers/tc/tc.o
                0x000159b6                __vector_47
 .text.__vector_48
                0x00015a10       0x5a src/ASF/xmega/drivers/tc/tc.o
                0x00015a10                __vector_48
 .text.__vector_49
                0x00015a6a       0x5a src/ASF/xmega/drivers/tc/tc.o
                0x00015a6a                __vector_49
 .text.__vector_50
                0x00015ac4       0x5a src/ASF/xmega/drivers/tc/tc.o
                0x00015ac4                __vector_50
 .text.__vector_51
                0x00015b1e       0x5a src/ASF/xmega/drivers/tc/tc.o
                0x00015b1e                __vector_51
 .text.__vector_52
                0x00015b78       0x5a src/ASF/xmega/drivers/tc/tc.o
                0x00015b78                __vector_52
 .text.__vector_53
                0x00015bd2       0x5a src/ASF/xmega/drivers/tc/tc.o
                0x00015bd2                __vector_53
 .text.__vector_54
                0x00015c2c       0x5a src/ASF/xmega/drivers/tc/tc.o
                0x00015c2c                __vector_54
 .text.__vector_55
                0x00015c86       0x5a src/ASF/xmega/drivers/tc/tc.o
                0x00015c86                __vector_55
 .text.__vector_56
                0x00015ce0       0x5a src/ASF/xmega/drivers/tc/tc.o
                0x00015ce0                __vector_56
 .text.__vector_108
                0x00015d3a       0x5a src/ASF/xmega/drivers/tc/tc.o
                0x00015d3a                __vector_108
 .text.__vector_109
                0x00015d94       0x5a src/ASF/xmega/drivers/tc/tc.o
                0x00015d94                __vector_109
 .text.__vector_110
                0x00015dee       0x5a src/ASF/xmega/drivers/tc/tc.o
                0x00015dee                __vector_110
 .text.__vector_111
                0x00015e48       0x5a src/ASF/xmega/drivers/tc/tc.o
                0x00015e48                __vector_111
 .text.__vector_112
                0x00015ea2       0x5a src/ASF/xmega/drivers/tc/tc.o
                0x00015ea2                __vector_112
 .text.__vector_113
                0x00015efc       0x5a src/ASF/xmega/drivers/tc/tc.o
                0x00015efc                __vector_113
 .text.tc_enable
                0x00015f56       0xe0 src/ASF/xmega/drivers/tc/tc.o
                0x00015f56                tc_enable
 .text.tc_set_overflow_interrupt_callback
                0x00016036       0x7e src/ASF/xmega/drivers/tc/tc.o
                0x00016036                tc_set_overflow_interrupt_callback
 .text.__vector_46
                0x000160b4      0x188 src/ASF/xmega/drivers/twi/twim.o
                0x000160b4                __vector_46
 .text.__vector_13
                0x0001623c       0x4e src/ASF/xmega/drivers/twi/twim.o
                0x0001623c                __vector_13
 .text.twi_master_init
                0x0001628a       0x2a src/ASF/xmega/drivers/twi/twim.o
                0x0001628a                twi_master_init
 .text.twi_master_transfer
                0x000162b4       0xb8 src/ASF/xmega/drivers/twi/twim.o
                0x000162b4                twi_master_transfer
 .text.udd_ep_trans_complet
                0x0001636c      0x346 src/ASF/xmega/drivers/usb/usb_device.o
 .text.udd_ctrl_in_sent
                0x000166b2      0x146 src/ASF/xmega/drivers/usb/usb_device.o
 .text.udd_ctrl_interrupt_tc_setup.part.0
                0x000167f8      0x166 src/ASF/xmega/drivers/usb/usb_device.o
 .text.udd_enable
                0x0001695e      0x186 src/ASF/xmega/drivers/usb/usb_device.o
                0x0001695e                udd_enable
 .text.udd_disable
                0x00016ae4       0x82 src/ASF/xmega/drivers/usb/usb_device.o
                0x00016ae4                udd_disable
 .text.udd_is_high_speed
                0x00016b66        0x4 src/ASF/xmega/drivers/usb/usb_device.o
                0x00016b66                udd_is_high_speed
 .text.udd_set_address
                0x00016b6a        0x6 src/ASF/xmega/drivers/usb/usb_device.o
                0x00016b6a                udd_set_address
 .text.udd_getaddress
                0x00016b70        0x6 src/ASF/xmega/drivers/usb/usb_device.o
                0x00016b70                udd_getaddress
 .text.udd_get_frame_number
                0x00016b76        0xa src/ASF/xmega/drivers/usb/usb_device.o
                0x00016b76                udd_get_frame_number
 .text.udd_get_micro_frame_number
                0x00016b80        0x6 src/ASF/xmega/drivers/usb/usb_device.o
                0x00016b80                udd_get_micro_frame_number
 .text.udd_set_setup_payload
                0x00016b86        0xe src/ASF/xmega/drivers/usb/usb_device.o
                0x00016b86                udd_set_setup_payload
 .text.udd_ep_alloc
                0x00016b94       0xf6 src/ASF/xmega/drivers/usb/usb_device.o
                0x00016b94                udd_ep_alloc
 .text.udd_ep_free
                0x00016c8a       0x9a src/ASF/xmega/drivers/usb/usb_device.o
                0x00016c8a                udd_ep_free
 .text.udd_ep_is_halted
                0x00016d24       0x36 src/ASF/xmega/drivers/usb/usb_device.o
                0x00016d24                udd_ep_is_halted
 .text.udd_ep_set_halt
                0x00016d5a       0x9c src/ASF/xmega/drivers/usb/usb_device.o
                0x00016d5a                udd_ep_set_halt
 .text.udd_ep_clear_halt
                0x00016df6       0x80 src/ASF/xmega/drivers/usb/usb_device.o
                0x00016df6                udd_ep_clear_halt
 .text.udd_ep_run
                0x00016e76      0x16e src/ASF/xmega/drivers/usb/usb_device.o
                0x00016e76                udd_ep_run
 .text.udd_ep_abort
                0x00016fe4       0x96 src/ASF/xmega/drivers/usb/usb_device.o
                0x00016fe4                udd_ep_abort
 .text.__vector_125
                0x0001707a      0x34a src/ASF/xmega/drivers/usb/usb_device.o
                0x0001707a                __vector_125
 .text.__vector_126
                0x000173c4      0x284 src/ASF/xmega/drivers/usb/usb_device.o
                0x000173c4                __vector_126
 .text.pwm_set_frequency
                0x00017648      0x12e src/ASF/xmega/services/pwm/pwm.o
                0x00017648                pwm_set_frequency
 .text.pwm_init
                0x00017776      0x2a4 src/ASF/xmega/services/pwm/pwm.o
                0x00017776                pwm_init
 .text.pwm_start
                0x00017a1a       0xc2 src/ASF/xmega/services/pwm/pwm.o
                0x00017a1a                pwm_start
 .text.yield_ms_cb
                0x00017adc        0x6 src/main.o
                0x00017adc                yield_ms_cb
 .text.isr_tcc1_ovfl
                0x00017ae2       0x48 src/main.o
                0x00017ae2                isr_tcc1_ovfl
 .text.isr_adc_a
                0x00017b2a      0x34e src/main.o
                0x00017b2a                isr_adc_a
 .text.task_dac
                0x00017e78      0x152 src/main.o
 .text.task_adc
                0x00017fca      0x2ac src/main.o
 .text.isr_adc_b
                0x00018276       0x94 src/main.o
                0x00018276                isr_adc_b
 .text.aprs_message_send.part.29
                0x0001830a      0x15c src/main.o
 .text.adc_init
                0x00018466      0x26e src/main.o
 .text.isr_dma_dac_ch0_A
                0x000186d4      0x106 src/main.o
 .text.isr_dma_dac_ch0_B
                0x000187da      0x106 src/main.o
 .text.dac_start
                0x000188e0      0x250 src/main.o
 .text.dac_init
                0x00018b30      0x308 src/main.o
 .text.sched_pop.part.30
                0x00018e38      0x1f2 src/main.o
 .text.isr_rtc_alarm
                0x0001902a       0x4e src/main.o
                0x0001902a                isr_rtc_alarm
 .text.save_globals
                0x00019078      0x624 src/main.o
                0x00019078                save_globals
 .text.cueBehind
                0x0001969c       0x28 src/main.o
                0x0001969c                cueBehind
 .text.myStringToFloat
                0x000196c4      0x22e src/main.o
                0x000196c4                myStringToFloat
 .text.myStringToVar
                0x000198f2      0x13c src/main.o
                0x000198f2                myStringToVar
 .text.ipProto_2_ca
                0x00019a2e       0x1a src/main.o
                0x00019a2e                ipProto_2_ca
 .text.adc_app_enable
                0x00019a48      0x17e src/main.o
                0x00019a48                adc_app_enable
 .text.aprs_num_update
                0x00019bc6       0x12 src/main.o
                0x00019bc6                aprs_num_update
 .text.aprs_link_service_update
                0x00019bd8       0x46 src/main.o
                0x00019bd8                aprs_link_service_update
 .text.aprs_link_user_update
                0x00019c1e       0xde src/main.o
                0x00019c1e                aprs_link_user_update
 .text.aprs_link_pwd_update
                0x00019cfc       0xde src/main.o
                0x00019cfc                aprs_link_pwd_update
 .text.aprs_ip_proto_update
                0x00019dda       0x4e src/main.o
                0x00019dda                aprs_ip_proto_update
 .text.aprs_ip_name_update
                0x00019e28       0x46 src/main.o
                0x00019e28                aprs_ip_name_update
 .text.aprs_ip_port_update
                0x00019e6e        0xe src/main.o
                0x00019e6e                aprs_ip_port_update
 .text.aprs_call_update
                0x00019e7c       0xb0 src/main.o
                0x00019e7c                aprs_call_update
 .text.aprs_ssid_update
                0x00019f2c       0x84 src/main.o
                0x00019f2c                aprs_ssid_update
 .text.aprs_user_update
                0x00019fb0       0x9c src/main.o
                0x00019fb0                aprs_user_update
 .text.aprs_pwd_update
                0x0001a04c       0x74 src/main.o
                0x0001a04c                aprs_pwd_update
 .text.ax_aprs_enable
                0x0001a0c0        0xc src/main.o
                0x0001a0c0                ax_aprs_enable
 .text.ax_pocsag_enable
                0x0001a0cc        0xc src/main.o
                0x0001a0cc                ax_pocsag_enable
 .text.ax_enable
                0x0001a0d8       0x2e src/main.o
                0x0001a0d8                ax_enable
 .text.backlight_mode_pwm
                0x0001a106       0x44 src/main.o
                0x0001a106                backlight_mode_pwm
 .text.bias_update
                0x0001a14a        0xa src/main.o
                0x0001a14a                bias_update
 .text.dac_app_enable
                0x0001a154      0x104 src/main.o
                0x0001a154                dac_app_enable
 .text.errorBeep_enable
                0x0001a258        0xc src/main.o
                0x0001a258                errorBeep_enable
 .text.env_temp
                0x0001a264       0xa2 src/main.o
                0x0001a264                env_temp
 .text.gsm_aprs_enable
                0x0001a306        0xc src/main.o
                0x0001a306                gsm_aprs_enable
 .text.gsm_pin_update
                0x0001a312       0xc8 src/main.o
                0x0001a312                gsm_pin_update
 .text.gsm_enable
                0x0001a3da       0x9a src/main.o
                0x0001a3da                gsm_enable
 .text.keyBeep_enable
                0x0001a474        0xc src/main.o
                0x0001a474                keyBeep_enable
 .text.pitchTone_mode
                0x0001a480        0xc src/main.o
                0x0001a480                pitchTone_mode
 .text.pocsag_chime_update
                0x0001a48c        0xc src/main.o
                0x0001a48c                pocsag_chime_update
 .text.pocsag_message_send
                0x0001a498       0xb2 src/main.o
                0x0001a498                pocsag_message_send
 .text.pocsag_ric_update
                0x0001a54a       0x34 src/main.o
                0x0001a54a                pocsag_ric_update
 .text.pocsag_send_skyper_activation
                0x0001a57e       0xa6 src/main.o
                0x0001a57e                pocsag_send_skyper_activation
 .text.qnh_setAuto
                0x0001a624        0xe src/main.o
                0x0001a624                qnh_setAuto
 .text.qnh_setHeightM
                0x0001a632       0x32 src/main.o
                0x0001a632                qnh_setHeightM
 .text.printStatusLines_bitfield
                0x0001a664       0x24 src/main.o
                0x0001a664                printStatusLines_bitfield
 .text.shutdown
                0x0001a688       0xc0 src/main.o
                0x0001a688                shutdown
 .text.xoPwm_set
                0x0001a748       0xec src/main.o
                0x0001a748                xoPwm_set
 .text.aprs_pos_delta_m
                0x0001a834      0x218 src/main.o
                0x0001a834                aprs_pos_delta_m
 .text.aprs_gyro_total_dps_1000
                0x0001aa4c      0x14a src/main.o
                0x0001aa4c                aprs_gyro_total_dps_1000
 .text.aprs_accel_xy_delta_g_1000
                0x0001ab96      0x1c0 src/main.o
                0x0001ab96                aprs_accel_xy_delta_g_1000
 .text.aprs_mag_delta_nT
                0x0001ad56      0x27e src/main.o
                0x0001ad56                aprs_mag_delta_nT
 .text.task_main_aprs_pocsag
                0x0001afd4     0x2472 src/main.o
 .text.task.part.31
                0x0001d446      0x626 src/main.o
 .text.sched_getLock
                0x0001da6c       0x38 src/main.o
                0x0001da6c                sched_getLock
 .text.sched_freeLock
                0x0001daa4       0x20 src/main.o
                0x0001daa4                sched_freeLock
 .text.sched_push
                0x0001dac4      0x4b0 src/main.o
                0x0001dac4                sched_push
 .text.calibration_mode
                0x0001df74      0x892 src/main.o
                0x0001df74                calibration_mode
 .text.dds_update
                0x0001e806      0x1bc src/main.o
                0x0001e806                dds_update
 .text.isr_tcc0_ovfl
                0x0001e9c2      0x578 src/main.o
                0x0001e9c2                isr_tcc0_ovfl
 .text.yield_ms
                0x0001ef3a       0x9e src/main.o
                0x0001ef3a                yield_ms
 .text.__vector_4
                0x0001efd8      0x25e src/main.o
                0x0001efd8                __vector_4
 .text.tcc1_get_time
                0x0001f236      0x122 src/main.o
                0x0001f236                tcc1_get_time
 .text.task     0x0001f358        0xe src/main.o
                0x0001f358                task
 .text.startup.main
                0x0001f366      0xce8 src/main.o
                0x0001f366                main
 .text.sysclk_init
                0x0002004e      0x10a src/ASF/common/services/clock/xmega/sysclk.o
                0x0002004e                sysclk_init
 .text.sysclk_enable_module
                0x00020158       0x2c src/ASF/common/services/clock/xmega/sysclk.o
                0x00020158                sysclk_enable_module
 .text.sysclk_disable_module
                0x00020184       0x2a src/ASF/common/services/clock/xmega/sysclk.o
                0x00020184                sysclk_disable_module
 .text.sysclk_enable_usb
                0x000201ae       0x96 src/ASF/common/services/clock/xmega/sysclk.o
                0x000201ae                sysclk_enable_usb
 .text.sysclk_disable_usb
                0x00020244       0x30 src/ASF/common/services/clock/xmega/sysclk.o
                0x00020244                sysclk_disable_usb
 .text.udi_cdc_comm_disable
                0x00020274        0xc src/ASF/common/services/usb/class/cdc/device/udi_cdc.o
                0x00020274                udi_cdc_comm_disable
 .text.udi_cdc_data_setup
                0x00020280        0x4 src/ASF/common/services/usb/class/cdc/device/udi_cdc.o
                0x00020280                udi_cdc_data_setup
 .text.udi_cdc_getsetting
                0x00020284        0x4 src/ASF/common/services/usb/class/cdc/device/udi_cdc.o
                0x00020284                udi_cdc_getsetting
 .text.udi_cdc_line_coding_received
                0x00020288        0xa src/ASF/common/services/usb/class/cdc/device/udi_cdc.o
 .text.udi_cdc_data_disable
                0x00020292       0x18 src/ASF/common/services/usb/class/cdc/device/udi_cdc.o
                0x00020292                udi_cdc_data_disable
 .text.udi_cdc_comm_enable
                0x000202aa       0x80 src/ASF/common/services/usb/class/cdc/device/udi_cdc.o
                0x000202aa                udi_cdc_comm_enable
 .text.udi_cdc_tx_send.isra.1.part.2
                0x0002032a      0x156 src/ASF/common/services/usb/class/cdc/device/udi_cdc.o
 .text.udi_cdc_data_sent
                0x00020480       0x7e src/ASF/common/services/usb/class/cdc/device/udi_cdc.o
 .text.udi_cdc_comm_setup
                0x000204fe       0x92 src/ASF/common/services/usb/class/cdc/device/udi_cdc.o
                0x000204fe                udi_cdc_comm_setup
 .text.udi_cdc_data_sof_notify
                0x00020590      0x186 src/ASF/common/services/usb/class/cdc/device/udi_cdc.o
                0x00020590                udi_cdc_data_sof_notify
 .text.udi_cdc_data_enable
                0x00020716      0x172 src/ASF/common/services/usb/class/cdc/device/udi_cdc.o
                0x00020716                udi_cdc_data_enable
 .text.udi_cdc_data_received
                0x00020888      0x13a src/ASF/common/services/usb/class/cdc/device/udi_cdc.o
 .text.udi_cdc_get_nb_received_data
                0x000209c2       0x3a src/ASF/common/services/usb/class/cdc/device/udi_cdc.o
                0x000209c2                udi_cdc_get_nb_received_data
 .text.udi_cdc_getc
                0x000209fc      0x160 src/ASF/common/services/usb/class/cdc/device/udi_cdc.o
                0x000209fc                udi_cdc_getc
 .text.udi_cdc_read_no_polling
                0x00020b5c      0x16e src/ASF/common/services/usb/class/cdc/device/udi_cdc.o
                0x00020b5c                udi_cdc_read_no_polling
 .text.udi_cdc_is_tx_ready
                0x00020cca       0x6e src/ASF/common/services/usb/class/cdc/device/udi_cdc.o
                0x00020cca                udi_cdc_is_tx_ready
 .text.udi_cdc_putc
                0x00020d38       0xee src/ASF/common/services/usb/class/cdc/device/udi_cdc.o
                0x00020d38                udi_cdc_putc
 .text.udc_valid_address
                0x00020e26        0xa src/ASF/common/services/usb/udc/udc.o
 .text.udc_update_iface_desc.part.0
                0x00020e30       0x62 src/ASF/common/services/usb/udc/udc.o
 .text.udc_iface_disable.part.1
                0x00020e92      0x102 src/ASF/common/services/usb/udc/udc.o
 .text.udc_start
                0x00020f94        0x4 src/ASF/common/services/usb/udc/udc.o
                0x00020f94                udc_start
 .text.udc_stop
                0x00020f98       0xc0 src/ASF/common/services/usb/udc/udc.o
                0x00020f98                udc_stop
 .text.udc_reset