Archive member included to satisfy reference by file (symbol)

c:/program files (x86)/atmel/studio/7.0/toolchain/avr8/avr8-gnu-toolchain/bin/../lib/gcc/avr/5.4.0/../../../../avr/lib/avrxmega6\libm.a(addsf3.o)
                              src/twi.o (__subsf3)
c:/program files (x86)/atmel/studio/7.0/toolchain/avr8/avr8-gnu-toolchain/bin/../lib/gcc/avr/5.4.0/../../../../avr/lib/avrxmega6\libm.a(addsf3x.o)
                              c:/program files (x86)/atmel/studio/7.0/toolchain/avr8/avr8-gnu-toolchain/bin/../lib/gcc/avr/5.4.0/../../../../avr/lib/avrxmega6\libm.a(addsf3.o) (__addsf3x)
c:/program files (x86)/atmel/studio/7.0/toolchain/avr8/avr8-gnu-toolchain/bin/../lib/gcc/avr/5.4.0/../../../../avr/lib/avrxmega6\libm.a(cmpsf2.o)
                              src/twi.o (__eqsf2)
c:/program files (x86)/atmel/studio/7.0/toolchain/avr8/avr8-gnu-toolchain/bin/../lib/gcc/avr/5.4.0/../../../../avr/lib/avrxmega6\libm.a(cos.o)
                              src/twi.o (cos)
c:/program files (x86)/atmel/studio/7.0/toolchain/avr8/avr8-gnu-toolchain/bin/../lib/gcc/avr/5.4.0/../../../../avr/lib/avrxmega6\libm.a(divsf3.o)
                              src/usb.o (__divsf3)
c:/program files (x86)/atmel/studio/7.0/toolchain/avr8/avr8-gnu-toolchain/bin/../lib/gcc/avr/5.4.0/../../../../avr/lib/avrxmega6\libm.a(divsf3x.o)
                              c:/program files (x86)/atmel/studio/7.0/toolchain/avr8/avr8-gnu-toolchain/bin/../lib/gcc/avr/5.4.0/../../../../avr/lib/avrxmega6\libm.a(divsf3.o) (__divsf3x)
c:/program files (x86)/atmel/studio/7.0/toolchain/avr8/avr8-gnu-toolchain/bin/../lib/gcc/avr/5.4.0/../../../../avr/lib/avrxmega6\libm.a(fixsfsi.o)
                              src/serial.o (__fixsfsi)
c:/program files (x86)/atmel/studio/7.0/toolchain/avr8/avr8-gnu-toolchain/bin/../lib/gcc/avr/5.4.0/../../../../avr/lib/avrxmega6\libm.a(fixunssfsi.o)
                              src/twi.o (__fixunssfsi)
c:/program files (x86)/atmel/studio/7.0/toolchain/avr8/avr8-gnu-toolchain/bin/../lib/gcc/avr/5.4.0/../../../../avr/lib/avrxmega6\libm.a(floatsisf.o)
                              src/main.o (__floatunsisf)
c:/program files (x86)/atmel/studio/7.0/toolchain/avr8/avr8-gnu-toolchain/bin/../lib/gcc/avr/5.4.0/../../../../avr/lib/avrxmega6\libm.a(fp_cmp.o)
                              c:/program files (x86)/atmel/studio/7.0/toolchain/avr8/avr8-gnu-toolchain/bin/../lib/gcc/avr/5.4.0/../../../../avr/lib/avrxmega6\libm.a(cmpsf2.o) (__fp_cmp)
c:/program files (x86)/atmel/studio/7.0/toolchain/avr8/avr8-gnu-toolchain/bin/../lib/gcc/avr/5.4.0/../../../../avr/lib/avrxmega6\libm.a(fp_inf.o)
                              c:/program files (x86)/atmel/studio/7.0/toolchain/avr8/avr8-gnu-toolchain/bin/../lib/gcc/avr/5.4.0/../../../../avr/lib/avrxmega6\libm.a(addsf3x.o) (__fp_inf)
c:/program files (x86)/atmel/studio/7.0/toolchain/avr8/avr8-gnu-toolchain/bin/../lib/gcc/avr/5.4.0/../../../../avr/lib/avrxmega6\libm.a(fp_nan.o)
                              c:/program files (x86)/atmel/studio/7.0/toolchain/avr8/avr8-gnu-toolchain/bin/../lib/gcc/avr/5.4.0/../../../../avr/lib/avrxmega6\libm.a(addsf3x.o) (__fp_nan)
c:/program files (x86)/atmel/studio/7.0/toolchain/avr8/avr8-gnu-toolchain/bin/../lib/gcc/avr/5.4.0/../../../../avr/lib/avrxmega6\libm.a(fp_pscA.o)
                              c:/program files (x86)/atmel/studio/7.0/toolchain/avr8/avr8-gnu-toolchain/bin/../lib/gcc/avr/5.4.0/../../../../avr/lib/avrxmega6\libm.a(addsf3x.o) (__fp_pscA)
c:/program files (x86)/atmel/studio/7.0/toolchain/avr8/avr8-gnu-toolchain/bin/../lib/gcc/avr/5.4.0/../../../../avr/lib/avrxmega6\libm.a(fp_pscB.o)
                              c:/program files (x86)/atmel/studio/7.0/toolchain/avr8/avr8-gnu-toolchain/bin/../lib/gcc/avr/5.4.0/../../../../avr/lib/avrxmega6\libm.a(addsf3x.o) (__fp_pscB)
c:/program files (x86)/atmel/studio/7.0/toolchain/avr8/avr8-gnu-toolchain/bin/../lib/gcc/avr/5.4.0/../../../../avr/lib/avrxmega6\libm.a(fp_rempio2.o)
                              c:/program files (x86)/atmel/studio/7.0/toolchain/avr8/avr8-gnu-toolchain/bin/../lib/gcc/avr/5.4.0/../../../../avr/lib/avrxmega6\libm.a(cos.o) (__fp_rempio2)
c:/program files (x86)/atmel/studio/7.0/toolchain/avr8/avr8-gnu-toolchain/bin/../lib/gcc/avr/5.4.0/../../../../avr/lib/avrxmega6\libm.a(fp_round.o)
                              c:/program files (x86)/atmel/studio/7.0/toolchain/avr8/avr8-gnu-toolchain/bin/../lib/gcc/avr/5.4.0/../../../../avr/lib/avrxmega6\libm.a(addsf3.o) (__fp_round)
c:/program files (x86)/atmel/studio/7.0/toolchain/avr8/avr8-gnu-toolchain/bin/../lib/gcc/avr/5.4.0/../../../../avr/lib/avrxmega6\libm.a(fp_sinus.o)
                              c:/program files (x86)/atmel/studio/7.0/toolchain/avr8/avr8-gnu-toolchain/bin/../lib/gcc/avr/5.4.0/../../../../avr/lib/avrxmega6\libm.a(cos.o) (__fp_sinus)
c:/program files (x86)/atmel/studio/7.0/toolchain/avr8/avr8-gnu-toolchain/bin/../lib/gcc/avr/5.4.0/../../../../avr/lib/avrxmega6\libm.a(fp_split3.o)
[...]
Memory Configuration

Name             Origin             Length             Attributes
text             0x00000000         0x00100000         xr
data             0x00802000         0x0000ffa0         rw !x
eeprom           0x00810000         0x00010000         rw !x
fuse             0x00820000         0x00000006         rw !x
lock             0x00830000         0x00000400         rw !x
signature        0x00840000         0x00000400         rw !x
user_signatures  0x00850000         0x00000400         rw !x
*default*        0x00000000         0xffffffff

Linker script and memory map

LOAD C:/Program Files (x86)/Atmel/Studio/7.0/Packs/Atmel/XMEGAA_DFP/1.1.68/gcc/dev/atxmega256a3bu/avrxmega6/crtatxmega256a3bu.o
LOAD src/ASF/common/services/serial/usart_serial.o
LOAD src/ASF/xmega/drivers/usart/usart.o
LOAD src/serial.o
LOAD src/usb.o
LOAD src/ASF/common/drivers/nvm/xmega/xmega_nvm.o
LOAD src/ASF/common/services/calendar/calendar.o
LOAD src/ASF/common/services/fifo/fifo.o
LOAD src/ASF/common/services/hugemem/avr8/avr8_hugemem.o
LOAD src/ASF/xmega/drivers/dma/dma.o
LOAD src/ASF/xmega/drivers/rtc32/rtc32.o
LOAD src/dds.o
LOAD src/interpreter.o
LOAD src/twi.o
LOAD src/ASF/common/boards/user_board/init.o
LOAD src/ASF/common/services/gfx_mono/gfx_mono_framebuffer.o
LOAD src/ASF/common/services/gfx_mono/gfx_mono_generic.o
LOAD src/ASF/common/services/gfx_mono/gfx_mono_null.o
LOAD src/ASF/common/services/gfx_mono/gfx_mono_text.o
LOAD src/ASF/common/services/gfx_mono/sysfont.o
LOAD src/ASF/common/services/ioport/xmega/ioport_compat.o
LOAD src/ASF/xmega/drivers/adc/adc.o
LOAD src/ASF/xmega/drivers/adc/xmega_aau/adc_aau.o
LOAD src/ASF/xmega/drivers/dac/dac.o
LOAD src/ASF/xmega/drivers/tc/tc.o
LOAD src/ASF/xmega/drivers/twi/twim.o
LOAD src/ASF/xmega/drivers/twi/twis.o
LOAD src/ASF/xmega/drivers/usb/usb_device.o
LOAD src/ASF/xmega/services/pwm/pwm.o
LOAD src/main.o
LOAD src/ASF/common/services/clock/xmega/sysclk.o
LOAD src/ASF/common/services/sleepmgr/xmega/sleepmgr.o
LOAD src/ASF/common/services/usb/class/cdc/device/udi_cdc.o
LOAD src/ASF/common/services/usb/class/cdc/device/udi_cdc_desc.o
LOAD src/ASF/common/services/usb/udc/udc.o
LOAD src/ASF/common/utils/stdio/read.o
LOAD src/ASF/common/utils/stdio/stdio_usb/stdio_usb.o
LOAD src/ASF/common/utils/stdio/write.o
LOAD src/ASF/xmega/drivers/nvm/nvm.o
LOAD src/ASF/xmega/drivers/nvm/nvm_asm.o
LOAD src/ASF/xmega/drivers/cpu/ccp.o
START GROUP
LOAD c:/program files (x86)/atmel/studio/7.0/toolchain/avr8/avr8-gnu-toolchain/bin/../lib/gcc/avr/5.4.0/../../../../avr/lib/avrxmega6\libm.a
END GROUP
LOAD c:/program files (x86)/atmel/studio/7.0/toolchain/avr8/avr8-gnu-toolchain/bin/../lib/gcc/avr/5.4.0/../../../../avr/lib/avrxmega6\libprintf_flt.a
START GROUP
LOAD c:/program files (x86)/atmel/studio/7.0/toolchain/avr8/avr8-gnu-toolchain/bin/../lib/gcc/avr/5.4.0/avrxmega6\libgcc.a
LOAD c:/program files (x86)/atmel/studio/7.0/toolchain/avr8/avr8-gnu-toolchain/bin/../lib/gcc/avr/5.4.0/../../../../avr/lib/avrxmega6\libm.a
LOAD c:/program files (x86)/atmel/studio/7.0/toolchain/avr8/avr8-gnu-toolchain/bin/../lib/gcc/avr/5.4.0/../../../../avr/lib/avrxmega6\libc.a
LOAD C:/Program Files (x86)/Atmel/Studio/7.0/Packs/Atmel/XMEGAA_DFP/1.1.68/gcc/dev/atxmega256a3bu/avrxmega6\libatxmega256a3bu.a
END GROUP
                0x00100000                __TEXT_REGION_LENGTH__ = DEFINED (__TEXT_REGION_LENGTH__)?__TEXT_REGION_LENGTH__:0x100000
                0x0000ffa0                __DATA_REGION_LENGTH__ = DEFINED (__DATA_REGION_LENGTH__)?__DATA_REGION_LENGTH__:0xffa0
                0x00010000                __EEPROM_REGION_LENGTH__ = DEFINED (__EEPROM_REGION_LENGTH__)?__EEPROM_REGION_LENGTH__:0x10000
                [0x00000006]                __FUSE_REGION_LENGTH__ = DEFINED (__FUSE_REGION_LENGTH__)?__FUSE_REGION_LENGTH__:0x400
                0x00000400                __LOCK_REGION_LENGTH__ = DEFINED (__LOCK_REGION_LENGTH__)?__LOCK_REGION_LENGTH__:0x400
                0x00000400                __SIGNATURE_REGION_LENGTH__ = DEFINED (__SIGNATURE_REGION_LENGTH__)?__SIGNATURE_REGION_LENGTH__:0x400
                0x00000400                __USER_SIGNATURE_REGION_LENGTH__ = DEFINED (__USER_SIGNATURE_REGION_LENGTH__)?__USER_SIGNATURE_REGION_LENGTH__:0x400

.hash
 *(.hash)

.dynsym
 *(.dynsym)

.dynstr
 *(.dynstr)

.gnu.version
 *(.gnu.version)

.gnu.version_d
 *(.gnu.version_d)

.gnu.version_r
 *(.gnu.version_r)

.rel.init
 *(.rel.init)

.rela.init
 *(.rela.init)

.rel.text
 *(.rel.text)
 *(.rel.text.*)
 *(.rel.gnu.linkonce.t*)

.rela.text
 *(.rela.text)
 *(.rela.text.*)
 *(.rela.gnu.linkonce.t*)

.rel.fini
 *(.rel.fini)

.rela.fini
 *(.rela.fini)

.rel.rodata
 *(.rel.rodata)
 *(.rel.rodata.*)
 *(.rel.gnu.linkonce.r*)

.rela.rodata
 *(.rela.rodata)
 *(.rela.rodata.*)
 *(.rela.gnu.linkonce.r*)

.rel.data
 *(.rel.data)
 *(.rel.data.*)
 *(.rel.gnu.linkonce.d*)

.rela.data
 *(.rela.data)
 *(.rela.data.*)
 *(.rela.gnu.linkonce.d*)

.rel.ctors
 *(.rel.ctors)

.rela.ctors
 *(.rela.ctors)

.rel.dtors
 *(.rel.dtors)

.rela.dtors
 *(.rela.dtors)

.rel.got
 *(.rel.got)

.rela.got
 *(.rela.got)

.rel.bss
 *(.rel.bss)

.rela.bss
 *(.rela.bss)

.rel.plt
 *(.rel.plt)

.rela.plt
 *(.rela.plt)

.text           0x00000000    0x164fa
 *(.vectors)
 .vectors       0x00000000      0x1fc C:/Program Files (x86)/Atmel/Studio/7.0/Packs/Atmel/XMEGAA_DFP/1.1.68/gcc/dev/atxmega256a3bu/avrxmega6/crtatxmega256a3bu.o
                0x00000000                __vector_default
                0x00000000                __vectors
 *(.vectors)
 *(.progmem.gcc*)
 .progmem.gcc_sw_table.task_serial
                0x000001fc       0x26 src/serial.o
 .progmem.gcc_sw_table.pwm_init
                0x00000222        0xe src/ASF/xmega/services/pwm/pwm.o
 .progmem.gcc_fplib
                0x00000230       0x1e c:/program files (x86)/atmel/studio/7.0/toolchain/avr8/avr8-gnu-toolchain/bin/../lib/gcc/avr/5.4.0/../../../../avr/lib/avrxmega6\libm.a(fp_sinus.o)
 .progmem.gcc_fplib
                0x0000024e       0x5a c:/program files (x86)/atmel/studio/7.0/toolchain/avr8/avr8-gnu-toolchain/bin/../lib/gcc/avr/5.4.0/../../../../avr/lib/avrxmega6\libm.a(log.o)
 .progmem.gcc_fplib
                0x000002a8       0x28 c:/program files (x86)/atmel/studio/7.0/toolchain/avr8/avr8-gnu-toolchain/bin/../lib/gcc/avr/5.4.0/../../../../avr/lib/avrxmega6\libm.a(exp.o)
                0x000002d0                . = ALIGN (0x2)
                0x000002d0                __trampolines_start = .
 *(.trampolines)
 .trampolines   0x000002d0        0x0 linker stubs
 *(.trampolines*)
                0x000002d0                __trampolines_end = .
 *libprintf_flt.a:*(.progmem.data)
 .progmem.data  0x000002d0        0x8 c:/program files (x86)/atmel/studio/7.0/toolchain/avr8/avr8-gnu-toolchain/bin/../lib/gcc/avr/5.4.0/../../../../avr/lib/avrxmega6\libprintf_flt.a(vfprintf_flt.o)
 *libc.a:*(.progmem.data)
 .progmem.data  0x000002d8       0xfa c:/program files (x86)/atmel/studio/7.0/toolchain/avr8/avr8-gnu-toolchain/bin/../lib/gcc/avr/5.4.0/../../../../avr/lib/avrxmega6\libc.a(ftoa_engine.o)
 .progmem.data  0x000003d2       0x3b c:/program files (x86)/atmel/studio/7.0/toolchain/avr8/avr8-gnu-toolchain/bin/../lib/gcc/avr/5.4.0/../../../../avr/lib/avrxmega6\libc.a(strtod.o)
 *(.progmem*)
 .progmem.data.PM_TWI1_INIT_ONBOARD_SIM808_GSM_GPRS_CIPSHUT
                0x0000040d        0xd src/serial.o
                0x0000040d                PM_TWI1_INIT_ONBOARD_SIM808_GSM_GPRS_CIPSHUT
 .progmem.data.PM_TWI1_INIT_ONBOARD_SIM808_GSM_GPRS_CIPSERVER0
                0x0000041a       0x11 src/serial.o
                0x0000041a                PM_TWI1_INIT_ONBOARD_SIM808_GSM_GPRS_CIPSERVER0
 .progmem.data.PM_TWI1_INIT_ONBOARD_SIM808_GSM_GPRS_CIPCLOSE
                0x0000042b        0xe src/serial.o
                0x0000042b                PM_TWI1_INIT_ONBOARD_SIM808_GSM_GPRS_CIPCLOSE
 .progmem.data.PM_TWI1_INIT_ONBOARD_SIM808_GSM_GPRS_CTRL_Z
                0x00000439        0x4 src/serial.o
                0x00000439                PM_TWI1_INIT_ONBOARD_SIM808_GSM_GPRS_CTRL_Z
 .progmem.data.PM_TWI1_INIT_ONBOARD_SIM808_GSM_GPRS_CIPSEND
                0x0000043d        0xd src/serial.o
                0x0000043d                PM_TWI1_INIT_ONBOARD_SIM808_GSM_GPRS_CIPSEND
 .progmem.data.PM_TWI1_INIT_ONBOARD_SIM808_GSM_GPRS_CIPSTART
                0x0000044a       0x1d src/serial.o
                0x0000044a                PM_TWI1_INIT_ONBOARD_SIM808_GSM_GPRS_CIPSTART
 .progmem.data.PM_TWI1_INIT_ONBOARD_SIM808_GSM_GPRS_CIFSR
                0x00000467        0xb src/serial.o
                0x00000467                PM_TWI1_INIT_ONBOARD_SIM808_GSM_GPRS_CIFSR
 .progmem.data.PM_TWI1_INIT_ONBOARD_SIM808_GSM_GPRS_CIICR
                0x00000472        0xb src/serial.o
                0x00000472                PM_TWI1_INIT_ONBOARD_SIM808_GSM_GPRS_CIICR
 .progmem.data.PM_TWI1_INIT_ONBOARD_SIM808_GSM_GPRS_CSTT
                0x0000047d       0x19 src/serial.o
                0x0000047d                PM_TWI1_INIT_ONBOARD_SIM808_GSM_GPRS_CSTT
 .progmem.data.PM_TWI1_INIT_ONBOARD_SIM808_GSM_GPRS_CGATT
                0x00000496        0xc src/serial.o
                0x00000496                PM_TWI1_INIT_ONBOARD_SIM808_GSM_GPRS_CGATT
 .progmem.data.PM_TWI1_INIT_ONBOARD_SIM808_GSM_GPRS_CREG
                0x000004a2        0xb src/serial.o
                0x000004a2                PM_TWI1_INIT_ONBOARD_SIM808_GSM_GPRS_CREG
 .progmem.data.PM_TWI1_UTIL_ONBOARD_SIM808_GPS_UGNSINF
                0x000004ad        0xa src/serial.o
                0x000004ad                PM_TWI1_UTIL_ONBOARD_SIM808_GPS_UGNSINF
 .progmem.data.PM_TWI1_INIT_ONBOARD_SIM808_GPS_03
                0x000004b7       0x10 src/serial.o
                0x000004b7                PM_TWI1_INIT_ONBOARD_SIM808_GPS_03
 .progmem.data.PM_TWI1_INIT_ONBOARD_SIM808_GPS_02
                0x000004c7        0xd src/serial.o
                0x000004c7                PM_TWI1_INIT_ONBOARD_SIM808_GPS_02
 .progmem.data.PM_TWI1_INIT_ONBOARD_SIM808_GPS_01
                0x000004d4       0x10 src/serial.o
                0x000004d4                PM_TWI1_INIT_ONBOARD_SIM808_GPS_01
 .progmem.data.PM_TWI1_INIT_ONBOARD_SIM808_INFO_03
                0x000004e4        0xa src/serial.o
                0x000004e4                PM_TWI1_INIT_ONBOARD_SIM808_INFO_03
 .progmem.data.PM_TWI1_INIT_ONBOARD_SIM808_INFO_02
                0x000004ee        0x9 src/serial.o
                0x000004ee                PM_TWI1_INIT_ONBOARD_SIM808_INFO_02
 .progmem.data.PM_TWI1_INIT_ONBOARD_SIM808_INFO_01
                0x000004f7        0x6 src/serial.o
                0x000004f7                PM_TWI1_INIT_ONBOARD_SIM808_INFO_01
 .progmem.data.PM_TWI1_INIT_ONBOARD_SIM808_CGATT_R
                0x000004fd        0x9 src/serial.o
                0x000004fd                PM_TWI1_INIT_ONBOARD_SIM808_CGATT_R
 .progmem.data.PM_TWI1_INIT_ONBOARD_SIM808_CREG_R
                0x00000506        0x8 src/serial.o
                0x00000506                PM_TWI1_INIT_ONBOARD_SIM808_CREG_R
 .progmem.data.PM_TWI1_INIT_ONBOARD_SIM808_CREG2
                0x0000050e        0xc src/serial.o
                0x0000050e                PM_TWI1_INIT_ONBOARD_SIM808_CREG2
 .progmem.data.PM_TWI1_INIT_ONBOARD_SIM808_CMEE2
                0x0000051a        0xc src/serial.o
                0x0000051a                PM_TWI1_INIT_ONBOARD_SIM808_CMEE2
 .progmem.data.PM_TWI1_INIT_ONBOARD_SIM808_IFC
                0x00000526        0xd src/serial.o
                0x00000526                PM_TWI1_INIT_ONBOARD_SIM808_IFC
 .progmem.data.PM_TWI1_INIT_ONBOARD_SIM808_IPR
                0x00000533        0xd src/serial.o
                0x00000533                PM_TWI1_INIT_ONBOARD_SIM808_IPR
 .progmem.data.PM_TWI1_INIT_ONBOARD_SIM808_OK
                0x00000540       0x15 src/serial.o
                0x00000540                PM_TWI1_INIT_ONBOARD_SIM808_OK
 .progmem.data.PM_TWI1_INIT_ONBOARD_SIM808_RESTART
                0x00000555       0x1c src/serial.o
                0x00000555                PM_TWI1_INIT_ONBOARD_SIM808_RESTART
 .progmem.data.PM_TWI1_INIT_ONBOARD_SIM808_START
                0x00000571       0x1a src/serial.o
                0x00000571                PM_TWI1_INIT_ONBOARD_SIM808_START
 .progmem.data.PM_SIM808_INFO_WAIT_CONNECT
                0x0000058b       0x45 src/serial.o
                0x0000058b                PM_SIM808_INFO_WAIT_CONNECT
 .progmem.data.PM_SIM808_INFO_SYNCED
                0x000005d0       0x27 src/serial.o
                0x000005d0                PM_SIM808_INFO_SYNCED
 .progmem.data.PM_SIM808_INFO_RESTART
                0x000005f7       0x2a src/serial.o
                0x000005f7                PM_SIM808_INFO_RESTART
 .progmem.data.PM_SIM808_INFO_START
                0x00000621       0x28 src/serial.o
                0x00000621                PM_SIM808_INFO_START
 .progmem.data.PM_SIM808_OK
                0x00000649        0x3 src/serial.o
                0x00000649                PM_SIM808_OK
 .progmem.data.PM_SHUTDOWN_1
                0x0000064c        0xd src/serial.o
                0x0000064c                PM_SHUTDOWN_1
 .progmem.data.PM_SET_PIN_1
                0x00000659       0x12 src/serial.o
                0x00000659                PM_SET_PIN_1
 .progmem.data.PM_SET_FUNC_1
                0x0000066b        0xd src/serial.o
                0x0000066b                PM_SET_FUNC_1
 .progmem.data.PM_INFO_PART_PLL1C
                0x00000678       0x1b src/usb.o
                0x00000678                PM_INFO_PART_PLL1C
 .progmem.data.PM_INFO_PART_PLL1B
                0x00000693       0x17 src/usb.o
                0x00000693                PM_INFO_PART_PLL1B
 .progmem.data.PM_INFO_PART_PLL1A
                0x000006aa       0x28 src/usb.o
                0x000006aa                PM_INFO_PART_PLL1A
 .progmem.data.PM_INFO_PART_L2P4
                0x000006d2       0x1f src/usb.o
                0x000006d2                PM_INFO_PART_L2P4
 .progmem.data.PM_INFO_PART_L2P3B
                0x000006f1       0x18 src/usb.o
                0x000006f1                PM_INFO_PART_L2P3B
 .progmem.data.PM_INFO_PART_L2P3A
                0x00000709       0x2d src/usb.o
                0x00000709                PM_INFO_PART_L2P3A
 .progmem.data.PM_INFO_PART_L2P2B
                0x00000736       0x18 src/usb.o
                0x00000736                PM_INFO_PART_L2P2B
 .progmem.data.PM_INFO_PART_L2P2A
                0x0000074e       0x2f src/usb.o
                0x0000074e                PM_INFO_PART_L2P2A
 .progmem.data.PM_INFO_PART_L2P1B
                0x0000077d       0x17 src/usb.o
                0x0000077d                PM_INFO_PART_L2P1B
 .progmem.data.PM_INFO_PART_L2P1A
                0x00000794       0x2c src/usb.o
                0x00000794                PM_INFO_PART_L2P1A
 .progmem.data.PM_INFO_PART_L1P4A
                0x000007c0       0x27 src/usb.o
                0x000007c0                PM_INFO_PART_L1P4A
 .progmem.data.PM_INFO_PART_L1P3B
                0x000007e7       0x20 src/usb.o
                0x000007e7                PM_INFO_PART_L1P3B
 .progmem.data.PM_INFO_PART_L1P3A
                0x00000807       0x2b src/usb.o
                0x00000807                PM_INFO_PART_L1P3A
 .progmem.data.PM_INFO_PART_L1P2B
                0x00000832       0x15 src/usb.o
                0x00000832                PM_INFO_PART_L1P2B
 .progmem.data.PM_INFO_PART_L1P2A
                0x00000847       0x26 src/usb.o
                0x00000847                PM_INFO_PART_L1P2A
 .progmem.data.PM_INFO_PART_L1P1C
                0x0000086d       0x14 src/usb.o
                0x0000086d                PM_INFO_PART_L1P1C
 .progmem.data.PM_INFO_PART_L1P1B
                0x00000881       0x2a src/usb.o
                0x00000881                PM_INFO_PART_L1P1B
 .progmem.data.PM_INFO_PART_L1P1A
                0x000008ab       0x35 src/usb.o
                0x000008ab                PM_INFO_PART_L1P1A
 .progmem.data.PM_USBINIT_HEADER_4
                0x000008e0       0x24 src/usb.o
                0x000008e0                PM_USBINIT_HEADER_4
 .progmem.data.PM_USBINIT_HEADER_3
                0x00000904       0x22 src/usb.o
                0x00000904                PM_USBINIT_HEADER_3
 .progmem.data.PM_USBINIT_HEADER_2
                0x00000926       0x26 src/usb.o
                0x00000926                PM_USBINIT_HEADER_2
 .progmem.data.PM_USBINIT_HEADER_1
                0x0000094c        0x7 src/usb.o
                0x0000094c                PM_USBINIT_HEADER_1
 .progmem.data.PM_SINE_IP
                0x00000953      0x680 src/dds.o
                0x00000953                PM_SINE_IP
 .progmem.data.PM_SINE
                0x00000fd3     0x2000 src/dds.o
                0x00000fd3                PM_SINE
 .progmem.data.PM_UNKNOWN_01
                0x00002fd3       0x35 src/interpreter.o
                0x00002fd3                PM_UNKNOWN_01
 .progmem.data.PM_IP_CMD_xo
                0x00003008        0x4 src/interpreter.o
                0x00003008                PM_IP_CMD_xo
 .progmem.data.PM_IP_CMD_shut
                0x0000300c        0x5 src/interpreter.o
                0x0000300c                PM_IP_CMD_shut
 .progmem.data.PM_IP_CMD_reset
                0x00003011        0x7 src/interpreter.o
                0x00003011                PM_IP_CMD_reset
 .progmem.data.PM_IP_CMD_qnh_m
                0x00003018        0x7 src/interpreter.o
                0x00003018                PM_IP_CMD_qnh_m
 .progmem.data.PM_IP_CMD_qnh_auto
                0x0000301f        0x9 src/interpreter.o
                0x0000301f                PM_IP_CMD_qnh_auto
 .progmem.data.PM_IP_CMD_pt
                0x00003028        0x4 src/interpreter.o
                0x00003028                PM_IP_CMD_pt
 .progmem.data.PM_IP_CMD_kb
                0x0000302c        0x4 src/interpreter.o
                0x0000302c                PM_IP_CMD_kb
 .progmem.data.PM_IP_CMD_info
                0x00003030        0x6 src/interpreter.o
                0x00003030                PM_IP_CMD_info
 .progmem.data.PM_IP_CMD_help
                0x00003036        0x5 src/interpreter.o
                0x00003036                PM_IP_CMD_help
 .progmem.data.PM_IP_CMD_gsm_pin
                0x0000303b        0x9 src/interpreter.o
                0x0000303b                PM_IP_CMD_gsm_pin
 .progmem.data.PM_IP_CMD_gsm_aprs
                0x00003044        0xa src/interpreter.o
                0x00003044                PM_IP_CMD_gsm_aprs
 .progmem.data.PM_IP_CMD_gsm_num
                0x0000304e        0x5 src/interpreter.o
                0x0000304e                PM_IP_CMD_gsm_num
 .progmem.data.PM_IP_CMD_env_t
                0x00003053        0x7 src/interpreter.o
                0x00003053                PM_IP_CMD_env_t
 .progmem.data.PM_IP_CMD_eb
                0x0000305a        0x4 src/interpreter.o
                0x0000305a                PM_IP_CMD_eb
 .progmem.data.PM_IP_CMD_dds
                0x0000305e        0x5 src/interpreter.o
                0x0000305e                PM_IP_CMD_dds
 .progmem.data.PM_IP_CMD_dac
                0x00003063        0x5 src/interpreter.o
                0x00003063                PM_IP_CMD_dac
 .progmem.data.PM_IP_CMD_cal_gyro
                0x00003068        0x9 src/interpreter.o
                0x00003068                PM_IP_CMD_cal_gyro
 .progmem.data.PM_IP_CMD_cal_defaults
                0x00003071        0xd src/interpreter.o
                0x00003071                PM_IP_CMD_cal_defaults
 .progmem.data.PM_IP_CMD_cal_accelz
                0x0000307e        0xb src/interpreter.o
                0x0000307e                PM_IP_CMD_cal_accelz
 .progmem.data.PM_IP_CMD_cal_accely
                0x00003089        0xb src/interpreter.o
                0x00003089                PM_IP_CMD_cal_accely
 .progmem.data.PM_IP_CMD_cal_accelx
                0x00003094        0xb src/interpreter.o
                0x00003094                PM_IP_CMD_cal_accelx
 .progmem.data.PM_IP_CMD_bl
                0x0000309f        0x4 src/interpreter.o
                0x0000309f                PM_IP_CMD_bl
 .progmem.data.PM_IP_CMD_bias
                0x000030a3        0x6 src/interpreter.o
                0x000030a3                PM_IP_CMD_bias
 .progmem.data.PM_IP_CMD_A_slash
                0x000030a9        0x3 src/interpreter.o
                0x000030a9                PM_IP_CMD_A_slash
 .progmem.data.PM_IP_CMD_AT
                0x000030ac        0x3 src/interpreter.o
                0x000030ac                PM_IP_CMD_AT
 .progmem.data.PM_IP_CMD_aprs_pwd
                0x000030af        0xa src/interpreter.o
                0x000030af                PM_IP_CMD_aprs_pwd
 .progmem.data.PM_IP_CMD_aprs_user
                0x000030b9        0xb src/interpreter.o
                0x000030b9                PM_IP_CMD_aprs_user
 .progmem.data.PM_IP_CMD_aprs_ssid
                0x000030c4        0xb src/interpreter.o
                0x000030c4                PM_IP_CMD_aprs_ssid
 .progmem.data.PM_IP_CMD_aprs_call
                0x000030cf        0xb src/interpreter.o
                0x000030cf                PM_IP_CMD_aprs_call
 .progmem.data.PM_IP_CMD_aprs_num
                0x000030da        0x6 src/interpreter.o
                0x000030da                PM_IP_CMD_aprs_num
 .progmem.data.PM_IP_CMD_adc
                0x000030e0        0x5 src/interpreter.o
                0x000030e0                PM_IP_CMD_adc
 .progmem.data.PM_IP_CMD_CmdLine
                0x000030e5        0x5 src/interpreter.o
                0x000030e5                PM_IP_CMD_CmdLine
 .progmem.data.PM_IP_CMD_NewLine
                0x000030ea        0x3 src/interpreter.o
                0x000030ea                PM_IP_CMD_NewLine
 .progmem.data.PM_HELP_XO_2
                0x000030ed        0xd src/interpreter.o
                0x000030ed                PM_HELP_XO_2
 .progmem.data.PM_HELP_XO_1
                0x000030fa       0x24 src/interpreter.o
                0x000030fa                PM_HELP_XO_1
 .progmem.data.PM_HELP_SHUT_1
                0x0000311e       0x1d src/interpreter.o
                0x0000311e                PM_HELP_SHUT_1
 .progmem.data.PM_HELP_RESET_1
                0x0000313b       0x18 src/interpreter.o
                0x0000313b                PM_HELP_RESET_1
 .progmem.data.PM_HELP_QNH_M_1
                0x00003153       0x28 src/interpreter.o
                0x00003153                PM_HELP_QNH_M_1
 .progmem.data.PM_HELP_QNH_AUTO_1
                0x0000317b       0x27 src/interpreter.o
                0x0000317b                PM_HELP_QNH_AUTO_1
 .progmem.data.PM_HELP_PT_2
                0x000031a2       0x1f src/interpreter.o
                0x000031a2                PM_HELP_PT_2
 .progmem.data.PM_HELP_PT_1
                0x000031c1       0x19 src/interpreter.o
                0x000031c1                PM_HELP_PT_1
 .progmem.data.PM_HELP_KB_1
                0x000031da       0x1e src/interpreter.o
                0x000031da                PM_HELP_KB_1
 .progmem.data.PM_HELP_INFO_3
                0x000031f8       0x11 src/interpreter.o
                0x000031f8                PM_HELP_INFO_3
 .progmem.data.PM_HELP_INFO_2
                0x00003209        0xf src/interpreter.o
                0x00003209                PM_HELP_INFO_2
 .progmem.data.PM_HELP_INFO_1
                0x00003218       0x1f src/interpreter.o
                0x00003218                PM_HELP_INFO_1
 .progmem.data.PM_HELP_HELP_2
                0x00003237       0x1f src/interpreter.o
                0x00003237                PM_HELP_HELP_2
 .progmem.data.PM_HELP_HELP_1
                0x00003256       0x1d src/interpreter.o
                0x00003256                PM_HELP_HELP_1
 .progmem.data.PM_HELP_GSM_3
                0x00003273       0x2d src/interpreter.o
                0x00003273                PM_HELP_GSM_3
 .progmem.data.PM_HELP_GSM_2
                0x000032a0       0x24 src/interpreter.o
                0x000032a0                PM_HELP_GSM_2
 .progmem.data.PM_HELP_GSM_1
                0x000032c4       0x16 src/interpreter.o
                0x000032c4                PM_HELP_GSM_1
 .progmem.data.PM_HELP_ENV_T_1
                0x000032da       0x27 src/interpreter.o
                0x000032da                PM_HELP_ENV_T_1
 .progmem.data.PM_HELP_EB_1
                0x00003301       0x20 src/interpreter.o
                0x00003301                PM_HELP_EB_1
 .progmem.data.PM_HELP_DDS_3
                0x00003321       0x25 src/interpreter.o
                0x00003321                PM_HELP_DDS_3
 .progmem.data.PM_HELP_DDS_2
                0x00003346        0xe src/interpreter.o
                0x00003346                PM_HELP_DDS_2
 .progmem.data.PM_HELP_DDS_1
                0x00003354       0x22 src/interpreter.o
                0x00003354                PM_HELP_DDS_1
 .progmem.data.PM_HELP_DAC_2
                0x00003376       0x12 src/interpreter.o
                0x00003376                PM_HELP_DAC_2
 .progmem.data.PM_HELP_DAC_1
                0x00003388       0x19 src/interpreter.o
                0x00003388                PM_HELP_DAC_1
 .progmem.data.PM_HELP_CAL_6
                0x000033a1       0x24 src/interpreter.o
                0x000033a1                PM_HELP_CAL_6
 .progmem.data.PM_HELP_CAL_5
                0x000033c5       0x2f src/interpreter.o
                0x000033c5                PM_HELP_CAL_5
 .progmem.data.PM_HELP_CAL_4
                0x000033f4       0x2f src/interpreter.o
                0x000033f4                PM_HELP_CAL_4
 .progmem.data.PM_HELP_CAL_3
                0x00003423       0x2f src/interpreter.o
                0x00003423                PM_HELP_CAL_3
 .progmem.data.PM_HELP_CAL_2
                0x00003452        0xc src/interpreter.o
                0x00003452                PM_HELP_CAL_2
 .progmem.data.PM_HELP_CAL_1
                0x0000345e       0x25 src/interpreter.o
                0x0000345e                PM_HELP_CAL_1
 .progmem.data.PM_HELP_BL_2
                0x00003483       0x22 src/interpreter.o
                0x00003483                PM_HELP_BL_2
 .progmem.data.PM_HELP_BL_1
                0x000034a5       0x1c src/interpreter.o
                0x000034a5                PM_HELP_BL_1
 .progmem.data.PM_HELP_BIAS_2
                0x000034c1       0x13 src/interpreter.o
                0x000034c1                PM_HELP_BIAS_2
 .progmem.data.PM_HELP_BIAS_1
                0x000034d4       0x1b src/interpreter.o
                0x000034d4                PM_HELP_BIAS_1
 .progmem.data.PM_HELP_AT_1
                0x000034ef       0x20 src/interpreter.o
                0x000034ef                PM_HELP_AT_1
 .progmem.data.PM_HELP_APRS_5
                0x0000350f       0x18 src/interpreter.o
                0x0000350f                PM_HELP_APRS_5
 .progmem.data.PM_HELP_APRS_4
                0x00003527       0x1b src/interpreter.o
                0x00003527                PM_HELP_APRS_4
 .progmem.data.PM_HELP_APRS_3
                0x00003542       0x17 src/interpreter.o
                0x00003542                PM_HELP_APRS_3
 .progmem.data.PM_HELP_APRS_2
                0x00003559       0x19 src/interpreter.o
                0x00003559                PM_HELP_APRS_2
 .progmem.data.PM_HELP_APRS_1
                0x00003572       0x17 src/interpreter.o
                0x00003572                PM_HELP_APRS_1
 .progmem.data.PM_HELP_ADC_2
                0x00003589       0x1b src/interpreter.o
                0x00003589                PM_HELP_ADC_2
 .progmem.data.PM_HELP_ADC_1
                0x000035a4       0x22 src/interpreter.o
                0x000035a4                PM_HELP_ADC_1
 .progmem.data.PM_HELP_HDR_2
                0x000035c6       0x1f src/interpreter.o
                0x000035c6                PM_HELP_HDR_2
 .progmem.data.PM_HELP_HDR_1
                0x000035e5       0x15 src/interpreter.o
                0x000035e5                PM_HELP_HDR_1
 .progmem.data.PM_TWIINIT_ACCEL
                0x000035fa        0x7 src/twi.o
                0x000035fa                PM_TWIINIT_ACCEL
 .progmem.data.PM_TWIINIT_MAGNETICS
                0x00003601        0xa src/twi.o
                0x00003601                PM_TWIINIT_MAGNETICS
 .progmem.data.PM_TWIINIT_GZ
                0x0000360b        0x3 src/twi.o
                0x0000360b                PM_TWIINIT_GZ
 .progmem.data.PM_TWIINIT_GY
                0x0000360e        0x3 src/twi.o
                0x0000360e                PM_TWIINIT_GY
 .progmem.data.PM_TWIINIT_GX
                0x00003611        0x3 src/twi.o
                0x00003611                PM_TWIINIT_GX
 .progmem.data.PM_TWIINIT_P100
                0x00003614        0x2 src/twi.o
                0x00003614                PM_TWIINIT_P100
 .progmem.data.PM_TWIINIT_V
                0x00003616        0x2 src/twi.o
                0x00003616                PM_TWIINIT_V
 .progmem.data.PM_TWIINIT_C
                0x00003618        0x2 src/twi.o
                0x00003618                PM_TWIINIT_C
 .progmem.data.PM_TWIINIT_QNH
                0x0000361a        0xa src/twi.o
                0x0000361a                PM_TWIINIT_QNH
 .progmem.data.PM_TWIINIT_DP_TEMP
                0x00003624        0xa src/twi.o
                0x00003624                PM_TWIINIT_DP_TEMP
 .progmem.data.PM_TWIINIT_ENV_RELH
                0x0000362e        0xa src/twi.o
                0x0000362e                PM_TWIINIT_ENV_RELH
 .progmem.data.PM_TWIINIT_ENV_TEMP
                0x00003638        0xa src/twi.o
                0x00003638                PM_TWIINIT_ENV_TEMP
 .progmem.data.PM_TWIINIT_MP_UVCTCXO
                0x00003642        0xa src/twi.o
                0x00003642                PM_TWIINIT_MP_UVCTCXO
 .progmem.data.PM_TWIINIT_MP_UBAT
                0x0000364c        0x7 src/twi.o
                0x0000364c                PM_TWIINIT_MP_UBAT
 .progmem.data.PM_TWIINIT_MP_UUSB
                0x00003653        0x7 src/twi.o
                0x00003653                PM_TWIINIT_MP_UUSB
 .progmem.data.PM_TWIINIT_MP_TEMP
                0x0000365a        0xa src/twi.o
                0x0000365a                PM_TWIINIT_MP_TEMP
 .progmem.data.PM_TWIINIT_DATE_TIME
                0x00003664       0x18 src/twi.o
                0x00003664                PM_TWIINIT_DATE_TIME
 .progmem.data.PM_TWIHEADER_BY_DF4IAH
                0x0000367c        0xa src/twi.o
                0x0000367c                PM_TWIHEADER_BY_DF4IAH
 .progmem.data.PM_TWIHEADER_FINDMESAT
                0x00003686        0xa src/twi.o
                0x00003686                PM_TWIHEADER_FINDMESAT
 .progmem.data.PM_TWI1_INIT_ONBOARD_01
                0x00003690       0x10 src/twi.o
                0x00003690                PM_TWI1_INIT_ONBOARD_01
 .progmem.data.PM_TWI1_INIT_ONBOARD_BARO_OK
                0x000036a0       0x14 src/twi.o
                0x000036a0                PM_TWI1_INIT_ONBOARD_BARO_OK
 .progmem.data.PM_TWI1_INIT_BARO_06
                0x000036b4       0x31 src/twi.o
                0x000036b4                PM_TWI1_INIT_BARO_06
 .progmem.data.PM_TWI1_INIT_BARO_05
                0x000036e5       0x1e src/twi.o
                0x000036e5                PM_TWI1_INIT_BARO_05
 .progmem.data.PM_TWI1_INIT_BARO_04
                0x00003703       0x35 src/twi.o
                0x00003703                PM_TWI1_INIT_BARO_04
 .progmem.data.PM_TWI1_INIT_BARO_03
                0x00003738       0x36 src/twi.o
                0x00003738                PM_TWI1_INIT_BARO_03
 .progmem.data.PM_TWI1_INIT_BARO_02
                0x0000376e       0x35 src/twi.o
                0x0000376e                PM_TWI1_INIT_BARO_02
 .progmem.data.PM_TWI1_INIT_BARO_01
                0x000037a3       0x3c src/twi.o
                0x000037a3                PM_TWI1_INIT_BARO_01
 .progmem.data.PM_TWI1_INIT_ONBOARD_GYRO_OK
                0x000037df       0x14 src/twi.o
                0x000037df                PM_TWI1_INIT_ONBOARD_GYRO_OK
 .progmem.data.PM_TWI1_INIT_GYRO_05
                0x000037f3       0x31 src/twi.o
                0x000037f3                PM_TWI1_INIT_GYRO_05
 .progmem.data.PM_TWI1_INIT_GYRO_04
                0x00003824       0x1e src/twi.o
                0x00003824                PM_TWI1_INIT_GYRO_04
 .progmem.data.PM_TWI1_INIT_GYRO_03
                0x00003842       0x3b src/twi.o
                0x00003842                PM_TWI1_INIT_GYRO_03
 .progmem.data.PM_TWI1_INIT_GYRO_02
                0x0000387d       0x3a src/twi.o
                0x0000387d                PM_TWI1_INIT_GYRO_02
 .progmem.data.PM_TWI1_INIT_GYRO_01
                0x000038b7       0x3d src/twi.o
                0x000038b7                PM_TWI1_INIT_GYRO_01
 .progmem.data.PM_TWI1_INIT_ONBOARD_HYGRO_OK
                0x000038f4       0x14 src/twi.o
                0x000038f4                PM_TWI1_INIT_ONBOARD_HYGRO_OK
 .progmem.data.PM_TWI1_INIT_HYGRO_05
                0x00003908       0x31 src/twi.o
                0x00003908                PM_TWI1_INIT_HYGRO_05
 .progmem.data.PM_TWI1_INIT_HYGRO_04
                0x00003939       0x1e src/twi.o
                0x00003939                PM_TWI1_INIT_HYGRO_04
 .progmem.data.PM_TWI1_INIT_HYGRO_03
                0x00003957       0x32 src/twi.o
                0x00003957                PM_TWI1_INIT_HYGRO_03
 .progmem.data.PM_TWI1_INIT_HYGRO_02
                0x00003989       0x47 src/twi.o
                0x00003989                PM_TWI1_INIT_HYGRO_02
 .progmem.data.PM_TWI1_INIT_HYGRO_01
                0x000039d0       0x37 src/twi.o
                0x000039d0                PM_TWI1_INIT_HYGRO_01
 .progmem.data.PM_FORMAT_KMPH
                0x00003a07        0x4 src/twi.o
                0x00003a07                PM_FORMAT_KMPH
 .progmem.data.PM_FORMAT_07F2
                0x00003a0b        0x7 src/twi.o
                0x00003a0b                PM_FORMAT_07F2
 .progmem.data.PM_FORMAT_05F2
                0x00003a12        0x7 src/twi.o
                0x00003a12                PM_FORMAT_05F2
 .progmem.data.PM_FORMAT_05LD
                0x00003a19        0x6 src/twi.o
                0x00003a19                PM_FORMAT_05LD
 .progmem.data.PM_FORMAT_5F3
                0x00003a1f        0x6 src/twi.o
                0x00003a1f                PM_FORMAT_5F3
 .progmem.data.PM_FORMAT_5F1
                0x00003a25        0x6 src/twi.o
                0x00003a25                PM_FORMAT_5F1
 .progmem.data.PM_FORMAT_4F1
                0x00003a2b        0x6 src/twi.o
                0x00003a2b                PM_FORMAT_4F1
 .progmem.data.PM_FORMAT_4LD
                0x00003a31        0x5 src/twi.o
                0x00003a31                PM_FORMAT_4LD
 .progmem.data.PM_FORMAT_03LD
                0x00003a36        0x6 src/twi.o
                0x00003a36                PM_FORMAT_03LD
 .progmem.data.PM_FORMAT_02LD
                0x00003a3c        0x6 src/twi.o
                0x00003a3c                PM_FORMAT_02LD
 .progmem.data.PM_DEBUG_MAIN_1PPS_2
                0x00003a42       0x1c src/main.o
                0x00003a42                PM_DEBUG_MAIN_1PPS_2
 .progmem.data.PM_DEBUG_MAIN_1PPS_1
                0x00003a5e       0x39 src/main.o
                0x00003a5e                PM_DEBUG_MAIN_1PPS_1
 .progmem.data.PM_APRS_TX_N5
                0x00003a97       0x26 src/main.o
                0x00003a97                PM_APRS_TX_N5
 .progmem.data.PM_APRS_TX_N4
                0x00003abd       0x24 src/main.o
                0x00003abd                PM_APRS_TX_N4
 .progmem.data.PM_APRS_TX_N3
                0x00003ae1       0x25 src/main.o
                0x00003ae1                PM_APRS_TX_N3
 .progmem.data.PM_APRS_TX_N2
                0x00003b06       0x25 src/main.o
                0x00003b06                PM_APRS_TX_N2
 .progmem.data.PM_APRS_TX_N1
                0x00003b2b       0x28 src/main.o
                0x00003b2b                PM_APRS_TX_N1
 .progmem.data.PM_APRS_TX_POS
                0x00003b53       0x25 src/main.o
                0x00003b53                PM_APRS_TX_POS
 .progmem.data.PM_APRS_TX_FORWARD
                0x00003b78       0x12 src/main.o
                0x00003b78                PM_APRS_TX_FORWARD
 .progmem.data.PM_APRS_TX_LOGIN
                0x00003b8a       0x1d src/main.o
                0x00003b8a                PM_APRS_TX_LOGIN
 .progmem.data.PM_APRS_TX_HTTP_L4
                0x00003ba7       0x1c src/main.o
                0x00003ba7                PM_APRS_TX_HTTP_L4
 .progmem.data.PM_APRS_TX_HTTP_L3
                0x00003bc3       0x29 src/main.o
                0x00003bc3                PM_APRS_TX_HTTP_L3
 .progmem.data.PM_APRS_TX_HTTP_L2
                0x00003bec       0x15 src/main.o
                0x00003bec                PM_APRS_TX_HTTP_L2
 .progmem.data.PM_APRS_TX_HTTP_L1
                0x00003c01       0x12 src/main.o
                0x00003c01                PM_APRS_TX_HTTP_L1
                0x00003c14                . = ALIGN (0x2)
 *fill*         0x00003c13        0x1 
 *(.jumptables)
 *(.jumptables*)
 *(.lowtext)
 *(.lowtext*)
                0x00003c14                __ctors_start = .
 *(.ctors)
                0x00003c14                __ctors_end = .
                0x00003c14                __dtors_start = .
 *(.dtors)
                0x00003c14                __dtors_end = .
 SORT(*)(.ctors)
 SORT(*)(.dtors)
 *(.init0)
 .init0         0x00003c14        0x0 C:/Program Files (x86)/Atmel/Studio/7.0/Packs/Atmel/XMEGAA_DFP/1.1.68/gcc/dev/atxmega256a3bu/avrxmega6/crtatxmega256a3bu.o
                0x00003c14                __init
 *(.init0)
 *(.init1)
 *(.init1)
 *(.init2)
 .init2         0x00003c14       0x10 C:/Program Files (x86)/Atmel/Studio/7.0/Packs/Atmel/XMEGAA_DFP/1.1.68/gcc/dev/atxmega256a3bu/avrxmega6/crtatxmega256a3bu.o
 *(.init2)
 *(.init3)
 *(.init3)
 *(.init4)
 .init4         0x00003c24       0x1a c:/program files (x86)/atmel/studio/7.0/toolchain/avr8/avr8-gnu-toolchain/bin/../lib/gcc/avr/5.4.0/avrxmega6\libgcc.a(_copy_data.o)
                0x00003c24                __do_copy_data
 .init4         0x00003c3e       0x10 c:/program files (x86)/atmel/studio/7.0/toolchain/avr8/avr8-gnu-toolchain/bin/../lib/gcc/avr/5.4.0/avrxmega6\libgcc.a(_clear_bss.o)
                0x00003c3e                __do_clear_bss
 *(.init4)
 *(.init5)
 *(.init5)
 *(.init6)
 *(.init6)
 *(.init7)
 *(.init7)
 *(.init8)
 *(.init8)
 *(.init9)
 .init9         0x00003c4e        0x8 C:/Program Files (x86)/Atmel/Studio/7.0/Packs/Atmel/XMEGAA_DFP/1.1.68/gcc/dev/atxmega256a3bu/avrxmega6/crtatxmega256a3bu.o
 *(.init9)
 *(.text)
 .text          0x00003c56        0x4 C:/Program Files (x86)/Atmel/Studio/7.0/Packs/Atmel/XMEGAA_DFP/1.1.68/gcc/dev/atxmega256a3bu/avrxmega6/crtatxmega256a3bu.o
                0x00003c56                __vector_38
                0x00003c56                __vector_104
                0x00003c56                __vector_63
                0x00003c56                __vector_28
                0x00003c56                __vector_67
                0x00003c56                __vector_1
                0x00003c56                __vector_32
                0x00003c56                __vector_75
                0x00003c56                __vector_91
                0x00003c56                __vector_34
                0x00003c56                __vector_62
                0x00003c56                __vector_102
                0x00003c56                __vector_24
                0x00003c56                __vector_12
                0x00003c56                __vector_69
                0x00003c56                __vector_90
                0x00003c56                __bad_interrupt
                0x00003c56                __vector_122
                0x00003c56                __vector_114
                0x00003c56                __vector_31
                0x00003c56                __vector_92
                0x00003c56                __vector_35
                0x00003c56                __vector_117
                0x00003c56                __vector_107
                0x00003c56                __vector_3
                0x00003c56                __vector_105
                0x00003c56                __vector_98
                0x00003c56                __vector_68
                0x00003c56                __vector_30
                0x00003c56                __vector_45
                0x00003c56                __vector_25
                0x00003c56                __vector_93
                0x00003c56                __vector_61
                0x00003c56                __vector_99
                0x00003c56                __vector_123
                0x00003c56                __vector_100
                0x00003c56                __vector_101
                0x00003c56                __vector_64
                0x00003c56                __vector_88
                0x00003c56                __vector_43
                0x00003c56                __vector_27
                0x00003c56                __vector_5
                0x00003c56                __vector_33
                0x00003c56                __vector_76
                0x00003c56                __vector_115
                0x00003c56                __vector_37
                0x00003c56                __vector_95
                0x00003c56                __vector_103
                0x00003c56                __vector_96
                0x00003c56                __vector_89
                0x00003c56                __vector_44
                0x00003c56                __vector_106
                0x00003c56                __vector_118
                0x00003c56                __vector_2
                0x00003c56                __vector_66
                0x00003c56                __vector_36
                0x00003c56                __vector_58
                0x00003c56                __vector_70
                0x00003c56                __vector_29
                0x00003c56                __vector_60
                0x00003c56                __vector_121
                0x00003c56                __vector_94
                0x00003c56                __vector_26
                0x00003c56                __vector_124
                0x00003c56                __vector_116
                0x00003c56                __vector_57
                0x00003c56                __vector_10
                0x00003c56                __vector_59
                0x00003c56                __vector_97
                0x00003c56                __vector_87
                0x00003c56                __vector_65
                0x00003c56                __vector_120
                0x00003c5a                . = ALIGN (0x2)
 *(.text.*)
 .text.usart_serial_write_packet
                0x00003c5a       0x34 src/ASF/common/services/serial/usart_serial.o
                0x00003c5a                usart_serial_write_packet
 .text.sysclk_enable_peripheral_clock
                0x00003c8e      0x170 src/ASF/xmega/drivers/usart/usart.o
 .text.usart_putchar
                0x00003dfe       0x10 src/ASF/xmega/drivers/usart/usart.o
                0x00003dfe                usart_putchar
 .text.usart_getchar
                0x00003e0e        0xc src/ASF/xmega/drivers/usart/usart.o
                0x00003e0e                usart_getchar
 .text.usart_set_baudrate
                0x00003e1a      0x1c6 src/ASF/xmega/drivers/usart/usart.o
                0x00003e1a                usart_set_baudrate
 .text.usart_init_rs232
                0x00003fe0       0x52 src/ASF/xmega/drivers/usart/usart.o
                0x00003fe0                usart_init_rs232
 .text.cpu_irq_save
                0x00004032       0x1a src/serial.o
 .text.__portable_avr_delay_cycles
                0x0000404c       0x16 src/serial.o
 .text.ioport_set_pin_mode
                0x00004062       0x3a src/serial.o
 .text.__vector_119
                0x0000409c       0x9a src/serial.o
                0x0000409c                __vector_119
 .text.serial_sim808_send
                0x00004136       0x72 src/serial.o
                0x00004136                serial_sim808_send
 .text.serial_gsm_gprs_openClose
                0x000041a8      0x132 src/serial.o
                0x000041a8                serial_gsm_gprs_openClose
 .text.serial_init
                0x000042da       0xdc src/serial.o
                0x000042da                serial_init
 .text.serial_send_gns_urc
                0x000043b6       0x36 src/serial.o
                0x000043b6                serial_send_gns_urc
 .text.task_serial
                0x000043ec      0x67e src/serial.o
                0x000043ec                task_serial
 .text.serial_sim808_sendAndResponse
                0x00004a6a       0x68 src/serial.o
                0x00004a6a                serial_sim808_sendAndResponse
 .text.serial_sim808_gsm_setFunc
                0x00004ad2       0x3a src/serial.o
                0x00004ad2                serial_sim808_gsm_setFunc
 .text.serial_sim808_gsm_setPin
                0x00004b0c       0x3a src/serial.o
                0x00004b0c                serial_sim808_gsm_setPin
 .text.serial_gsm_activation
                0x00004b46       0x1e src/serial.o
                0x00004b46                serial_gsm_activation
 .text.serial_send_gprs_open
                0x00004b64       0x54 src/serial.o
                0x00004b64                serial_send_gprs_open
 .text.serial_gprs_establish
                0x00004bb8       0x3a src/serial.o
                0x00004bb8                serial_gprs_establish
 .text.serial_gsm_rx_creg
                0x00004bf2       0xbc src/serial.o
                0x00004bf2                serial_gsm_rx_creg
 .text.serial_gsm_rx_cgatt
                0x00004cae      0x15e src/serial.o
                0x00004cae                serial_gsm_rx_cgatt
 .text.serial_sim808_gsm_shutdown
                0x00004e0c       0x90 src/serial.o
                0x00004e0c                serial_sim808_gsm_shutdown
 .text.serial_start
                0x00004e9c      0x3ce src/serial.o
                0x00004e9c                serial_start
 .text.udi_write_tx_char
                0x0000526a       0x2c src/usb.o
 .text.udi_write_tx_buf
                0x00005296       0x70 src/usb.o
                0x00005296                udi_write_tx_buf
 .text.udi_write_serial_line
                0x00005306       0xa8 src/usb.o
                0x00005306                udi_write_serial_line
 .text.usb_init
                0x000053ae       0xf8 src/usb.o
                0x000053ae                usb_init
 .text.usb_callback_suspend_action
                0x000054a6        0x8 src/usb.o
                0x000054a6                usb_callback_suspend_action
 .text.usb_callback_resume_action
                0x000054ae        0x8 src/usb.o
                0x000054ae                usb_callback_resume_action
 .text.usb_callback_remotewakeup_enable
                0x000054b6        0x2 src/usb.o
                0x000054b6                usb_callback_remotewakeup_enable
 .text.usb_callback_remotewakeup_disable
                0x000054b8        0x2 src/usb.o
                0x000054b8                usb_callback_remotewakeup_disable
 .text.usb_callback_cdc_enable
                0x000054ba        0x8 src/usb.o
                0x000054ba                usb_callback_cdc_enable
 .text.usb_callback_cdc_disable
                0x000054c2        0x6 src/usb.o
                0x000054c2                usb_callback_cdc_disable
 .text.usb_callback_config
                0x000054c8        0x2 src/usb.o
                0x000054c8                usb_callback_config
 .text.usb_callback_cdc_set_dtr
                0x000054ca        0x2 src/usb.o
                0x000054ca                usb_callback_cdc_set_dtr
 .text.usb_callback_cdc_set_rts
                0x000054cc        0x2 src/usb.o
                0x000054cc                usb_callback_cdc_set_rts
 .text.usb_callback_rx_notify
                0x000054ce        0x8 src/usb.o
                0x000054ce                usb_callback_rx_notify
 .text.usb_callback_tx_empty_notify
                0x000054d6        0x6 src/usb.o
                0x000054d6                usb_callback_tx_empty_notify
 .text.task_usb
                0x000054dc      0xb28 src/usb.o
                0x000054dc                task_usb
 .text.nvm_init
                0x00006004        0xc src/ASF/common/drivers/nvm/xmega/xmega_nvm.o
                0x00006004                nvm_init
 .text.nvm_read
                0x00006010       0x4c src/ASF/common/drivers/nvm/xmega/xmega_nvm.o
                0x00006010                nvm_read
 .text.nvm_write
                0x0000605c       0x50 src/ASF/common/drivers/nvm/xmega/xmega_nvm.o
                0x0000605c                nvm_write
 .text.calendar_leapyear
                0x000060ac       0x32 src/ASF/common/services/calendar/calendar.o
 .text.calendar_is_date_valid
                0x000060de       0x60 src/ASF/common/services/calendar/calendar.o
                0x000060de                calendar_is_date_valid
 .text.calendar_timestamp_to_date
                0x0000613e      0x11a src/ASF/common/services/calendar/calendar.o
                0x0000613e                calendar_timestamp_to_date
 .text.calendar_date_to_timestamp
                0x00006258       0xf6 src/ASF/common/services/calendar/calendar.o
                0x00006258                calendar_date_to_timestamp
 .text.fifo_init
                0x0000634e       0x18 src/ASF/common/services/fifo/fifo.o
                0x0000634e                fifo_init
 .text.cpu_irq_save
                0x00006366       0x1a src/ASF/xmega/drivers/dma/dma.o
 .text.dma_interrupt
                0x00006380       0xca src/ASF/xmega/drivers/dma/dma.o
 .text.dma_enable
                0x0000644a       0x2e src/ASF/xmega/drivers/dma/dma.o
                0x0000644a                dma_enable
 .text.dma_disable
                0x00006478       0x26 src/ASF/xmega/drivers/dma/dma.o
                0x00006478                dma_disable
 .text.dma_set_callback
                0x0000649e       0x12 src/ASF/xmega/drivers/dma/dma.o
                0x0000649e                dma_set_callback
 .text.__vector_6
                0x000064b0       0x50 src/ASF/xmega/drivers/dma/dma.o
                0x000064b0                __vector_6
 .text.__vector_7
                0x00006500       0x50 src/ASF/xmega/drivers/dma/dma.o
                0x00006500                __vector_7
 .text.__vector_8
                0x00006550       0x50 src/ASF/xmega/drivers/dma/dma.o
                0x00006550                __vector_8
 .text.__vector_9
                0x000065a0       0x50 src/ASF/xmega/drivers/dma/dma.o
                0x000065a0                __vector_9
 .text.dma_channel_write_config
                0x000065f0       0x5c src/ASF/xmega/drivers/dma/dma.o
                0x000065f0                dma_channel_write_config
 .text.__portable_avr_delay_cycles.constprop.1
                0x0000664c       0x10 src/ASF/xmega/drivers/rtc32/rtc32.o
 .text.rtc_get_time
                0x0000665c       0x20 src/ASF/xmega/drivers/rtc32/rtc32.o
                0x0000665c                rtc_get_time
 .text.rtc_set_alarm
                0x0000667c       0x16 src/ASF/xmega/drivers/rtc32/rtc32.o
                0x0000667c                rtc_set_alarm
 .text.rtc_set_callback
                0x00006692        0xa src/ASF/xmega/drivers/rtc32/rtc32.o
                0x00006692                rtc_set_callback
 .text.rtc_init
                0x0000669c       0x88 src/ASF/xmega/drivers/rtc32/rtc32.o
                0x0000669c                rtc_init
 .text.__vector_11
                0x00006724       0x7c src/ASF/xmega/drivers/rtc32/rtc32.o
                0x00006724                __vector_11
 .text.get_interpolated_sine
                0x000067a0       0x64 src/dds.o
                0x000067a0                get_interpolated_sine
 .text.printHelp
                0x00006804      0x91a src/interpreter.o
                0x00006804                printHelp
 .text.interpreter_doProcess
                0x0000711e      0x7e2 src/interpreter.o
                0x0000711e                interpreter_doProcess
 .text.cpu_irq_save
                0x00007900       0x1a src/twi.o
 .text.__portable_avr_delay_cycles
                0x0000791a       0x16 src/twi.o
 .text.twi_master_read
                0x00007930        0x6 src/twi.o
 .text.twi_master_write
                0x00007936        0x6 src/twi.o
 .text.task_twi1_hygro
                0x0000793c      0x1ae src/twi.o
 .text.task_twi1_baro
                0x00007aea      0x4e0 src/twi.o
 .text.calc_gyro2_correct_mag_2_nT
                0x00007fca       0x9a src/twi.o
 .text.task_twi1_gyro
                0x00008064      0x308 src/twi.o
 .text.service_twi1_baro.isra.3
                0x0000836c      0x1a4 src/twi.o
 .text.sysclk_enable_peripheral_clock
                0x00008510      0x1d4 src/twi.o
 .text.twi2_waitUntilReady
                0x000086e4       0x7c src/twi.o
                0x000086e4                twi2_waitUntilReady
 .text.twi2_set_leds
                0x00008760       0x30 src/twi.o
                0x00008760                twi2_set_leds
 .text.twi2_set_ledbl
                0x00008790       0x3a src/twi.o
                0x00008790                twi2_set_ledbl
 .text.twi2_set_bias
                0x000087ca       0x2e src/twi.o
                0x000087ca                twi2_set_bias
 .text.twi2_set_beep
                0x000087f8       0x3a src/twi.o
                0x000087f8                twi2_set_beep
 .text.twi1_gyro_gyro_offset_set
                0x00008832       0x58 src/twi.o
                0x00008832                twi1_gyro_gyro_offset_set
 .text.twi1_gyro_accel_offset_set
                0x0000888a       0xb4 src/twi.o
                0x0000888a                twi1_gyro_accel_offset_set
 .text.twi_init
                0x0000893e       0x14 src/twi.o
                0x0000893e                twi_init
 .text.isr_100ms_twi1_onboard
                0x00008952      0x260 src/twi.o
                0x00008952                isr_100ms_twi1_onboard
 .text.isr_500ms_twi1_onboard
                0x00008bb2       0xe6 src/twi.o
                0x00008bb2                isr_500ms_twi1_onboard
 .text.isr_sparetime_twi1_onboard
                0x00008c98       0x38 src/twi.o
                0x00008c98                isr_sparetime_twi1_onboard
 .text.task_twi2_lcd_cls
                0x00008cd0       0x24 src/twi.o
                0x00008cd0                task_twi2_lcd_cls
 .text.task_twi2_lcd_pos_xy
                0x00008cf4       0x3e src/twi.o
                0x00008cf4                task_twi2_lcd_pos_xy
 .text.task_twi2_lcd_print_format_long_P
                0x00008d32       0x78 src/twi.o
 .text.task_twi2_lcd_print_format_float_P
                0x00008daa       0x78 src/twi.o
 .text.task_twi2_lcd_print_format_c
                0x00008e22       0x3c src/twi.o
 .text.task_twi2_lcd_str
                0x00008e5e       0x9e src/twi.o
                0x00008e5e                task_twi2_lcd_str
 .text.init_twi1_gyro
                0x00008efc      0x4ae src/twi.o
                0x00008efc                init_twi1_gyro
 .text.task_twi2_lcd_line
                0x000093aa       0x4c src/twi.o
                0x000093aa                task_twi2_lcd_line
 .text.task_twi2_lcd_rect
                0x000093f6       0x56 src/twi.o
                0x000093f6                task_twi2_lcd_rect
 .text.task_twi2_lcd_circ
                0x0000944c       0x4e src/twi.o
                0x0000944c                task_twi2_lcd_circ
 .text.task_twi2_lcd_header
                0x0000949a       0x66 src/twi.o
                0x0000949a                task_twi2_lcd_header
 .text.twi_start
                0x00009500      0x6cc src/twi.o
                0x00009500                twi_start
 .text.task_twi2_lcd_print_format_P
                0x00009bcc       0x5c src/twi.o
                0x00009bcc                task_twi2_lcd_print_format_P
 .text.task_twi2_lcd__cpu1
                0x00009c28      0x2b6 src/twi.o
                0x00009c28                task_twi2_lcd__cpu1
 .text.task_twi2_lcd__cpu2
                0x00009ede       0xaa src/twi.o
                0x00009ede                task_twi2_lcd__cpu2
 .text.task_twi2_lcd__sim1
                0x00009f88      0x3d6 src/twi.o
                0x00009f88                task_twi2_lcd__sim1
 .text.task_twi2_lcd__hygro
                0x0000a35e       0x5c src/twi.o
                0x0000a35e                task_twi2_lcd__hygro
 .text.task_twi2_lcd__gyro_gfxmag
                0x0000a3ba      0x3d2 src/twi.o
                0x0000a3ba                task_twi2_lcd__gyro_gfxmag
 .text.task_twi2_lcd__gyro_gfxaccel
                0x0000a78c      0x1ea src/twi.o
                0x0000a78c                task_twi2_lcd__gyro_gfxaccel
 .text.task_twi2_lcd__gyro_gfxgyro
                0x0000a976      0x4d2 src/twi.o
                0x0000a976                task_twi2_lcd__gyro_gfxgyro
 .text.task_twi2_lcd__gyro_beepvario
                0x0000ae48       0xa6 src/twi.o
                0x0000ae48                task_twi2_lcd__gyro_beepvario
 .text.task_twi2_lcd__gyro
                0x0000aeee        0x8 src/twi.o
                0x0000aeee                task_twi2_lcd__gyro
 .text.task_twi2_lcd__baro
                0x0000aef6       0x8c src/twi.o
                0x0000aef6                task_twi2_lcd__baro
 .text.task_twi2_lcd__environment
                0x0000af82       0xaa src/twi.o
                0x0000af82                task_twi2_lcd__environment
 .text.task_twi
                0x0000b02c      0x396 src/twi.o
                0x0000b02c                task_twi
 .text.board_init
                0x0000b3c2        0x2 src/ASF/common/boards/user_board/init.o
                0x0000b3c2                board_init
 .text.cpu_irq_save
                0x0000b3c4       0x1a src/ASF/xmega/drivers/adc/adc.o
 .text.adc_set_callback
                0x0000b3de       0x3a src/ASF/xmega/drivers/adc/adc.o
                0x0000b3de                adc_set_callback
 .text.adc_enable_clock
                0x0000b418       0x3e src/ASF/xmega/drivers/adc/adc.o
                0x0000b418                adc_enable_clock
 .text.adc_disable_clock
                0x0000b456       0x3a src/ASF/xmega/drivers/adc/adc.o
                0x0000b456                adc_disable_clock
 .text.adc_enable
                0x0000b490       0x38 src/ASF/xmega/drivers/adc/adc.o
                0x0000b490                adc_enable
 .text.adc_disable
                0x0000b4c8       0x38 src/ASF/xmega/drivers/adc/adc.o
                0x0000b4c8                adc_disable
 .text.cpu_irq_save
                0x0000b500       0x1a src/ASF/xmega/drivers/adc/xmega_aau/adc_aau.o
 .text.__vector_71
                0x0000b51a       0x64 src/ASF/xmega/drivers/adc/xmega_aau/adc_aau.o
                0x0000b51a                __vector_71
 .text.__vector_72
                0x0000b57e       0x64 src/ASF/xmega/drivers/adc/xmega_aau/adc_aau.o
                0x0000b57e                __vector_72
 .text.__vector_73
                0x0000b5e2       0x64 src/ASF/xmega/drivers/adc/xmega_aau/adc_aau.o
                0x0000b5e2                __vector_73
 .text.__vector_74
                0x0000b646       0x64 src/ASF/xmega/drivers/adc/xmega_aau/adc_aau.o
                0x0000b646                __vector_74
 .text.__vector_39
                0x0000b6aa       0x64 src/ASF/xmega/drivers/adc/xmega_aau/adc_aau.o
                0x0000b6aa                __vector_39
 .text.__vector_40
                0x0000b70e       0x64 src/ASF/xmega/drivers/adc/xmega_aau/adc_aau.o
                0x0000b70e                __vector_40
 .text.__vector_41
                0x0000b772       0x64 src/ASF/xmega/drivers/adc/xmega_aau/adc_aau.o
                0x0000b772                __vector_41
 .text.__vector_42
                0x0000b7d6       0x64 src/ASF/xmega/drivers/adc/xmega_aau/adc_aau.o
                0x0000b7d6                __vector_42
 .text.adc_write_configuration
                0x0000b83a       0xb8 src/ASF/xmega/drivers/adc/xmega_aau/adc_aau.o
                0x0000b83a                adc_write_configuration
 .text.adc_read_configuration
                0x0000b8f2       0x48 src/ASF/xmega/drivers/adc/xmega_aau/adc_aau.o
                0x0000b8f2                adc_read_configuration
 .text.adcch_write_configuration
                0x0000b93a       0x70 src/ASF/xmega/drivers/adc/xmega_aau/adc_aau.o
                0x0000b93a                adcch_write_configuration
 .text.adcch_read_configuration
                0x0000b9aa       0x70 src/ASF/xmega/drivers/adc/xmega_aau/adc_aau.o
                0x0000b9aa                adcch_read_configuration
 .text.cpu_irq_save
                0x0000ba1a       0x1a src/ASF/xmega/drivers/dac/dac.o
 .text.dac_enable_clock
                0x0000ba34       0x20 src/ASF/xmega/drivers/dac/dac.o
 .text.dac_disable_clock
                0x0000ba54       0x1e src/ASF/xmega/drivers/dac/dac.o
 .text.dac_enable
                0x0000ba72       0x38 src/ASF/xmega/drivers/dac/dac.o
                0x0000ba72                dac_enable
 .text.dac_disable
                0x0000baaa       0x38 src/ASF/xmega/drivers/dac/dac.o
                0x0000baaa                dac_disable
 .text.dac_write_configuration
                0x0000bae2       0x9e src/ASF/xmega/drivers/dac/dac.o
                0x0000bae2                dac_write_configuration
 .text.dac_read_configuration
                0x0000bb80       0x3c src/ASF/xmega/drivers/dac/dac.o
                0x0000bb80                dac_read_configuration
 .text.cpu_irq_save
                0x0000bbbc       0x1a src/ASF/xmega/drivers/tc/tc.o
 .text.__vector_14
                0x0000bbd6       0x5a src/ASF/xmega/drivers/tc/tc.o
                0x0000bbd6                __vector_14
 .text.__vector_15
                0x0000bc30       0x5a src/ASF/xmega/drivers/tc/tc.o
                0x0000bc30                __vector_15
 .text.__vector_16
                0x0000bc8a       0x5a src/ASF/xmega/drivers/tc/tc.o
                0x0000bc8a                __vector_16
 .text.__vector_17
                0x0000bce4       0x5a src/ASF/xmega/drivers/tc/tc.o
                0x0000bce4                __vector_17
 .text.__vector_18
                0x0000bd3e       0x5a src/ASF/xmega/drivers/tc/tc.o
                0x0000bd3e                __vector_18
 .text.__vector_19
                0x0000bd98       0x5a src/ASF/xmega/drivers/tc/tc.o
                0x0000bd98                __vector_19
 .text.__vector_20
                0x0000bdf2       0x5a src/ASF/xmega/drivers/tc/tc.o
                0x0000bdf2                __vector_20
 .text.__vector_21
                0x0000be4c       0x5a src/ASF/xmega/drivers/tc/tc.o
                0x0000be4c                __vector_21
 .text.__vector_22
                0x0000bea6       0x5a src/ASF/xmega/drivers/tc/tc.o
                0x0000bea6                __vector_22
 .text.__vector_23
                0x0000bf00       0x5a src/ASF/xmega/drivers/tc/tc.o
                0x0000bf00                __vector_23
 .text.__vector_77
                0x0000bf5a       0x5a src/ASF/xmega/drivers/tc/tc.o
                0x0000bf5a                __vector_77
 .text.__vector_78
                0x0000bfb4       0x5a src/ASF/xmega/drivers/tc/tc.o
                0x0000bfb4                __vector_78
 .text.__vector_79
                0x0000c00e       0x5a src/ASF/xmega/drivers/tc/tc.o
                0x0000c00e                __vector_79
 .text.__vector_80
                0x0000c068       0x5a src/ASF/xmega/drivers/tc/tc.o
                0x0000c068                __vector_80
 .text.__vector_81
                0x0000c0c2       0x5a src/ASF/xmega/drivers/tc/tc.o
                0x0000c0c2                __vector_81
 .text.__vector_82
                0x0000c11c       0x5a src/ASF/xmega/drivers/tc/tc.o
                0x0000c11c                __vector_82
 .text.__vector_83
                0x0000c176       0x5a src/ASF/xmega/drivers/tc/tc.o
                0x0000c176                __vector_83
 .text.__vector_84
                0x0000c1d0       0x5a src/ASF/xmega/drivers/tc/tc.o
                0x0000c1d0                __vector_84
 .text.__vector_85
                0x0000c22a       0x5a src/ASF/xmega/drivers/tc/tc.o
                0x0000c22a                __vector_85
 .text.__vector_86
                0x0000c284       0x5a src/ASF/xmega/drivers/tc/tc.o
                0x0000c284                __vector_86
 .text.__vector_47
                0x0000c2de       0x5a src/ASF/xmega/drivers/tc/tc.o
                0x0000c2de                __vector_47
 .text.__vector_48
                0x0000c338       0x5a src/ASF/xmega/drivers/tc/tc.o
                0x0000c338                __vector_48
 .text.__vector_49
                0x0000c392       0x5a src/ASF/xmega/drivers/tc/tc.o
                0x0000c392                __vector_49
 .text.__vector_50
                0x0000c3ec       0x5a src/ASF/xmega/drivers/tc/tc.o
                0x0000c3ec                __vector_50
 .text.__vector_51
                0x0000c446       0x5a src/ASF/xmega/drivers/tc/tc.o
                0x0000c446                __vector_51
 .text.__vector_52
                0x0000c4a0       0x5a src/ASF/xmega/drivers/tc/tc.o
                0x0000c4a0                __vector_52
 .text.__vector_53
                0x0000c4fa       0x5a src/ASF/xmega/drivers/tc/tc.o
                0x0000c4fa                __vector_53
 .text.__vector_54
                0x0000c554       0x5a src/ASF/xmega/drivers/tc/tc.o
                0x0000c554                __vector_54
 .text.__vector_55
                0x0000c5ae       0x5a src/ASF/xmega/drivers/tc/tc.o
                0x0000c5ae                __vector_55
 .text.__vector_56
                0x0000c608       0x5a src/ASF/xmega/drivers/tc/tc.o
                0x0000c608                __vector_56
 .text.__vector_108
                0x0000c662       0x5a src/ASF/xmega/drivers/tc/tc.o
                0x0000c662                __vector_108
 .text.__vector_109
                0x0000c6bc       0x5a src/ASF/xmega/drivers/tc/tc.o
                0x0000c6bc                __vector_109
 .text.__vector_110
                0x0000c716       0x5a src/ASF/xmega/drivers/tc/tc.o
                0x0000c716                __vector_110
 .text.__vector_111
                0x0000c770       0x5a src/ASF/xmega/drivers/tc/tc.o
                0x0000c770                __vector_111
 .text.__vector_112
                0x0000c7ca       0x5a src/ASF/xmega/drivers/tc/tc.o
                0x0000c7ca                __vector_112
 .text.__vector_113
                0x0000c824       0x5a src/ASF/xmega/drivers/tc/tc.o
                0x0000c824                __vector_113
 .text.tc_enable
                0x0000c87e       0xaa src/ASF/xmega/drivers/tc/tc.o
                0x0000c87e                tc_enable
 .text.tc_set_overflow_interrupt_callback
                0x0000c928       0x7c src/ASF/xmega/drivers/tc/tc.o
                0x0000c928                tc_set_overflow_interrupt_callback
 .text.__vector_46
                0x0000c9a4      0x170 src/ASF/xmega/drivers/twi/twim.o
                0x0000c9a4                __vector_46
 .text.__vector_13
                0x0000cb14       0x4e src/ASF/xmega/drivers/twi/twim.o
                0x0000cb14                __vector_13
 .text.twi_master_init
                0x0000cb62       0x2a src/ASF/xmega/drivers/twi/twim.o
                0x0000cb62                twi_master_init
 .text.twi_master_transfer
                0x0000cb8c       0xaa src/ASF/xmega/drivers/twi/twim.o
                0x0000cb8c                twi_master_transfer
 .text.cpu_irq_save
                0x0000cc36       0x1a src/ASF/xmega/drivers/usb/usb_device.o
 .text.sleepmgr_lock_mode
                0x0000cc50       0x24 src/ASF/xmega/drivers/usb/usb_device.o
 .text.sleepmgr_unlock_mode
                0x0000cc74       0x24 src/ASF/xmega/drivers/usb/usb_device.o
 .text.udd_sleep_mode
                0x0000cc98       0x26 src/ASF/xmega/drivers/usb/usb_device.o
 .text.udd_ep_get_ctrl
                0x0000ccbe       0x2e src/ASF/xmega/drivers/usb/usb_device.o
 .text.udd_ctrl_init
                0x0000ccec       0x4a src/ASF/xmega/drivers/usb/usb_device.o
 .text.udd_ctrl_stall_data
                0x0000cd36       0x1c src/ASF/xmega/drivers/usb/usb_device.o
 .text.udd_ctrl_send_zlp_in
                0x0000cd52       0x1c src/ASF/xmega/drivers/usb/usb_device.o
 .text.udd_ctrl_endofrequest
                0x0000cd6e       0x10 src/ASF/xmega/drivers/usb/usb_device.o
 .text.udd_ep_get_job
                0x0000cd7e       0x34 src/ASF/xmega/drivers/usb/usb_device.o
 .text.udd_ep_trans_complet
                0x0000cdb2      0x20c src/ASF/xmega/drivers/usb/usb_device.o
 .text.udd_ctrl_in_sent
                0x0000cfbe       0xdc src/ASF/xmega/drivers/usb/usb_device.o
 .text.udd_ctrl_interrupt_tc_setup
                0x0000d09a       0xe6 src/ASF/xmega/drivers/usb/usb_device.o
 .text.udd_disable
                0x0000d180       0x28 src/ASF/xmega/drivers/usb/usb_device.o
                0x0000d180                udd_disable
 .text.udd_attach
                0x0000d1a8       0x46 src/ASF/xmega/drivers/usb/usb_device.o
                0x0000d1a8                udd_attach
 .text.udd_enable
                0x0000d1ee       0xdc src/ASF/xmega/drivers/usb/usb_device.o
                0x0000d1ee                udd_enable
 .text.udd_is_high_speed
                0x0000d2ca        0x4 src/ASF/xmega/drivers/usb/usb_device.o
                0x0000d2ca                udd_is_high_speed
 .text.udd_set_address
                0x0000d2ce        0x6 src/ASF/xmega/drivers/usb/usb_device.o
                0x0000d2ce                udd_set_address
 .text.udd_getaddress
                0x0000d2d4        0x6 src/ASF/xmega/drivers/usb/usb_device.o
                0x0000d2d4                udd_getaddress
 .text.udd_get_frame_number
                0x0000d2da        0xa src/ASF/xmega/drivers/usb/usb_device.o
                0x0000d2da                udd_get_frame_number
 .text.udd_get_micro_frame_number
                0x0000d2e4        0x6 src/ASF/xmega/drivers/usb/usb_device.o
                0x0000d2e4                udd_get_micro_frame_number
 .text.udd_set_setup_payload
                0x0000d2ea        0xe src/ASF/xmega/drivers/usb/usb_device.o
                0x0000d2ea                udd_set_setup_payload
 .text.udd_ep_alloc
                0x0000d2f8       0xa6 src/ASF/xmega/drivers/usb/usb_device.o
                0x0000d2f8                udd_ep_alloc
 .text.udd_ep_is_halted
                0x0000d39e        0xe src/ASF/xmega/drivers/usb/usb_device.o
                0x0000d39e                udd_ep_is_halted
 .text.udd_ep_clear_halt
                0x0000d3ac       0x3a src/ASF/xmega/drivers/usb/usb_device.o
                0x0000d3ac                udd_ep_clear_halt
 .text.udd_ep_run
                0x0000d3e6       0xfc src/ASF/xmega/drivers/usb/usb_device.o
                0x0000d3e6                udd_ep_run
 .text.udd_ep_abort
                0x0000d4e2       0x60 src/ASF/xmega/drivers/usb/usb_device.o
                0x0000d4e2                udd_ep_abort
 .text.udd_ep_free
                0x0000d542       0x12 src/ASF/xmega/drivers/usb/usb_device.o
                0x0000d542                udd_ep_free
 .text.udd_ep_set_halt
                0x0000d554       0x18 src/ASF/xmega/drivers/usb/usb_device.o
                0x0000d554                udd_ep_set_halt
 .text.__vector_125
                0x0000d56c      0x170 src/ASF/xmega/drivers/usb/usb_device.o
                0x0000d56c                __vector_125
 .text.__vector_126
                0x0000d6dc      0x1b2 src/ASF/xmega/drivers/usb/usb_device.o
                0x0000d6dc                __vector_126
 .text.pwm_set_frequency
                0x0000d88e       0xd8 src/ASF/xmega/services/pwm/pwm.o
                0x0000d88e                pwm_set_frequency
 .text.pwm_init
                0x0000d966      0x180 src/ASF/xmega/services/pwm/pwm.o
                0x0000d966                pwm_init
 .text.pwm_start
                0x0000dae6       0x8c src/ASF/xmega/services/pwm/pwm.o
                0x0000dae6                pwm_start
 .text.cpu_irq_save
                0x0000db72       0x1a src/main.o
 .text.sleepmgr_enter_sleep
                0x0000db8c       0x48 src/main.o
 .text.dma_channel_enable
                0x0000dbd4       0x22 src/main.o
 .text.yield_ms_cb
                0x0000dbf6        0x6 src/main.o
                0x0000dbf6                yield_ms_cb
 .text.isr_tcc1_ovfl
                0x0000dbfc       0x48 src/main.o
                0x0000dbfc                isr_tcc1_ovfl
 .text.isr_adc_a
                0x0000dc44      0x34e src/main.o
                0x0000dc44                isr_adc_a
 .text.task_dac
                0x0000df92      0x130 src/main.o
 .text.task_adc
                0x0000e0c2      0x2b0 src/main.o
 .text.nvm_read_production_signature_row
                0x0000e372        0xa src/main.o
 .text.adcch_enable_interrupt.isra.10
                0x0000e37c        0xc src/main.o
 .text.isr_adc_b
                0x0000e388       0x94 src/main.o
                0x0000e388                isr_adc_b
 .text.calc_next_frame.constprop.31
                0x0000e41c       0xb4 src/main.o
 .text.isr_dma_dac_ch0_A
                0x0000e4d0        0xc src/main.o
 .text.isr_dma_dac_ch0_B
                0x0000e4dc        0xc src/main.o
 .text.fifo_pull_uint32.constprop.34
                0x0000e4e8       0x56 src/main.o
 .text.tc_init  0x0000e53e       0xba src/main.o
 .text.dac_start
                0x0000e5f8       0x88 src/main.o
 .text.tc_start
                0x0000e680       0x5e src/main.o
 .text.fifo_push_uint32.constprop.35
                0x0000e6de       0x56 src/main.o
 .text.adc_init
                0x0000e734      0x260 src/main.o
 .text.save_globals
                0x0000e994      0x4f8 src/main.o
                0x0000e994                save_globals
 .text.cueBehind
                0x0000ee8c       0x14 src/main.o
                0x0000ee8c                cueBehind
 .text.myStringToFloat
                0x0000eea0      0x1a2 src/main.o
                0x0000eea0                myStringToFloat
 .text.myStringToVar
                0x0000f042      0x136 src/main.o
                0x0000f042                myStringToVar
 .text.adc_app_enable
                0x0000f178       0x46 src/main.o
                0x0000f178                adc_app_enable
 .text.aprs_num_update
                0x0000f1be       0x12 src/main.o
                0x0000f1be                aprs_num_update
 .text.aprs_call_update
                0x0000f1d0       0xb2 src/main.o
                0x0000f1d0                aprs_call_update
 .text.aprs_ssid_update
                0x0000f282       0x7e src/main.o
                0x0000f282                aprs_ssid_update
 .text.aprs_user_update
                0x0000f300       0x6c src/main.o
                0x0000f300                aprs_user_update
 .text.aprs_pwd_update
                0x0000f36c       0x72 src/main.o
                0x0000f36c                aprs_pwd_update
 .text.backlight_mode_pwm
                0x0000f3de       0x42 src/main.o
                0x0000f3de                backlight_mode_pwm
 .text.bias_update
                0x0000f420        0xa src/main.o
                0x0000f420                bias_update
 .text.calibration_mode
                0x0000f42a      0x302 src/main.o
                0x0000f42a                calibration_mode
 .text.errorBeep_enable
                0x0000f72c        0xa src/main.o
                0x0000f72c                errorBeep_enable
 .text.env_temp
                0x0000f736       0x86 src/main.o
                0x0000f736                env_temp
 .text.gsm_aprs_enable
                0x0000f7bc        0xa src/main.o
                0x0000f7bc                gsm_aprs_enable
 .text.gsm_pin_update
                0x0000f7c6       0x72 src/main.o
                0x0000f7c6                gsm_pin_update
 .text.gsm_enable
                0x0000f838       0x2a src/main.o
                0x0000f838                gsm_enable
 .text.keyBeep_enable
                0x0000f862        0xa src/main.o
                0x0000f862                keyBeep_enable
 .text.pitchTone_mode
                0x0000f86c        0xa src/main.o
                0x0000f86c                pitchTone_mode
 .text.qnh_setAuto
                0x0000f876        0xc src/main.o
                0x0000f876                qnh_setAuto
 .text.qnh_setHeightM
                0x0000f882       0x22 src/main.o
                0x0000f882                qnh_setHeightM
 .text.printStatusLines_bitfield
                0x0000f8a4       0x22 src/main.o
                0x0000f8a4                printStatusLines_bitfield
 .text.shutdown
                0x0000f8c6       0x12 src/main.o
                0x0000f8c6                shutdown
 .text.xoPwm_set
                0x0000f8d8       0xe8 src/main.o
                0x0000f8d8                xoPwm_set
 .text.aprs_pos_anchor
                0x0000f9c0       0x48 src/main.o
                0x0000f9c0                aprs_pos_anchor
 .text.aprs_pos_delta_m
                0x0000fa08      0x1c6 src/main.o
                0x0000fa08                aprs_pos_delta_m
 .text.aprs_gyro_total_dps_1000
                0x0000fbce      0x148 src/main.o
                0x0000fbce                aprs_gyro_total_dps_1000
 .text.aprs_accel_xy_delta_g_1000
                0x0000fd16      0x1ba src/main.o
                0x0000fd16                aprs_accel_xy_delta_g_1000
 .text.aprs_mag_delta_nT
                0x0000fed0      0x276 src/main.o
                0x0000fed0                aprs_mag_delta_nT
 .text.aprs_message_begin
                0x00010146       0x18 src/main.o
                0x00010146                aprs_message_begin
 .text.aprs_message_end
                0x0001015e       0x18 src/main.o
                0x0001015e                aprs_message_end
 .text.aprs_message_send
                0x00010176      0x166 src/main.o
                0x00010176                aprs_message_send
 .text.sched_getLock
                0x000102dc       0x26 src/main.o
                0x000102dc                sched_getLock
 .text.sched_freeLock
                0x00010302       0x14 src/main.o
                0x00010302                sched_freeLock
 .text.sched_set_alarm
                0x00010316       0x32 src/main.o
                0x00010316                sched_set_alarm
 .text.sched_push
                0x00010348      0x382 src/main.o
                0x00010348                sched_push
 .text.dds_update
                0x000106ca      0x1bc src/main.o
                0x000106ca                dds_update
 .text.sched_pop
                0x00010886      0x176 src/main.o
                0x00010886                sched_pop
 .text.isr_rtc_alarm
                0x000109fc        0x4 src/main.o
                0x000109fc                isr_rtc_alarm
 .text.yield_ms
                0x00010a00       0x4c src/main.o
                0x00010a00                yield_ms
 .text.__vector_4
                0x00010a4c      0x1ca src/main.o
                0x00010a4c                __vector_4
 .text.tcc1_get_time
                0x00010c16       0x20 src/main.o
                0x00010c16                tcc1_get_time
 .text.dac_init
                0x00010c36       0xce src/main.o
 .text.dac_app_enable
                0x00010d04       0x90 src/main.o
                0x00010d04                dac_app_enable
 .text.isr_tcc0_ovfl
                0x00010d94      0x3b8 src/main.o
                0x00010d94                isr_tcc0_ovfl
 .text.startup.main
                0x0001114c     0x1c8e src/main.o
                0x0001114c                main
 .text.cpu_irq_save
                0x00012dda       0x1a src/ASF/common/services/clock/xmega/sysclk.o
 .text.sysclk_init
                0x00012df4       0xfc src/ASF/common/services/clock/xmega/sysclk.o
                0x00012df4                sysclk_init
 .text.sysclk_enable_module
                0x00012ef0       0x22 src/ASF/common/services/clock/xmega/sysclk.o
                0x00012ef0                sysclk_enable_module
 .text.sysclk_disable_module
                0x00012f12       0x20 src/ASF/common/services/clock/xmega/sysclk.o
                0x00012f12                sysclk_disable_module
 .text.sysclk_enable_usb
                0x00012f32       0x6c src/ASF/common/services/clock/xmega/sysclk.o
                0x00012f32                sysclk_enable_usb
 .text.sysclk_disable_usb
                0x00012f9e       0x10 src/ASF/common/services/clock/xmega/sysclk.o
                0x00012f9e                sysclk_disable_usb
 .text.cpu_irq_save
                0x00012fae       0x1a src/ASF/common/services/usb/class/cdc/device/udi_cdc.o
 .text.udi_cdc_comm_disable
                0x00012fc8        0xc src/ASF/common/services/usb/class/cdc/device/udi_cdc.o
                0x00012fc8                udi_cdc_comm_disable
 .text.udi_cdc_data_setup
                0x00012fd4        0x4 src/ASF/common/services/usb/class/cdc/device/udi_cdc.o
                0x00012fd4                udi_cdc_data_setup
 .text.udi_cdc_getsetting
                0x00012fd8        0x4 src/ASF/common/services/usb/class/cdc/device/udi_cdc.o
                0x00012fd8                udi_cdc_getsetting
 .text.udi_cdc_line_coding_received
                0x00012fdc        0xa src/ASF/common/services/usb/class/cdc/device/udi_cdc.o
 .text.udi_cdc_data_disable
                0x00012fe6       0x18 src/ASF/common/services/usb/class/cdc/device/udi_cdc.o
                0x00012fe6                udi_cdc_data_disable
 .text.udi_cdc_comm_enable
                0x00012ffe       0x80 src/ASF/common/services/usb/class/cdc/device/udi_cdc.o
                0x00012ffe                udi_cdc_comm_enable
 .text.udi_cdc_tx_send.isra.1
                0x0001307e      0x142 src/ASF/common/services/usb/class/cdc/device/udi_cdc.o
 .text.udi_cdc_data_sof_notify
                0x000131c0        0x2 src/ASF/common/services/usb/class/cdc/device/udi_cdc.o
                0x000131c0                udi_cdc_data_sof_notify
 .text.udi_cdc_data_sent
                0x000131c2       0x38 src/ASF/common/services/usb/class/cdc/device/udi_cdc.o
 .text.udi_cdc_comm_setup
                0x000131fa       0x90 src/ASF/common/services/usb/class/cdc/device/udi_cdc.o
                0x000131fa                udi_cdc_comm_setup
 .text.udi_cdc_multi_get_nb_received_data
                0x0001328a       0x26 src/ASF/common/services/usb/class/cdc/device/udi_cdc.o
                0x0001328a                udi_cdc_multi_get_nb_received_data
 .text.udi_cdc_get_nb_received_data
                0x000132b0        0x4 src/ASF/common/services/usb/class/cdc/device/udi_cdc.o
                0x000132b0                udi_cdc_get_nb_received_data
 .text.udi_cdc_multi_is_rx_ready
                0x000132b4        0xe src/ASF/common/services/usb/class/cdc/device/udi_cdc.o
                0x000132b4                udi_cdc_multi_is_rx_ready
 .text.udi_cdc_rx_start.isra.8
                0x000132c2       0x94 src/ASF/common/services/usb/class/cdc/device/udi_cdc.o
 .text.udi_cdc_data_enable
                0x00013356       0x68 src/ASF/common/services/usb/class/cdc/device/udi_cdc.o
                0x00013356                udi_cdc_data_enable
 .text.udi_cdc_data_received
                0x000133be       0x60 src/ASF/common/services/usb/class/cdc/device/udi_cdc.o
 .text.udi_cdc_multi_getc
                0x0001341e       0x94 src/ASF/common/services/usb/class/cdc/device/udi_cdc.o
                0x0001341e                udi_cdc_multi_getc
 .text.udi_cdc_getc
                0x000134b2        0x4 src/ASF/common/services/usb/class/cdc/device/udi_cdc.o
                0x000134b2                udi_cdc_getc
 .text.udi_cdc_read_no_polling
                0x000134b6       0xa6 src/ASF/common/services/usb/class/cdc/device/udi_cdc.o
                0x000134b6                udi_cdc_read_no_polling
 .text.udi_cdc_multi_get_free_tx_buffer
                0x0001355c       0x4c src/ASF/common/services/usb/class/cdc/device/udi_cdc.o
                0x0001355c                udi_cdc_multi_get_free_tx_buffer
 .text.udi_cdc_multi_is_tx_ready
                0x000135a8        0xe src/ASF/common/services/usb/class/cdc/device/udi_cdc.o
                0x000135a8                udi_cdc_multi_is_tx_ready
 .text.udi_cdc_is_tx_ready
                0x000135b6        0x4 src/ASF/common/services/usb/class/cdc/device/udi_cdc.o
                0x000135b6                udi_cdc_is_tx_ready
 .text.udi_cdc_multi_putc
                0x000135ba       0x90 src/ASF/common/services/usb/class/cdc/device/udi_cdc.o
                0x000135ba                udi_cdc_multi_putc
 .text.udi_cdc_putc
                0x0001364a        0x6 src/ASF/common/services/usb/class/cdc/device/udi_cdc.o
                0x0001364a                udi_cdc_putc
 .text.udc_valid_address
                0x00013650        0xa src/ASF/common/services/usb/udc/udc.o
 .text.udc_update_iface_desc
                0x0001365a       0x66 src/ASF/common/services/usb/udc/udc.o
 .text.udc_next_desc_in_iface.constprop.3
                0x000136c0       0x40 src/ASF/common/services/usb/udc/udc.o
 .text.udc_iface_enable
                0x00013700       0x68 src/ASF/common/services/usb/udc/udc.o
 .text.udc_iface_disable
                0x00013768       0x80 src/ASF/common/services/usb/udc/udc.o
 .text.udc_start
                0x000137e8        0x4 src/ASF/common/services/usb/udc/udc.o
                0x000137e8                udc_start
 .text.udc_reset
                0x000137ec       0x48 src/ASF/common/services/usb/udc/udc.o
                0x000137ec                udc_reset
 .text.udc_stop
                0x00013834        0x6 src/ASF/common/services/usb/udc/udc.o
                0x00013834                udc_stop
 .text.udc_sof_notify
                0x0001383a       0x4a src/ASF/common/services/usb/udc/udc.o
                0x0001383a                udc_sof_notify
 .text.udc_process_setup
                0x00013884      0x520 src/ASF/common/services/usb/udc/udc.o
                0x00013884                udc_process_setup
 .text._read    0x00013da4       0x32 src/ASF/common/utils/stdio/read.o
                0x00013da4                _read
 .text.stdio_usb_getchar
                0x00013dd6       0x1e src/ASF/common/utils/stdio/stdio_usb/stdio_usb.o
                0x00013dd6                stdio_usb_getchar
 .text.stdio_usb_putchar
                0x00013df4       0x2e src/ASF/common/utils/stdio/stdio_usb/stdio_usb.o
                0x00013df4                stdio_usb_putchar
 .text.stdio_usb_enable
                0x00013e22        0x8 src/ASF/common/utils/stdio/stdio_usb/stdio_usb.o
                0x00013e22                stdio_usb_enable
 .text.stdio_usb_disable
                0x00013e2a        0x6 src/ASF/common/utils/stdio/stdio_usb/stdio_usb.o
                0x00013e2a                stdio_usb_disable
 .text.stdio_usb_init
                0x00013e30       0x2e src/ASF/common/utils/stdio/stdio_usb/stdio_usb.o
                0x00013e30                stdio_usb_init
 .text._write   0x00013e5e       0x24 src/ASF/common/utils/stdio/write.o
                0x00013e5e                _write
 .text.nvm_wait_until_ready
                0x00013e82        0xa src/ASF/xmega/drivers/nvm/nvm.o
 .text.nvm_issue_command
                0x00013e8c       0x20 src/ASF/xmega/drivers/nvm/nvm.o
 .text.nvm_eeprom_read_buffer
                0x00013eac       0x46 src/ASF/xmega/drivers/nvm/nvm.o
                0x00013eac                nvm_eeprom_read_buffer
 .text.nvm_eeprom_flush_buffer
                0x00013ef2       0x1a src/ASF/xmega/drivers/nvm/nvm.o
                0x00013ef2                nvm_eeprom_flush_buffer
 .text.nvm_eeprom_load_byte_to_buffer
                0x00013f0c       0x28 src/ASF/xmega/drivers/nvm/nvm.o
                0x00013f0c                nvm_eeprom_load_byte_to_buffer
 .text.nvm_eeprom_write_byte
                0x00013f34       0x44 src/ASF/xmega/drivers/nvm/nvm.o
                0x00013f34                nvm_eeprom_write_byte
 .text.nvm_eeprom_load_page_to_buffer
                0x00013f78       0x24 src/ASF/xmega/drivers/nvm/nvm.o
                0x00013f78                nvm_eeprom_load_page_to_buffer
 .text.nvm_eeprom_atomic_write_page
                0x00013f9c       0x1e src/ASF/xmega/drivers/nvm/nvm.o
                0x00013f9c                nvm_eeprom_atomic_write_page
 .text.nvm_eeprom_erase_and_write_buffer
                0x00013fba       0x78 src/ASF/xmega/drivers/nvm/nvm.o
                0x00013fba                nvm_eeprom_erase_and_write_buffer
 .text.nvm_flash_read_buffer
                0x00014032       0x4a src/ASF/xmega/drivers/nvm/nvm.o
                0x00014032                nvm_flash_read_buffer
 .text.nvm_user_sig_read_buffer
                0x0001407c       0x3e src/ASF/xmega/drivers/nvm/nvm.o
                0x0001407c                nvm_user_sig_read_buffer
 .text.nvm_user_sig_write_buffer
                0x000140ba      0x12e src/ASF/xmega/drivers/nvm/nvm.o
                0x000140ba                nvm_user_sig_write_buffer
 .text.nvm_flash_erase_and_write_buffer
                0x000141e8      0x144 src/ASF/xmega/drivers/nvm/nvm.o
                0x000141e8                nvm_flash_erase_and_write_buffer
 .text.nvm_read_byte
                0x0001432c       0x14 src/ASF/xmega/drivers/nvm/nvm_asm.o
                0x0001432c                nvm_read_byte
 .text.ccp_write_io
                0x00014340        0xc src/ASF/xmega/drivers/cpu/ccp.o
                0x00014340                ccp_write_io
 .text.avr-libc.fplib
                0x0001434c        0xa c:/program files (x86)/atmel/studio/7.0/toolchain/avr8/avr8-gnu-toolchain/bin/../lib/gcc/avr/5.4.0/../../../../avr/lib/avrxmega6\libm.a(addsf3.o)
                0x0001434c                __subsf3
                0x0001434e                __addsf3
 .text.avr-libc.fplib
                0x00014356       0xc0 c:/program files (x86)/atmel/studio/7.0/toolchain/avr8/avr8-gnu-toolchain/bin/../lib/gcc/avr/5.4.0/../../../../avr/lib/avrxmega6\libm.a(addsf3x.o)
                0x00014370                __addsf3x
 .text.avr-libc.fplib
                0x00014416        0x8 c:/program files (x86)/atmel/studio/7.0/toolchain/avr8/avr8-gnu-toolchain/bin/../lib/gcc/avr/5.4.0/../../../../avr/lib/avrxmega6\libm.a(cmpsf2.o)
                0x00014416                __nesf2
                0x00014416                __eqsf2
                0x00014416                __cmpsf2
                0x00014416                __ltsf2
                0x00014416                __lesf2
 .text.avr-libc.fplib
                0x0001441e        0x6 c:/program files (x86)/atmel/studio/7.0/toolchain/avr8/avr8-gnu-toolchain/bin/../lib/gcc/avr/5.4.0/../../../../avr/lib/avrxmega6\libm.a(cos.o)
                0x0001441e                cos
 .text.avr-libc.fplib
                0x00014424        0x4 c:/program files (x86)/atmel/studio/7.0/toolchain/avr8/avr8-gnu-toolchain/bin/../lib/gcc/avr/5.4.0/../../../../avr/lib/avrxmega6\libm.a(divsf3.o)
                0x00014424                __divsf3
 .text.avr-libc.fplib
                0x00014428       0xcc c:/program files (x86)/atmel/studio/7.0/toolchain/avr8/avr8-gnu-toolchain/bin/../lib/gcc/avr/5.4.0/../../../../avr/lib/avrxmega6\libm.a(divsf3x.o)
                0x0001443e                __divsf3x
                0x00014442                __divsf3_pse
 .text.avr-libc.fplib
                0x000144f4        0xa c:/program files (x86)/atmel/studio/7.0/toolchain/avr8/avr8-gnu-toolchain/bin/../lib/gcc/avr/5.4.0/../../../../avr/lib/avrxmega6\libm.a(fixsfsi.o)
                0x000144f4                __fixsfsi
 .text.avr-libc.fplib
                0x000144fe       0x58 c:/program files (x86)/atmel/studio/7.0/toolchain/avr8/avr8-gnu-toolchain/bin/../lib/gcc/avr/5.4.0/../../../../avr/lib/avrxmega6\libm.a(fixunssfsi.o)
                0x000144fe                __fixunssfsi
 .text.avr-libc.fplib
                0x00014556       0x7a c:/program files (x86)/atmel/studio/7.0/toolchain/avr8/avr8-gnu-toolchain/bin/../lib/gcc/avr/5.4.0/../../../../avr/lib/avrxmega6\libm.a(floatsisf.o)
                0x00014556                __floatunsisf
                0x0001455a                __floatsisf
 .text.avr-libc.fplib
                0x000145d0       0x48 c:/program files (x86)/atmel/studio/7.0/toolchain/avr8/avr8-gnu-toolchain/bin/../lib/gcc/avr/5.4.0/../../../../avr/lib/avrxmega6\libm.a(fp_cmp.o)
                0x000145d0                __fp_cmp
 .text.avr-libc.fplib
                0x00014618        0xc c:/program files (x86)/atmel/studio/7.0/toolchain/avr8/avr8-gnu-toolchain/bin/../lib/gcc/avr/5.4.0/../../../../avr/lib/avrxmega6\libm.a(fp_inf.o)
                0x00014618                __fp_inf
 .text.avr-libc.fplib
                0x00014624        0x6 c:/program files (x86)/atmel/studio/7.0/toolchain/avr8/avr8-gnu-toolchain/bin/../lib/gcc/avr/5.4.0/../../../../avr/lib/avrxmega6\libm.a(fp_nan.o)
                0x00014624                __fp_nan
 .text.avr-libc.fplib
                0x0001462a        0xe c:/program files (x86)/atmel/studio/7.0/toolchain/avr8/avr8-gnu-toolchain/bin/../lib/gcc/avr/5.4.0/../../../../avr/lib/avrxmega6\libm.a(fp_pscA.o)
                0x0001462a                __fp_pscA
 .text.avr-libc.fplib
                0x00014638        0xe c:/program files (x86)/atmel/studio/7.0/toolchain/avr8/avr8-gnu-toolchain/bin/../lib/gcc/avr/5.4.0/../../../../avr/lib/avrxmega6\libm.a(fp_pscB.o)
                0x00014638                __fp_pscB
 .text.avr-libc.fplib
                0x00014646       0x50 c:/program files (x86)/atmel/studio/7.0/toolchain/avr8/avr8-gnu-toolchain/bin/../lib/gcc/avr/5.4.0/../../../../avr/lib/avrxmega6\libm.a(fp_rempio2.o)
                0x00014648                __fp_rempio2
 .text.avr-libc.fplib
                0x00014696       0x22 c:/program files (x86)/atmel/studio/7.0/toolchain/avr8/avr8-gnu-toolchain/bin/../lib/gcc/avr/5.4.0/../../../../avr/lib/avrxmega6\libm.a(fp_round.o)
                0x00014696                __fp_round
 .text.avr-libc.fplib
                0x000146b8       0x22 c:/program files (x86)/atmel/studio/7.0/toolchain/avr8/avr8-gnu-toolchain/bin/../lib/gcc/avr/5.4.0/../../../../avr/lib/avrxmega6\libm.a(fp_sinus.o)
                0x000146b8                __fp_sinus
 .text.avr-libc.fplib