Archive member included to satisfy reference by file (symbol)

c:/program files (x86)/atmel/studio/7.0/toolchain/avr8/avr8-gnu-toolchain/bin/../lib/gcc/avr/5.4.0/../../../../avr/lib/avrxmega6\libprintf_flt.a(vfprintf_flt.o)
                              (vfprintf)
c:/program files (x86)/atmel/studio/7.0/toolchain/avr8/avr8-gnu-toolchain/bin/../lib/gcc/avr/5.4.0/../../../../avr/lib/avrxmega6\libm.a(addsf3.o)
                              src/twi.o (__subsf3)
c:/program files (x86)/atmel/studio/7.0/toolchain/avr8/avr8-gnu-toolchain/bin/../lib/gcc/avr/5.4.0/../../../../avr/lib/avrxmega6\libm.a(addsf3x.o)
                              c:/program files (x86)/atmel/studio/7.0/toolchain/avr8/avr8-gnu-toolchain/bin/../lib/gcc/avr/5.4.0/../../../../avr/lib/avrxmega6\libm.a(addsf3.o) (__addsf3x)
c:/program files (x86)/atmel/studio/7.0/toolchain/avr8/avr8-gnu-toolchain/bin/../lib/gcc/avr/5.4.0/../../../../avr/lib/avrxmega6\libm.a(cmpsf2.o)
                              src/twi.o (__eqsf2)
c:/program files (x86)/atmel/studio/7.0/toolchain/avr8/avr8-gnu-toolchain/bin/../lib/gcc/avr/5.4.0/../../../../avr/lib/avrxmega6\libm.a(cos.o)
                              src/twi.o (cos)
c:/program files (x86)/atmel/studio/7.0/toolchain/avr8/avr8-gnu-toolchain/bin/../lib/gcc/avr/5.4.0/../../../../avr/lib/avrxmega6\libm.a(divsf3.o)
                              src/usb.o (__divsf3)
c:/program files (x86)/atmel/studio/7.0/toolchain/avr8/avr8-gnu-toolchain/bin/../lib/gcc/avr/5.4.0/../../../../avr/lib/avrxmega6\libm.a(divsf3x.o)
                              c:/program files (x86)/atmel/studio/7.0/toolchain/avr8/avr8-gnu-toolchain/bin/../lib/gcc/avr/5.4.0/../../../../avr/lib/avrxmega6\libm.a(divsf3.o) (__divsf3x)
c:/program files (x86)/atmel/studio/7.0/toolchain/avr8/avr8-gnu-toolchain/bin/../lib/gcc/avr/5.4.0/../../../../avr/lib/avrxmega6\libm.a(fixsfsi.o)
                              src/twi.o (__fixsfsi)
c:/program files (x86)/atmel/studio/7.0/toolchain/avr8/avr8-gnu-toolchain/bin/../lib/gcc/avr/5.4.0/../../../../avr/lib/avrxmega6\libm.a(fixunssfsi.o)
                              src/twi.o (__fixunssfsi)
c:/program files (x86)/atmel/studio/7.0/toolchain/avr8/avr8-gnu-toolchain/bin/../lib/gcc/avr/5.4.0/../../../../avr/lib/avrxmega6\libm.a(floatsisf.o)
                              src/main.o (__floatunsisf)
c:/program files (x86)/atmel/studio/7.0/toolchain/avr8/avr8-gnu-toolchain/bin/../lib/gcc/avr/5.4.0/../../../../avr/lib/avrxmega6\libm.a(fp_cmp.o)
                              c:/program files (x86)/atmel/studio/7.0/toolchain/avr8/avr8-gnu-toolchain/bin/../lib/gcc/avr/5.4.0/../../../../avr/lib/avrxmega6\libm.a(cmpsf2.o) (__fp_cmp)
c:/program files (x86)/atmel/studio/7.0/toolchain/avr8/avr8-gnu-toolchain/bin/../lib/gcc/avr/5.4.0/../../../../avr/lib/avrxmega6\libm.a(fp_inf.o)
                              c:/program files (x86)/atmel/studio/7.0/toolchain/avr8/avr8-gnu-toolchain/bin/../lib/gcc/avr/5.4.0/../../../../avr/lib/avrxmega6\libm.a(addsf3x.o) (__fp_inf)
c:/program files (x86)/atmel/studio/7.0/toolchain/avr8/avr8-gnu-toolchain/bin/../lib/gcc/avr/5.4.0/../../../../avr/lib/avrxmega6\libm.a(fp_nan.o)
                              c:/program files (x86)/atmel/studio/7.0/toolchain/avr8/avr8-gnu-toolchain/bin/../lib/gcc/avr/5.4.0/../../../../avr/lib/avrxmega6\libm.a(addsf3x.o) (__fp_nan)
c:/program files (x86)/atmel/studio/7.0/toolchain/avr8/avr8-gnu-toolchain/bin/../lib/gcc/avr/5.4.0/../../../../avr/lib/avrxmega6\libm.a(fp_pscA.o)
                              c:/program files (x86)/atmel/studio/7.0/toolchain/avr8/avr8-gnu-toolchain/bin/../lib/gcc/avr/5.4.0/../../../../avr/lib/avrxmega6\libm.a(addsf3x.o) (__fp_pscA)
c:/program files (x86)/atmel/studio/7.0/toolchain/avr8/avr8-gnu-toolchain/bin/../lib/gcc/avr/5.4.0/../../../../avr/lib/avrxmega6\libm.a(fp_pscB.o)
                              c:/program files (x86)/atmel/studio/7.0/toolchain/avr8/avr8-gnu-toolchain/bin/../lib/gcc/avr/5.4.0/../../../../avr/lib/avrxmega6\libm.a(addsf3x.o) (__fp_pscB)
c:/program files (x86)/atmel/studio/7.0/toolchain/avr8/avr8-gnu-toolchain/bin/../lib/gcc/avr/5.4.0/../../../../avr/lib/avrxmega6\libm.a(fp_rempio2.o)
                              c:/program files (x86)/atmel/studio/7.0/toolchain/avr8/avr8-gnu-toolchain/bin/../lib/gcc/avr/5.4.0/../../../../avr/lib/avrxmega6\libm.a(cos.o) (__fp_rempio2)
c:/program files (x86)/atmel/studio/7.0/toolchain/avr8/avr8-gnu-toolchain/bin/../lib/gcc/avr/5.4.0/../../../../avr/lib/avrxmega6\libm.a(fp_round.o)
                              c:/program files (x86)/atmel/studio/7.0/toolchain/avr8/avr8-gnu-toolchain/bin/../lib/gcc/avr/5.4.0/../../../../avr/lib/avrxmega6\libm.a(addsf3.o) (__fp_round)
c:/program files (x86)/atmel/studio/7.0/toolchain/avr8/avr8-gnu-toolchain/bin/../lib/gcc/avr/5.4.0/../../../../avr/lib/avrxmega6\libm.a(fp_sinus.o)
[...]
Memory Configuration

Name             Origin             Length             Attributes
text             0x00000000         0x00100000         xr
data             0x00802000         0x0000ffa0         rw !x
eeprom           0x00810000         0x00010000         rw !x
fuse             0x00820000         0x00000006         rw !x
lock             0x00830000         0x00000400         rw !x
signature        0x00840000         0x00000400         rw !x
user_signatures  0x00850000         0x00000400         rw !x
*default*        0x00000000         0xffffffff

Linker script and memory map

LOAD C:/Program Files (x86)/Atmel/Studio/7.0/Packs/Atmel/XMEGAA_DFP/1.1.68/gcc/dev/atxmega256a3bu/avrxmega6/crtatxmega256a3bu.o
LOAD src/ASF/common/services/serial/usart_serial.o
LOAD src/ASF/xmega/drivers/usart/usart.o
LOAD src/serial.o
LOAD src/usb.o
LOAD src/ASF/common/drivers/nvm/xmega/xmega_nvm.o
LOAD src/ASF/common/services/calendar/calendar.o
LOAD src/ASF/common/services/fifo/fifo.o
LOAD src/ASF/common/services/hugemem/avr8/avr8_hugemem.o
LOAD src/ASF/xmega/drivers/dma/dma.o
LOAD src/ASF/xmega/drivers/rtc32/rtc32.o
LOAD src/dds.o
LOAD src/interpreter.o
LOAD src/twi.o
LOAD src/ASF/common/boards/user_board/init.o
LOAD src/ASF/common/services/gfx_mono/gfx_mono_framebuffer.o
LOAD src/ASF/common/services/gfx_mono/gfx_mono_generic.o
LOAD src/ASF/common/services/gfx_mono/gfx_mono_null.o
LOAD src/ASF/common/services/gfx_mono/gfx_mono_text.o
LOAD src/ASF/common/services/gfx_mono/sysfont.o
LOAD src/ASF/common/services/ioport/xmega/ioport_compat.o
LOAD src/ASF/xmega/drivers/adc/adc.o
LOAD src/ASF/xmega/drivers/adc/xmega_aau/adc_aau.o
LOAD src/ASF/xmega/drivers/dac/dac.o
LOAD src/ASF/xmega/drivers/tc/tc.o
LOAD src/ASF/xmega/drivers/twi/twim.o
LOAD src/ASF/xmega/drivers/twi/twis.o
LOAD src/ASF/xmega/drivers/usb/usb_device.o
LOAD src/ASF/xmega/services/pwm/pwm.o
LOAD src/main.o
LOAD src/ASF/common/services/clock/xmega/sysclk.o
LOAD src/ASF/common/services/sleepmgr/xmega/sleepmgr.o
LOAD src/ASF/common/services/usb/class/cdc/device/udi_cdc.o
LOAD src/ASF/common/services/usb/class/cdc/device/udi_cdc_desc.o
LOAD src/ASF/common/services/usb/udc/udc.o
LOAD src/ASF/common/utils/stdio/read.o
LOAD src/ASF/common/utils/stdio/stdio_usb/stdio_usb.o
LOAD src/ASF/common/utils/stdio/write.o
LOAD src/ASF/xmega/drivers/nvm/nvm.o
LOAD src/ASF/xmega/drivers/nvm/nvm_asm.o
LOAD src/ASF/xmega/drivers/cpu/ccp.o
START GROUP
END GROUP
LOAD c:/program files (x86)/atmel/studio/7.0/toolchain/avr8/avr8-gnu-toolchain/bin/../lib/gcc/avr/5.4.0/../../../../avr/lib/avrxmega6\libprintf_flt.a
LOAD c:/program files (x86)/atmel/studio/7.0/toolchain/avr8/avr8-gnu-toolchain/bin/../lib/gcc/avr/5.4.0/../../../../avr/lib/avrxmega6\libm.a
START GROUP
LOAD c:/program files (x86)/atmel/studio/7.0/toolchain/avr8/avr8-gnu-toolchain/bin/../lib/gcc/avr/5.4.0/avrxmega6\libgcc.a
LOAD c:/program files (x86)/atmel/studio/7.0/toolchain/avr8/avr8-gnu-toolchain/bin/../lib/gcc/avr/5.4.0/../../../../avr/lib/avrxmega6\libm.a
LOAD c:/program files (x86)/atmel/studio/7.0/toolchain/avr8/avr8-gnu-toolchain/bin/../lib/gcc/avr/5.4.0/../../../../avr/lib/avrxmega6\libc.a
LOAD C:/Program Files (x86)/Atmel/Studio/7.0/Packs/Atmel/XMEGAA_DFP/1.1.68/gcc/dev/atxmega256a3bu/avrxmega6\libatxmega256a3bu.a
END GROUP
                0x00100000                __TEXT_REGION_LENGTH__ = DEFINED (__TEXT_REGION_LENGTH__)?__TEXT_REGION_LENGTH__:0x100000
                0x0000ffa0                __DATA_REGION_LENGTH__ = DEFINED (__DATA_REGION_LENGTH__)?__DATA_REGION_LENGTH__:0xffa0
                0x00010000                __EEPROM_REGION_LENGTH__ = DEFINED (__EEPROM_REGION_LENGTH__)?__EEPROM_REGION_LENGTH__:0x10000
                [0x00000006]                __FUSE_REGION_LENGTH__ = DEFINED (__FUSE_REGION_LENGTH__)?__FUSE_REGION_LENGTH__:0x400
                0x00000400                __LOCK_REGION_LENGTH__ = DEFINED (__LOCK_REGION_LENGTH__)?__LOCK_REGION_LENGTH__:0x400
                0x00000400                __SIGNATURE_REGION_LENGTH__ = DEFINED (__SIGNATURE_REGION_LENGTH__)?__SIGNATURE_REGION_LENGTH__:0x400
                0x00000400                __USER_SIGNATURE_REGION_LENGTH__ = DEFINED (__USER_SIGNATURE_REGION_LENGTH__)?__USER_SIGNATURE_REGION_LENGTH__:0x400

.hash
 *(.hash)

.dynsym
 *(.dynsym)

.dynstr
 *(.dynstr)

.gnu.version
 *(.gnu.version)

.gnu.version_d
 *(.gnu.version_d)

.gnu.version_r
 *(.gnu.version_r)

.rel.init
 *(.rel.init)

.rela.init
 *(.rela.init)

.rel.text
 *(.rel.text)
 *(.rel.text.*)
 *(.rel.gnu.linkonce.t*)

.rela.text
 *(.rela.text)
 *(.rela.text.*)
 *(.rela.gnu.linkonce.t*)

.rel.fini
 *(.rel.fini)

.rela.fini
 *(.rela.fini)

.rel.rodata
 *(.rel.rodata)
 *(.rel.rodata.*)
 *(.rel.gnu.linkonce.r*)

.rela.rodata
 *(.rela.rodata)
 *(.rela.rodata.*)
 *(.rela.gnu.linkonce.r*)

.rel.data
 *(.rel.data)
 *(.rel.data.*)
 *(.rel.gnu.linkonce.d*)

.rela.data
 *(.rela.data)
 *(.rela.data.*)
 *(.rela.gnu.linkonce.d*)

.rel.ctors
 *(.rel.ctors)

.rela.ctors
 *(.rela.ctors)

.rel.dtors
 *(.rel.dtors)

.rela.dtors
 *(.rela.dtors)

.rel.got
 *(.rel.got)

.rela.got
 *(.rela.got)

.rel.bss
 *(.rel.bss)

.rela.bss
 *(.rela.bss)

.rel.plt
 *(.rel.plt)

.rela.plt
 *(.rela.plt)

.text           0x00000000    0x12cfc
 *(.vectors)
 .vectors       0x00000000      0x1fc C:/Program Files (x86)/Atmel/Studio/7.0/Packs/Atmel/XMEGAA_DFP/1.1.68/gcc/dev/atxmega256a3bu/avrxmega6/crtatxmega256a3bu.o
                0x00000000                __vector_default
                0x00000000                __vectors
 *(.vectors)
 *(.progmem.gcc*)
 .progmem.gcc_sw_table.task_serial
                0x000001fc       0x26 src/serial.o
 .progmem.gcc_sw_table.pwm_init
                0x00000222        0xe src/ASF/xmega/services/pwm/pwm.o
 .progmem.gcc_fplib
                0x00000230       0x1e c:/program files (x86)/atmel/studio/7.0/toolchain/avr8/avr8-gnu-toolchain/bin/../lib/gcc/avr/5.4.0/../../../../avr/lib/avrxmega6\libm.a(fp_sinus.o)
 .progmem.gcc_fplib
                0x0000024e       0x28 c:/program files (x86)/atmel/studio/7.0/toolchain/avr8/avr8-gnu-toolchain/bin/../lib/gcc/avr/5.4.0/../../../../avr/lib/avrxmega6\libm.a(exp.o)
 .progmem.gcc_fplib
                0x00000276       0x5a c:/program files (x86)/atmel/studio/7.0/toolchain/avr8/avr8-gnu-toolchain/bin/../lib/gcc/avr/5.4.0/../../../../avr/lib/avrxmega6\libm.a(log.o)
                0x000002d0                . = ALIGN (0x2)
                0x000002d0                __trampolines_start = .
 *(.trampolines)
 .trampolines   0x000002d0        0x0 linker stubs
 *(.trampolines*)
                0x000002d0                __trampolines_end = .
 *libprintf_flt.a:*(.progmem.data)
 .progmem.data  0x000002d0        0x8 c:/program files (x86)/atmel/studio/7.0/toolchain/avr8/avr8-gnu-toolchain/bin/../lib/gcc/avr/5.4.0/../../../../avr/lib/avrxmega6\libprintf_flt.a(vfprintf_flt.o)
 *libc.a:*(.progmem.data)
 .progmem.data  0x000002d8       0xfa c:/program files (x86)/atmel/studio/7.0/toolchain/avr8/avr8-gnu-toolchain/bin/../lib/gcc/avr/5.4.0/../../../../avr/lib/avrxmega6\libc.a(ftoa_engine.o)
 .progmem.data  0x000003d2       0x3b c:/program files (x86)/atmel/studio/7.0/toolchain/avr8/avr8-gnu-toolchain/bin/../lib/gcc/avr/5.4.0/../../../../avr/lib/avrxmega6\libc.a(strtod.o)
 *(.progmem*)
 .progmem.data.PM_TWI1_UTIL_ONBOARD_SIM808_GPS_GNSINF
                0x0000040d        0x8 src/serial.o
                0x0000040d                PM_TWI1_UTIL_ONBOARD_SIM808_GPS_GNSINF
 .progmem.data.PM_TWI1_INIT_ONBOARD_SIM808_GPS_03
                0x00000415       0x10 src/serial.o
                0x00000415                PM_TWI1_INIT_ONBOARD_SIM808_GPS_03
 .progmem.data.PM_TWI1_INIT_ONBOARD_SIM808_GPS_02
                0x00000425        0xd src/serial.o
                0x00000425                PM_TWI1_INIT_ONBOARD_SIM808_GPS_02
 .progmem.data.PM_TWI1_INIT_ONBOARD_SIM808_GPS_01
                0x00000432       0x10 src/serial.o
                0x00000432                PM_TWI1_INIT_ONBOARD_SIM808_GPS_01
 .progmem.data.PM_TWI1_INIT_ONBOARD_SIM808_INFO_02
                0x00000442        0x9 src/serial.o
                0x00000442                PM_TWI1_INIT_ONBOARD_SIM808_INFO_02
 .progmem.data.PM_TWI1_INIT_ONBOARD_SIM808_INFO_01
                0x0000044b        0x6 src/serial.o
                0x0000044b                PM_TWI1_INIT_ONBOARD_SIM808_INFO_01
 .progmem.data.PM_TWI1_INIT_ONBOARD_SIM808_CFUN1
                0x00000451        0xc src/serial.o
                0x00000451                PM_TWI1_INIT_ONBOARD_SIM808_CFUN1
 .progmem.data.PM_TWI1_INIT_ONBOARD_SIM808_CREG2
                0x0000045d        0xc src/serial.o
                0x0000045d                PM_TWI1_INIT_ONBOARD_SIM808_CREG2
 .progmem.data.PM_TWI1_INIT_ONBOARD_SIM808_CMEE2
                0x00000469        0xc src/serial.o
                0x00000469                PM_TWI1_INIT_ONBOARD_SIM808_CMEE2
 .progmem.data.PM_TWI1_INIT_ONBOARD_SIM808_IFC
                0x00000475        0xd src/serial.o
                0x00000475                PM_TWI1_INIT_ONBOARD_SIM808_IFC
 .progmem.data.PM_TWI1_INIT_ONBOARD_SIM808_IPR
                0x00000482        0xd src/serial.o
                0x00000482                PM_TWI1_INIT_ONBOARD_SIM808_IPR
 .progmem.data.PM_TWI1_INIT_ONBOARD_SIM808_OK
                0x0000048f       0x15 src/serial.o
                0x0000048f                PM_TWI1_INIT_ONBOARD_SIM808_OK
 .progmem.data.PM_TWI1_INIT_ONBOARD_SIM808_RESTART
                0x000004a4       0x1c src/serial.o
                0x000004a4                PM_TWI1_INIT_ONBOARD_SIM808_RESTART
 .progmem.data.PM_TWI1_INIT_ONBOARD_SIM808_START
                0x000004c0       0x1a src/serial.o
                0x000004c0                PM_TWI1_INIT_ONBOARD_SIM808_START
 .progmem.data.PM_SIM808_INFO_SYNCED
                0x000004da       0x22 src/serial.o
                0x000004da                PM_SIM808_INFO_SYNCED
 .progmem.data.PM_SIM808_INFO_RESTART
                0x000004fc       0x28 src/serial.o
                0x000004fc                PM_SIM808_INFO_RESTART
 .progmem.data.PM_SIM808_INFO_START
                0x00000524       0x28 src/serial.o
                0x00000524                PM_SIM808_INFO_START
 .progmem.data.PM_SIM808_OK
                0x0000054c        0x3 src/serial.o
                0x0000054c                PM_SIM808_OK
 .progmem.data.PM_INFO_PART_PLL3
                0x0000054f       0x1b src/usb.o
                0x0000054f                PM_INFO_PART_PLL3
 .progmem.data.PM_INFO_PART_PLL2
                0x0000056a       0x17 src/usb.o
                0x0000056a                PM_INFO_PART_PLL2
 .progmem.data.PM_INFO_PART_PLL1
                0x00000581       0x28 src/usb.o
                0x00000581                PM_INFO_PART_PLL1
 .progmem.data.PM_INFO_PART_L2P4
                0x000005a9       0x1f src/usb.o
                0x000005a9                PM_INFO_PART_L2P4
 .progmem.data.PM_INFO_PART_L2P3B
                0x000005c8       0x18 src/usb.o
                0x000005c8                PM_INFO_PART_L2P3B
 .progmem.data.PM_INFO_PART_L2P3A
                0x000005e0       0x2d src/usb.o
                0x000005e0                PM_INFO_PART_L2P3A
 .progmem.data.PM_INFO_PART_L2P2B
                0x0000060d       0x18 src/usb.o
                0x0000060d                PM_INFO_PART_L2P2B
 .progmem.data.PM_INFO_PART_L2P2A
                0x00000625       0x2f src/usb.o
                0x00000625                PM_INFO_PART_L2P2A
 .progmem.data.PM_INFO_PART_L2P1B
                0x00000654       0x17 src/usb.o
                0x00000654                PM_INFO_PART_L2P1B
 .progmem.data.PM_INFO_PART_L2P1A
                0x0000066b       0x2c src/usb.o
                0x0000066b                PM_INFO_PART_L2P1A
 .progmem.data.PM_INFO_PART_L1P3
                0x00000697       0x2b src/usb.o
                0x00000697                PM_INFO_PART_L1P3
 .progmem.data.PM_INFO_PART_L1P2
                0x000006c2       0x27 src/usb.o
                0x000006c2                PM_INFO_PART_L1P2
 .progmem.data.PM_INFO_PART_L1P1C
                0x000006e9       0x14 src/usb.o
                0x000006e9                PM_INFO_PART_L1P1C
 .progmem.data.PM_INFO_PART_L1P1B
                0x000006fd       0x2a src/usb.o
                0x000006fd                PM_INFO_PART_L1P1B
 .progmem.data.PM_INFO_PART_L1P1A
                0x00000727       0x35 src/usb.o
                0x00000727                PM_INFO_PART_L1P1A
 .progmem.data.PM_USBINIT_HEADER_4
                0x0000075c       0x24 src/usb.o
                0x0000075c                PM_USBINIT_HEADER_4
 .progmem.data.PM_USBINIT_HEADER_3
                0x00000780       0x22 src/usb.o
                0x00000780                PM_USBINIT_HEADER_3
 .progmem.data.PM_USBINIT_HEADER_2
                0x000007a2       0x26 src/usb.o
                0x000007a2                PM_USBINIT_HEADER_2
 .progmem.data.PM_USBINIT_HEADER_1
                0x000007c8        0x7 src/usb.o
                0x000007c8                PM_USBINIT_HEADER_1
 .progmem.data.PM_SINE_IP
                0x000007cf      0x680 src/dds.o
                0x000007cf                PM_SINE_IP
 .progmem.data.PM_SINE
                0x00000e4f     0x2000 src/dds.o
                0x00000e4f                PM_SINE
 .progmem.data.PM_UNKNOWN_01
                0x00002e4f       0x35 src/interpreter.o
                0x00002e4f                PM_UNKNOWN_01
 .progmem.data.PM_IP_CMD_xo
                0x00002e84        0x4 src/interpreter.o
                0x00002e84                PM_IP_CMD_xo
 .progmem.data.PM_IP_CMD_reset
                0x00002e88        0x7 src/interpreter.o
                0x00002e88                PM_IP_CMD_reset
 .progmem.data.PM_IP_CMD_pt
                0x00002e8f        0x4 src/interpreter.o
                0x00002e8f                PM_IP_CMD_pt
 .progmem.data.PM_IP_CMD_kb
                0x00002e93        0x4 src/interpreter.o
                0x00002e93                PM_IP_CMD_kb
 .progmem.data.PM_IP_CMD_help
                0x00002e97        0x5 src/interpreter.o
                0x00002e97                PM_IP_CMD_help
 .progmem.data.PM_IP_CMD_info
                0x00002e9c        0x6 src/interpreter.o
                0x00002e9c                PM_IP_CMD_info
 .progmem.data.PM_IP_CMD_eb
                0x00002ea2        0x4 src/interpreter.o
                0x00002ea2                PM_IP_CMD_eb
 .progmem.data.PM_IP_CMD_dds
                0x00002ea6        0x5 src/interpreter.o
                0x00002ea6                PM_IP_CMD_dds
 .progmem.data.PM_IP_CMD_dac
                0x00002eab        0x5 src/interpreter.o
                0x00002eab                PM_IP_CMD_dac
 .progmem.data.PM_IP_CMD_cal_gyro
                0x00002eb0        0x9 src/interpreter.o
                0x00002eb0                PM_IP_CMD_cal_gyro
 .progmem.data.PM_IP_CMD_cal_defaults
                0x00002eb9        0xd src/interpreter.o
                0x00002eb9                PM_IP_CMD_cal_defaults
 .progmem.data.PM_IP_CMD_cal_accelz
                0x00002ec6        0xb src/interpreter.o
                0x00002ec6                PM_IP_CMD_cal_accelz
 .progmem.data.PM_IP_CMD_cal_accely
                0x00002ed1        0xb src/interpreter.o
                0x00002ed1                PM_IP_CMD_cal_accely
 .progmem.data.PM_IP_CMD_cal_accelx
                0x00002edc        0xb src/interpreter.o
                0x00002edc                PM_IP_CMD_cal_accelx
 .progmem.data.PM_IP_CMD_bl
                0x00002ee7        0x4 src/interpreter.o
                0x00002ee7                PM_IP_CMD_bl
 .progmem.data.PM_IP_CMD_bias
                0x00002eeb        0x6 src/interpreter.o
                0x00002eeb                PM_IP_CMD_bias
 .progmem.data.PM_IP_CMD_A_slash
                0x00002ef1        0x3 src/interpreter.o
                0x00002ef1                PM_IP_CMD_A_slash
 .progmem.data.PM_IP_CMD_AT
                0x00002ef4        0x3 src/interpreter.o
                0x00002ef4                PM_IP_CMD_AT
 .progmem.data.PM_IP_CMD_adc
                0x00002ef7        0x5 src/interpreter.o
                0x00002ef7                PM_IP_CMD_adc
 .progmem.data.PM_IP_CMD_CmdLine
                0x00002efc        0x5 src/interpreter.o
                0x00002efc                PM_IP_CMD_CmdLine
 .progmem.data.PM_IP_CMD_NewLine
                0x00002f01        0x3 src/interpreter.o
                0x00002f01                PM_IP_CMD_NewLine
 .progmem.data.PM_HELP_XO_2
                0x00002f04        0xd src/interpreter.o
                0x00002f04                PM_HELP_XO_2
 .progmem.data.PM_HELP_XO_1
                0x00002f11       0x24 src/interpreter.o
                0x00002f11                PM_HELP_XO_1
 .progmem.data.PM_HELP_RESET_1
                0x00002f35       0x18 src/interpreter.o
                0x00002f35                PM_HELP_RESET_1
 .progmem.data.PM_HELP_PT_2
                0x00002f4d       0x1f src/interpreter.o
                0x00002f4d                PM_HELP_PT_2
 .progmem.data.PM_HELP_PT_1
                0x00002f6c       0x19 src/interpreter.o
                0x00002f6c                PM_HELP_PT_1
 .progmem.data.PM_HELP_KB_1
                0x00002f85       0x1e src/interpreter.o
                0x00002f85                PM_HELP_KB_1
 .progmem.data.PM_HELP_INFO_3
                0x00002fa3       0x11 src/interpreter.o
                0x00002fa3                PM_HELP_INFO_3
 .progmem.data.PM_HELP_INFO_2
                0x00002fb4        0xf src/interpreter.o
                0x00002fb4                PM_HELP_INFO_2
 .progmem.data.PM_HELP_INFO_1
                0x00002fc3       0x1f src/interpreter.o
                0x00002fc3                PM_HELP_INFO_1
 .progmem.data.PM_HELP_HELP_2
                0x00002fe2       0x1f src/interpreter.o
                0x00002fe2                PM_HELP_HELP_2
 .progmem.data.PM_HELP_HELP_1
                0x00003001       0x1d src/interpreter.o
                0x00003001                PM_HELP_HELP_1
 .progmem.data.PM_HELP_EB_1
                0x0000301e       0x20 src/interpreter.o
                0x0000301e                PM_HELP_EB_1
 .progmem.data.PM_HELP_DDS_3
                0x0000303e       0x25 src/interpreter.o
                0x0000303e                PM_HELP_DDS_3
 .progmem.data.PM_HELP_DDS_2
                0x00003063        0xe src/interpreter.o
                0x00003063                PM_HELP_DDS_2
 .progmem.data.PM_HELP_DDS_1
                0x00003071       0x22 src/interpreter.o
                0x00003071                PM_HELP_DDS_1
 .progmem.data.PM_HELP_DAC_2
                0x00003093       0x12 src/interpreter.o
                0x00003093                PM_HELP_DAC_2
 .progmem.data.PM_HELP_DAC_1
                0x000030a5       0x19 src/interpreter.o
                0x000030a5                PM_HELP_DAC_1
 .progmem.data.PM_HELP_CAL_6
                0x000030be       0x24 src/interpreter.o
                0x000030be                PM_HELP_CAL_6
 .progmem.data.PM_HELP_CAL_5
                0x000030e2       0x2f src/interpreter.o
                0x000030e2                PM_HELP_CAL_5
 .progmem.data.PM_HELP_CAL_4
                0x00003111       0x2f src/interpreter.o
                0x00003111                PM_HELP_CAL_4
 .progmem.data.PM_HELP_CAL_3
                0x00003140       0x2f src/interpreter.o
                0x00003140                PM_HELP_CAL_3
 .progmem.data.PM_HELP_CAL_2
                0x0000316f        0xc src/interpreter.o
                0x0000316f                PM_HELP_CAL_2
 .progmem.data.PM_HELP_CAL_1
                0x0000317b       0x25 src/interpreter.o
                0x0000317b                PM_HELP_CAL_1
 .progmem.data.PM_HELP_BL_2
                0x000031a0       0x22 src/interpreter.o
                0x000031a0                PM_HELP_BL_2
 .progmem.data.PM_HELP_BL_1
                0x000031c2       0x1c src/interpreter.o
                0x000031c2                PM_HELP_BL_1
 .progmem.data.PM_HELP_BIAS_2
                0x000031de       0x13 src/interpreter.o
                0x000031de                PM_HELP_BIAS_2
 .progmem.data.PM_HELP_BIAS_1
                0x000031f1       0x1b src/interpreter.o
                0x000031f1                PM_HELP_BIAS_1
 .progmem.data.PM_HELP_AT_1
                0x0000320c       0x20 src/interpreter.o
                0x0000320c                PM_HELP_AT_1
 .progmem.data.PM_HELP_ADC_2
                0x0000322c       0x1b src/interpreter.o
                0x0000322c                PM_HELP_ADC_2
 .progmem.data.PM_HELP_ADC_1
                0x00003247       0x22 src/interpreter.o
                0x00003247                PM_HELP_ADC_1
 .progmem.data.PM_HELP_HDR_2
                0x00003269       0x1f src/interpreter.o
                0x00003269                PM_HELP_HDR_2
 .progmem.data.PM_HELP_HDR_1
                0x00003288       0x15 src/interpreter.o
                0x00003288                PM_HELP_HDR_1
 .progmem.data.PM_TWIINIT_ACCEL
                0x0000329d        0x7 src/twi.o
                0x0000329d                PM_TWIINIT_ACCEL
 .progmem.data.PM_TWIINIT_MAGNETICS
                0x000032a4        0xa src/twi.o
                0x000032a4                PM_TWIINIT_MAGNETICS
 .progmem.data.PM_TWIINIT_GZ
                0x000032ae        0x3 src/twi.o
                0x000032ae                PM_TWIINIT_GZ
 .progmem.data.PM_TWIINIT_GY
                0x000032b1        0x3 src/twi.o
                0x000032b1                PM_TWIINIT_GY
 .progmem.data.PM_TWIINIT_GX
                0x000032b4        0x3 src/twi.o
                0x000032b4                PM_TWIINIT_GX
 .progmem.data.PM_TWIINIT_HPA
                0x000032b7        0x4 src/twi.o
                0x000032b7                PM_TWIINIT_HPA
 .progmem.data.PM_TWIINIT_P100
                0x000032bb        0x2 src/twi.o
                0x000032bb                PM_TWIINIT_P100
 .progmem.data.PM_TWIINIT_V
                0x000032bd        0x2 src/twi.o
                0x000032bd                PM_TWIINIT_V
 .progmem.data.PM_TWIINIT_C
                0x000032bf        0x2 src/twi.o
                0x000032bf                PM_TWIINIT_C
 .progmem.data.PM_TWIINIT_HY_RELH
                0x000032c1        0xa src/twi.o
                0x000032c1                PM_TWIINIT_HY_RELH
 .progmem.data.PM_TWIINIT_HY_TEMP
                0x000032cb        0xa src/twi.o
                0x000032cb                PM_TWIINIT_HY_TEMP
 .progmem.data.PM_TWIINIT_BA_PRES
                0x000032d5        0xa src/twi.o
                0x000032d5                PM_TWIINIT_BA_PRES
 .progmem.data.PM_TWIINIT_BA_TEMP
                0x000032df        0xa src/twi.o
                0x000032df                PM_TWIINIT_BA_TEMP
 .progmem.data.PM_TWIINIT_MP_UVCTCXO
                0x000032e9        0xa src/twi.o
                0x000032e9                PM_TWIINIT_MP_UVCTCXO
 .progmem.data.PM_TWIINIT_MP_UBAT
                0x000032f3        0x7 src/twi.o
                0x000032f3                PM_TWIINIT_MP_UBAT
 .progmem.data.PM_TWIINIT_MP_UUSB
                0x000032fa        0x7 src/twi.o
                0x000032fa                PM_TWIINIT_MP_UUSB
 .progmem.data.PM_TWIINIT_MP_TEMP
                0x00003301        0xa src/twi.o
                0x00003301                PM_TWIINIT_MP_TEMP
 .progmem.data.PM_TWIINIT_DATE_TIME
                0x0000330b       0x18 src/twi.o
                0x0000330b                PM_TWIINIT_DATE_TIME
 .progmem.data.PM_TWIHEADER_BY_DF4IAH
                0x00003323        0xa src/twi.o
                0x00003323                PM_TWIHEADER_BY_DF4IAH
 .progmem.data.PM_TWIHEADER_FINDMESAT
                0x0000332d        0xa src/twi.o
                0x0000332d                PM_TWIHEADER_FINDMESAT
 .progmem.data.PM_TWI1_INIT_ONBOARD_01
                0x00003337       0x10 src/twi.o
                0x00003337                PM_TWI1_INIT_ONBOARD_01
 .progmem.data.PM_TWI1_INIT_ONBOARD_BARO_OK
                0x00003347       0x14 src/twi.o
                0x00003347                PM_TWI1_INIT_ONBOARD_BARO_OK
 .progmem.data.PM_TWI1_INIT_BARO_06
                0x0000335b       0x31 src/twi.o
                0x0000335b                PM_TWI1_INIT_BARO_06
 .progmem.data.PM_TWI1_INIT_BARO_05
                0x0000338c       0x1e src/twi.o
                0x0000338c                PM_TWI1_INIT_BARO_05
 .progmem.data.PM_TWI1_INIT_BARO_04
                0x000033aa       0x35 src/twi.o
                0x000033aa                PM_TWI1_INIT_BARO_04
 .progmem.data.PM_TWI1_INIT_BARO_03
                0x000033df       0x36 src/twi.o
                0x000033df                PM_TWI1_INIT_BARO_03
 .progmem.data.PM_TWI1_INIT_BARO_02
                0x00003415       0x35 src/twi.o
                0x00003415                PM_TWI1_INIT_BARO_02
 .progmem.data.PM_TWI1_INIT_BARO_01
                0x0000344a       0x3c src/twi.o
                0x0000344a                PM_TWI1_INIT_BARO_01
 .progmem.data.PM_TWI1_INIT_ONBOARD_GYRO_OK
                0x00003486       0x14 src/twi.o
                0x00003486                PM_TWI1_INIT_ONBOARD_GYRO_OK
 .progmem.data.PM_TWI1_INIT_GYRO_05
                0x0000349a       0x31 src/twi.o
                0x0000349a                PM_TWI1_INIT_GYRO_05
 .progmem.data.PM_TWI1_INIT_GYRO_04
                0x000034cb       0x1e src/twi.o
                0x000034cb                PM_TWI1_INIT_GYRO_04
 .progmem.data.PM_TWI1_INIT_GYRO_03
                0x000034e9       0x3b src/twi.o
                0x000034e9                PM_TWI1_INIT_GYRO_03
 .progmem.data.PM_TWI1_INIT_GYRO_02
                0x00003524       0x3a src/twi.o
                0x00003524                PM_TWI1_INIT_GYRO_02
 .progmem.data.PM_TWI1_INIT_GYRO_01
                0x0000355e       0x3d src/twi.o
                0x0000355e                PM_TWI1_INIT_GYRO_01
 .progmem.data.PM_TWI1_INIT_ONBOARD_HYGRO_OK
                0x0000359b       0x14 src/twi.o
                0x0000359b                PM_TWI1_INIT_ONBOARD_HYGRO_OK
 .progmem.data.PM_TWI1_INIT_HYGRO_05
                0x000035af       0x31 src/twi.o
                0x000035af                PM_TWI1_INIT_HYGRO_05
 .progmem.data.PM_TWI1_INIT_HYGRO_04
                0x000035e0       0x1e src/twi.o
                0x000035e0                PM_TWI1_INIT_HYGRO_04
 .progmem.data.PM_TWI1_INIT_HYGRO_03
                0x000035fe       0x32 src/twi.o
                0x000035fe                PM_TWI1_INIT_HYGRO_03
 .progmem.data.PM_TWI1_INIT_HYGRO_02
                0x00003630       0x47 src/twi.o
                0x00003630                PM_TWI1_INIT_HYGRO_02
 .progmem.data.PM_TWI1_INIT_HYGRO_01
                0x00003677       0x37 src/twi.o
                0x00003677                PM_TWI1_INIT_HYGRO_01
 .progmem.data.PM_FORMAT_KMPH
                0x000036ae        0x4 src/twi.o
                0x000036ae                PM_FORMAT_KMPH
 .progmem.data.PM_FORMAT_07F2
                0x000036b2        0x7 src/twi.o
                0x000036b2                PM_FORMAT_07F2
 .progmem.data.PM_FORMAT_05F2
                0x000036b9        0x7 src/twi.o
                0x000036b9                PM_FORMAT_05F2
 .progmem.data.PM_FORMAT_05LD
                0x000036c0        0x6 src/twi.o
                0x000036c0                PM_FORMAT_05LD
 .progmem.data.PM_FORMAT_5F3
                0x000036c6        0x6 src/twi.o
                0x000036c6                PM_FORMAT_5F3
 .progmem.data.PM_FORMAT_5F1
                0x000036cc        0x6 src/twi.o
                0x000036cc                PM_FORMAT_5F1
 .progmem.data.PM_FORMAT_4F1
                0x000036d2        0x6 src/twi.o
                0x000036d2                PM_FORMAT_4F1
 .progmem.data.PM_FORMAT_4LD
                0x000036d8        0x5 src/twi.o
                0x000036d8                PM_FORMAT_4LD
 .progmem.data.PM_FORMAT_03LD
                0x000036dd        0x6 src/twi.o
                0x000036dd                PM_FORMAT_03LD
 .progmem.data.PM_FORMAT_02LD
                0x000036e3        0x6 src/twi.o
                0x000036e3                PM_FORMAT_02LD
 .progmem.data.PM_DEBUG_MAIN_1PPS_2
                0x000036e9       0x1c src/main.o
                0x000036e9                PM_DEBUG_MAIN_1PPS_2
 .progmem.data.PM_DEBUG_MAIN_1PPS_1
                0x00003705       0x39 src/main.o
                0x00003705                PM_DEBUG_MAIN_1PPS_1
                0x0000373e                . = ALIGN (0x2)
 *(.jumptables)
 *(.jumptables*)
 *(.lowtext)
 *(.lowtext*)
                0x0000373e                __ctors_start = .
 *(.ctors)
                0x0000373e                __ctors_end = .
                0x0000373e                __dtors_start = .
 *(.dtors)
                0x0000373e                __dtors_end = .
 SORT(*)(.ctors)
 SORT(*)(.dtors)
 *(.init0)
 .init0         0x0000373e        0x0 C:/Program Files (x86)/Atmel/Studio/7.0/Packs/Atmel/XMEGAA_DFP/1.1.68/gcc/dev/atxmega256a3bu/avrxmega6/crtatxmega256a3bu.o
                0x0000373e                __init
 *(.init0)
 *(.init1)
 *(.init1)
 *(.init2)
 .init2         0x0000373e       0x10 C:/Program Files (x86)/Atmel/Studio/7.0/Packs/Atmel/XMEGAA_DFP/1.1.68/gcc/dev/atxmega256a3bu/avrxmega6/crtatxmega256a3bu.o
 *(.init2)
 *(.init3)
 *(.init3)
 *(.init4)
 .init4         0x0000374e       0x1a c:/program files (x86)/atmel/studio/7.0/toolchain/avr8/avr8-gnu-toolchain/bin/../lib/gcc/avr/5.4.0/avrxmega6\libgcc.a(_copy_data.o)
                0x0000374e                __do_copy_data
 .init4         0x00003768       0x10 c:/program files (x86)/atmel/studio/7.0/toolchain/avr8/avr8-gnu-toolchain/bin/../lib/gcc/avr/5.4.0/avrxmega6\libgcc.a(_clear_bss.o)
                0x00003768                __do_clear_bss
 *(.init4)
 *(.init5)
 *(.init5)
 *(.init6)
 *(.init6)
 *(.init7)
 *(.init7)
 *(.init8)
 *(.init8)
 *(.init9)
 .init9         0x00003778        0x8 C:/Program Files (x86)/Atmel/Studio/7.0/Packs/Atmel/XMEGAA_DFP/1.1.68/gcc/dev/atxmega256a3bu/avrxmega6/crtatxmega256a3bu.o
 *(.init9)
 *(.text)
 .text          0x00003780        0x4 C:/Program Files (x86)/Atmel/Studio/7.0/Packs/Atmel/XMEGAA_DFP/1.1.68/gcc/dev/atxmega256a3bu/avrxmega6/crtatxmega256a3bu.o
                0x00003780                __vector_38
                0x00003780                __vector_104
                0x00003780                __vector_63
                0x00003780                __vector_28
                0x00003780                __vector_67
                0x00003780                __vector_1
                0x00003780                __vector_32
                0x00003780                __vector_75
                0x00003780                __vector_91
                0x00003780                __vector_34
                0x00003780                __vector_62
                0x00003780                __vector_102
                0x00003780                __vector_24
                0x00003780                __vector_12
                0x00003780                __vector_69
                0x00003780                __vector_90
                0x00003780                __bad_interrupt
                0x00003780                __vector_122
                0x00003780                __vector_114
                0x00003780                __vector_31
                0x00003780                __vector_92
                0x00003780                __vector_35
                0x00003780                __vector_117
                0x00003780                __vector_107
                0x00003780                __vector_3
                0x00003780                __vector_105
                0x00003780                __vector_98
                0x00003780                __vector_68
                0x00003780                __vector_30
                0x00003780                __vector_45
                0x00003780                __vector_25
                0x00003780                __vector_93
                0x00003780                __vector_61
                0x00003780                __vector_99
                0x00003780                __vector_123
                0x00003780                __vector_100
                0x00003780                __vector_101
                0x00003780                __vector_64
                0x00003780                __vector_88
                0x00003780                __vector_43
                0x00003780                __vector_27
                0x00003780                __vector_5
                0x00003780                __vector_33
                0x00003780                __vector_76
                0x00003780                __vector_115
                0x00003780                __vector_37
                0x00003780                __vector_95
                0x00003780                __vector_103
                0x00003780                __vector_96
                0x00003780                __vector_89
                0x00003780                __vector_44
                0x00003780                __vector_106
                0x00003780                __vector_118
                0x00003780                __vector_2
                0x00003780                __vector_66
                0x00003780                __vector_36
                0x00003780                __vector_58
                0x00003780                __vector_70
                0x00003780                __vector_29
                0x00003780                __vector_60
                0x00003780                __vector_121
                0x00003780                __vector_94
                0x00003780                __vector_26
                0x00003780                __vector_124
                0x00003780                __vector_116
                0x00003780                __vector_57
                0x00003780                __vector_10
                0x00003780                __vector_59
                0x00003780                __vector_97
                0x00003780                __vector_87
                0x00003780                __vector_65
                0x00003780                __vector_120
                0x00003784                . = ALIGN (0x2)
 *(.text.*)
 .text.usart_serial_write_packet
                0x00003784       0x34 src/ASF/common/services/serial/usart_serial.o
                0x00003784                usart_serial_write_packet
 .text.sysclk_enable_peripheral_clock
                0x000037b8      0x170 src/ASF/xmega/drivers/usart/usart.o
 .text.usart_putchar
                0x00003928       0x10 src/ASF/xmega/drivers/usart/usart.o
                0x00003928                usart_putchar
 .text.usart_getchar
                0x00003938        0xc src/ASF/xmega/drivers/usart/usart.o
                0x00003938                usart_getchar
 .text.usart_set_baudrate
                0x00003944      0x1c6 src/ASF/xmega/drivers/usart/usart.o
                0x00003944                usart_set_baudrate
 .text.usart_init_rs232
                0x00003b0a       0x52 src/ASF/xmega/drivers/usart/usart.o
                0x00003b0a                usart_init_rs232
 .text.cpu_irq_save
                0x00003b5c       0x1a src/serial.o
 .text.__portable_avr_delay_cycles
                0x00003b76       0x16 src/serial.o
 .text.ioport_set_pin_mode
                0x00003b8c       0x3a src/serial.o
 .text.__vector_119
                0x00003bc6       0x9a src/serial.o
                0x00003bc6                __vector_119
 .text.serial_sim808_send
                0x00003c60       0x3c src/serial.o
                0x00003c60                serial_sim808_send
 .text.serial_init
                0x00003c9c       0xdc src/serial.o
                0x00003c9c                serial_init
 .text.serial_start
                0x00003d78      0x41a src/serial.o
                0x00003d78                serial_start
 .text.serial_send_gns_urc
                0x00004192       0x36 src/serial.o
                0x00004192                serial_send_gns_urc
 .text.task_serial
                0x000041c8      0x5a8 src/serial.o
                0x000041c8                task_serial
 .text.udi_write_tx_char
                0x00004770       0x2c src/usb.o
 .text.udi_write_tx_buf
                0x0000479c       0x70 src/usb.o
                0x0000479c                udi_write_tx_buf
 .text.udi_write_serial_line
                0x0000480c       0xa8 src/usb.o
                0x0000480c                udi_write_serial_line
 .text.usb_init
                0x000048b4       0xf8 src/usb.o
                0x000048b4                usb_init
 .text.usb_callback_suspend_action
                0x000049ac        0x8 src/usb.o
                0x000049ac                usb_callback_suspend_action
 .text.usb_callback_resume_action
                0x000049b4        0x8 src/usb.o
                0x000049b4                usb_callback_resume_action
 .text.usb_callback_remotewakeup_enable
                0x000049bc        0x2 src/usb.o
                0x000049bc                usb_callback_remotewakeup_enable
 .text.usb_callback_remotewakeup_disable
                0x000049be        0x2 src/usb.o
                0x000049be                usb_callback_remotewakeup_disable
 .text.usb_callback_cdc_enable
                0x000049c0        0x8 src/usb.o
                0x000049c0                usb_callback_cdc_enable
 .text.usb_callback_cdc_disable
                0x000049c8        0x6 src/usb.o
                0x000049c8                usb_callback_cdc_disable
 .text.usb_callback_config
                0x000049ce        0x2 src/usb.o
                0x000049ce                usb_callback_config
 .text.usb_callback_cdc_set_dtr
                0x000049d0        0x2 src/usb.o
                0x000049d0                usb_callback_cdc_set_dtr
 .text.usb_callback_cdc_set_rts
                0x000049d2        0x2 src/usb.o
                0x000049d2                usb_callback_cdc_set_rts
 .text.usb_callback_rx_notify
                0x000049d4        0x8 src/usb.o
                0x000049d4                usb_callback_rx_notify
 .text.usb_callback_tx_empty_notify
                0x000049dc        0x6 src/usb.o
                0x000049dc                usb_callback_tx_empty_notify
 .text.task_usb
                0x000049e2      0x982 src/usb.o
                0x000049e2                task_usb
 .text.nvm_init
                0x00005364        0xc src/ASF/common/drivers/nvm/xmega/xmega_nvm.o
                0x00005364                nvm_init
 .text.nvm_read
                0x00005370       0x4c src/ASF/common/drivers/nvm/xmega/xmega_nvm.o
                0x00005370                nvm_read
 .text.nvm_write
                0x000053bc       0x50 src/ASF/common/drivers/nvm/xmega/xmega_nvm.o
                0x000053bc                nvm_write
 .text.calendar_leapyear
                0x0000540c       0x32 src/ASF/common/services/calendar/calendar.o
 .text.calendar_is_date_valid
                0x0000543e       0x60 src/ASF/common/services/calendar/calendar.o
                0x0000543e                calendar_is_date_valid
 .text.calendar_timestamp_to_date
                0x0000549e      0x11a src/ASF/common/services/calendar/calendar.o
                0x0000549e                calendar_timestamp_to_date
 .text.calendar_date_to_timestamp
                0x000055b8       0xf6 src/ASF/common/services/calendar/calendar.o
                0x000055b8                calendar_date_to_timestamp
 .text.fifo_init
                0x000056ae       0x18 src/ASF/common/services/fifo/fifo.o
                0x000056ae                fifo_init
 .text.cpu_irq_save
                0x000056c6       0x1a src/ASF/xmega/drivers/dma/dma.o
 .text.dma_interrupt
                0x000056e0       0xca src/ASF/xmega/drivers/dma/dma.o
 .text.dma_enable
                0x000057aa       0x2e src/ASF/xmega/drivers/dma/dma.o
                0x000057aa                dma_enable
 .text.dma_disable
                0x000057d8       0x26 src/ASF/xmega/drivers/dma/dma.o
                0x000057d8                dma_disable
 .text.dma_set_callback
                0x000057fe       0x12 src/ASF/xmega/drivers/dma/dma.o
                0x000057fe                dma_set_callback
 .text.__vector_6
                0x00005810       0x50 src/ASF/xmega/drivers/dma/dma.o
                0x00005810                __vector_6
 .text.__vector_7
                0x00005860       0x50 src/ASF/xmega/drivers/dma/dma.o
                0x00005860                __vector_7
 .text.__vector_8
                0x000058b0       0x50 src/ASF/xmega/drivers/dma/dma.o
                0x000058b0                __vector_8
 .text.__vector_9
                0x00005900       0x50 src/ASF/xmega/drivers/dma/dma.o
                0x00005900                __vector_9
 .text.dma_channel_write_config
                0x00005950       0x5c src/ASF/xmega/drivers/dma/dma.o
                0x00005950                dma_channel_write_config
 .text.__portable_avr_delay_cycles.constprop.1
                0x000059ac       0x10 src/ASF/xmega/drivers/rtc32/rtc32.o
 .text.rtc_get_time
                0x000059bc       0x20 src/ASF/xmega/drivers/rtc32/rtc32.o
                0x000059bc                rtc_get_time
 .text.rtc_set_alarm
                0x000059dc       0x16 src/ASF/xmega/drivers/rtc32/rtc32.o
                0x000059dc                rtc_set_alarm
 .text.rtc_set_callback
                0x000059f2        0xa src/ASF/xmega/drivers/rtc32/rtc32.o
                0x000059f2                rtc_set_callback
 .text.rtc_init
                0x000059fc       0x88 src/ASF/xmega/drivers/rtc32/rtc32.o
                0x000059fc                rtc_init
 .text.__vector_11
                0x00005a84       0x7c src/ASF/xmega/drivers/rtc32/rtc32.o
                0x00005a84                __vector_11
 .text.get_interpolated_sine
                0x00005b00       0x64 src/dds.o
                0x00005b00                get_interpolated_sine
 .text.printHelp
                0x00005b64      0x6c2 src/interpreter.o
                0x00005b64                printHelp
 .text.interpreter_doProcess
                0x00006226      0x56e src/interpreter.o
                0x00006226                interpreter_doProcess
 .text.cpu_irq_save
                0x00006794       0x1a src/twi.o
 .text.__portable_avr_delay_cycles
                0x000067ae       0x16 src/twi.o
 .text.task_twi1_hygro
                0x000067c4       0x80 src/twi.o
 .text.task_twi1_baro
                0x00006844      0x3ca src/twi.o
 .text.twi_master_read
                0x00006c0e        0x6 src/twi.o
 .text.twi_master_write
                0x00006c14        0x6 src/twi.o
 .text.calc_gyro2_correct_mag_2_nT
                0x00006c1a       0x9a src/twi.o
 .text.task_twi1_gyro
                0x00006cb4      0x308 src/twi.o
 .text.service_twi1_baro.isra.3
                0x00006fbc      0x1a4 src/twi.o
 .text.sysclk_enable_peripheral_clock
                0x00007160      0x1d4 src/twi.o
 .text.twi2_waitUntilReady
                0x00007334       0x7c src/twi.o
                0x00007334                twi2_waitUntilReady
 .text.twi2_set_leds
                0x000073b0       0x30 src/twi.o
                0x000073b0                twi2_set_leds
 .text.twi2_set_ledbl
                0x000073e0       0x3a src/twi.o
                0x000073e0                twi2_set_ledbl
 .text.twi2_set_bias
                0x0000741a       0x2e src/twi.o
                0x0000741a                twi2_set_bias
 .text.twi2_set_beep
                0x00007448       0x3a src/twi.o
                0x00007448                twi2_set_beep
 .text.twi1_gyro_gyro_offset_set
                0x00007482       0x58 src/twi.o
                0x00007482                twi1_gyro_gyro_offset_set
 .text.twi1_gyro_accel_offset_set
                0x000074da       0xb2 src/twi.o
                0x000074da                twi1_gyro_accel_offset_set
 .text.twi_init
                0x0000758c       0x14 src/twi.o
                0x0000758c                twi_init
 .text.isr_100ms_twi1_onboard
                0x000075a0      0x256 src/twi.o
                0x000075a0                isr_100ms_twi1_onboard
 .text.isr_500ms_twi1_onboard
                0x000077f6       0xe2 src/twi.o
                0x000077f6                isr_500ms_twi1_onboard
 .text.isr_sparetime_twi1_onboard
                0x000078d8       0x38 src/twi.o
                0x000078d8                isr_sparetime_twi1_onboard
 .text.task_twi2_lcd_cls
                0x00007910       0x22 src/twi.o
                0x00007910                task_twi2_lcd_cls
 .text.task_twi2_lcd_pos_xy
                0x00007932       0x3c src/twi.o
                0x00007932                task_twi2_lcd_pos_xy
 .text.task_twi2_lcd_print_format_long_P
                0x0000796e       0x76 src/twi.o
 .text.task_twi2_lcd_print_format_float_P
                0x000079e4       0x76 src/twi.o
 .text.task_twi2_lcd_print_format_c
                0x00007a5a       0x3a src/twi.o
 .text.task_twi2_lcd_str
                0x00007a94       0x9c src/twi.o
                0x00007a94                task_twi2_lcd_str
 .text.init_twi1_gyro
                0x00007b30      0x4ac src/twi.o
                0x00007b30                init_twi1_gyro
 .text.task_twi2_lcd_line
                0x00007fdc       0x4c src/twi.o
                0x00007fdc                task_twi2_lcd_line
 .text.task_twi2_lcd_rect
                0x00008028       0x56 src/twi.o
                0x00008028                task_twi2_lcd_rect
 .text.task_twi2_lcd_circ
                0x0000807e       0x4e src/twi.o
                0x0000807e                task_twi2_lcd_circ
 .text.task_twi2_lcd_header
                0x000080cc       0x66 src/twi.o
                0x000080cc                task_twi2_lcd_header
 .text.twi_start
                0x00008132      0x6ca src/twi.o
                0x00008132                twi_start
 .text.task_twi2_lcd_print_format_P
                0x000087fc       0x5c src/twi.o
                0x000087fc                task_twi2_lcd_print_format_P
 .text.task_twi2_lcd__cpu1
                0x00008858      0x2b2 src/twi.o
                0x00008858                task_twi2_lcd__cpu1
 .text.task_twi2_lcd__cpu2
                0x00008b0a       0xaa src/twi.o
                0x00008b0a                task_twi2_lcd__cpu2
 .text.task_twi2_lcd__sim1
                0x00008bb4      0x386 src/twi.o
                0x00008bb4                task_twi2_lcd__sim1
 .text.task_twi2_lcd__hygro
                0x00008f3a       0xaa src/twi.o
                0x00008f3a                task_twi2_lcd__hygro
 .text.task_twi2_lcd__gyro_gfxmag
                0x00008fe4      0x3d2 src/twi.o
                0x00008fe4                task_twi2_lcd__gyro_gfxmag
 .text.task_twi2_lcd__gyro_gfxaccel
                0x000093b6      0x1ea src/twi.o
                0x000093b6                task_twi2_lcd__gyro_gfxaccel
 .text.task_twi2_lcd__gyro_gfxgyro
                0x000095a0      0x4d2 src/twi.o
                0x000095a0                task_twi2_lcd__gyro_gfxgyro
 .text.task_twi2_lcd__gyro_beepvario
                0x00009a72       0xa6 src/twi.o
                0x00009a72                task_twi2_lcd__gyro_beepvario
 .text.task_twi2_lcd__gyro
                0x00009b18        0x8 src/twi.o
                0x00009b18                task_twi2_lcd__gyro
 .text.task_twi2_lcd__baro
                0x00009b20       0xe0 src/twi.o
                0x00009b20                task_twi2_lcd__baro
 .text.task_twi
                0x00009c00      0x3a8 src/twi.o
                0x00009c00                task_twi
 .text.board_init
                0x00009fa8        0x2 src/ASF/common/boards/user_board/init.o
                0x00009fa8                board_init
 .text.cpu_irq_save
                0x00009faa       0x1a src/ASF/xmega/drivers/adc/adc.o
 .text.adc_set_callback
                0x00009fc4       0x3a src/ASF/xmega/drivers/adc/adc.o
                0x00009fc4                adc_set_callback
 .text.adc_enable_clock
                0x00009ffe       0x3e src/ASF/xmega/drivers/adc/adc.o
                0x00009ffe                adc_enable_clock
 .text.adc_disable_clock
                0x0000a03c       0x3a src/ASF/xmega/drivers/adc/adc.o
                0x0000a03c                adc_disable_clock
 .text.adc_enable
                0x0000a076       0x38 src/ASF/xmega/drivers/adc/adc.o
                0x0000a076                adc_enable
 .text.adc_disable
                0x0000a0ae       0x38 src/ASF/xmega/drivers/adc/adc.o
                0x0000a0ae                adc_disable
 .text.cpu_irq_save
                0x0000a0e6       0x1a src/ASF/xmega/drivers/adc/xmega_aau/adc_aau.o
 .text.__vector_71
                0x0000a100       0x64 src/ASF/xmega/drivers/adc/xmega_aau/adc_aau.o
                0x0000a100                __vector_71
 .text.__vector_72
                0x0000a164       0x64 src/ASF/xmega/drivers/adc/xmega_aau/adc_aau.o
                0x0000a164                __vector_72
 .text.__vector_73
                0x0000a1c8       0x64 src/ASF/xmega/drivers/adc/xmega_aau/adc_aau.o
                0x0000a1c8                __vector_73
 .text.__vector_74
                0x0000a22c       0x64 src/ASF/xmega/drivers/adc/xmega_aau/adc_aau.o
                0x0000a22c                __vector_74
 .text.__vector_39
                0x0000a290       0x64 src/ASF/xmega/drivers/adc/xmega_aau/adc_aau.o
                0x0000a290                __vector_39
 .text.__vector_40
                0x0000a2f4       0x64 src/ASF/xmega/drivers/adc/xmega_aau/adc_aau.o
                0x0000a2f4                __vector_40
 .text.__vector_41
                0x0000a358       0x64 src/ASF/xmega/drivers/adc/xmega_aau/adc_aau.o
                0x0000a358                __vector_41
 .text.__vector_42
                0x0000a3bc       0x64 src/ASF/xmega/drivers/adc/xmega_aau/adc_aau.o
                0x0000a3bc                __vector_42
 .text.adc_write_configuration
                0x0000a420       0xb8 src/ASF/xmega/drivers/adc/xmega_aau/adc_aau.o
                0x0000a420                adc_write_configuration
 .text.adc_read_configuration
                0x0000a4d8       0x48 src/ASF/xmega/drivers/adc/xmega_aau/adc_aau.o
                0x0000a4d8                adc_read_configuration
 .text.adcch_write_configuration
                0x0000a520       0x70 src/ASF/xmega/drivers/adc/xmega_aau/adc_aau.o
                0x0000a520                adcch_write_configuration
 .text.adcch_read_configuration
                0x0000a590       0x70 src/ASF/xmega/drivers/adc/xmega_aau/adc_aau.o
                0x0000a590                adcch_read_configuration
 .text.cpu_irq_save
                0x0000a600       0x1a src/ASF/xmega/drivers/dac/dac.o
 .text.dac_enable_clock
                0x0000a61a       0x20 src/ASF/xmega/drivers/dac/dac.o
 .text.dac_disable_clock
                0x0000a63a       0x1e src/ASF/xmega/drivers/dac/dac.o
 .text.dac_enable
                0x0000a658       0x38 src/ASF/xmega/drivers/dac/dac.o
                0x0000a658                dac_enable
 .text.dac_disable
                0x0000a690       0x38 src/ASF/xmega/drivers/dac/dac.o
                0x0000a690                dac_disable
 .text.dac_write_configuration
                0x0000a6c8       0x9e src/ASF/xmega/drivers/dac/dac.o
                0x0000a6c8                dac_write_configuration
 .text.dac_read_configuration
                0x0000a766       0x3c src/ASF/xmega/drivers/dac/dac.o
                0x0000a766                dac_read_configuration
 .text.cpu_irq_save
                0x0000a7a2       0x1a src/ASF/xmega/drivers/tc/tc.o
 .text.__vector_14
                0x0000a7bc       0x5a src/ASF/xmega/drivers/tc/tc.o
                0x0000a7bc                __vector_14
 .text.__vector_15
                0x0000a816       0x5a src/ASF/xmega/drivers/tc/tc.o
                0x0000a816                __vector_15
 .text.__vector_16
                0x0000a870       0x5a src/ASF/xmega/drivers/tc/tc.o
                0x0000a870                __vector_16
 .text.__vector_17
                0x0000a8ca       0x5a src/ASF/xmega/drivers/tc/tc.o
                0x0000a8ca                __vector_17
 .text.__vector_18
                0x0000a924       0x5a src/ASF/xmega/drivers/tc/tc.o
                0x0000a924                __vector_18
 .text.__vector_19
                0x0000a97e       0x5a src/ASF/xmega/drivers/tc/tc.o
                0x0000a97e                __vector_19
 .text.__vector_20
                0x0000a9d8       0x5a src/ASF/xmega/drivers/tc/tc.o
                0x0000a9d8                __vector_20
 .text.__vector_21
                0x0000aa32       0x5a src/ASF/xmega/drivers/tc/tc.o
                0x0000aa32                __vector_21
 .text.__vector_22
                0x0000aa8c       0x5a src/ASF/xmega/drivers/tc/tc.o
                0x0000aa8c                __vector_22
 .text.__vector_23
                0x0000aae6       0x5a src/ASF/xmega/drivers/tc/tc.o
                0x0000aae6                __vector_23
 .text.__vector_77
                0x0000ab40       0x5a src/ASF/xmega/drivers/tc/tc.o
                0x0000ab40                __vector_77
 .text.__vector_78
                0x0000ab9a       0x5a src/ASF/xmega/drivers/tc/tc.o
                0x0000ab9a                __vector_78
 .text.__vector_79
                0x0000abf4       0x5a src/ASF/xmega/drivers/tc/tc.o
                0x0000abf4                __vector_79
 .text.__vector_80
                0x0000ac4e       0x5a src/ASF/xmega/drivers/tc/tc.o
                0x0000ac4e                __vector_80
 .text.__vector_81
                0x0000aca8       0x5a src/ASF/xmega/drivers/tc/tc.o
                0x0000aca8                __vector_81
 .text.__vector_82
                0x0000ad02       0x5a src/ASF/xmega/drivers/tc/tc.o
                0x0000ad02                __vector_82
 .text.__vector_83
                0x0000ad5c       0x5a src/ASF/xmega/drivers/tc/tc.o
                0x0000ad5c                __vector_83
 .text.__vector_84
                0x0000adb6       0x5a src/ASF/xmega/drivers/tc/tc.o
                0x0000adb6                __vector_84
 .text.__vector_85
                0x0000ae10       0x5a src/ASF/xmega/drivers/tc/tc.o
                0x0000ae10                __vector_85
 .text.__vector_86
                0x0000ae6a       0x5a src/ASF/xmega/drivers/tc/tc.o
                0x0000ae6a                __vector_86
 .text.__vector_47
                0x0000aec4       0x5a src/ASF/xmega/drivers/tc/tc.o
                0x0000aec4                __vector_47
 .text.__vector_48
                0x0000af1e       0x5a src/ASF/xmega/drivers/tc/tc.o
                0x0000af1e                __vector_48
 .text.__vector_49
                0x0000af78       0x5a src/ASF/xmega/drivers/tc/tc.o
                0x0000af78                __vector_49
 .text.__vector_50
                0x0000afd2       0x5a src/ASF/xmega/drivers/tc/tc.o
                0x0000afd2                __vector_50
 .text.__vector_51
                0x0000b02c       0x5a src/ASF/xmega/drivers/tc/tc.o
                0x0000b02c                __vector_51
 .text.__vector_52
                0x0000b086       0x5a src/ASF/xmega/drivers/tc/tc.o
                0x0000b086                __vector_52
 .text.__vector_53
                0x0000b0e0       0x5a src/ASF/xmega/drivers/tc/tc.o
                0x0000b0e0                __vector_53
 .text.__vector_54
                0x0000b13a       0x5a src/ASF/xmega/drivers/tc/tc.o
                0x0000b13a                __vector_54
 .text.__vector_55
                0x0000b194       0x5a src/ASF/xmega/drivers/tc/tc.o
                0x0000b194                __vector_55
 .text.__vector_56
                0x0000b1ee       0x5a src/ASF/xmega/drivers/tc/tc.o
                0x0000b1ee                __vector_56
 .text.__vector_108
                0x0000b248       0x5a src/ASF/xmega/drivers/tc/tc.o
                0x0000b248                __vector_108
 .text.__vector_109
                0x0000b2a2       0x5a src/ASF/xmega/drivers/tc/tc.o
                0x0000b2a2                __vector_109
 .text.__vector_110
                0x0000b2fc       0x5a src/ASF/xmega/drivers/tc/tc.o
                0x0000b2fc                __vector_110
 .text.__vector_111
                0x0000b356       0x5a src/ASF/xmega/drivers/tc/tc.o
                0x0000b356                __vector_111
 .text.__vector_112
                0x0000b3b0       0x5a src/ASF/xmega/drivers/tc/tc.o
                0x0000b3b0                __vector_112
 .text.__vector_113
                0x0000b40a       0x5a src/ASF/xmega/drivers/tc/tc.o
                0x0000b40a                __vector_113
 .text.tc_enable
                0x0000b464       0xaa src/ASF/xmega/drivers/tc/tc.o
                0x0000b464                tc_enable
 .text.tc_set_overflow_interrupt_callback
                0x0000b50e       0x7c src/ASF/xmega/drivers/tc/tc.o
                0x0000b50e                tc_set_overflow_interrupt_callback
 .text.__vector_46
                0x0000b58a      0x170 src/ASF/xmega/drivers/twi/twim.o
                0x0000b58a                __vector_46
 .text.__vector_13
                0x0000b6fa       0x4e src/ASF/xmega/drivers/twi/twim.o
                0x0000b6fa                __vector_13
 .text.twi_master_init
                0x0000b748       0x2a src/ASF/xmega/drivers/twi/twim.o
                0x0000b748                twi_master_init
 .text.twi_master_transfer
                0x0000b772       0xaa src/ASF/xmega/drivers/twi/twim.o
                0x0000b772                twi_master_transfer
 .text.cpu_irq_save
                0x0000b81c       0x1a src/ASF/xmega/drivers/usb/usb_device.o
 .text.sleepmgr_lock_mode
                0x0000b836       0x24 src/ASF/xmega/drivers/usb/usb_device.o
 .text.sleepmgr_unlock_mode
                0x0000b85a       0x24 src/ASF/xmega/drivers/usb/usb_device.o
 .text.udd_sleep_mode
                0x0000b87e       0x26 src/ASF/xmega/drivers/usb/usb_device.o
 .text.udd_ep_get_ctrl
                0x0000b8a4       0x2e src/ASF/xmega/drivers/usb/usb_device.o
 .text.udd_ctrl_init
                0x0000b8d2       0x4a src/ASF/xmega/drivers/usb/usb_device.o
 .text.udd_ctrl_stall_data
                0x0000b91c       0x1c src/ASF/xmega/drivers/usb/usb_device.o
 .text.udd_ctrl_send_zlp_in
                0x0000b938       0x1c src/ASF/xmega/drivers/usb/usb_device.o
 .text.udd_ctrl_endofrequest
                0x0000b954       0x10 src/ASF/xmega/drivers/usb/usb_device.o
 .text.udd_ep_get_job
                0x0000b964       0x34 src/ASF/xmega/drivers/usb/usb_device.o
 .text.udd_ep_trans_complet
                0x0000b998      0x20c src/ASF/xmega/drivers/usb/usb_device.o
 .text.udd_ctrl_in_sent
                0x0000bba4       0xdc src/ASF/xmega/drivers/usb/usb_device.o
 .text.udd_ctrl_interrupt_tc_setup
                0x0000bc80       0xe6 src/ASF/xmega/drivers/usb/usb_device.o
 .text.udd_disable
                0x0000bd66       0x28 src/ASF/xmega/drivers/usb/usb_device.o
                0x0000bd66                udd_disable
 .text.udd_attach
                0x0000bd8e       0x46 src/ASF/xmega/drivers/usb/usb_device.o
                0x0000bd8e                udd_attach
 .text.udd_enable
                0x0000bdd4       0xdc src/ASF/xmega/drivers/usb/usb_device.o
                0x0000bdd4                udd_enable
 .text.udd_is_high_speed
                0x0000beb0        0x4 src/ASF/xmega/drivers/usb/usb_device.o
                0x0000beb0                udd_is_high_speed
 .text.udd_set_address
                0x0000beb4        0x6 src/ASF/xmega/drivers/usb/usb_device.o
                0x0000beb4                udd_set_address
 .text.udd_getaddress
                0x0000beba        0x6 src/ASF/xmega/drivers/usb/usb_device.o
                0x0000beba                udd_getaddress
 .text.udd_get_frame_number
                0x0000bec0        0xa src/ASF/xmega/drivers/usb/usb_device.o
                0x0000bec0                udd_get_frame_number
 .text.udd_get_micro_frame_number
                0x0000beca        0x6 src/ASF/xmega/drivers/usb/usb_device.o
                0x0000beca                udd_get_micro_frame_number
 .text.udd_set_setup_payload
                0x0000bed0        0xe src/ASF/xmega/drivers/usb/usb_device.o
                0x0000bed0                udd_set_setup_payload
 .text.udd_ep_alloc
                0x0000bede       0xa6 src/ASF/xmega/drivers/usb/usb_device.o
                0x0000bede                udd_ep_alloc
 .text.udd_ep_is_halted
                0x0000bf84        0xe src/ASF/xmega/drivers/usb/usb_device.o
                0x0000bf84                udd_ep_is_halted
 .text.udd_ep_clear_halt
                0x0000bf92       0x3a src/ASF/xmega/drivers/usb/usb_device.o
                0x0000bf92                udd_ep_clear_halt
 .text.udd_ep_run
                0x0000bfcc       0xfc src/ASF/xmega/drivers/usb/usb_device.o
                0x0000bfcc                udd_ep_run
 .text.udd_ep_abort
                0x0000c0c8       0x60 src/ASF/xmega/drivers/usb/usb_device.o
                0x0000c0c8                udd_ep_abort
 .text.udd_ep_free
                0x0000c128       0x12 src/ASF/xmega/drivers/usb/usb_device.o
                0x0000c128                udd_ep_free
 .text.udd_ep_set_halt
                0x0000c13a       0x18 src/ASF/xmega/drivers/usb/usb_device.o
                0x0000c13a                udd_ep_set_halt
 .text.__vector_125
                0x0000c152      0x170 src/ASF/xmega/drivers/usb/usb_device.o
                0x0000c152                __vector_125
 .text.__vector_126
                0x0000c2c2      0x1b2 src/ASF/xmega/drivers/usb/usb_device.o
                0x0000c2c2                __vector_126
 .text.pwm_set_frequency
                0x0000c474       0xd8 src/ASF/xmega/services/pwm/pwm.o
                0x0000c474                pwm_set_frequency
 .text.pwm_init
                0x0000c54c      0x180 src/ASF/xmega/services/pwm/pwm.o
                0x0000c54c                pwm_init
 .text.pwm_start
                0x0000c6cc       0x8c src/ASF/xmega/services/pwm/pwm.o
                0x0000c6cc                pwm_start
 .text.cpu_irq_save
                0x0000c758       0x1a src/main.o
 .text.sleepmgr_enter_sleep
                0x0000c772       0x48 src/main.o
 .text.dma_channel_enable
                0x0000c7ba       0x22 src/main.o
 .text.yield_ms_cb
                0x0000c7dc        0x6 src/main.o
                0x0000c7dc                yield_ms_cb
 .text.isr_tcc1_ovfl
                0x0000c7e2       0x48 src/main.o
                0x0000c7e2                isr_tcc1_ovfl
 .text.isr_adc_a
                0x0000c82a      0x34e src/main.o
                0x0000c82a                isr_adc_a
 .text.task_dac
                0x0000cb78      0x130 src/main.o
 .text.task_adc
                0x0000cca8      0x2b0 src/main.o
 .text.nvm_read_production_signature_row
                0x0000cf58        0xa src/main.o
 .text.adcch_enable_interrupt.isra.10
                0x0000cf62        0xc src/main.o
 .text.isr_adc_b
                0x0000cf6e       0x94 src/main.o
                0x0000cf6e                isr_adc_b
 .text.calc_next_frame.constprop.28
                0x0000d002       0xb4 src/main.o
 .text.isr_dma_dac_ch0_A
                0x0000d0b6        0xc src/main.o
 .text.isr_dma_dac_ch0_B
                0x0000d0c2        0xc src/main.o
 .text.fifo_pull_uint32.constprop.29
                0x0000d0ce       0x56 src/main.o
 .text.tc_init  0x0000d124       0xba src/main.o
 .text.dac_start
                0x0000d1de       0x88 src/main.o
 .text.tc_start
                0x0000d266       0x5e src/main.o
 .text.fifo_push_uint32.constprop.30
                0x0000d2c4       0x56 src/main.o
 .text.dac_init
                0x0000d31a       0xc6 src/main.o
 .text.adc_init
                0x0000d3e0      0x260 src/main.o
 .text.save_globals
                0x0000d640      0x3a2 src/main.o
                0x0000d640                save_globals
 .text.cueBehind
                0x0000d9e2       0x14 src/main.o
                0x0000d9e2                cueBehind
 .text.myStringToFloat
                0x0000d9f6      0x1a2 src/main.o
                0x0000d9f6                myStringToFloat
 .text.myStringToVar
                0x0000db98      0x136 src/main.o
                0x0000db98                myStringToVar
 .text.adc_app_enable
                0x0000dcce       0x46 src/main.o
                0x0000dcce                adc_app_enable
 .text.backlight_mode_pwm
                0x0000dd14       0x40 src/main.o
                0x0000dd14                backlight_mode_pwm
 .text.bias_update
                0x0000dd54        0xa src/main.o
                0x0000dd54                bias_update
 .text.calibration_mode
                0x0000dd5e      0x2f8 src/main.o
                0x0000dd5e                calibration_mode
 .text.dac_app_enable
                0x0000e056       0x8c src/main.o
                0x0000e056                dac_app_enable
 .text.errorBeep_enable
                0x0000e0e2        0x8 src/main.o
                0x0000e0e2                errorBeep_enable
 .text.keyBeep_enable
                0x0000e0ea        0x8 src/main.o
                0x0000e0ea                keyBeep_enable
 .text.pitchTone_mode
                0x0000e0f2        0x8 src/main.o
                0x0000e0f2                pitchTone_mode
 .text.printStatusLines_bitfield
                0x0000e0fa       0x20 src/main.o
                0x0000e0fa                printStatusLines_bitfield
 .text.xoPwm_set
                0x0000e11a       0xe4 src/main.o
                0x0000e11a                xoPwm_set
 .text.sched_getLock
                0x0000e1fe       0x26 src/main.o
                0x0000e1fe                sched_getLock
 .text.sched_freeLock
                0x0000e224       0x14 src/main.o
                0x0000e224                sched_freeLock
 .text.sched_set_alarm
                0x0000e238       0x32 src/main.o
                0x0000e238                sched_set_alarm
 .text.sched_push
                0x0000e26a      0x382 src/main.o
                0x0000e26a                sched_push
 .text.dds_update
                0x0000e5ec      0x1bc src/main.o
                0x0000e5ec                dds_update
 .text.isr_tcc0_ovfl
                0x0000e7a8      0x3ba src/main.o
                0x0000e7a8                isr_tcc0_ovfl
 .text.sched_pop
                0x0000eb62      0x176 src/main.o
                0x0000eb62                sched_pop
 .text.isr_rtc_alarm
                0x0000ecd8        0x4 src/main.o
                0x0000ecd8                isr_rtc_alarm
 .text.yield_ms
                0x0000ecdc       0x4c src/main.o
                0x0000ecdc                yield_ms
 .text.__vector_4
                0x0000ed28      0x1ca src/main.o
                0x0000ed28                __vector_4
 .text.startup.main
                0x0000eef2      0x774 src/main.o
                0x0000eef2                main
 .text.cpu_irq_save
                0x0000f666       0x1a src/ASF/common/services/clock/xmega/sysclk.o
 .text.sysclk_init
                0x0000f680       0xfc src/ASF/common/services/clock/xmega/sysclk.o
                0x0000f680                sysclk_init
 .text.sysclk_enable_module
                0x0000f77c       0x22 src/ASF/common/services/clock/xmega/sysclk.o
                0x0000f77c                sysclk_enable_module
 .text.sysclk_disable_module
                0x0000f79e       0x20 src/ASF/common/services/clock/xmega/sysclk.o
                0x0000f79e                sysclk_disable_module
 .text.sysclk_enable_usb
                0x0000f7be       0x6c src/ASF/common/services/clock/xmega/sysclk.o
                0x0000f7be                sysclk_enable_usb
 .text.sysclk_disable_usb
                0x0000f82a       0x10 src/ASF/common/services/clock/xmega/sysclk.o
                0x0000f82a                sysclk_disable_usb
 .text.cpu_irq_save
                0x0000f83a       0x1a src/ASF/common/services/usb/class/cdc/device/udi_cdc.o
 .text.udi_cdc_comm_disable
                0x0000f854        0xc src/ASF/common/services/usb/class/cdc/device/udi_cdc.o
                0x0000f854                udi_cdc_comm_disable
 .text.udi_cdc_data_setup
                0x0000f860        0x4 src/ASF/common/services/usb/class/cdc/device/udi_cdc.o
                0x0000f860                udi_cdc_data_setup
 .text.udi_cdc_getsetting
                0x0000f864        0x4 src/ASF/common/services/usb/class/cdc/device/udi_cdc.o
                0x0000f864                udi_cdc_getsetting
 .text.udi_cdc_line_coding_received
                0x0000f868        0xa src/ASF/common/services/usb/class/cdc/device/udi_cdc.o
 .text.udi_cdc_data_disable
                0x0000f872       0x18 src/ASF/common/services/usb/class/cdc/device/udi_cdc.o
                0x0000f872                udi_cdc_data_disable
 .text.udi_cdc_comm_enable
                0x0000f88a       0x80 src/ASF/common/services/usb/class/cdc/device/udi_cdc.o
                0x0000f88a                udi_cdc_comm_enable
 .text.udi_cdc_tx_send.isra.1
                0x0000f90a      0x142 src/ASF/common/services/usb/class/cdc/device/udi_cdc.o
 .text.udi_cdc_data_sof_notify
                0x0000fa4c        0x2 src/ASF/common/services/usb/class/cdc/device/udi_cdc.o
                0x0000fa4c                udi_cdc_data_sof_notify
 .text.udi_cdc_data_sent
                0x0000fa4e       0x38 src/ASF/common/services/usb/class/cdc/device/udi_cdc.o
 .text.udi_cdc_comm_setup
                0x0000fa86       0x90 src/ASF/common/services/usb/class/cdc/device/udi_cdc.o
                0x0000fa86                udi_cdc_comm_setup
 .text.udi_cdc_multi_get_nb_received_data
                0x0000fb16       0x26 src/ASF/common/services/usb/class/cdc/device/udi_cdc.o
                0x0000fb16                udi_cdc_multi_get_nb_received_data
 .text.udi_cdc_get_nb_received_data
                0x0000fb3c        0x4 src/ASF/common/services/usb/class/cdc/device/udi_cdc.o
                0x0000fb3c                udi_cdc_get_nb_received_data
 .text.udi_cdc_multi_is_rx_ready
                0x0000fb40        0xe src/ASF/common/services/usb/class/cdc/device/udi_cdc.o
                0x0000fb40                udi_cdc_multi_is_rx_ready
 .text.udi_cdc_rx_start.isra.8
                0x0000fb4e       0x94 src/ASF/common/services/usb/class/cdc/device/udi_cdc.o
 .text.udi_cdc_data_enable
                0x0000fbe2       0x68 src/ASF/common/services/usb/class/cdc/device/udi_cdc.o
                0x0000fbe2                udi_cdc_data_enable
 .text.udi_cdc_data_received
                0x0000fc4a       0x60 src/ASF/common/services/usb/class/cdc/device/udi_cdc.o
 .text.udi_cdc_multi_getc
                0x0000fcaa       0x94 src/ASF/common/services/usb/class/cdc/device/udi_cdc.o
                0x0000fcaa                udi_cdc_multi_getc
 .text.udi_cdc_getc
                0x0000fd3e        0x4 src/ASF/common/services/usb/class/cdc/device/udi_cdc.o
                0x0000fd3e                udi_cdc_getc
 .text.udi_cdc_read_no_polling
                0x0000fd42       0xa6 src/ASF/common/services/usb/class/cdc/device/udi_cdc.o
                0x0000fd42                udi_cdc_read_no_polling
 .text.udi_cdc_multi_get_free_tx_buffer
                0x0000fde8       0x4c src/ASF/common/services/usb/class/cdc/device/udi_cdc.o
                0x0000fde8                udi_cdc_multi_get_free_tx_buffer
 .text.udi_cdc_multi_is_tx_ready
                0x0000fe34        0xe src/ASF/common/services/usb/class/cdc/device/udi_cdc.o
                0x0000fe34                udi_cdc_multi_is_tx_ready
 .text.udi_cdc_is_tx_ready
                0x0000fe42        0x4 src/ASF/common/services/usb/class/cdc/device/udi_cdc.o
                0x0000fe42                udi_cdc_is_tx_ready
 .text.udi_cdc_multi_putc
                0x0000fe46       0x90 src/ASF/common/services/usb/class/cdc/device/udi_cdc.o
                0x0000fe46                udi_cdc_multi_putc
 .text.udi_cdc_putc
                0x0000fed6        0x6 src/ASF/common/services/usb/class/cdc/device/udi_cdc.o
                0x0000fed6                udi_cdc_putc
 .text.udc_valid_address
                0x0000fedc        0xa src/ASF/common/services/usb/udc/udc.o
 .text.udc_update_iface_desc
                0x0000fee6       0x66 src/ASF/common/services/usb/udc/udc.o
 .text.udc_next_desc_in_iface.constprop.3
                0x0000ff4c       0x40 src/ASF/common/services/usb/udc/udc.o
 .text.udc_iface_enable
                0x0000ff8c       0x68 src/ASF/common/services/usb/udc/udc.o
 .text.udc_iface_disable
                0x0000fff4       0x80 src/ASF/common/services/usb/udc/udc.o
 .text.udc_start
                0x00010074        0x4 src/ASF/common/services/usb/udc/udc.o
                0x00010074                udc_start
 .text.udc_reset
                0x00010078       0x48 src/ASF/common/services/usb/udc/udc.o
                0x00010078                udc_reset
 .text.udc_stop
                0x000100c0        0x6 src/ASF/common/services/usb/udc/udc.o
                0x000100c0                udc_stop
 .text.udc_sof_notify
                0x000100c6       0x4a src/ASF/common/services/usb/udc/udc.o
                0x000100c6                udc_sof_notify
 .text.udc_process_setup
                0x00010110      0x520 src/ASF/common/services/usb/udc/udc.o
                0x00010110                udc_process_setup
 .text._read    0x00010630       0x32 src/ASF/common/utils/stdio/read.o
                0x00010630                _read
 .text.stdio_usb_getchar
                0x00010662       0x1e src/ASF/common/utils/stdio/stdio_usb/stdio_usb.o
                0x00010662                stdio_usb_getchar
 .text.stdio_usb_putchar
                0x00010680       0x2e src/ASF/common/utils/stdio/stdio_usb/stdio_usb.o
                0x00010680                stdio_usb_putchar
 .text.stdio_usb_enable
                0x000106ae        0x8 src/ASF/common/utils/stdio/stdio_usb/stdio_usb.o
                0x000106ae                stdio_usb_enable
 .text.stdio_usb_disable
                0x000106b6        0x6 src/ASF/common/utils/stdio/stdio_usb/stdio_usb.o
                0x000106b6                stdio_usb_disable
 .text.stdio_usb_init
                0x000106bc       0x2e src/ASF/common/utils/stdio/stdio_usb/stdio_usb.o
                0x000106bc                stdio_usb_init
 .text._write   0x000106ea       0x24 src/ASF/common/utils/stdio/write.o
                0x000106ea                _write
 .text.nvm_wait_until_ready
                0x0001070e        0xa src/ASF/xmega/drivers/nvm/nvm.o
 .text.nvm_issue_command
                0x00010718       0x20 src/ASF/xmega/drivers/nvm/nvm.o
 .text.nvm_eeprom_read_buffer
                0x00010738       0x46 src/ASF/xmega/drivers/nvm/nvm.o
                0x00010738                nvm_eeprom_read_buffer
 .text.nvm_eeprom_flush_buffer
                0x0001077e       0x1a src/ASF/xmega/drivers/nvm/nvm.o
                0x0001077e                nvm_eeprom_flush_buffer
 .text.nvm_eeprom_load_byte_to_buffer
                0x00010798       0x28 src/ASF/xmega/drivers/nvm/nvm.o
                0x00010798                nvm_eeprom_load_byte_to_buffer
 .text.nvm_eeprom_write_byte
                0x000107c0       0x44 src/ASF/xmega/drivers/nvm/nvm.o
                0x000107c0                nvm_eeprom_write_byte
 .text.nvm_eeprom_load_page_to_buffer
                0x00010804       0x24 src/ASF/xmega/drivers/nvm/nvm.o
                0x00010804                nvm_eeprom_load_page_to_buffer
 .text.nvm_eeprom_atomic_write_page
                0x00010828       0x1e src/ASF/xmega/drivers/nvm/nvm.o
                0x00010828                nvm_eeprom_atomic_write_page
 .text.nvm_eeprom_erase_and_write_buffer
                0x00010846       0x78 src/ASF/xmega/drivers/nvm/nvm.o
                0x00010846                nvm_eeprom_erase_and_write_buffer
 .text.nvm_flash_read_buffer
                0x000108be       0x4a src/ASF/xmega/drivers/nvm/nvm.o
                0x000108be                nvm_flash_read_buffer
 .text.nvm_user_sig_read_buffer
                0x00010908       0x3e src/ASF/xmega/drivers/nvm/nvm.o
                0x00010908                nvm_user_sig_read_buffer
 .text.nvm_user_sig_write_buffer
                0x00010946      0x12e src/ASF/xmega/drivers/nvm/nvm.o
                0x00010946                nvm_user_sig_write_buffer
 .text.nvm_flash_erase_and_write_buffer
                0x00010a74      0x144 src/ASF/xmega/drivers/nvm/nvm.o
                0x00010a74                nvm_flash_erase_and_write_buffer
 .text.nvm_read_byte
                0x00010bb8       0x14 src/ASF/xmega/drivers/nvm/nvm_asm.o
                0x00010bb8                nvm_read_byte
 .text.ccp_write_io
                0x00010bcc        0xc src/ASF/xmega/drivers/cpu/ccp.o
                0x00010bcc                ccp_write_io
 .text.avr-libc
                0x00010bd8      0x740 c:/program files (x86)/atmel/studio/7.0/toolchain/avr8/avr8-gnu-toolchain/bin/../lib/gcc/avr/5.4.0/../../../../avr/lib/avrxmega6\libprintf_flt.a(vfprintf_flt.o)
                0x00010bd8                vfprintf
 .text.avr-libc.fplib
                0x00011318        0xa c:/program files (x86)/atmel/studio/7.0/toolchain/avr8/avr8-gnu-toolchain/bin/../lib/gcc/avr/5.4.0/../../../../avr/lib/avrxmega6\libm.a(addsf3.o)
                0x00011318                __subsf3
                0x0001131a                __addsf3
 .text.avr-libc.fplib
                0x00011322       0xc0 c:/program files (x86)/atmel/studio/7.0/toolchain/avr8/avr8-gnu-toolchain/bin/../lib/gcc/avr/5.4.0/../../../../avr/lib/avrxmega6\libm.a(addsf3x.o)
                0x0001133c                __addsf3x
 .text.avr-libc.fplib
                0x000113e2        0x8 c:/program files (x86)/atmel/studio/7.0/toolchain/avr8/avr8-gnu-toolchain/bin/../lib/gcc/avr/5.4.0/../../../../avr/lib/avrxmega6\libm.a(cmpsf2.o)
                0x000113e2                __nesf2
                0x000113e2                __eqsf2
                0x000113e2                __cmpsf2
                0x000113e2                __ltsf2
                0x000113e2                __lesf2
 .text.avr-libc.fplib
                0x000113ea        0x6 c:/program files (x86)/atmel/studio/7.0/toolchain/avr8/avr8-gnu-toolchain/bin/../lib/gcc/avr/5.4.0/../../../../avr/lib/avrxmega6\libm.a(cos.o)
                0x000113ea                cos
 .text.avr-libc.fplib
                0x000113f0        0x4 c:/program files (x86)/atmel/studio/7.0/toolchain/avr8/avr8-gnu-toolchain/bin/../lib/gcc/avr/5.4.0/../../../../avr/lib/avrxmega6\libm.a(divsf3.o)
                0x000113f0                __divsf3
 .text.avr-libc.fplib
                0x000113f4       0xcc c:/program files (x86)/atmel/studio/7.0/toolchain/avr8/avr8-gnu-toolchain/bin/../lib/gcc/avr/5.4.0/../../../../avr/lib/avrxmega6\libm.a(divsf3x.o)
                0x0001140a                __divsf3x
                0x0001140e                __divsf3_pse
 .text.avr-libc.fplib
                0x000114c0        0xa c:/program files (x86)/atmel/studio/7.0/toolchain/avr8/avr8-gnu-toolchain/bin/../lib/gcc/avr/5.4.0/../../../../avr/lib/avrxmega6\libm.a(fixsfsi.o)
                0x000114c0                __fixsfsi
 .text.avr-libc.fplib
                0x000114ca       0x58 c:/program files (x86)/atmel/studio/7.0/toolchain/avr8/avr8-gnu-toolchain/bin/../lib/gcc/avr/5.4.0/../../../../avr/lib/avrxmega6\libm.a(fixunssfsi.o)
                0x000114ca                __fixunssfsi
 .text.avr-libc.fplib
                0x00011522       0x7a c:/program files (x86)/atmel/studio/7.0/toolchain/avr8/avr8-gnu-toolchain/bin/../lib/gcc/avr/5.4.0/../../../../avr/lib/avrxmega6\libm.a(floatsisf.o)
                0x00011522                __floatunsisf
                0x00011526                __floatsisf
 .text.avr-libc.fplib
                0x0001159c       0x48 c:/program files (x86)/atmel/studio/7.0/toolchain/avr8/avr8-gnu-toolchain/bin/../lib/gcc/avr/5.4.0/../../../../avr/lib/avrxmega6\libm.a(fp_cmp.o)
                0x0001159c                __fp_cmp
 .text.avr-libc.fplib
                0x000115e4        0xc c:/program files (x86)/atmel/studio/7.0/toolchain/avr8/avr8-gnu-toolchain/bin/../lib/gcc/avr/5.4.0/../../../../avr/lib/avrxmega6\libm.a(fp_inf.o)
                0x000115e4                __fp_inf
 .text.avr-libc.fplib
                0x000115f0        0x6 c:/program files (x86)/atmel/studio/7.0/toolchain/avr8/avr8-gnu-toolchain/bin/../lib/gcc/avr/5.4.0/../../../../avr/lib/avrxmega6\libm.a(fp_nan.o)
                0x000115f0                __fp_nan
 .text.avr-libc.fplib
                0x000115f6        0xe c:/program files (x86)/atmel/studio/7.0/toolchain/avr8/avr8-gnu-toolchain/bin/../lib/gcc/avr/5.4.0/../../../../avr/lib/avrxmega6\libm.a(fp_pscA.o)
                0x000115f6                __fp_pscA
 .text.avr-libc.fplib
                0x00011604        0xe c:/program files (x86)/atmel/studio/7.0/toolchain/avr8/avr8-gnu-toolchain/bin/../lib/gcc/avr/5.4.0/../../../../avr/lib/avrxmega6\libm.a(fp_pscB.o)
                0x00011604                __fp_pscB
 .text.avr-libc.fplib
                0x00011612       0x50 c:/program files (x86)/atmel/studio/7.0/toolchain/avr8/avr8-gnu-toolchain/bin/../lib/gcc/avr/5.4.0/../../../../avr/lib/avrxmega6\libm.a(fp_rempio2.o)
                0x00011614                __fp_rempio2
 .text.avr-libc.fplib
                0x00011662       0x22 c:/program files (x86)/atmel/studio/7.0/toolchain/avr8/avr8-gnu-toolchain/bin/../lib/gcc/avr/5.4.0/../../../../avr/lib/avrxmega6\libm.a(fp_round.o)
                0x00011662                __fp_round
 .text.avr-libc.fplib
                0x00011684       0x22 c:/program files (x86)/atmel/studio/7.0/toolchain/avr8/avr8-gnu-toolchain/bin/../lib/gcc/avr/5.4.0/../../../../avr/lib/avrxmega6\libm.a(fp_sinus.o)
                0x00011684                __fp_sinus
 .text.avr-libc.fplib
                0x000116a6       0x44 c:/program files (x86)/atmel/studio/7.0/toolchain/avr8/avr8-gnu-toolchain/bin/../lib/gcc/avr/5.4.0/../../../../avr/lib/avrxmega6\libm.a(fp_split3.o)
                0x000116a6                __fp_split3
                0x000116b6                __fp_splitA
 .text.avr-libc.fplib
                0x000116ea        0xe c:/program files (x86)/atmel/studio/7.0/toolchain/avr8/avr8-gnu-toolchain/bin/../lib/gcc/avr/5.4.0/../../../../avr/lib/avrxmega6\libm.a(fp_zero.o)
                0x000116ea                __fp_zero
                0x000116ec                __fp_szero
 .text.avr-libc.fplib
                0x000116f8        0x8 c:/program files (x86)/atmel/studio/7.0/toolchain/avr8/avr8-gnu-toolchain/bin/../lib/gcc/avr/5.4.0/../../../../avr/lib/avrxmega6\libm.a(gesf2.o)
                0x000116f8                __gesf2
                0x000116f8                __gtsf2
 .text.avr-libc.fplib
                0x00011700        0x4 c:/program files (x86)/atmel/studio/7.0/toolchain/avr8/avr8-gnu-toolchain/bin/../lib/gcc/avr/5.4.0/../../../../avr/lib/avrxmega6\libm.a(mulsf3.o)
                0x00011700                __mulsf3
 .text.avr-libc.fplib
                0x00011704       0xc2 c:/program files (x86)/atmel/studio/7.0/toolchain/avr8/avr8-gnu-toolchain/bin/../lib/gcc/avr/5.4.0/../../../../avr/lib/avrxmega6\libm.a(mulsf3x.o)
                0x00011718                __mulsf3x
                0x0001171c                __mulsf3_pse
 .text.avr-libc.fplib
                0x000117c6       0x98 c:/program files (x86)/atmel/studio/7.0/toolchain/avr8/avr8-gnu-toolchain/bin/../lib/gcc/avr/5.4.0/../../../../avr/lib/avrxmega6\libm.a(pow.o)
                0x000117c6                pow
 .text.avr-libc.fplib
                0x0001185e        0xc c:/program files (x86)/atmel/studio/7.0/toolchain/avr8/avr8-gnu-toolchain/bin/../lib/gcc/avr/5.4.0/../../../../avr/lib/avrxmega6\libm.a(sin.o)
                0x0001185e                sin
 .text.avr-libc.fplib
                0x0001186a       0x62 c:/program files (x86)/atmel/studio/7.0/toolchain/avr8/avr8-gnu-toolchain/bin/../lib/gcc/avr/5.4.0/../../../../avr/lib/avrxmega6\libm.a(exp.o)
                0x00011874                exp
 .text.avr-libc.fplib
                0x000118cc       0x1c c:/program files (x86)/atmel/studio/7.0/toolchain/avr8/avr8-gnu-toolchain/bin/../lib/gcc/avr/5.4.0/../../../../avr/lib/avrxmega6\libm.a(fp_mpack.o)
                0x000118cc                __fp_mpack
                0x000118d0                __fp_mpack_finite
 .text.avr-libc.fplib
                0x000118e8       0x4a c:/program files (x86)/atmel/studio/7.0/toolchain/avr8/avr8-gnu-toolchain/bin/../lib/gcc/avr/5.4.0/../../../../avr/lib/avrxmega6\libm.a(fp_powser.o)
                0x000118e8                __fp_powser
 .text.avr-libc.fplib
                0x00011932       0x22 c:/program files (x86)/atmel/studio/7.0/toolchain/avr8/avr8-gnu-toolchain/bin/../lib/gcc/avr/5.4.0/../../../../avr/lib/avrxmega6\libm.a(fp_powsodd.o)
                0x00011932                __fp_powsodd
 .text.avr-libc.fplib
                0x00011954        0xe c:/program files (x86)/atmel/studio/7.0/toolchain/avr8/avr8-gnu-toolchain/bin/../lib/gcc/avr/5.4.0/../../../../avr/lib/avrxmega6\libm.a(inverse.o)
                0x00011954                inverse
 .text.avr-libc.fplib
                0x00011962       0x6c c:/program files (x86)/atmel/studio/7.0/toolchain/avr8/avr8-gnu-toolchain/bin/../lib/gcc/avr/5.4.0/../../../../avr/lib/avrxmega6\libm.a(ldexp.o)
                0x00011966                ldexp
 .text.avr-libc.fplib
                0x000119ce       0x8a c:/program files (x86)/atmel/studio/7.0/toolchain/avr8/avr8-gnu-toolchain/bin/../lib/gcc/avr/5.4.0/../../../../avr/lib/avrxmega6\libm.a(log.o)
                0x000119d8                log
 .text.avr-libc.fplib
                0x00011a58       0x66 c:/program files (x86)/atmel/studio/7.0/toolchain/avr8/avr8-gnu-toolchain/bin/../lib/gcc/avr/5.4.0/../../../../avr/lib/avrxmega6\libm.a(modf.o)
                0x00011a58                modf
                0x00011a58                modff
 .text.libgcc.mul
                0x00011abe       0x1e c:/program files (x86)/atmel/studio/7.0/toolchain/avr8/avr8-gnu-toolchain/bin/../lib/gcc/avr/5.4.0/avrxmega6\libgcc.a(_mulsi3.o)
                0x00011abe                __mulsi3
 .text.libgcc.div
                0x00011adc       0x28 c:/program files (x86)/atmel/studio/7.0/toolchain/avr8/avr8-gnu-toolchain/bin/../lib/gcc/avr/5.4.0/avrxmega6\libgcc.a(_udivmodhi4.o)
                0x00011adc                __udivmodhi4
 .text.libgcc.div
                0x00011b04       0x26 c:/program files (x86)/atmel/studio/7.0/toolchain/avr8/avr8-gnu-toolchain/bin/../lib/gcc/avr/5.4.0/avrxmega6\libgcc.a(_divmodhi4.o)
                0x00011b04                _div
                0x00011b04                __divmodhi4
 .text.libgcc.div
                0x00011b2a       0x44 c:/program files (x86)/atmel/studio/7.0/toolchain/avr8/avr8-gnu-toolchain/bin/../lib/gcc/avr/5.4.0/avrxmega6\libgcc.a(_udivmodsi4.o)
                0x00011b2a                __udivmodsi4
 .text.libgcc.div
                0x00011b6e       0x28 c:/program files (x86)/atmel/studio/7.0/toolchain/avr8/avr8-gnu-toolchain/bin/../lib/gcc/avr/5.4.0/avrxmega6\libgcc.a(_divmodsi4.o)
                0x00011b6e                __divmodsi4
 .text.libgcc.div
                0x00011b96       0x10 c:/program files (x86)/atmel/studio/7.0/toolchain/avr8/avr8-gnu-toolchain/bin/../lib/gcc/avr/5.4.0/avrxmega6\libgcc.a(_negsi2.o)
                0x00011b96                __negsi2
 .text.libgcc   0x00011ba6       0x10 c:/program files (x86)/atmel/studio/7.0/toolchain/avr8/avr8-gnu-toolchain/bin/../lib/gcc/avr/5.4.0/avrxmega6\libgcc.a(_tablejump2.o)
                0x00011ba6                __tablejump2__
 .text.libgcc.mul
                0x00011bb6        0xc c:/program files (x86)/atmel/studio/7.0/toolchain/avr8/avr8-gnu-toolchain/bin/../lib/gcc/avr/5.4.0/avrxmega6\libgcc.a(_mulhisi3.o)
                0x00011bb6                __mulhisi3
 .text.libgcc.mul
                0x00011bc2       0x1e c:/program files (x86)/atmel/studio/7.0/toolchain/avr8/avr8-gnu-toolchain/bin/../lib/gcc/avr/5.4.0/avrxmega6\libgcc.a(_umulhisi3.o)
                0x00011bc2                __umulhisi3
 .text.libgcc.mul
                0x00011be0        0xc c:/program files (x86)/atmel/studio/7.0/toolchain/avr8/avr8-gnu-toolchain/bin/../lib/gcc/avr/5.4.0/avrxmega6\libgcc.a(_usmulhisi3.o)
                0x00011be0                __usmulhisi3
                0x00011be2                __usmulhisi3_tail
 .text.libgcc.mul
                0x00011bec       0x14 c:/program files (x86)/atmel/studio/7.0/toolchain/avr8/avr8-gnu-toolchain/bin/../lib/gcc/avr/5.4.0/avrxmega6\libgcc.a(_muluhisi3.o)
                0x00011bec                __muluhisi3
 .text.libgcc.mul
                0x00011c00       0x92 c:/program files (x86)/atmel/studio/7.0/toolchain/avr8/avr8-gnu-toolchain/bin/../lib/gcc/avr/5.4.0/avrxmega6\libgcc.a(_muldi3.o)
                0x00011c00                __muldi3
 .text.libgcc.mul
                0x00011c92       0x10 c:/program files (x86)/atmel/studio/7.0/toolchain/avr8/avr8-gnu-toolchain/bin/../lib/gcc/avr/5.4.0/avrxmega6\libgcc.a(_muldi3_6.o)
                0x00011c92                __muldi3_6
 .text.libgcc.mul
                0x00011ca2       0x1a c:/program files (x86)/atmel/studio/7.0/toolchain/avr8/avr8-gnu-toolchain/bin/../lib/gcc/avr/5.4.0/avrxmega6\libgcc.a(_mulsidi3.o)
                0x00011ca2                __mulsidi3
 .text.libgcc.mul
                0x00011cbc       0x4e c:/program files (x86)/atmel/studio/7.0/toolchain/avr8/avr8-gnu-toolchain/bin/../lib/gcc/avr/5.4.0/avrxmega6\libgcc.a(_umulsidi3.o)
                0x00011cbc                __umulsidi3
                0x00011cbe                __umulsidi3_helper
 .text.libgcc.div
                0x00011d0a       0x56 c:/program files (x86)/atmel/studio/7.0/toolchain/avr8/avr8-gnu-toolchain/bin/../lib/gcc/avr/5.4.0/avrxmega6\libgcc.a(_divdi3.o)
                0x00011d0a                __moddi3
                0x00011d0e                __divdi3
                0x00011d10                __divdi3_moddi3
 .text.libgcc.div
                0x00011d60       0x1a c:/program files (x86)/atmel/studio/7.0/toolchain/avr8/avr8-gnu-toolchain/bin/../lib/gcc/avr/5.4.0/avrxmega6\libgcc.a(_udivdi3.o)
                0x00011d60                __umoddi3
                0x00011d64                __udivdi3
                0x00011d66                __udivdi3_umoddi3
 .text.libgcc.div
                0x00011d7a       0xa2 c:/program files (x86)/atmel/studio/7.0/toolchain/avr8/avr8-gnu-toolchain/bin/../lib/gcc/avr/5.4.0/avrxmega6\libgcc.a(_udivmod64.o)
                0x00011d7a                __udivmod64
 .text.libgcc   0x00011e1c       0x20 c:/program files (x86)/atmel/studio/7.0/toolchain/avr8/avr8-gnu-toolchain/bin/../lib/gcc/avr/5.4.0/avrxmega6\libgcc.a(_negdi2.o)
                0x00011e1c                __negdi2
 .text.libgcc.prologue
                0x00011e3c       0x32 c:/program files (x86)/atmel/studio/7.0/toolchain/avr8/avr8-gnu-toolchain/bin/../lib/gcc/avr/5.4.0/avrxmega6\libgcc.a(_prologue.o)
                0x00011e3c                __prologue_saves__
 .text.libgcc.prologue
                0x00011e6e       0x30 c:/program files (x86)/atmel/studio/7.0/toolchain/avr8/avr8-gnu-toolchain/bin/../lib/gcc/avr/5.4.0/avrxmega6\libgcc.a(_epilogue.o)
                0x00011e6e                __epilogue_restores__
 .text.libgcc.builtins
                0x00011e9e       0x32 c:/program files (x86)/atmel/studio/7.0/toolchain/avr8/avr8-gnu-toolchain/bin/../lib/gcc/avr/5.4.0/avrxmega6\libgcc.a(_ashldi3.o)
                0x00011e9e                __ashldi3
 .text.libgcc.builtins
                0x00011ed0       0x3c c:/program files (x86)/atmel/studio/7.0/toolchain/avr8/avr8-gnu-toolchain/bin/../lib/gcc/avr/5.4.0/avrxmega6\libgcc.a(_ashrdi3.o)
                0x00011ed0                __ashrdi3
                0x00011ed4                __lshrdi3
 .text.libgcc   0x00011f0c       0x12 c:/program files (x86)/atmel/studio/7.0/toolchain/avr8/avr8-gnu-toolchain/bin/../lib/gcc/avr/5.4.0/avrxmega6\libgcc.a(_adddi3.o)
                0x00011f0c                __adddi3
 .text.libgcc   0x00011f1e       0x18 c:/program files (x86)/atmel/studio/7.0/toolchain/avr8/avr8-gnu-toolchain/bin/../lib/gcc/avr/5.4.0/avrxmega6\libgcc.a(_adddi3_s8.o)
                0x00011f1e                __adddi3_s8
 .text.libgcc   0x00011f36       0x12 c:/program files (x86)/atmel/studio/7.0/toolchain/avr8/avr8-gnu-toolchain/bin/../lib/gcc/avr/5.4.0/avrxmega6\libgcc.a(_subdi3.o)
                0x00011f36                __subdi3
 .text.libgcc   0x00011f48       0x18 c:/program files (x86)/atmel/studio/7.0/toolchain/avr8/avr8-gnu-toolchain/bin/../lib/gcc/avr/5.4.0/avrxmega6\libgcc.a(_cmpdi2_s8.o)
                0x00011f48                __cmpdi2_s8
 .text.avr-libc
                0x00011f60      0x256 c:/program files (x86)/atmel/studio/7.0/toolchain/avr8/avr8-gnu-toolchain/bin/../lib/gcc/avr/5.4.0/../../../../avr/lib/avrxmega6\libc.a(strtol.o)
                0x00011f60                strtol
 .text.avr-libc
                0x000121b6        0x6 c:/program files (x86)/atmel/studio/7.0/toolchain/avr8/avr8-gnu-toolchain/bin/../lib/gcc/avr/5.4.0/../../../../avr/lib/avrxmega6\libc.a(atof.o)
                0x000121b6                atof
 .text.avr-libc
                0x000121bc       0x3a c:/program files (x86)/atmel/studio/7.0/toolchain/avr8/avr8-gnu-toolchain/bin/../lib/gcc/avr/5.4.0/../../../../avr/lib/avrxmega6\libc.a(atoi.o)
                0x000121bc                atoi
 .text.avr-libc
                0x000121f6       0x4c c:/program files (x86)/atmel/studio/7.0/toolchain/avr8/avr8-gnu-toolchain/bin/../lib/gcc/avr/5.4.0/../../../../avr/lib/avrxmega6\libc.a(atol.o)
                0x000121f6                atol
 .text.avr-libc
                0x00012242      0x1b0 c:/program files (x86)/atmel/studio/7.0/toolchain/avr8/avr8-gnu-toolchain/bin/../lib/gcc/avr/5.4.0/../../../../avr/lib/avrxmega6\libc.a(ftoa_engine.o)
                0x00012242                __ftoa_engine
 .text.avr-libc
                0x000123f2       0x10 c:/program files (x86)/atmel/studio/7.0/toolchain/avr8/avr8-gnu-toolchain/bin/../lib/gcc/avr/5.4.0/../../../../avr/lib/avrxmega6\libc.a(isspace.o)
                0x000123f2                isspace
 .text.avr-libc
                0x00012402        0xe c:/program files (x86)/atmel/studio/7.0/toolchain/avr8/avr8-gnu-toolchain/bin/../lib/gcc/avr/5.4.0/../../../../avr/lib/avrxmega6\libc.a(strcpy_P.o)
                0x00012402                strcpy_P
 .text.avr-libc