Archive member included to satisfy reference by file (symbol)

c:/program files (x86)/atmel/studio/7.0/toolchain/avr8/avr8-gnu-toolchain/bin/../lib/gcc/avr/5.4.0/../../../../avr/lib/avrxmega6\libprintf_flt.a(vfprintf_flt.o)
                              (vfprintf)
c:/program files (x86)/atmel/studio/7.0/toolchain/avr8/avr8-gnu-toolchain/bin/../lib/gcc/avr/5.4.0/../../../../avr/lib/avrxmega6\libm.a(addsf3.o)
                              src/twi.o (__subsf3)
c:/program files (x86)/atmel/studio/7.0/toolchain/avr8/avr8-gnu-toolchain/bin/../lib/gcc/avr/5.4.0/../../../../avr/lib/avrxmega6\libm.a(addsf3x.o)
                              c:/program files (x86)/atmel/studio/7.0/toolchain/avr8/avr8-gnu-toolchain/bin/../lib/gcc/avr/5.4.0/../../../../avr/lib/avrxmega6\libm.a(addsf3.o) (__addsf3x)
c:/program files (x86)/atmel/studio/7.0/toolchain/avr8/avr8-gnu-toolchain/bin/../lib/gcc/avr/5.4.0/../../../../avr/lib/avrxmega6\libm.a(cmpsf2.o)
                              src/twi.o (__eqsf2)
c:/program files (x86)/atmel/studio/7.0/toolchain/avr8/avr8-gnu-toolchain/bin/../lib/gcc/avr/5.4.0/../../../../avr/lib/avrxmega6\libm.a(cos.o)
                              src/twi.o (cos)
c:/program files (x86)/atmel/studio/7.0/toolchain/avr8/avr8-gnu-toolchain/bin/../lib/gcc/avr/5.4.0/../../../../avr/lib/avrxmega6\libm.a(divsf3.o)
                              src/usb.o (__divsf3)
c:/program files (x86)/atmel/studio/7.0/toolchain/avr8/avr8-gnu-toolchain/bin/../lib/gcc/avr/5.4.0/../../../../avr/lib/avrxmega6\libm.a(divsf3x.o)
                              c:/program files (x86)/atmel/studio/7.0/toolchain/avr8/avr8-gnu-toolchain/bin/../lib/gcc/avr/5.4.0/../../../../avr/lib/avrxmega6\libm.a(divsf3.o) (__divsf3x)
c:/program files (x86)/atmel/studio/7.0/toolchain/avr8/avr8-gnu-toolchain/bin/../lib/gcc/avr/5.4.0/../../../../avr/lib/avrxmega6\libm.a(fixsfsi.o)
                              src/twi.o (__fixsfsi)
c:/program files (x86)/atmel/studio/7.0/toolchain/avr8/avr8-gnu-toolchain/bin/../lib/gcc/avr/5.4.0/../../../../avr/lib/avrxmega6\libm.a(fixunssfsi.o)
                              src/twi.o (__fixunssfsi)
c:/program files (x86)/atmel/studio/7.0/toolchain/avr8/avr8-gnu-toolchain/bin/../lib/gcc/avr/5.4.0/../../../../avr/lib/avrxmega6\libm.a(floatsisf.o)
                              src/main.o (__floatunsisf)
c:/program files (x86)/atmel/studio/7.0/toolchain/avr8/avr8-gnu-toolchain/bin/../lib/gcc/avr/5.4.0/../../../../avr/lib/avrxmega6\libm.a(fp_cmp.o)
                              c:/program files (x86)/atmel/studio/7.0/toolchain/avr8/avr8-gnu-toolchain/bin/../lib/gcc/avr/5.4.0/../../../../avr/lib/avrxmega6\libm.a(cmpsf2.o) (__fp_cmp)
c:/program files (x86)/atmel/studio/7.0/toolchain/avr8/avr8-gnu-toolchain/bin/../lib/gcc/avr/5.4.0/../../../../avr/lib/avrxmega6\libm.a(fp_inf.o)
                              c:/program files (x86)/atmel/studio/7.0/toolchain/avr8/avr8-gnu-toolchain/bin/../lib/gcc/avr/5.4.0/../../../../avr/lib/avrxmega6\libm.a(addsf3x.o) (__fp_inf)
c:/program files (x86)/atmel/studio/7.0/toolchain/avr8/avr8-gnu-toolchain/bin/../lib/gcc/avr/5.4.0/../../../../avr/lib/avrxmega6\libm.a(fp_nan.o)
                              c:/program files (x86)/atmel/studio/7.0/toolchain/avr8/avr8-gnu-toolchain/bin/../lib/gcc/avr/5.4.0/../../../../avr/lib/avrxmega6\libm.a(addsf3x.o) (__fp_nan)
c:/program files (x86)/atmel/studio/7.0/toolchain/avr8/avr8-gnu-toolchain/bin/../lib/gcc/avr/5.4.0/../../../../avr/lib/avrxmega6\libm.a(fp_pscA.o)
                              c:/program files (x86)/atmel/studio/7.0/toolchain/avr8/avr8-gnu-toolchain/bin/../lib/gcc/avr/5.4.0/../../../../avr/lib/avrxmega6\libm.a(addsf3x.o) (__fp_pscA)
c:/program files (x86)/atmel/studio/7.0/toolchain/avr8/avr8-gnu-toolchain/bin/../lib/gcc/avr/5.4.0/../../../../avr/lib/avrxmega6\libm.a(fp_pscB.o)
                              c:/program files (x86)/atmel/studio/7.0/toolchain/avr8/avr8-gnu-toolchain/bin/../lib/gcc/avr/5.4.0/../../../../avr/lib/avrxmega6\libm.a(addsf3x.o) (__fp_pscB)
c:/program files (x86)/atmel/studio/7.0/toolchain/avr8/avr8-gnu-toolchain/bin/../lib/gcc/avr/5.4.0/../../../../avr/lib/avrxmega6\libm.a(fp_rempio2.o)
                              c:/program files (x86)/atmel/studio/7.0/toolchain/avr8/avr8-gnu-toolchain/bin/../lib/gcc/avr/5.4.0/../../../../avr/lib/avrxmega6\libm.a(cos.o) (__fp_rempio2)
c:/program files (x86)/atmel/studio/7.0/toolchain/avr8/avr8-gnu-toolchain/bin/../lib/gcc/avr/5.4.0/../../../../avr/lib/avrxmega6\libm.a(fp_round.o)
                              c:/program files (x86)/atmel/studio/7.0/toolchain/avr8/avr8-gnu-toolchain/bin/../lib/gcc/avr/5.4.0/../../../../avr/lib/avrxmega6\libm.a(addsf3.o) (__fp_round)
c:/program files (x86)/atmel/studio/7.0/toolchain/avr8/avr8-gnu-toolchain/bin/../lib/gcc/avr/5.4.0/../../../../avr/lib/avrxmega6\libm.a(fp_sinus.o)
[...]
Memory Configuration

Name             Origin             Length             Attributes
text             0x00000000         0x00100000         xr
data             0x00802000         0x0000ffa0         rw !x
eeprom           0x00810000         0x00010000         rw !x
fuse             0x00820000         0x00000006         rw !x
lock             0x00830000         0x00000400         rw !x
signature        0x00840000         0x00000400         rw !x
user_signatures  0x00850000         0x00000400         rw !x
*default*        0x00000000         0xffffffff

Linker script and memory map

LOAD C:/Program Files (x86)/Atmel/Studio/7.0/Packs/Atmel/XMEGAA_DFP/1.1.68/gcc/dev/atxmega256a3bu/avrxmega6/crtatxmega256a3bu.o
LOAD src/ASF/common/services/serial/usart_serial.o
LOAD src/ASF/xmega/drivers/usart/usart.o
LOAD src/serial.o
LOAD src/usb.o
LOAD src/ASF/common/drivers/nvm/xmega/xmega_nvm.o
LOAD src/ASF/common/services/calendar/calendar.o
LOAD src/ASF/common/services/fifo/fifo.o
LOAD src/ASF/common/services/hugemem/avr8/avr8_hugemem.o
LOAD src/ASF/xmega/drivers/dma/dma.o
LOAD src/ASF/xmega/drivers/rtc32/rtc32.o
LOAD src/dds.o
LOAD src/interpreter.o
LOAD src/twi.o
LOAD src/ASF/common/boards/user_board/init.o
LOAD src/ASF/common/services/gfx_mono/gfx_mono_framebuffer.o
LOAD src/ASF/common/services/gfx_mono/gfx_mono_generic.o
LOAD src/ASF/common/services/gfx_mono/gfx_mono_null.o
LOAD src/ASF/common/services/gfx_mono/gfx_mono_text.o
LOAD src/ASF/common/services/gfx_mono/sysfont.o
LOAD src/ASF/common/services/ioport/xmega/ioport_compat.o
LOAD src/ASF/xmega/drivers/adc/adc.o
LOAD src/ASF/xmega/drivers/adc/xmega_aau/adc_aau.o
LOAD src/ASF/xmega/drivers/dac/dac.o
LOAD src/ASF/xmega/drivers/tc/tc.o
LOAD src/ASF/xmega/drivers/twi/twim.o
LOAD src/ASF/xmega/drivers/twi/twis.o
LOAD src/ASF/xmega/drivers/usb/usb_device.o
LOAD src/ASF/xmega/services/pwm/pwm.o
LOAD src/main.o
LOAD src/ASF/common/services/clock/xmega/sysclk.o
LOAD src/ASF/common/services/sleepmgr/xmega/sleepmgr.o
LOAD src/ASF/common/services/usb/class/cdc/device/udi_cdc.o
LOAD src/ASF/common/services/usb/class/cdc/device/udi_cdc_desc.o
LOAD src/ASF/common/services/usb/udc/udc.o
LOAD src/ASF/common/utils/stdio/read.o
LOAD src/ASF/common/utils/stdio/stdio_usb/stdio_usb.o
LOAD src/ASF/common/utils/stdio/write.o
LOAD src/ASF/xmega/drivers/nvm/nvm.o
LOAD src/ASF/xmega/drivers/nvm/nvm_asm.o
LOAD src/ASF/xmega/drivers/cpu/ccp.o
START GROUP
END GROUP
LOAD c:/program files (x86)/atmel/studio/7.0/toolchain/avr8/avr8-gnu-toolchain/bin/../lib/gcc/avr/5.4.0/../../../../avr/lib/avrxmega6\libprintf_flt.a
LOAD c:/program files (x86)/atmel/studio/7.0/toolchain/avr8/avr8-gnu-toolchain/bin/../lib/gcc/avr/5.4.0/../../../../avr/lib/avrxmega6\libm.a
START GROUP
LOAD c:/program files (x86)/atmel/studio/7.0/toolchain/avr8/avr8-gnu-toolchain/bin/../lib/gcc/avr/5.4.0/avrxmega6\libgcc.a
LOAD c:/program files (x86)/atmel/studio/7.0/toolchain/avr8/avr8-gnu-toolchain/bin/../lib/gcc/avr/5.4.0/../../../../avr/lib/avrxmega6\libm.a
LOAD c:/program files (x86)/atmel/studio/7.0/toolchain/avr8/avr8-gnu-toolchain/bin/../lib/gcc/avr/5.4.0/../../../../avr/lib/avrxmega6\libc.a
LOAD C:/Program Files (x86)/Atmel/Studio/7.0/Packs/Atmel/XMEGAA_DFP/1.1.68/gcc/dev/atxmega256a3bu/avrxmega6\libatxmega256a3bu.a
END GROUP
                0x00100000                __TEXT_REGION_LENGTH__ = DEFINED (__TEXT_REGION_LENGTH__)?__TEXT_REGION_LENGTH__:0x100000
                0x0000ffa0                __DATA_REGION_LENGTH__ = DEFINED (__DATA_REGION_LENGTH__)?__DATA_REGION_LENGTH__:0xffa0
                0x00010000                __EEPROM_REGION_LENGTH__ = DEFINED (__EEPROM_REGION_LENGTH__)?__EEPROM_REGION_LENGTH__:0x10000
                [0x00000006]                __FUSE_REGION_LENGTH__ = DEFINED (__FUSE_REGION_LENGTH__)?__FUSE_REGION_LENGTH__:0x400
                0x00000400                __LOCK_REGION_LENGTH__ = DEFINED (__LOCK_REGION_LENGTH__)?__LOCK_REGION_LENGTH__:0x400
                0x00000400                __SIGNATURE_REGION_LENGTH__ = DEFINED (__SIGNATURE_REGION_LENGTH__)?__SIGNATURE_REGION_LENGTH__:0x400
                0x00000400                __USER_SIGNATURE_REGION_LENGTH__ = DEFINED (__USER_SIGNATURE_REGION_LENGTH__)?__USER_SIGNATURE_REGION_LENGTH__:0x400

.hash
 *(.hash)

.dynsym
 *(.dynsym)

.dynstr
 *(.dynstr)

.gnu.version
 *(.gnu.version)

.gnu.version_d
 *(.gnu.version_d)

.gnu.version_r
 *(.gnu.version_r)

.rel.init
 *(.rel.init)

.rela.init
 *(.rela.init)

.rel.text
 *(.rel.text)
 *(.rel.text.*)
 *(.rel.gnu.linkonce.t*)

.rela.text
 *(.rela.text)
 *(.rela.text.*)
 *(.rela.gnu.linkonce.t*)

.rel.fini
 *(.rel.fini)

.rela.fini
 *(.rela.fini)

.rel.rodata
 *(.rel.rodata)
 *(.rel.rodata.*)
 *(.rel.gnu.linkonce.r*)

.rela.rodata
 *(.rela.rodata)
 *(.rela.rodata.*)
 *(.rela.gnu.linkonce.r*)

.rel.data
 *(.rel.data)
 *(.rel.data.*)
 *(.rel.gnu.linkonce.d*)

.rela.data
 *(.rela.data)
 *(.rela.data.*)
 *(.rela.gnu.linkonce.d*)

.rel.ctors
 *(.rel.ctors)

.rela.ctors
 *(.rela.ctors)

.rel.dtors
 *(.rel.dtors)

.rela.dtors
 *(.rela.dtors)

.rel.got
 *(.rel.got)

.rela.got
 *(.rela.got)

.rel.bss
 *(.rel.bss)

.rela.bss
 *(.rela.bss)

.rel.plt
 *(.rel.plt)

.rela.plt
 *(.rela.plt)

.text           0x00000000    0x1330e
 *(.vectors)
 .vectors       0x00000000      0x1fc C:/Program Files (x86)/Atmel/Studio/7.0/Packs/Atmel/XMEGAA_DFP/1.1.68/gcc/dev/atxmega256a3bu/avrxmega6/crtatxmega256a3bu.o
                0x00000000                __vector_default
                0x00000000                __vectors
 *(.vectors)
 *(.progmem.gcc*)
 .progmem.gcc_sw_table.task_serial
                0x000001fc       0x26 src/serial.o
 .progmem.gcc_sw_table.pwm_init
                0x00000222        0xe src/ASF/xmega/services/pwm/pwm.o
 .progmem.gcc_fplib
                0x00000230       0x1e c:/program files (x86)/atmel/studio/7.0/toolchain/avr8/avr8-gnu-toolchain/bin/../lib/gcc/avr/5.4.0/../../../../avr/lib/avrxmega6\libm.a(fp_sinus.o)
 .progmem.gcc_fplib
                0x0000024e       0x28 c:/program files (x86)/atmel/studio/7.0/toolchain/avr8/avr8-gnu-toolchain/bin/../lib/gcc/avr/5.4.0/../../../../avr/lib/avrxmega6\libm.a(exp.o)
 .progmem.gcc_fplib
                0x00000276       0x5a c:/program files (x86)/atmel/studio/7.0/toolchain/avr8/avr8-gnu-toolchain/bin/../lib/gcc/avr/5.4.0/../../../../avr/lib/avrxmega6\libm.a(log.o)
                0x000002d0                . = ALIGN (0x2)
                0x000002d0                __trampolines_start = .
 *(.trampolines)
 .trampolines   0x000002d0        0x0 linker stubs
 *(.trampolines*)
                0x000002d0                __trampolines_end = .
 *libprintf_flt.a:*(.progmem.data)
 .progmem.data  0x000002d0        0x8 c:/program files (x86)/atmel/studio/7.0/toolchain/avr8/avr8-gnu-toolchain/bin/../lib/gcc/avr/5.4.0/../../../../avr/lib/avrxmega6\libprintf_flt.a(vfprintf_flt.o)
 *libc.a:*(.progmem.data)
 .progmem.data  0x000002d8       0xfa c:/program files (x86)/atmel/studio/7.0/toolchain/avr8/avr8-gnu-toolchain/bin/../lib/gcc/avr/5.4.0/../../../../avr/lib/avrxmega6\libc.a(ftoa_engine.o)
 .progmem.data  0x000003d2       0x3b c:/program files (x86)/atmel/studio/7.0/toolchain/avr8/avr8-gnu-toolchain/bin/../lib/gcc/avr/5.4.0/../../../../avr/lib/avrxmega6\libc.a(strtod.o)
 *(.progmem*)
 .progmem.data.PM_TWI1_UTIL_ONBOARD_SIM808_GPS_GNSINF
                0x0000040d        0x8 src/serial.o
                0x0000040d                PM_TWI1_UTIL_ONBOARD_SIM808_GPS_GNSINF
 .progmem.data.PM_TWI1_INIT_ONBOARD_SIM808_GPS_03
                0x00000415       0x10 src/serial.o
                0x00000415                PM_TWI1_INIT_ONBOARD_SIM808_GPS_03
 .progmem.data.PM_TWI1_INIT_ONBOARD_SIM808_GPS_02
                0x00000425        0xd src/serial.o
                0x00000425                PM_TWI1_INIT_ONBOARD_SIM808_GPS_02
 .progmem.data.PM_TWI1_INIT_ONBOARD_SIM808_GPS_01
                0x00000432       0x10 src/serial.o
                0x00000432                PM_TWI1_INIT_ONBOARD_SIM808_GPS_01
 .progmem.data.PM_TWI1_INIT_ONBOARD_SIM808_INFO_02
                0x00000442        0x9 src/serial.o
                0x00000442                PM_TWI1_INIT_ONBOARD_SIM808_INFO_02
 .progmem.data.PM_TWI1_INIT_ONBOARD_SIM808_INFO_01
                0x0000044b        0x6 src/serial.o
                0x0000044b                PM_TWI1_INIT_ONBOARD_SIM808_INFO_01
 .progmem.data.PM_TWI1_INIT_ONBOARD_SIM808_CFUN1
                0x00000451        0xc src/serial.o
                0x00000451                PM_TWI1_INIT_ONBOARD_SIM808_CFUN1
 .progmem.data.PM_TWI1_INIT_ONBOARD_SIM808_CREG2
                0x0000045d        0xc src/serial.o
                0x0000045d                PM_TWI1_INIT_ONBOARD_SIM808_CREG2
 .progmem.data.PM_TWI1_INIT_ONBOARD_SIM808_CMEE2
                0x00000469        0xc src/serial.o
                0x00000469                PM_TWI1_INIT_ONBOARD_SIM808_CMEE2
 .progmem.data.PM_TWI1_INIT_ONBOARD_SIM808_IFC
                0x00000475        0xd src/serial.o
                0x00000475                PM_TWI1_INIT_ONBOARD_SIM808_IFC
 .progmem.data.PM_TWI1_INIT_ONBOARD_SIM808_IPR
                0x00000482        0xd src/serial.o
                0x00000482                PM_TWI1_INIT_ONBOARD_SIM808_IPR
 .progmem.data.PM_TWI1_INIT_ONBOARD_SIM808_OK
                0x0000048f       0x15 src/serial.o
                0x0000048f                PM_TWI1_INIT_ONBOARD_SIM808_OK
 .progmem.data.PM_TWI1_INIT_ONBOARD_SIM808_RESTART
                0x000004a4       0x1c src/serial.o
                0x000004a4                PM_TWI1_INIT_ONBOARD_SIM808_RESTART
 .progmem.data.PM_TWI1_INIT_ONBOARD_SIM808_START
                0x000004c0       0x1a src/serial.o
                0x000004c0                PM_TWI1_INIT_ONBOARD_SIM808_START
 .progmem.data.PM_SIM808_INFO_SYNCED
                0x000004da       0x22 src/serial.o
                0x000004da                PM_SIM808_INFO_SYNCED
 .progmem.data.PM_SIM808_INFO_RESTART
                0x000004fc       0x28 src/serial.o
                0x000004fc                PM_SIM808_INFO_RESTART
 .progmem.data.PM_SIM808_INFO_START
                0x00000524       0x28 src/serial.o
                0x00000524                PM_SIM808_INFO_START
 .progmem.data.PM_SIM808_OK
                0x0000054c        0x3 src/serial.o
                0x0000054c                PM_SIM808_OK
 .progmem.data.PM_INFO_PART_PLL3
                0x0000054f       0x1b src/usb.o
                0x0000054f                PM_INFO_PART_PLL3
 .progmem.data.PM_INFO_PART_PLL2
                0x0000056a       0x17 src/usb.o
                0x0000056a                PM_INFO_PART_PLL2
 .progmem.data.PM_INFO_PART_PLL1
                0x00000581       0x28 src/usb.o
                0x00000581                PM_INFO_PART_PLL1
 .progmem.data.PM_INFO_PART_L2P4
                0x000005a9       0x1f src/usb.o
                0x000005a9                PM_INFO_PART_L2P4
 .progmem.data.PM_INFO_PART_L2P3B
                0x000005c8       0x18 src/usb.o
                0x000005c8                PM_INFO_PART_L2P3B
 .progmem.data.PM_INFO_PART_L2P3A
                0x000005e0       0x2d src/usb.o
                0x000005e0                PM_INFO_PART_L2P3A
 .progmem.data.PM_INFO_PART_L2P2B
                0x0000060d       0x18 src/usb.o
                0x0000060d                PM_INFO_PART_L2P2B
 .progmem.data.PM_INFO_PART_L2P2A
                0x00000625       0x2f src/usb.o
                0x00000625                PM_INFO_PART_L2P2A
 .progmem.data.PM_INFO_PART_L2P1B
                0x00000654       0x17 src/usb.o
                0x00000654                PM_INFO_PART_L2P1B
 .progmem.data.PM_INFO_PART_L2P1A
                0x0000066b       0x2c src/usb.o
                0x0000066b                PM_INFO_PART_L2P1A
 .progmem.data.PM_INFO_PART_L1P3
                0x00000697       0x2b src/usb.o
                0x00000697                PM_INFO_PART_L1P3
 .progmem.data.PM_INFO_PART_L1P2
                0x000006c2       0x27 src/usb.o
                0x000006c2                PM_INFO_PART_L1P2
 .progmem.data.PM_INFO_PART_L1P1C
                0x000006e9       0x14 src/usb.o
                0x000006e9                PM_INFO_PART_L1P1C
 .progmem.data.PM_INFO_PART_L1P1B
                0x000006fd       0x2a src/usb.o
                0x000006fd                PM_INFO_PART_L1P1B
 .progmem.data.PM_INFO_PART_L1P1A
                0x00000727       0x35 src/usb.o
                0x00000727                PM_INFO_PART_L1P1A
 .progmem.data.PM_USBINIT_HEADER_4
                0x0000075c       0x24 src/usb.o
                0x0000075c                PM_USBINIT_HEADER_4
 .progmem.data.PM_USBINIT_HEADER_3
                0x00000780       0x22 src/usb.o
                0x00000780                PM_USBINIT_HEADER_3
 .progmem.data.PM_USBINIT_HEADER_2
                0x000007a2       0x26 src/usb.o
                0x000007a2                PM_USBINIT_HEADER_2
 .progmem.data.PM_USBINIT_HEADER_1
                0x000007c8        0x7 src/usb.o
                0x000007c8                PM_USBINIT_HEADER_1
 .progmem.data.PM_SINE_IP
                0x000007cf      0x680 src/dds.o
                0x000007cf                PM_SINE_IP
 .progmem.data.PM_SINE
                0x00000e4f     0x2000 src/dds.o
                0x00000e4f                PM_SINE
 .progmem.data.PM_UNKNOWN_01
                0x00002e4f       0x35 src/interpreter.o
                0x00002e4f                PM_UNKNOWN_01
 .progmem.data.PM_IP_CMD_xo
                0x00002e84        0x4 src/interpreter.o
                0x00002e84                PM_IP_CMD_xo
 .progmem.data.PM_IP_CMD_reset
                0x00002e88        0x7 src/interpreter.o
                0x00002e88                PM_IP_CMD_reset
 .progmem.data.PM_IP_CMD_pt
                0x00002e8f        0x4 src/interpreter.o
                0x00002e8f                PM_IP_CMD_pt
 .progmem.data.PM_IP_CMD_kb
                0x00002e93        0x4 src/interpreter.o
                0x00002e93                PM_IP_CMD_kb
 .progmem.data.PM_IP_CMD_help
                0x00002e97        0x5 src/interpreter.o
                0x00002e97                PM_IP_CMD_help
 .progmem.data.PM_IP_CMD_info
                0x00002e9c        0x6 src/interpreter.o
                0x00002e9c                PM_IP_CMD_info
 .progmem.data.PM_IP_CMD_eb
                0x00002ea2        0x4 src/interpreter.o
                0x00002ea2                PM_IP_CMD_eb
 .progmem.data.PM_IP_CMD_dds
                0x00002ea6        0x5 src/interpreter.o
                0x00002ea6                PM_IP_CMD_dds
 .progmem.data.PM_IP_CMD_dac
                0x00002eab        0x5 src/interpreter.o
                0x00002eab                PM_IP_CMD_dac
 .progmem.data.PM_IP_CMD_cal_gyro
                0x00002eb0        0x9 src/interpreter.o
                0x00002eb0                PM_IP_CMD_cal_gyro
 .progmem.data.PM_IP_CMD_cal_defaults
                0x00002eb9        0xd src/interpreter.o
                0x00002eb9                PM_IP_CMD_cal_defaults
 .progmem.data.PM_IP_CMD_cal_accelz
                0x00002ec6        0xb src/interpreter.o
                0x00002ec6                PM_IP_CMD_cal_accelz
 .progmem.data.PM_IP_CMD_cal_accely
                0x00002ed1        0xb src/interpreter.o
                0x00002ed1                PM_IP_CMD_cal_accely
 .progmem.data.PM_IP_CMD_cal_accelx
                0x00002edc        0xb src/interpreter.o
                0x00002edc                PM_IP_CMD_cal_accelx
 .progmem.data.PM_IP_CMD_bl
                0x00002ee7        0x4 src/interpreter.o
                0x00002ee7                PM_IP_CMD_bl
 .progmem.data.PM_IP_CMD_bias
                0x00002eeb        0x6 src/interpreter.o
                0x00002eeb                PM_IP_CMD_bias
 .progmem.data.PM_IP_CMD_A_slash
                0x00002ef1        0x3 src/interpreter.o
                0x00002ef1                PM_IP_CMD_A_slash
 .progmem.data.PM_IP_CMD_AT
                0x00002ef4        0x3 src/interpreter.o
                0x00002ef4                PM_IP_CMD_AT
 .progmem.data.PM_IP_CMD_adc
                0x00002ef7        0x5 src/interpreter.o
                0x00002ef7                PM_IP_CMD_adc
 .progmem.data.PM_IP_CMD_CmdLine
                0x00002efc        0x5 src/interpreter.o
                0x00002efc                PM_IP_CMD_CmdLine
 .progmem.data.PM_IP_CMD_NewLine
                0x00002f01        0x3 src/interpreter.o
                0x00002f01                PM_IP_CMD_NewLine
 .progmem.data.PM_HELP_XO_2
                0x00002f04        0xd src/interpreter.o
                0x00002f04                PM_HELP_XO_2
 .progmem.data.PM_HELP_XO_1
                0x00002f11       0x24 src/interpreter.o
                0x00002f11                PM_HELP_XO_1
 .progmem.data.PM_HELP_RESET_1
                0x00002f35       0x18 src/interpreter.o
                0x00002f35                PM_HELP_RESET_1
 .progmem.data.PM_HELP_PT_2
                0x00002f4d       0x1f src/interpreter.o
                0x00002f4d                PM_HELP_PT_2
 .progmem.data.PM_HELP_PT_1
                0x00002f6c       0x19 src/interpreter.o
                0x00002f6c                PM_HELP_PT_1
 .progmem.data.PM_HELP_KB_1
                0x00002f85       0x1e src/interpreter.o
                0x00002f85                PM_HELP_KB_1
 .progmem.data.PM_HELP_INFO_3
                0x00002fa3       0x11 src/interpreter.o
                0x00002fa3                PM_HELP_INFO_3
 .progmem.data.PM_HELP_INFO_2
                0x00002fb4        0xf src/interpreter.o
                0x00002fb4                PM_HELP_INFO_2
 .progmem.data.PM_HELP_INFO_1
                0x00002fc3       0x1f src/interpreter.o
                0x00002fc3                PM_HELP_INFO_1
 .progmem.data.PM_HELP_HELP_2
                0x00002fe2       0x1f src/interpreter.o
                0x00002fe2                PM_HELP_HELP_2
 .progmem.data.PM_HELP_HELP_1
                0x00003001       0x1d src/interpreter.o
                0x00003001                PM_HELP_HELP_1
 .progmem.data.PM_HELP_EB_1
                0x0000301e       0x20 src/interpreter.o
                0x0000301e                PM_HELP_EB_1
 .progmem.data.PM_HELP_DDS_3
                0x0000303e       0x25 src/interpreter.o
                0x0000303e                PM_HELP_DDS_3
 .progmem.data.PM_HELP_DDS_2
                0x00003063        0xe src/interpreter.o
                0x00003063                PM_HELP_DDS_2
 .progmem.data.PM_HELP_DDS_1
                0x00003071       0x22 src/interpreter.o
                0x00003071                PM_HELP_DDS_1
 .progmem.data.PM_HELP_DAC_2
                0x00003093       0x12 src/interpreter.o
                0x00003093                PM_HELP_DAC_2
 .progmem.data.PM_HELP_DAC_1
                0x000030a5       0x19 src/interpreter.o
                0x000030a5                PM_HELP_DAC_1
 .progmem.data.PM_HELP_CAL_6
                0x000030be       0x24 src/interpreter.o
                0x000030be                PM_HELP_CAL_6
 .progmem.data.PM_HELP_CAL_5
                0x000030e2       0x2f src/interpreter.o
                0x000030e2                PM_HELP_CAL_5
 .progmem.data.PM_HELP_CAL_4
                0x00003111       0x2f src/interpreter.o
                0x00003111                PM_HELP_CAL_4
 .progmem.data.PM_HELP_CAL_3
                0x00003140       0x2f src/interpreter.o
                0x00003140                PM_HELP_CAL_3
 .progmem.data.PM_HELP_CAL_2
                0x0000316f        0xc src/interpreter.o
                0x0000316f                PM_HELP_CAL_2
 .progmem.data.PM_HELP_CAL_1
                0x0000317b       0x25 src/interpreter.o
                0x0000317b                PM_HELP_CAL_1
 .progmem.data.PM_HELP_BL_2
                0x000031a0       0x22 src/interpreter.o
                0x000031a0                PM_HELP_BL_2
 .progmem.data.PM_HELP_BL_1
                0x000031c2       0x1c src/interpreter.o
                0x000031c2                PM_HELP_BL_1
 .progmem.data.PM_HELP_BIAS_2
                0x000031de       0x13 src/interpreter.o
                0x000031de                PM_HELP_BIAS_2
 .progmem.data.PM_HELP_BIAS_1
                0x000031f1       0x1b src/interpreter.o
                0x000031f1                PM_HELP_BIAS_1
 .progmem.data.PM_HELP_AT_1
                0x0000320c       0x20 src/interpreter.o
                0x0000320c                PM_HELP_AT_1
 .progmem.data.PM_HELP_ADC_2
                0x0000322c       0x1b src/interpreter.o
                0x0000322c                PM_HELP_ADC_2
 .progmem.data.PM_HELP_ADC_1
                0x00003247       0x22 src/interpreter.o
                0x00003247                PM_HELP_ADC_1
 .progmem.data.PM_HELP_HDR_2
                0x00003269       0x1f src/interpreter.o
                0x00003269                PM_HELP_HDR_2
 .progmem.data.PM_HELP_HDR_1
                0x00003288       0x15 src/interpreter.o
                0x00003288                PM_HELP_HDR_1
 .progmem.data.PM_TWIINIT_ACCEL
                0x0000329d        0x7 src/twi.o
                0x0000329d                PM_TWIINIT_ACCEL
 .progmem.data.PM_TWIINIT_MAGNETICS
                0x000032a4        0xa src/twi.o
                0x000032a4                PM_TWIINIT_MAGNETICS
 .progmem.data.PM_TWIINIT_GZ
                0x000032ae        0x3 src/twi.o
                0x000032ae                PM_TWIINIT_GZ
 .progmem.data.PM_TWIINIT_GY
                0x000032b1        0x3 src/twi.o
                0x000032b1                PM_TWIINIT_GY
 .progmem.data.PM_TWIINIT_GX
                0x000032b4        0x3 src/twi.o
                0x000032b4                PM_TWIINIT_GX
 .progmem.data.PM_TWIINIT_HPA
                0x000032b7        0x4 src/twi.o
                0x000032b7                PM_TWIINIT_HPA
 .progmem.data.PM_TWIINIT_P100
                0x000032bb        0x2 src/twi.o
                0x000032bb                PM_TWIINIT_P100
 .progmem.data.PM_TWIINIT_V
                0x000032bd        0x2 src/twi.o
                0x000032bd                PM_TWIINIT_V
 .progmem.data.PM_TWIINIT_C
                0x000032bf        0x2 src/twi.o
                0x000032bf                PM_TWIINIT_C
 .progmem.data.PM_TWIINIT_HY_RELH
                0x000032c1        0xa src/twi.o
                0x000032c1                PM_TWIINIT_HY_RELH
 .progmem.data.PM_TWIINIT_HY_TEMP
                0x000032cb        0xa src/twi.o
                0x000032cb                PM_TWIINIT_HY_TEMP
 .progmem.data.PM_TWIINIT_BA_PRES
                0x000032d5        0xa src/twi.o
                0x000032d5                PM_TWIINIT_BA_PRES
 .progmem.data.PM_TWIINIT_BA_TEMP
                0x000032df        0xa src/twi.o
                0x000032df                PM_TWIINIT_BA_TEMP
 .progmem.data.PM_TWIINIT_MP_UVCTCXO
                0x000032e9        0xa src/twi.o
                0x000032e9                PM_TWIINIT_MP_UVCTCXO
 .progmem.data.PM_TWIINIT_MP_UBAT
                0x000032f3        0x7 src/twi.o
                0x000032f3                PM_TWIINIT_MP_UBAT
 .progmem.data.PM_TWIINIT_MP_UUSB
                0x000032fa        0x7 src/twi.o
                0x000032fa                PM_TWIINIT_MP_UUSB
 .progmem.data.PM_TWIINIT_MP_TEMP
                0x00003301        0xa src/twi.o
                0x00003301                PM_TWIINIT_MP_TEMP
 .progmem.data.PM_TWIINIT_DATE_TIME
                0x0000330b       0x18 src/twi.o
                0x0000330b                PM_TWIINIT_DATE_TIME
 .progmem.data.PM_TWIHEADER_BY_DF4IAH
                0x00003323        0xa src/twi.o
                0x00003323                PM_TWIHEADER_BY_DF4IAH
 .progmem.data.PM_TWIHEADER_FINDMESAT
                0x0000332d        0xa src/twi.o
                0x0000332d                PM_TWIHEADER_FINDMESAT
 .progmem.data.PM_TWI1_INIT_ONBOARD_01
                0x00003337       0x10 src/twi.o
                0x00003337                PM_TWI1_INIT_ONBOARD_01
 .progmem.data.PM_TWI1_INIT_ONBOARD_BARO_OK
                0x00003347       0x14 src/twi.o
                0x00003347                PM_TWI1_INIT_ONBOARD_BARO_OK
 .progmem.data.PM_TWI1_INIT_BARO_06
                0x0000335b       0x31 src/twi.o
                0x0000335b                PM_TWI1_INIT_BARO_06
 .progmem.data.PM_TWI1_INIT_BARO_05
                0x0000338c       0x1e src/twi.o
                0x0000338c                PM_TWI1_INIT_BARO_05
 .progmem.data.PM_TWI1_INIT_BARO_04
                0x000033aa       0x35 src/twi.o
                0x000033aa                PM_TWI1_INIT_BARO_04
 .progmem.data.PM_TWI1_INIT_BARO_03
                0x000033df       0x36 src/twi.o
                0x000033df                PM_TWI1_INIT_BARO_03
 .progmem.data.PM_TWI1_INIT_BARO_02
                0x00003415       0x35 src/twi.o
                0x00003415                PM_TWI1_INIT_BARO_02
 .progmem.data.PM_TWI1_INIT_BARO_01
                0x0000344a       0x3c src/twi.o
                0x0000344a                PM_TWI1_INIT_BARO_01
 .progmem.data.PM_TWI1_INIT_ONBOARD_GYRO_OK
                0x00003486       0x14 src/twi.o
                0x00003486                PM_TWI1_INIT_ONBOARD_GYRO_OK
 .progmem.data.PM_TWI1_INIT_GYRO_05
                0x0000349a       0x31 src/twi.o
                0x0000349a                PM_TWI1_INIT_GYRO_05
 .progmem.data.PM_TWI1_INIT_GYRO_04
                0x000034cb       0x1e src/twi.o
                0x000034cb                PM_TWI1_INIT_GYRO_04
 .progmem.data.PM_TWI1_INIT_GYRO_03
                0x000034e9       0x3b src/twi.o
                0x000034e9                PM_TWI1_INIT_GYRO_03
 .progmem.data.PM_TWI1_INIT_GYRO_02
                0x00003524       0x3a src/twi.o
                0x00003524                PM_TWI1_INIT_GYRO_02
 .progmem.data.PM_TWI1_INIT_GYRO_01
                0x0000355e       0x3d src/twi.o
                0x0000355e                PM_TWI1_INIT_GYRO_01
 .progmem.data.PM_TWI1_INIT_ONBOARD_HYGRO_OK
                0x0000359b       0x14 src/twi.o
                0x0000359b                PM_TWI1_INIT_ONBOARD_HYGRO_OK
 .progmem.data.PM_TWI1_INIT_HYGRO_05
                0x000035af       0x31 src/twi.o
                0x000035af                PM_TWI1_INIT_HYGRO_05
 .progmem.data.PM_TWI1_INIT_HYGRO_04
                0x000035e0       0x1e src/twi.o
                0x000035e0                PM_TWI1_INIT_HYGRO_04
 .progmem.data.PM_TWI1_INIT_HYGRO_03
                0x000035fe       0x32 src/twi.o
                0x000035fe                PM_TWI1_INIT_HYGRO_03
 .progmem.data.PM_TWI1_INIT_HYGRO_02
                0x00003630       0x47 src/twi.o
                0x00003630                PM_TWI1_INIT_HYGRO_02
 .progmem.data.PM_TWI1_INIT_HYGRO_01
                0x00003677       0x37 src/twi.o
                0x00003677                PM_TWI1_INIT_HYGRO_01
 .progmem.data.PM_FORMAT_KMPH
                0x000036ae        0x4 src/twi.o
                0x000036ae                PM_FORMAT_KMPH
 .progmem.data.PM_FORMAT_07F2
                0x000036b2        0x7 src/twi.o
                0x000036b2                PM_FORMAT_07F2
 .progmem.data.PM_FORMAT_05F2
                0x000036b9        0x7 src/twi.o
                0x000036b9                PM_FORMAT_05F2
 .progmem.data.PM_FORMAT_05LD
                0x000036c0        0x6 src/twi.o
                0x000036c0                PM_FORMAT_05LD
 .progmem.data.PM_FORMAT_5F3
                0x000036c6        0x6 src/twi.o
                0x000036c6                PM_FORMAT_5F3
 .progmem.data.PM_FORMAT_5F1
                0x000036cc        0x6 src/twi.o
                0x000036cc                PM_FORMAT_5F1
 .progmem.data.PM_FORMAT_4F1
                0x000036d2        0x6 src/twi.o
                0x000036d2                PM_FORMAT_4F1
 .progmem.data.PM_FORMAT_4LD
                0x000036d8        0x5 src/twi.o
                0x000036d8                PM_FORMAT_4LD
 .progmem.data.PM_FORMAT_03LD
                0x000036dd        0x6 src/twi.o
                0x000036dd                PM_FORMAT_03LD
 .progmem.data.PM_FORMAT_02LD
                0x000036e3        0x6 src/twi.o
                0x000036e3                PM_FORMAT_02LD
 .progmem.data.PM_DEBUG_MAIN_1PPS_2
                0x000036e9       0x1c src/main.o
                0x000036e9                PM_DEBUG_MAIN_1PPS_2
 .progmem.data.PM_DEBUG_MAIN_1PPS_1
                0x00003705       0x39 src/main.o
                0x00003705                PM_DEBUG_MAIN_1PPS_1
 .progmem.data.PM_APRS_TX_N5
                0x0000373e       0x2a src/main.o
                0x0000373e                PM_APRS_TX_N5
 .progmem.data.PM_APRS_TX_N4
                0x00003768       0x27 src/main.o
                0x00003768                PM_APRS_TX_N4
 .progmem.data.PM_APRS_TX_N3
                0x0000378f       0x29 src/main.o
                0x0000378f                PM_APRS_TX_N3
 .progmem.data.PM_APRS_TX_N2
                0x000037b8       0x29 src/main.o
                0x000037b8                PM_APRS_TX_N2
 .progmem.data.PM_APRS_TX_N1
                0x000037e1       0x2c src/main.o
                0x000037e1                PM_APRS_TX_N1
                0x0000380e                . = ALIGN (0x2)
 *fill*         0x0000380d        0x1 
 *(.jumptables)
 *(.jumptables*)
 *(.lowtext)
 *(.lowtext*)
                0x0000380e                __ctors_start = .
 *(.ctors)
                0x0000380e                __ctors_end = .
                0x0000380e                __dtors_start = .
 *(.dtors)
                0x0000380e                __dtors_end = .
 SORT(*)(.ctors)
 SORT(*)(.dtors)
 *(.init0)
 .init0         0x0000380e        0x0 C:/Program Files (x86)/Atmel/Studio/7.0/Packs/Atmel/XMEGAA_DFP/1.1.68/gcc/dev/atxmega256a3bu/avrxmega6/crtatxmega256a3bu.o
                0x0000380e                __init
 *(.init0)
 *(.init1)
 *(.init1)
 *(.init2)
 .init2         0x0000380e       0x10 C:/Program Files (x86)/Atmel/Studio/7.0/Packs/Atmel/XMEGAA_DFP/1.1.68/gcc/dev/atxmega256a3bu/avrxmega6/crtatxmega256a3bu.o
 *(.init2)
 *(.init3)
 *(.init3)
 *(.init4)
 .init4         0x0000381e       0x1a c:/program files (x86)/atmel/studio/7.0/toolchain/avr8/avr8-gnu-toolchain/bin/../lib/gcc/avr/5.4.0/avrxmega6\libgcc.a(_copy_data.o)
                0x0000381e                __do_copy_data
 .init4         0x00003838       0x10 c:/program files (x86)/atmel/studio/7.0/toolchain/avr8/avr8-gnu-toolchain/bin/../lib/gcc/avr/5.4.0/avrxmega6\libgcc.a(_clear_bss.o)
                0x00003838                __do_clear_bss
 *(.init4)
 *(.init5)
 *(.init5)
 *(.init6)
 *(.init6)
 *(.init7)
 *(.init7)
 *(.init8)
 *(.init8)
 *(.init9)
 .init9         0x00003848        0x8 C:/Program Files (x86)/Atmel/Studio/7.0/Packs/Atmel/XMEGAA_DFP/1.1.68/gcc/dev/atxmega256a3bu/avrxmega6/crtatxmega256a3bu.o
 *(.init9)
 *(.text)
 .text          0x00003850        0x4 C:/Program Files (x86)/Atmel/Studio/7.0/Packs/Atmel/XMEGAA_DFP/1.1.68/gcc/dev/atxmega256a3bu/avrxmega6/crtatxmega256a3bu.o
                0x00003850                __vector_38
                0x00003850                __vector_104
                0x00003850                __vector_63
                0x00003850                __vector_28
                0x00003850                __vector_67
                0x00003850                __vector_1
                0x00003850                __vector_32
                0x00003850                __vector_75
                0x00003850                __vector_91
                0x00003850                __vector_34
                0x00003850                __vector_62
                0x00003850                __vector_102
                0x00003850                __vector_24
                0x00003850                __vector_12
                0x00003850                __vector_69
                0x00003850                __vector_90
                0x00003850                __bad_interrupt
                0x00003850                __vector_122
                0x00003850                __vector_114
                0x00003850                __vector_31
                0x00003850                __vector_92
                0x00003850                __vector_35
                0x00003850                __vector_117
                0x00003850                __vector_107
                0x00003850                __vector_3
                0x00003850                __vector_105
                0x00003850                __vector_98
                0x00003850                __vector_68
                0x00003850                __vector_30
                0x00003850                __vector_45
                0x00003850                __vector_25
                0x00003850                __vector_93
                0x00003850                __vector_61
                0x00003850                __vector_99
                0x00003850                __vector_123
                0x00003850                __vector_100
                0x00003850                __vector_101
                0x00003850                __vector_64
                0x00003850                __vector_88
                0x00003850                __vector_43
                0x00003850                __vector_27
                0x00003850                __vector_5
                0x00003850                __vector_33
                0x00003850                __vector_76
                0x00003850                __vector_115
                0x00003850                __vector_37
                0x00003850                __vector_95
                0x00003850                __vector_103
                0x00003850                __vector_96
                0x00003850                __vector_89
                0x00003850                __vector_44
                0x00003850                __vector_106
                0x00003850                __vector_118
                0x00003850                __vector_2
                0x00003850                __vector_66
                0x00003850                __vector_36
                0x00003850                __vector_58
                0x00003850                __vector_70
                0x00003850                __vector_29
                0x00003850                __vector_60
                0x00003850                __vector_121
                0x00003850                __vector_94
                0x00003850                __vector_26
                0x00003850                __vector_124
                0x00003850                __vector_116
                0x00003850                __vector_57
                0x00003850                __vector_10
                0x00003850                __vector_59
                0x00003850                __vector_97
                0x00003850                __vector_87
                0x00003850                __vector_65
                0x00003850                __vector_120
                0x00003854                . = ALIGN (0x2)
 *(.text.*)
 .text.usart_serial_write_packet
                0x00003854       0x34 src/ASF/common/services/serial/usart_serial.o
                0x00003854                usart_serial_write_packet
 .text.sysclk_enable_peripheral_clock
                0x00003888      0x170 src/ASF/xmega/drivers/usart/usart.o
 .text.usart_putchar
                0x000039f8       0x10 src/ASF/xmega/drivers/usart/usart.o
                0x000039f8                usart_putchar
 .text.usart_getchar
                0x00003a08        0xc src/ASF/xmega/drivers/usart/usart.o
                0x00003a08                usart_getchar
 .text.usart_set_baudrate
                0x00003a14      0x1c6 src/ASF/xmega/drivers/usart/usart.o
                0x00003a14                usart_set_baudrate
 .text.usart_init_rs232
                0x00003bda       0x52 src/ASF/xmega/drivers/usart/usart.o
                0x00003bda                usart_init_rs232
 .text.cpu_irq_save
                0x00003c2c       0x1a src/serial.o
 .text.__portable_avr_delay_cycles
                0x00003c46       0x16 src/serial.o
 .text.ioport_set_pin_mode
                0x00003c5c       0x3a src/serial.o
 .text.__vector_119
                0x00003c96       0x9a src/serial.o
                0x00003c96                __vector_119
 .text.serial_sim808_send
                0x00003d30       0x3c src/serial.o
                0x00003d30                serial_sim808_send
 .text.serial_init
                0x00003d6c       0xdc src/serial.o
                0x00003d6c                serial_init
 .text.serial_start
                0x00003e48      0x41a src/serial.o
                0x00003e48                serial_start
 .text.serial_send_gns_urc
                0x00004262       0x36 src/serial.o
                0x00004262                serial_send_gns_urc
 .text.task_serial
                0x00004298      0x59e src/serial.o
                0x00004298                task_serial
 .text.udi_write_tx_char
                0x00004836       0x2c src/usb.o
 .text.udi_write_tx_buf
                0x00004862       0x70 src/usb.o
                0x00004862                udi_write_tx_buf
 .text.udi_write_serial_line
                0x000048d2       0xa8 src/usb.o
                0x000048d2                udi_write_serial_line
 .text.usb_init
                0x0000497a       0xf8 src/usb.o
                0x0000497a                usb_init
 .text.usb_callback_suspend_action
                0x00004a72        0x8 src/usb.o
                0x00004a72                usb_callback_suspend_action
 .text.usb_callback_resume_action
                0x00004a7a        0x8 src/usb.o
                0x00004a7a                usb_callback_resume_action
 .text.usb_callback_remotewakeup_enable
                0x00004a82        0x2 src/usb.o
                0x00004a82                usb_callback_remotewakeup_enable
 .text.usb_callback_remotewakeup_disable
                0x00004a84        0x2 src/usb.o
                0x00004a84                usb_callback_remotewakeup_disable
 .text.usb_callback_cdc_enable
                0x00004a86        0x8 src/usb.o
                0x00004a86                usb_callback_cdc_enable
 .text.usb_callback_cdc_disable
                0x00004a8e        0x6 src/usb.o
                0x00004a8e                usb_callback_cdc_disable
 .text.usb_callback_config
                0x00004a94        0x2 src/usb.o
                0x00004a94                usb_callback_config
 .text.usb_callback_cdc_set_dtr
                0x00004a96        0x2 src/usb.o
                0x00004a96                usb_callback_cdc_set_dtr
 .text.usb_callback_cdc_set_rts
                0x00004a98        0x2 src/usb.o
                0x00004a98                usb_callback_cdc_set_rts
 .text.usb_callback_rx_notify
                0x00004a9a        0x8 src/usb.o
                0x00004a9a                usb_callback_rx_notify
 .text.usb_callback_tx_empty_notify
                0x00004aa2        0x6 src/usb.o
                0x00004aa2                usb_callback_tx_empty_notify
 .text.task_usb
                0x00004aa8      0x982 src/usb.o
                0x00004aa8                task_usb
 .text.nvm_init
                0x0000542a        0xc src/ASF/common/drivers/nvm/xmega/xmega_nvm.o
                0x0000542a                nvm_init
 .text.nvm_read
                0x00005436       0x4c src/ASF/common/drivers/nvm/xmega/xmega_nvm.o
                0x00005436                nvm_read
 .text.nvm_write
                0x00005482       0x50 src/ASF/common/drivers/nvm/xmega/xmega_nvm.o
                0x00005482                nvm_write
 .text.calendar_leapyear
                0x000054d2       0x32 src/ASF/common/services/calendar/calendar.o
 .text.calendar_is_date_valid
                0x00005504       0x60 src/ASF/common/services/calendar/calendar.o
                0x00005504                calendar_is_date_valid
 .text.calendar_timestamp_to_date
                0x00005564      0x11a src/ASF/common/services/calendar/calendar.o
                0x00005564                calendar_timestamp_to_date
 .text.calendar_date_to_timestamp
                0x0000567e       0xf6 src/ASF/common/services/calendar/calendar.o
                0x0000567e                calendar_date_to_timestamp
 .text.fifo_init
                0x00005774       0x18 src/ASF/common/services/fifo/fifo.o
                0x00005774                fifo_init
 .text.cpu_irq_save
                0x0000578c       0x1a src/ASF/xmega/drivers/dma/dma.o
 .text.dma_interrupt
                0x000057a6       0xca src/ASF/xmega/drivers/dma/dma.o
 .text.dma_enable
                0x00005870       0x2e src/ASF/xmega/drivers/dma/dma.o
                0x00005870                dma_enable
 .text.dma_disable
                0x0000589e       0x26 src/ASF/xmega/drivers/dma/dma.o
                0x0000589e                dma_disable
 .text.dma_set_callback
                0x000058c4       0x12 src/ASF/xmega/drivers/dma/dma.o
                0x000058c4                dma_set_callback
 .text.__vector_6
                0x000058d6       0x50 src/ASF/xmega/drivers/dma/dma.o
                0x000058d6                __vector_6
 .text.__vector_7
                0x00005926       0x50 src/ASF/xmega/drivers/dma/dma.o
                0x00005926                __vector_7
 .text.__vector_8
                0x00005976       0x50 src/ASF/xmega/drivers/dma/dma.o
                0x00005976                __vector_8
 .text.__vector_9
                0x000059c6       0x50 src/ASF/xmega/drivers/dma/dma.o
                0x000059c6                __vector_9
 .text.dma_channel_write_config
                0x00005a16       0x5c src/ASF/xmega/drivers/dma/dma.o
                0x00005a16                dma_channel_write_config
 .text.__portable_avr_delay_cycles.constprop.1
                0x00005a72       0x10 src/ASF/xmega/drivers/rtc32/rtc32.o
 .text.rtc_get_time
                0x00005a82       0x20 src/ASF/xmega/drivers/rtc32/rtc32.o
                0x00005a82                rtc_get_time
 .text.rtc_set_alarm
                0x00005aa2       0x16 src/ASF/xmega/drivers/rtc32/rtc32.o
                0x00005aa2                rtc_set_alarm
 .text.rtc_set_callback
                0x00005ab8        0xa src/ASF/xmega/drivers/rtc32/rtc32.o
                0x00005ab8                rtc_set_callback
 .text.rtc_init
                0x00005ac2       0x88 src/ASF/xmega/drivers/rtc32/rtc32.o
                0x00005ac2                rtc_init
 .text.__vector_11
                0x00005b4a       0x7c src/ASF/xmega/drivers/rtc32/rtc32.o
                0x00005b4a                __vector_11
 .text.get_interpolated_sine
                0x00005bc6       0x64 src/dds.o
                0x00005bc6                get_interpolated_sine
 .text.printHelp
                0x00005c2a      0x6c2 src/interpreter.o
                0x00005c2a                printHelp
 .text.interpreter_doProcess
                0x000062ec      0x56e src/interpreter.o
                0x000062ec                interpreter_doProcess
 .text.cpu_irq_save
                0x0000685a       0x1a src/twi.o
 .text.__portable_avr_delay_cycles
                0x00006874       0x16 src/twi.o
 .text.task_twi1_hygro
                0x0000688a       0x80 src/twi.o
 .text.task_twi1_baro
                0x0000690a      0x3ca src/twi.o
 .text.twi_master_read
                0x00006cd4        0x6 src/twi.o
 .text.twi_master_write
                0x00006cda        0x6 src/twi.o
 .text.calc_gyro2_correct_mag_2_nT
                0x00006ce0       0x9a src/twi.o
 .text.task_twi1_gyro
                0x00006d7a      0x308 src/twi.o
 .text.service_twi1_baro.isra.3
                0x00007082      0x1a4 src/twi.o
 .text.sysclk_enable_peripheral_clock
                0x00007226      0x1d4 src/twi.o
 .text.twi2_waitUntilReady
                0x000073fa       0x7c src/twi.o
                0x000073fa                twi2_waitUntilReady
 .text.twi2_set_leds
                0x00007476       0x30 src/twi.o
                0x00007476                twi2_set_leds
 .text.twi2_set_ledbl
                0x000074a6       0x3a src/twi.o
                0x000074a6                twi2_set_ledbl
 .text.twi2_set_bias
                0x000074e0       0x2e src/twi.o
                0x000074e0                twi2_set_bias
 .text.twi2_set_beep
                0x0000750e       0x3a src/twi.o
                0x0000750e                twi2_set_beep
 .text.twi1_gyro_gyro_offset_set
                0x00007548       0x58 src/twi.o
                0x00007548                twi1_gyro_gyro_offset_set
 .text.twi1_gyro_accel_offset_set
                0x000075a0       0xb2 src/twi.o
                0x000075a0                twi1_gyro_accel_offset_set
 .text.twi_init
                0x00007652       0x14 src/twi.o
                0x00007652                twi_init
 .text.isr_100ms_twi1_onboard
                0x00007666      0x256 src/twi.o
                0x00007666                isr_100ms_twi1_onboard
 .text.isr_500ms_twi1_onboard
                0x000078bc       0xe2 src/twi.o
                0x000078bc                isr_500ms_twi1_onboard
 .text.isr_sparetime_twi1_onboard
                0x0000799e       0x38 src/twi.o
                0x0000799e                isr_sparetime_twi1_onboard
 .text.task_twi2_lcd_cls
                0x000079d6       0x22 src/twi.o
                0x000079d6                task_twi2_lcd_cls
 .text.task_twi2_lcd_pos_xy
                0x000079f8       0x3c src/twi.o
                0x000079f8                task_twi2_lcd_pos_xy
 .text.task_twi2_lcd_print_format_long_P
                0x00007a34       0x76 src/twi.o
 .text.task_twi2_lcd_print_format_float_P
                0x00007aaa       0x76 src/twi.o
 .text.task_twi2_lcd_print_format_c
                0x00007b20       0x3a src/twi.o
 .text.task_twi2_lcd_str
                0x00007b5a       0x9c src/twi.o
                0x00007b5a                task_twi2_lcd_str
 .text.init_twi1_gyro
                0x00007bf6      0x4ac src/twi.o
                0x00007bf6                init_twi1_gyro
 .text.task_twi2_lcd_line
                0x000080a2       0x4c src/twi.o
                0x000080a2                task_twi2_lcd_line
 .text.task_twi2_lcd_rect
                0x000080ee       0x56 src/twi.o
                0x000080ee                task_twi2_lcd_rect
 .text.task_twi2_lcd_circ
                0x00008144       0x4e src/twi.o
                0x00008144                task_twi2_lcd_circ
 .text.task_twi2_lcd_header
                0x00008192       0x66 src/twi.o
                0x00008192                task_twi2_lcd_header
 .text.twi_start
                0x000081f8      0x6ca src/twi.o
                0x000081f8                twi_start
 .text.task_twi2_lcd_print_format_P
                0x000088c2       0x5c src/twi.o
                0x000088c2                task_twi2_lcd_print_format_P
 .text.task_twi2_lcd__cpu1
                0x0000891e      0x2b2 src/twi.o
                0x0000891e                task_twi2_lcd__cpu1
 .text.task_twi2_lcd__cpu2
                0x00008bd0       0xaa src/twi.o
                0x00008bd0                task_twi2_lcd__cpu2
 .text.task_twi2_lcd__sim1
                0x00008c7a      0x3d6 src/twi.o
                0x00008c7a                task_twi2_lcd__sim1
 .text.task_twi2_lcd__hygro
                0x00009050       0xaa src/twi.o
                0x00009050                task_twi2_lcd__hygro
 .text.task_twi2_lcd__gyro_gfxmag
                0x000090fa      0x3d2 src/twi.o
                0x000090fa                task_twi2_lcd__gyro_gfxmag
 .text.task_twi2_lcd__gyro_gfxaccel
                0x000094cc      0x1ea src/twi.o
                0x000094cc                task_twi2_lcd__gyro_gfxaccel
 .text.task_twi2_lcd__gyro_gfxgyro
                0x000096b6      0x4d2 src/twi.o
                0x000096b6                task_twi2_lcd__gyro_gfxgyro
 .text.task_twi2_lcd__gyro_beepvario
                0x00009b88       0xa6 src/twi.o
                0x00009b88                task_twi2_lcd__gyro_beepvario
 .text.task_twi2_lcd__gyro
                0x00009c2e        0x8 src/twi.o
                0x00009c2e                task_twi2_lcd__gyro
 .text.task_twi2_lcd__baro
                0x00009c36       0xe0 src/twi.o
                0x00009c36                task_twi2_lcd__baro
 .text.task_twi
                0x00009d16      0x3a8 src/twi.o
                0x00009d16                task_twi
 .text.board_init
                0x0000a0be        0x2 src/ASF/common/boards/user_board/init.o
                0x0000a0be                board_init
 .text.cpu_irq_save
                0x0000a0c0       0x1a src/ASF/xmega/drivers/adc/adc.o
 .text.adc_set_callback
                0x0000a0da       0x3a src/ASF/xmega/drivers/adc/adc.o
                0x0000a0da                adc_set_callback
 .text.adc_enable_clock
                0x0000a114       0x3e src/ASF/xmega/drivers/adc/adc.o
                0x0000a114                adc_enable_clock
 .text.adc_disable_clock
                0x0000a152       0x3a src/ASF/xmega/drivers/adc/adc.o
                0x0000a152                adc_disable_clock
 .text.adc_enable
                0x0000a18c       0x38 src/ASF/xmega/drivers/adc/adc.o
                0x0000a18c                adc_enable
 .text.adc_disable
                0x0000a1c4       0x38 src/ASF/xmega/drivers/adc/adc.o
                0x0000a1c4                adc_disable
 .text.cpu_irq_save
                0x0000a1fc       0x1a src/ASF/xmega/drivers/adc/xmega_aau/adc_aau.o
 .text.__vector_71
                0x0000a216       0x64 src/ASF/xmega/drivers/adc/xmega_aau/adc_aau.o
                0x0000a216                __vector_71
 .text.__vector_72
                0x0000a27a       0x64 src/ASF/xmega/drivers/adc/xmega_aau/adc_aau.o
                0x0000a27a                __vector_72
 .text.__vector_73
                0x0000a2de       0x64 src/ASF/xmega/drivers/adc/xmega_aau/adc_aau.o
                0x0000a2de                __vector_73
 .text.__vector_74
                0x0000a342       0x64 src/ASF/xmega/drivers/adc/xmega_aau/adc_aau.o
                0x0000a342                __vector_74
 .text.__vector_39
                0x0000a3a6       0x64 src/ASF/xmega/drivers/adc/xmega_aau/adc_aau.o
                0x0000a3a6                __vector_39
 .text.__vector_40
                0x0000a40a       0x64 src/ASF/xmega/drivers/adc/xmega_aau/adc_aau.o
                0x0000a40a                __vector_40
 .text.__vector_41
                0x0000a46e       0x64 src/ASF/xmega/drivers/adc/xmega_aau/adc_aau.o
                0x0000a46e                __vector_41
 .text.__vector_42
                0x0000a4d2       0x64 src/ASF/xmega/drivers/adc/xmega_aau/adc_aau.o
                0x0000a4d2                __vector_42
 .text.adc_write_configuration
                0x0000a536       0xb8 src/ASF/xmega/drivers/adc/xmega_aau/adc_aau.o
                0x0000a536                adc_write_configuration
 .text.adc_read_configuration
                0x0000a5ee       0x48 src/ASF/xmega/drivers/adc/xmega_aau/adc_aau.o
                0x0000a5ee                adc_read_configuration
 .text.adcch_write_configuration
                0x0000a636       0x70 src/ASF/xmega/drivers/adc/xmega_aau/adc_aau.o
                0x0000a636                adcch_write_configuration
 .text.adcch_read_configuration
                0x0000a6a6       0x70 src/ASF/xmega/drivers/adc/xmega_aau/adc_aau.o
                0x0000a6a6                adcch_read_configuration
 .text.cpu_irq_save
                0x0000a716       0x1a src/ASF/xmega/drivers/dac/dac.o
 .text.dac_enable_clock
                0x0000a730       0x20 src/ASF/xmega/drivers/dac/dac.o
 .text.dac_disable_clock
                0x0000a750       0x1e src/ASF/xmega/drivers/dac/dac.o
 .text.dac_enable
                0x0000a76e       0x38 src/ASF/xmega/drivers/dac/dac.o
                0x0000a76e                dac_enable
 .text.dac_disable
                0x0000a7a6       0x38 src/ASF/xmega/drivers/dac/dac.o
                0x0000a7a6                dac_disable
 .text.dac_write_configuration
                0x0000a7de       0x9e src/ASF/xmega/drivers/dac/dac.o
                0x0000a7de                dac_write_configuration
 .text.dac_read_configuration
                0x0000a87c       0x3c src/ASF/xmega/drivers/dac/dac.o
                0x0000a87c                dac_read_configuration
 .text.cpu_irq_save
                0x0000a8b8       0x1a src/ASF/xmega/drivers/tc/tc.o
 .text.__vector_14
                0x0000a8d2       0x5a src/ASF/xmega/drivers/tc/tc.o
                0x0000a8d2                __vector_14
 .text.__vector_15
                0x0000a92c       0x5a src/ASF/xmega/drivers/tc/tc.o
                0x0000a92c                __vector_15
 .text.__vector_16
                0x0000a986       0x5a src/ASF/xmega/drivers/tc/tc.o
                0x0000a986                __vector_16
 .text.__vector_17
                0x0000a9e0       0x5a src/ASF/xmega/drivers/tc/tc.o
                0x0000a9e0                __vector_17
 .text.__vector_18
                0x0000aa3a       0x5a src/ASF/xmega/drivers/tc/tc.o
                0x0000aa3a                __vector_18
 .text.__vector_19
                0x0000aa94       0x5a src/ASF/xmega/drivers/tc/tc.o
                0x0000aa94                __vector_19
 .text.__vector_20
                0x0000aaee       0x5a src/ASF/xmega/drivers/tc/tc.o
                0x0000aaee                __vector_20
 .text.__vector_21
                0x0000ab48       0x5a src/ASF/xmega/drivers/tc/tc.o
                0x0000ab48                __vector_21
 .text.__vector_22
                0x0000aba2       0x5a src/ASF/xmega/drivers/tc/tc.o
                0x0000aba2                __vector_22
 .text.__vector_23
                0x0000abfc       0x5a src/ASF/xmega/drivers/tc/tc.o
                0x0000abfc                __vector_23
 .text.__vector_77
                0x0000ac56       0x5a src/ASF/xmega/drivers/tc/tc.o
                0x0000ac56                __vector_77
 .text.__vector_78
                0x0000acb0       0x5a src/ASF/xmega/drivers/tc/tc.o
                0x0000acb0                __vector_78
 .text.__vector_79
                0x0000ad0a       0x5a src/ASF/xmega/drivers/tc/tc.o
                0x0000ad0a                __vector_79
 .text.__vector_80
                0x0000ad64       0x5a src/ASF/xmega/drivers/tc/tc.o
                0x0000ad64                __vector_80
 .text.__vector_81
                0x0000adbe       0x5a src/ASF/xmega/drivers/tc/tc.o
                0x0000adbe                __vector_81
 .text.__vector_82
                0x0000ae18       0x5a src/ASF/xmega/drivers/tc/tc.o
                0x0000ae18                __vector_82
 .text.__vector_83
                0x0000ae72       0x5a src/ASF/xmega/drivers/tc/tc.o
                0x0000ae72                __vector_83
 .text.__vector_84
                0x0000aecc       0x5a src/ASF/xmega/drivers/tc/tc.o
                0x0000aecc                __vector_84
 .text.__vector_85
                0x0000af26       0x5a src/ASF/xmega/drivers/tc/tc.o
                0x0000af26                __vector_85
 .text.__vector_86
                0x0000af80       0x5a src/ASF/xmega/drivers/tc/tc.o
                0x0000af80                __vector_86
 .text.__vector_47
                0x0000afda       0x5a src/ASF/xmega/drivers/tc/tc.o
                0x0000afda                __vector_47
 .text.__vector_48
                0x0000b034       0x5a src/ASF/xmega/drivers/tc/tc.o
                0x0000b034                __vector_48
 .text.__vector_49
                0x0000b08e       0x5a src/ASF/xmega/drivers/tc/tc.o
                0x0000b08e                __vector_49
 .text.__vector_50
                0x0000b0e8       0x5a src/ASF/xmega/drivers/tc/tc.o
                0x0000b0e8                __vector_50
 .text.__vector_51
                0x0000b142       0x5a src/ASF/xmega/drivers/tc/tc.o
                0x0000b142                __vector_51
 .text.__vector_52
                0x0000b19c       0x5a src/ASF/xmega/drivers/tc/tc.o
                0x0000b19c                __vector_52
 .text.__vector_53
                0x0000b1f6       0x5a src/ASF/xmega/drivers/tc/tc.o
                0x0000b1f6                __vector_53
 .text.__vector_54
                0x0000b250       0x5a src/ASF/xmega/drivers/tc/tc.o
                0x0000b250                __vector_54
 .text.__vector_55
                0x0000b2aa       0x5a src/ASF/xmega/drivers/tc/tc.o
                0x0000b2aa                __vector_55
 .text.__vector_56
                0x0000b304       0x5a src/ASF/xmega/drivers/tc/tc.o
                0x0000b304                __vector_56
 .text.__vector_108
                0x0000b35e       0x5a src/ASF/xmega/drivers/tc/tc.o
                0x0000b35e                __vector_108
 .text.__vector_109
                0x0000b3b8       0x5a src/ASF/xmega/drivers/tc/tc.o
                0x0000b3b8                __vector_109
 .text.__vector_110
                0x0000b412       0x5a src/ASF/xmega/drivers/tc/tc.o
                0x0000b412                __vector_110
 .text.__vector_111
                0x0000b46c       0x5a src/ASF/xmega/drivers/tc/tc.o
                0x0000b46c                __vector_111
 .text.__vector_112
                0x0000b4c6       0x5a src/ASF/xmega/drivers/tc/tc.o
                0x0000b4c6                __vector_112
 .text.__vector_113
                0x0000b520       0x5a src/ASF/xmega/drivers/tc/tc.o
                0x0000b520                __vector_113
 .text.tc_enable
                0x0000b57a       0xaa src/ASF/xmega/drivers/tc/tc.o
                0x0000b57a                tc_enable
 .text.tc_set_overflow_interrupt_callback
                0x0000b624       0x7c src/ASF/xmega/drivers/tc/tc.o
                0x0000b624                tc_set_overflow_interrupt_callback
 .text.__vector_46
                0x0000b6a0      0x170 src/ASF/xmega/drivers/twi/twim.o
                0x0000b6a0                __vector_46
 .text.__vector_13
                0x0000b810       0x4e src/ASF/xmega/drivers/twi/twim.o
                0x0000b810                __vector_13
 .text.twi_master_init
                0x0000b85e       0x2a src/ASF/xmega/drivers/twi/twim.o
                0x0000b85e                twi_master_init
 .text.twi_master_transfer
                0x0000b888       0xaa src/ASF/xmega/drivers/twi/twim.o
                0x0000b888                twi_master_transfer
 .text.cpu_irq_save
                0x0000b932       0x1a src/ASF/xmega/drivers/usb/usb_device.o
 .text.sleepmgr_lock_mode
                0x0000b94c       0x24 src/ASF/xmega/drivers/usb/usb_device.o
 .text.sleepmgr_unlock_mode
                0x0000b970       0x24 src/ASF/xmega/drivers/usb/usb_device.o
 .text.udd_sleep_mode
                0x0000b994       0x26 src/ASF/xmega/drivers/usb/usb_device.o
 .text.udd_ep_get_ctrl
                0x0000b9ba       0x2e src/ASF/xmega/drivers/usb/usb_device.o
 .text.udd_ctrl_init
                0x0000b9e8       0x4a src/ASF/xmega/drivers/usb/usb_device.o
 .text.udd_ctrl_stall_data
                0x0000ba32       0x1c src/ASF/xmega/drivers/usb/usb_device.o
 .text.udd_ctrl_send_zlp_in
                0x0000ba4e       0x1c src/ASF/xmega/drivers/usb/usb_device.o
 .text.udd_ctrl_endofrequest
                0x0000ba6a       0x10 src/ASF/xmega/drivers/usb/usb_device.o
 .text.udd_ep_get_job
                0x0000ba7a       0x34 src/ASF/xmega/drivers/usb/usb_device.o
 .text.udd_ep_trans_complet
                0x0000baae      0x20c src/ASF/xmega/drivers/usb/usb_device.o
 .text.udd_ctrl_in_sent
                0x0000bcba       0xdc src/ASF/xmega/drivers/usb/usb_device.o
 .text.udd_ctrl_interrupt_tc_setup
                0x0000bd96       0xe6 src/ASF/xmega/drivers/usb/usb_device.o
 .text.udd_disable
                0x0000be7c       0x28 src/ASF/xmega/drivers/usb/usb_device.o
                0x0000be7c                udd_disable
 .text.udd_attach
                0x0000bea4       0x46 src/ASF/xmega/drivers/usb/usb_device.o
                0x0000bea4                udd_attach
 .text.udd_enable
                0x0000beea       0xdc src/ASF/xmega/drivers/usb/usb_device.o
                0x0000beea                udd_enable
 .text.udd_is_high_speed
                0x0000bfc6        0x4 src/ASF/xmega/drivers/usb/usb_device.o
                0x0000bfc6                udd_is_high_speed
 .text.udd_set_address
                0x0000bfca        0x6 src/ASF/xmega/drivers/usb/usb_device.o
                0x0000bfca                udd_set_address
 .text.udd_getaddress
                0x0000bfd0        0x6 src/ASF/xmega/drivers/usb/usb_device.o
                0x0000bfd0                udd_getaddress
 .text.udd_get_frame_number
                0x0000bfd6        0xa src/ASF/xmega/drivers/usb/usb_device.o
                0x0000bfd6                udd_get_frame_number
 .text.udd_get_micro_frame_number
                0x0000bfe0        0x6 src/ASF/xmega/drivers/usb/usb_device.o
                0x0000bfe0                udd_get_micro_frame_number
 .text.udd_set_setup_payload
                0x0000bfe6        0xe src/ASF/xmega/drivers/usb/usb_device.o
                0x0000bfe6                udd_set_setup_payload
 .text.udd_ep_alloc
                0x0000bff4       0xa6 src/ASF/xmega/drivers/usb/usb_device.o
                0x0000bff4                udd_ep_alloc
 .text.udd_ep_is_halted
                0x0000c09a        0xe src/ASF/xmega/drivers/usb/usb_device.o
                0x0000c09a                udd_ep_is_halted
 .text.udd_ep_clear_halt
                0x0000c0a8       0x3a src/ASF/xmega/drivers/usb/usb_device.o
                0x0000c0a8                udd_ep_clear_halt
 .text.udd_ep_run
                0x0000c0e2       0xfc src/ASF/xmega/drivers/usb/usb_device.o
                0x0000c0e2                udd_ep_run
 .text.udd_ep_abort
                0x0000c1de       0x60 src/ASF/xmega/drivers/usb/usb_device.o
                0x0000c1de                udd_ep_abort
 .text.udd_ep_free
                0x0000c23e       0x12 src/ASF/xmega/drivers/usb/usb_device.o
                0x0000c23e                udd_ep_free
 .text.udd_ep_set_halt
                0x0000c250       0x18 src/ASF/xmega/drivers/usb/usb_device.o
                0x0000c250                udd_ep_set_halt
 .text.__vector_125
                0x0000c268      0x170 src/ASF/xmega/drivers/usb/usb_device.o
                0x0000c268                __vector_125
 .text.__vector_126
                0x0000c3d8      0x1b2 src/ASF/xmega/drivers/usb/usb_device.o
                0x0000c3d8                __vector_126
 .text.pwm_set_frequency
                0x0000c58a       0xd8 src/ASF/xmega/services/pwm/pwm.o
                0x0000c58a                pwm_set_frequency
 .text.pwm_init
                0x0000c662      0x180 src/ASF/xmega/services/pwm/pwm.o
                0x0000c662                pwm_init
 .text.pwm_start
                0x0000c7e2       0x8c src/ASF/xmega/services/pwm/pwm.o
                0x0000c7e2                pwm_start
 .text.cpu_irq_save
                0x0000c86e       0x1a src/main.o
 .text.sleepmgr_enter_sleep
                0x0000c888       0x48 src/main.o
 .text.dma_channel_enable
                0x0000c8d0       0x22 src/main.o
 .text.yield_ms_cb
                0x0000c8f2        0x6 src/main.o
                0x0000c8f2                yield_ms_cb
 .text.isr_tcc1_ovfl
                0x0000c8f8       0x48 src/main.o
                0x0000c8f8                isr_tcc1_ovfl
 .text.isr_adc_a
                0x0000c940      0x34e src/main.o
                0x0000c940                isr_adc_a
 .text.task_dac
                0x0000cc8e      0x130 src/main.o
 .text.task_adc
                0x0000cdbe      0x2b0 src/main.o
 .text.nvm_read_production_signature_row
                0x0000d06e        0xa src/main.o
 .text.adcch_enable_interrupt.isra.10
                0x0000d078        0xc src/main.o
 .text.isr_adc_b
                0x0000d084       0x94 src/main.o
                0x0000d084                isr_adc_b
 .text.calc_next_frame.constprop.28
                0x0000d118       0xb4 src/main.o
 .text.isr_dma_dac_ch0_A
                0x0000d1cc        0xc src/main.o
 .text.isr_dma_dac_ch0_B
                0x0000d1d8        0xc src/main.o
 .text.tc_init  0x0000d1e4       0xba src/main.o
 .text.fifo_pull_uint32.constprop.29
                0x0000d29e       0x56 src/main.o
 .text.dac_start
                0x0000d2f4       0x88 src/main.o
 .text.tc_start
                0x0000d37c       0x5e src/main.o
 .text.fifo_push_uint32.constprop.30
                0x0000d3da       0x56 src/main.o
 .text.dac_init
                0x0000d430       0xc6 src/main.o
 .text.adc_init
                0x0000d4f6      0x260 src/main.o
 .text.save_globals
                0x0000d756      0x3a2 src/main.o
                0x0000d756                save_globals
 .text.cueBehind
                0x0000daf8       0x14 src/main.o
                0x0000daf8                cueBehind
 .text.myStringToFloat
                0x0000db0c      0x1a2 src/main.o
                0x0000db0c                myStringToFloat
 .text.myStringToVar
                0x0000dcae      0x136 src/main.o
                0x0000dcae                myStringToVar
 .text.adc_app_enable
                0x0000dde4       0x46 src/main.o
                0x0000dde4                adc_app_enable
 .text.backlight_mode_pwm
                0x0000de2a       0x40 src/main.o
                0x0000de2a                backlight_mode_pwm
 .text.bias_update
                0x0000de6a        0xa src/main.o
                0x0000de6a                bias_update
 .text.calibration_mode
                0x0000de74      0x2f8 src/main.o
                0x0000de74                calibration_mode
 .text.dac_app_enable
                0x0000e16c       0x8c src/main.o
                0x0000e16c                dac_app_enable
 .text.errorBeep_enable
                0x0000e1f8        0x8 src/main.o
                0x0000e1f8                errorBeep_enable
 .text.keyBeep_enable
                0x0000e200        0x8 src/main.o
                0x0000e200                keyBeep_enable
 .text.pitchTone_mode
                0x0000e208        0x8 src/main.o
                0x0000e208                pitchTone_mode
 .text.printStatusLines_bitfield
                0x0000e210       0x20 src/main.o
                0x0000e210                printStatusLines_bitfield
 .text.xoPwm_set
                0x0000e230       0xe4 src/main.o
                0x0000e230                xoPwm_set
 .text.sched_getLock
                0x0000e314       0x26 src/main.o
                0x0000e314                sched_getLock
 .text.sched_freeLock
                0x0000e33a       0x14 src/main.o
                0x0000e33a                sched_freeLock
 .text.sched_set_alarm
                0x0000e34e       0x32 src/main.o
                0x0000e34e                sched_set_alarm
 .text.sched_push
                0x0000e380      0x382 src/main.o
                0x0000e380                sched_push
 .text.dds_update
                0x0000e702      0x1bc src/main.o
                0x0000e702                dds_update
 .text.isr_tcc0_ovfl
                0x0000e8be      0x3ba src/main.o
                0x0000e8be                isr_tcc0_ovfl
 .text.sched_pop
                0x0000ec78      0x176 src/main.o
                0x0000ec78                sched_pop
 .text.isr_rtc_alarm
                0x0000edee        0x4 src/main.o
                0x0000edee                isr_rtc_alarm
 .text.yield_ms
                0x0000edf2       0x4c src/main.o
                0x0000edf2                yield_ms
 .text.__vector_4
                0x0000ee3e      0x1ca src/main.o
                0x0000ee3e                __vector_4
 .text.startup.main
                0x0000f008      0xc70 src/main.o
                0x0000f008                main
 .text.cpu_irq_save
                0x0000fc78       0x1a src/ASF/common/services/clock/xmega/sysclk.o
 .text.sysclk_init
                0x0000fc92       0xfc src/ASF/common/services/clock/xmega/sysclk.o
                0x0000fc92                sysclk_init
 .text.sysclk_enable_module
                0x0000fd8e       0x22 src/ASF/common/services/clock/xmega/sysclk.o
                0x0000fd8e                sysclk_enable_module
 .text.sysclk_disable_module
                0x0000fdb0       0x20 src/ASF/common/services/clock/xmega/sysclk.o
                0x0000fdb0                sysclk_disable_module
 .text.sysclk_enable_usb
                0x0000fdd0       0x6c src/ASF/common/services/clock/xmega/sysclk.o
                0x0000fdd0                sysclk_enable_usb
 .text.sysclk_disable_usb
                0x0000fe3c       0x10 src/ASF/common/services/clock/xmega/sysclk.o
                0x0000fe3c                sysclk_disable_usb
 .text.cpu_irq_save
                0x0000fe4c       0x1a src/ASF/common/services/usb/class/cdc/device/udi_cdc.o
 .text.udi_cdc_comm_disable
                0x0000fe66        0xc src/ASF/common/services/usb/class/cdc/device/udi_cdc.o
                0x0000fe66                udi_cdc_comm_disable
 .text.udi_cdc_data_setup
                0x0000fe72        0x4 src/ASF/common/services/usb/class/cdc/device/udi_cdc.o
                0x0000fe72                udi_cdc_data_setup
 .text.udi_cdc_getsetting
                0x0000fe76        0x4 src/ASF/common/services/usb/class/cdc/device/udi_cdc.o
                0x0000fe76                udi_cdc_getsetting
 .text.udi_cdc_line_coding_received
                0x0000fe7a        0xa src/ASF/common/services/usb/class/cdc/device/udi_cdc.o
 .text.udi_cdc_data_disable
                0x0000fe84       0x18 src/ASF/common/services/usb/class/cdc/device/udi_cdc.o
                0x0000fe84                udi_cdc_data_disable
 .text.udi_cdc_comm_enable
                0x0000fe9c       0x80 src/ASF/common/services/usb/class/cdc/device/udi_cdc.o
                0x0000fe9c                udi_cdc_comm_enable
 .text.udi_cdc_tx_send.isra.1
                0x0000ff1c      0x142 src/ASF/common/services/usb/class/cdc/device/udi_cdc.o
 .text.udi_cdc_data_sof_notify
                0x0001005e        0x2 src/ASF/common/services/usb/class/cdc/device/udi_cdc.o
                0x0001005e                udi_cdc_data_sof_notify
 .text.udi_cdc_data_sent
                0x00010060       0x38 src/ASF/common/services/usb/class/cdc/device/udi_cdc.o
 .text.udi_cdc_comm_setup
                0x00010098       0x90 src/ASF/common/services/usb/class/cdc/device/udi_cdc.o
                0x00010098                udi_cdc_comm_setup
 .text.udi_cdc_multi_get_nb_received_data
                0x00010128       0x26 src/ASF/common/services/usb/class/cdc/device/udi_cdc.o
                0x00010128                udi_cdc_multi_get_nb_received_data
 .text.udi_cdc_get_nb_received_data
                0x0001014e        0x4 src/ASF/common/services/usb/class/cdc/device/udi_cdc.o
                0x0001014e                udi_cdc_get_nb_received_data
 .text.udi_cdc_multi_is_rx_ready
                0x00010152        0xe src/ASF/common/services/usb/class/cdc/device/udi_cdc.o
                0x00010152                udi_cdc_multi_is_rx_ready
 .text.udi_cdc_rx_start.isra.8
                0x00010160       0x94 src/ASF/common/services/usb/class/cdc/device/udi_cdc.o
 .text.udi_cdc_data_enable
                0x000101f4       0x68 src/ASF/common/services/usb/class/cdc/device/udi_cdc.o
                0x000101f4                udi_cdc_data_enable
 .text.udi_cdc_data_received
                0x0001025c       0x60 src/ASF/common/services/usb/class/cdc/device/udi_cdc.o
 .text.udi_cdc_multi_getc
                0x000102bc       0x94 src/ASF/common/services/usb/class/cdc/device/udi_cdc.o
                0x000102bc                udi_cdc_multi_getc
 .text.udi_cdc_getc
                0x00010350        0x4 src/ASF/common/services/usb/class/cdc/device/udi_cdc.o
                0x00010350                udi_cdc_getc
 .text.udi_cdc_read_no_polling
                0x00010354       0xa6 src/ASF/common/services/usb/class/cdc/device/udi_cdc.o
                0x00010354                udi_cdc_read_no_polling
 .text.udi_cdc_multi_get_free_tx_buffer
                0x000103fa       0x4c src/ASF/common/services/usb/class/cdc/device/udi_cdc.o
                0x000103fa                udi_cdc_multi_get_free_tx_buffer
 .text.udi_cdc_multi_is_tx_ready
                0x00010446        0xe src/ASF/common/services/usb/class/cdc/device/udi_cdc.o
                0x00010446                udi_cdc_multi_is_tx_ready
 .text.udi_cdc_is_tx_ready
                0x00010454        0x4 src/ASF/common/services/usb/class/cdc/device/udi_cdc.o
                0x00010454                udi_cdc_is_tx_ready
 .text.udi_cdc_multi_putc
                0x00010458       0x90 src/ASF/common/services/usb/class/cdc/device/udi_cdc.o
                0x00010458                udi_cdc_multi_putc
 .text.udi_cdc_putc
                0x000104e8        0x6 src/ASF/common/services/usb/class/cdc/device/udi_cdc.o
                0x000104e8                udi_cdc_putc
 .text.udc_valid_address
                0x000104ee        0xa src/ASF/common/services/usb/udc/udc.o
 .text.udc_update_iface_desc
                0x000104f8       0x66 src/ASF/common/services/usb/udc/udc.o
 .text.udc_next_desc_in_iface.constprop.3
                0x0001055e       0x40 src/ASF/common/services/usb/udc/udc.o
 .text.udc_iface_enable
                0x0001059e       0x68 src/ASF/common/services/usb/udc/udc.o
 .text.udc_iface_disable
                0x00010606       0x80 src/ASF/common/services/usb/udc/udc.o
 .text.udc_start
                0x00010686        0x4 src/ASF/common/services/usb/udc/udc.o
                0x00010686                udc_start
 .text.udc_reset
                0x0001068a       0x48 src/ASF/common/services/usb/udc/udc.o
                0x0001068a                udc_reset
 .text.udc_stop
                0x000106d2        0x6 src/ASF/common/services/usb/udc/udc.o
                0x000106d2                udc_stop
 .text.udc_sof_notify
                0x000106d8       0x4a src/ASF/common/services/usb/udc/udc.o
                0x000106d8                udc_sof_notify
 .text.udc_process_setup
                0x00010722      0x520 src/ASF/common/services/usb/udc/udc.o
                0x00010722                udc_process_setup
 .text._read    0x00010c42       0x32 src/ASF/common/utils/stdio/read.o
                0x00010c42                _read
 .text.stdio_usb_getchar
                0x00010c74       0x1e src/ASF/common/utils/stdio/stdio_usb/stdio_usb.o
                0x00010c74                stdio_usb_getchar
 .text.stdio_usb_putchar
                0x00010c92       0x2e src/ASF/common/utils/stdio/stdio_usb/stdio_usb.o
                0x00010c92                stdio_usb_putchar
 .text.stdio_usb_enable
                0x00010cc0        0x8 src/ASF/common/utils/stdio/stdio_usb/stdio_usb.o
                0x00010cc0                stdio_usb_enable
 .text.stdio_usb_disable
                0x00010cc8        0x6 src/ASF/common/utils/stdio/stdio_usb/stdio_usb.o
                0x00010cc8                stdio_usb_disable
 .text.stdio_usb_init
                0x00010cce       0x2e src/ASF/common/utils/stdio/stdio_usb/stdio_usb.o
                0x00010cce                stdio_usb_init
 .text._write   0x00010cfc       0x24 src/ASF/common/utils/stdio/write.o
                0x00010cfc                _write
 .text.nvm_wait_until_ready
                0x00010d20        0xa src/ASF/xmega/drivers/nvm/nvm.o
 .text.nvm_issue_command
                0x00010d2a       0x20 src/ASF/xmega/drivers/nvm/nvm.o
 .text.nvm_eeprom_read_buffer
                0x00010d4a       0x46 src/ASF/xmega/drivers/nvm/nvm.o
                0x00010d4a                nvm_eeprom_read_buffer
 .text.nvm_eeprom_flush_buffer
                0x00010d90       0x1a src/ASF/xmega/drivers/nvm/nvm.o
                0x00010d90                nvm_eeprom_flush_buffer
 .text.nvm_eeprom_load_byte_to_buffer
                0x00010daa       0x28 src/ASF/xmega/drivers/nvm/nvm.o
                0x00010daa                nvm_eeprom_load_byte_to_buffer
 .text.nvm_eeprom_write_byte
                0x00010dd2       0x44 src/ASF/xmega/drivers/nvm/nvm.o
                0x00010dd2                nvm_eeprom_write_byte
 .text.nvm_eeprom_load_page_to_buffer
                0x00010e16       0x24 src/ASF/xmega/drivers/nvm/nvm.o
                0x00010e16                nvm_eeprom_load_page_to_buffer
 .text.nvm_eeprom_atomic_write_page
                0x00010e3a       0x1e src/ASF/xmega/drivers/nvm/nvm.o
                0x00010e3a                nvm_eeprom_atomic_write_page
 .text.nvm_eeprom_erase_and_write_buffer
                0x00010e58       0x78 src/ASF/xmega/drivers/nvm/nvm.o
                0x00010e58                nvm_eeprom_erase_and_write_buffer
 .text.nvm_flash_read_buffer
                0x00010ed0       0x4a src/ASF/xmega/drivers/nvm/nvm.o
                0x00010ed0                nvm_flash_read_buffer
 .text.nvm_user_sig_read_buffer
                0x00010f1a       0x3e src/ASF/xmega/drivers/nvm/nvm.o
                0x00010f1a                nvm_user_sig_read_buffer
 .text.nvm_user_sig_write_buffer
                0x00010f58      0x12e src/ASF/xmega/drivers/nvm/nvm.o
                0x00010f58                nvm_user_sig_write_buffer
 .text.nvm_flash_erase_and_write_buffer
                0x00011086      0x144 src/ASF/xmega/drivers/nvm/nvm.o
                0x00011086                nvm_flash_erase_and_write_buffer
 .text.nvm_read_byte
                0x000111ca       0x14 src/ASF/xmega/drivers/nvm/nvm_asm.o
                0x000111ca                nvm_read_byte
 .text.ccp_write_io
                0x000111de        0xc src/ASF/xmega/drivers/cpu/ccp.o
                0x000111de                ccp_write_io
 .text.avr-libc
                0x000111ea      0x740 c:/program files (x86)/atmel/studio/7.0/toolchain/avr8/avr8-gnu-toolchain/bin/../lib/gcc/avr/5.4.0/../../../../avr/lib/avrxmega6\libprintf_flt.a(vfprintf_flt.o)
                0x000111ea                vfprintf
 .text.avr-libc.fplib
                0x0001192a        0xa c:/program files (x86)/atmel/studio/7.0/toolchain/avr8/avr8-gnu-toolchain/bin/../lib/gcc/avr/5.4.0/../../../../avr/lib/avrxmega6\libm.a(addsf3.o)
                0x0001192a                __subsf3
                0x0001192c                __addsf3
 .text.avr-libc.fplib
                0x00011934       0xc0 c:/program files (x86)/atmel/studio/7.0/toolchain/avr8/avr8-gnu-toolchain/bin/../lib/gcc/avr/5.4.0/../../../../avr/lib/avrxmega6\libm.a(addsf3x.o)
                0x0001194e                __addsf3x
 .text.avr-libc.fplib
                0x000119f4        0x8 c:/program files (x86)/atmel/studio/7.0/toolchain/avr8/avr8-gnu-toolchain/bin/../lib/gcc/avr/5.4.0/../../../../avr/lib/avrxmega6\libm.a(cmpsf2.o)
                0x000119f4                __nesf2
                0x000119f4                __eqsf2
                0x000119f4                __cmpsf2
                0x000119f4                __ltsf2
                0x000119f4                __lesf2
 .text.avr-libc.fplib
                0x000119fc        0x6 c:/program files (x86)/atmel/studio/7.0/toolchain/avr8/avr8-gnu-toolchain/bin/../lib/gcc/avr/5.4.0/../../../../avr/lib/avrxmega6\libm.a(cos.o)
                0x000119fc                cos
 .text.avr-libc.fplib
                0x00011a02        0x4 c:/program files (x86)/atmel/studio/7.0/toolchain/avr8/avr8-gnu-toolchain/bin/../lib/gcc/avr/5.4.0/../../../../avr/lib/avrxmega6\libm.a(divsf3.o)
                0x00011a02                __divsf3
 .text.avr-libc.fplib
                0x00011a06       0xcc c:/program files (x86)/atmel/studio/7.0/toolchain/avr8/avr8-gnu-toolchain/bin/../lib/gcc/avr/5.4.0/../../../../avr/lib/avrxmega6\libm.a(divsf3x.o)
                0x00011a1c                __divsf3x
                0x00011a20                __divsf3_pse
 .text.avr-libc.fplib
                0x00011ad2        0xa c:/program files (x86)/atmel/studio/7.0/toolchain/avr8/avr8-gnu-toolchain/bin/../lib/gcc/avr/5.4.0/../../../../avr/lib/avrxmega6\libm.a(fixsfsi.o)
                0x00011ad2                __fixsfsi
 .text.avr-libc.fplib
                0x00011adc       0x58 c:/program files (x86)/atmel/studio/7.0/toolchain/avr8/avr8-gnu-toolchain/bin/../lib/gcc/avr/5.4.0/../../../../avr/lib/avrxmega6\libm.a(fixunssfsi.o)
                0x00011adc                __fixunssfsi
 .text.avr-libc.fplib
                0x00011b34       0x7a c:/program files (x86)/atmel/studio/7.0/toolchain/avr8/avr8-gnu-toolchain/bin/../lib/gcc/avr/5.4.0/../../../../avr/lib/avrxmega6\libm.a(floatsisf.o)
                0x00011b34                __floatunsisf
                0x00011b38                __floatsisf
 .text.avr-libc.fplib
                0x00011bae       0x48 c:/program files (x86)/atmel/studio/7.0/toolchain/avr8/avr8-gnu-toolchain/bin/../lib/gcc/avr/5.4.0/../../../../avr/lib/avrxmega6\libm.a(fp_cmp.o)
                0x00011bae                __fp_cmp
 .text.avr-libc.fplib
                0x00011bf6        0xc c:/program files (x86)/atmel/studio/7.0/toolchain/avr8/avr8-gnu-toolchain/bin/../lib/gcc/avr/5.4.0/../../../../avr/lib/avrxmega6\libm.a(fp_inf.o)
                0x00011bf6                __fp_inf
 .text.avr-libc.fplib
                0x00011c02        0x6 c:/program files (x86)/atmel/studio/7.0/toolchain/avr8/avr8-gnu-toolchain/bin/../lib/gcc/avr/5.4.0/../../../../avr/lib/avrxmega6\libm.a(fp_nan.o)
                0x00011c02                __fp_nan
 .text.avr-libc.fplib
                0x00011c08        0xe c:/program files (x86)/atmel/studio/7.0/toolchain/avr8/avr8-gnu-toolchain/bin/../lib/gcc/avr/5.4.0/../../../../avr/lib/avrxmega6\libm.a(fp_pscA.o)
                0x00011c08                __fp_pscA
 .text.avr-libc.fplib
                0x00011c16        0xe c:/program files (x86)/atmel/studio/7.0/toolchain/avr8/avr8-gnu-toolchain/bin/../lib/gcc/avr/5.4.0/../../../../avr/lib/avrxmega6\libm.a(fp_pscB.o)
                0x00011c16                __fp_pscB
 .text.avr-libc.fplib
                0x00011c24       0x50 c:/program files (x86)/atmel/studio/7.0/toolchain/avr8/avr8-gnu-toolchain/bin/../lib/gcc/avr/5.4.0/../../../../avr/lib/avrxmega6\libm.a(fp_rempio2.o)
                0x00011c26                __fp_rempio2
 .text.avr-libc.fplib
                0x00011c74       0x22 c:/program files (x86)/atmel/studio/7.0/toolchain/avr8/avr8-gnu-toolchain/bin/../lib/gcc/avr/5.4.0/../../../../avr/lib/avrxmega6\libm.a(fp_round.o)
                0x00011c74                __fp_round
 .text.avr-libc.fplib
                0x00011c96       0x22 c:/program files (x86)/atmel/studio/7.0/toolchain/avr8/avr8-gnu-toolchain/bin/../lib/gcc/avr/5.4.0/../../../../avr/lib/avrxmega6\libm.a(fp_sinus.o)
                0x00011c96                __fp_sinus
 .text.avr-libc.fplib
                0x00011cb8       0x44 c:/program files (x86)/atmel/studio/7.0/toolchain/avr8/avr8-gnu-toolchain/bin/../lib/gcc/avr/5.4.0/../../../../avr/lib/avrxmega6\libm.a(fp_split3.o)
                0x00011cb8                __fp_split3
                0x00011cc8                __fp_splitA
 .text.avr-libc.fplib
                0x00011cfc        0xe c:/program files (x86)/atmel/studio/7.0/toolchain/avr8/avr8-gnu-toolchain/bin/../lib/gcc/avr/5.4.0/../../../../avr/lib/avrxmega6\libm.a(fp_zero.o)
                0x00011cfc                __fp_zero
                0x00011cfe                __fp_szero
 .text.avr-libc.fplib
                0x00011d0a        0x8 c:/program files (x86)/atmel/studio/7.0/toolchain/avr8/avr8-gnu-toolchain/bin/../lib/gcc/avr/5.4.0/../../../../avr/lib/avrxmega6\libm.a(gesf2.o)
                0x00011d0a                __gesf2
                0x00011d0a                __gtsf2
 .text.avr-libc.fplib
                0x00011d12        0x4 c:/program files (x86)/atmel/studio/7.0/toolchain/avr8/avr8-gnu-toolchain/bin/../lib/gcc/avr/5.4.0/../../../../avr/lib/avrxmega6\libm.a(mulsf3.o)
                0x00011d12                __mulsf3
 .text.avr-libc.fplib
                0x00011d16       0xc2 c:/program files (x86)/atmel/studio/7.0/toolchain/avr8/avr8-gnu-toolchain/bin/../lib/gcc/avr/5.4.0/../../../../avr/lib/avrxmega6\libm.a(mulsf3x.o)
                0x00011d2a                __mulsf3x
                0x00011d2e                __mulsf3_pse
 .text.avr-libc.fplib
                0x00011dd8       0x98 c:/program files (x86)/atmel/studio/7.0/toolchain/avr8/avr8-gnu-toolchain/bin/../lib/gcc/avr/5.4.0/../../../../avr/lib/avrxmega6\libm.a(pow.o)
                0x00011dd8                pow
 .text.avr-libc.fplib
                0x00011e70        0xc c:/program files (x86)/atmel/studio/7.0/toolchain/avr8/avr8-gnu-toolchain/bin/../lib/gcc/avr/5.4.0/../../../../avr/lib/avrxmega6\libm.a(sin.o)
                0x00011e70                sin
 .text.avr-libc.fplib
                0x00011e7c       0x62 c:/program files (x86)/atmel/studio/7.0/toolchain/avr8/avr8-gnu-toolchain/bin/../lib/gcc/avr/5.4.0/../../../../avr/lib/avrxmega6\libm.a(exp.o)
                0x00011e86                exp
 .text.avr-libc.fplib
                0x00011ede       0x1c c:/program files (x86)/atmel/studio/7.0/toolchain/avr8/avr8-gnu-toolchain/bin/../lib/gcc/avr/5.4.0/../../../../avr/lib/avrxmega6\libm.a(fp_mpack.o)
                0x00011ede                __fp_mpack
                0x00011ee2                __fp_mpack_finite
 .text.avr-libc.fplib
                0x00011efa       0x4a c:/program files (x86)/atmel/studio/7.0/toolchain/avr8/avr8-gnu-toolchain/bin/../lib/gcc/avr/5.4.0/../../../../avr/lib/avrxmega6\libm.a(fp_powser.o)
                0x00011efa                __fp_powser
 .text.avr-libc.fplib
                0x00011f44       0x22 c:/program files (x86)/atmel/studio/7.0/toolchain/avr8/avr8-gnu-toolchain/bin/../lib/gcc/avr/5.4.0/../../../../avr/lib/avrxmega6\libm.a(fp_powsodd.o)
                0x00011f44                __fp_powsodd
 .text.avr-libc.fplib
                0x00011f66        0xe c:/program files (x86)/atmel/studio/7.0/toolchain/avr8/avr8-gnu-toolchain/bin/../lib/gcc/avr/5.4.0/../../../../avr/lib/avrxmega6\libm.a(inverse.o)
                0x00011f66                inverse
 .text.avr-libc.fplib
                0x00011f74       0x6c c:/program files (x86)/atmel/studio/7.0/toolchain/avr8/avr8-gnu-toolchain/bin/../lib/gcc/avr/5.4.0/../../../../avr/lib/avrxmega6\libm.a(ldexp.o)
                0x00011f78                ldexp
 .text.avr-libc.fplib
                0x00011fe0       0x8a c:/program files (x86)/atmel/studio/7.0/toolchain/avr8/avr8-gnu-toolchain/bin/../lib/gcc/avr/5.4.0/../../../../avr/lib/avrxmega6\libm.a(log.o)
                0x00011fea                log
 .text.avr-libc.fplib
                0x0001206a       0x66 c:/program files (x86)/atmel/studio/7.0/toolchain/avr8/avr8-gnu-toolchain/bin/../lib/gcc/avr/5.4.0/../../../../avr/lib/avrxmega6\libm.a(modf.o)
                0x0001206a                modf
                0x0001206a                modff
 .text.libgcc.mul
                0x000120d0       0x1e c:/program files (x86)/atmel/studio/7.0/toolchain/avr8/avr8-gnu-toolchain/bin/../lib/gcc/avr/5.4.0/avrxmega6\libgcc.a(_mulsi3.o)
                0x000120d0                __mulsi3
 .text.libgcc.div
                0x000120ee       0x28 c:/program files (x86)/atmel/studio/7.0/toolchain/avr8/avr8-gnu-toolchain/bin/../lib/gcc/avr/5.4.0/avrxmega6\libgcc.a(_udivmodhi4.o)
                0x000120ee                __udivmodhi4
 .text.libgcc.div
                0x00012116       0x26 c:/program files (x86)/atmel/studio/7.0/toolchain/avr8/avr8-gnu-toolchain/bin/../lib/gcc/avr/5.4.0/avrxmega6\libgcc.a(_divmodhi4.o)
                0x00012116                _div
                0x00012116                __divmodhi4
 .text.libgcc.div
                0x0001213c       0x44 c:/program files (x86)/atmel/studio/7.0/toolchain/avr8/avr8-gnu-toolchain/bin/../lib/gcc/avr/5.4.0/avrxmega6\libgcc.a(_udivmodsi4.o)
                0x0001213c                __udivmodsi4
 .text.libgcc.div
                0x00012180       0x28 c:/program files (x86)/atmel/studio/7.0/toolchain/avr8/avr8-gnu-toolchain/bin/../lib/gcc/avr/5.4.0/avrxmega6\libgcc.a(_divmodsi4.o)
                0x00012180                __divmodsi4
 .text.libgcc.div
                0x000121a8       0x10 c:/program files (x86)/atmel/studio/7.0/toolchain/avr8/avr8-gnu-toolchain/bin/../lib/gcc/avr/5.4.0/avrxmega6\libgcc.a(_negsi2.o)
                0x000121a8                __negsi2
 .text.libgcc   0x000121b8       0x10 c:/program files (x86)/atmel/studio/7.0/toolchain/avr8/avr8-gnu-toolchain/bin/../lib/gcc/avr/5.4.0/avrxmega6\libgcc.a(_tablejump2.o)
                0x000121b8                __tablejump2__
 .text.libgcc.mul
                0x000121c8        0xc c:/program files (x86)/atmel/studio/7.0/toolchain/avr8/avr8-gnu-toolchain/bin/../lib/gcc/avr/5.4.0/avrxmega6\libgcc.a(_mulhisi3.o)
                0x000121c8                __mulhisi3
 .text.libgcc.mul
                0x000121d4       0x1e c:/program files (x86)/atmel/studio/7.0/toolchain/avr8/avr8-gnu-toolchain/bin/../lib/gcc/avr/5.4.0/avrxmega6\libgcc.a(_umulhisi3.o)
                0x000121d4                __umulhisi3
 .text.libgcc.mul
                0x000121f2        0xc c:/program files (x86)/atmel/studio/7.0/toolchain/avr8/avr8-gnu-toolchain/bin/../lib/gcc/avr/5.4.0/avrxmega6\libgcc.a(_usmulhisi3.o)
                0x000121f2                __usmulhisi3
                0x000121f4                __usmulhisi3_tail
 .text.libgcc.mul
                0x000121fe       0x14 c:/program files (x86)/atmel/studio/7.0/toolchain/avr8/avr8-gnu-toolchain/bin/../lib/gcc/avr/5.4.0/avrxmega6\libgcc.a(_muluhisi3.o)
                0x000121fe                __muluhisi3
 .text.libgcc.mul
                0x00012212       0x92 c:/program files (x86)/atmel/studio/7.0/toolchain/avr8/avr8-gnu-toolchain/bin/../lib/gcc/avr/5.4.0/avrxmega6\libgcc.a(_muldi3.o)
                0x00012212                __muldi3
 .text.libgcc.mul
                0x000122a4       0x10 c:/program files (x86)/atmel/studio/7.0/toolchain/avr8/avr8-gnu-toolchain/bin/../lib/gcc/avr/5.4.0/avrxmega6\libgcc.a(_muldi3_6.o)
                0x000122a4                __muldi3_6
 .text.libgcc.mul
                0x000122b4       0x1a c:/program files (x86)/atmel/studio/7.0/toolchain/avr8/avr8-gnu-toolchain/bin/../lib/gcc/avr/5.4.0/avrxmega6\libgcc.a(_mulsidi3.o)
                0x000122b4                __mulsidi3
 .text.libgcc.mul
                0x000122ce       0x4e c:/program files (x86)/atmel/studio/7.0/toolchain/avr8/avr8-gnu-toolchain/bin/../lib/gcc/avr/5.4.0/avrxmega6\libgcc.a(_umulsidi3.o)
                0x000122ce                __umulsidi3
                0x000122d0                __umulsidi3_helper
 .text.libgcc.div
                0x0001231c       0x56 c:/program files (x86)/atmel/studio/7.0/toolchain/avr8/avr8-gnu-toolchain/bin/../lib/gcc/avr/5.4.0/avrxmega6\libgcc.a(_divdi3.o)
                0x0001231c                __moddi3
                0x00012320                __divdi3
                0x00012322                __divdi3_moddi3
 .text.libgcc.div
                0x00012372       0x1a c:/program files (x86)/atmel/studio/7.0/toolchain/avr8/avr8-gnu-toolchain/bin/../lib/gcc/avr/5.4.0/avrxmega6\libgcc.a(_udivdi3.o)
                0x00012372                __umoddi3
                0x00012376                __udivdi3
                0x00012378                __udivdi3_umoddi3
 .text.libgcc.div
                0x0001238c       0xa2 c:/program files (x86)/atmel/studio/7.0/toolchain/avr8/avr8-gnu-toolchain/bin/../lib/gcc/avr/5.4.0/avrxmega6\libgcc.a(_udivmod64.o)
                0x0001238c                __udivmod64
 .text.libgcc   0x0001242e       0x20 c:/program files (x86)/atmel/studio/7.0/toolchain/avr8/avr8-gnu-toolchain/bin/../lib/gcc/avr/5.4.0/avrxmega6\libgcc.a(_negdi2.o)
                0x0001242e                __negdi2
 .text.libgcc.prologue
                0x0001244e       0x32 c:/program files (x86)/atmel/studio/7.0/toolchain/avr8/avr8-gnu-toolchain/bin/../lib/gcc/avr/5.4.0/avrxmega6\libgcc.a(_prologue.o)
                0x0001244e                __prologue_saves__
 .text.libgcc.prologue
                0x00012480       0x30 c:/program files (x86)/atmel/studio/7.0/toolchain/avr8/avr8-gnu-toolchain/bin/../lib/gcc/avr/5.4.0/avrxmega6\libgcc.a(_epilogue.o)
                0x00012480                __epilogue_restores__
 .text.libgcc.builtins
                0x000124b0       0x32 c:/program files (x86)/atmel/studio/7.0/toolchain/avr8/avr8-gnu-toolchain/bin/../lib/gcc/avr/5.4.0/avrxmega6\libgcc.a(_ashldi3.o)
                0x000124b0                __ashldi3
 .text.libgcc.builtins
                0x000124e2       0x3c c:/program files (x86)/atmel/studio/7.0/toolchain/avr8/avr8-gnu-toolchain/bin/../lib/gcc/avr/5.4.0/avrxmega6\libgcc.a(_ashrdi3.o)
                0x000124e2                __ashrdi3
                0x000124e6                __lshrdi3
 .text.libgcc   0x0001251e       0x12 c:/program files (x86)/atmel/studio/7.0/toolchain/avr8/avr8-gnu-toolchain/bin/../lib/gcc/avr/5.4.0/avrxmega6\libgcc.a(_adddi3.o)
                0x0001251e                __adddi3
 .text.libgcc   0x00012530       0x18 c:/program files (x86)/atmel/studio/7.0/toolchain/avr8/avr8-gnu-toolchain/bin/../lib/gcc/avr/5.4.0/avrxmega6\libgcc.a(_adddi3_s8.o)
                0x00012530                __adddi3_s8
 .text.libgcc   0x00012548       0x12 c:/program files (x86)/atmel/studio/7.0/toolchain/avr8/avr8-gnu-toolchain/bin/../lib/gcc/avr/5.4.0/avrxmega6\libgcc.a(_subdi3.o)
                0x00012548                __subdi3
 .text.libgcc   0x0001255a       0x18 c:/program files (x86)/atmel/studio/7.0/toolchain/avr8/avr8-gnu-toolchain/bin/../lib/gcc/avr/5.4.0/avrxmega6\libgcc.a(_cmpdi2_s8.o)
                0x0001255a                __cmpdi2_s8
 .text.avr-libc
                0x00012572      0x256 c:/program files (x86)/atmel/studio/7.0/toolchain/avr8/avr8-gnu-toolchain/bin/../lib/gcc/avr/5.4.0/../../../../avr/lib/avrxmega6\libc.a(strtol.o)
                0x00012572                strtol
 .text.avr-libc
                0x000127c8        0x6 c:/program files (x86)/atmel/studio/7.0/toolchain/avr8/avr8-gnu-toolchain/bin/../lib/gcc/avr/5.4.0/../../../../avr/lib/avrxmega6\libc.a(atof.o)
                0x000127c8                atof
 .text.avr-libc
                0x000127ce       0x3a c:/program files (x86)/atmel/studio/7.0/toolchain/avr8/avr8-gnu-toolchain/bin/../lib/gcc/avr/5.4.0/../../../../avr/lib/avrxmega6\libc.a(atoi.o)
                0x000127ce                atoi
 .text.avr-libc
                0x00012808       0x4c c:/program files (x86)/atmel/studio/7.0/toolchain/avr8/avr8-gnu-toolchain/bin/../lib/gcc/avr/5.4.0/../../../../avr/lib/avrxmega6\libc.a(atol.o)
                0x00012808                atol
 .text.avr-libc