Archive member included to satisfy reference by file (symbol)

c:/program files (x86)/atmel/studio/7.0/toolchain/avr8/avr8-gnu-toolchain/bin/../lib/gcc/avr/5.4.0/../../../../avr/lib/avrxmega6\libm.a(addsf3.o)
                              src/serial_sim.o (__subsf3)
c:/program files (x86)/atmel/studio/7.0/toolchain/avr8/avr8-gnu-toolchain/bin/../lib/gcc/avr/5.4.0/../../../../avr/lib/avrxmega6\libm.a(addsf3x.o)
                              c:/program files (x86)/atmel/studio/7.0/toolchain/avr8/avr8-gnu-toolchain/bin/../lib/gcc/avr/5.4.0/../../../../avr/lib/avrxmega6\libm.a(addsf3.o) (__addsf3x)
c:/program files (x86)/atmel/studio/7.0/toolchain/avr8/avr8-gnu-toolchain/bin/../lib/gcc/avr/5.4.0/../../../../avr/lib/avrxmega6\libm.a(cmpsf2.o)
                              src/twi_1_2.o (__eqsf2)
c:/program files (x86)/atmel/studio/7.0/toolchain/avr8/avr8-gnu-toolchain/bin/../lib/gcc/avr/5.4.0/../../../../avr/lib/avrxmega6\libm.a(cos.o)
                              src/twi_1_2.o (cos)
c:/program files (x86)/atmel/studio/7.0/toolchain/avr8/avr8-gnu-toolchain/bin/../lib/gcc/avr/5.4.0/../../../../avr/lib/avrxmega6\libm.a(divsf3.o)
                              src/serial_sim.o (__divsf3)
c:/program files (x86)/atmel/studio/7.0/toolchain/avr8/avr8-gnu-toolchain/bin/../lib/gcc/avr/5.4.0/../../../../avr/lib/avrxmega6\libm.a(divsf3x.o)
                              c:/program files (x86)/atmel/studio/7.0/toolchain/avr8/avr8-gnu-toolchain/bin/../lib/gcc/avr/5.4.0/../../../../avr/lib/avrxmega6\libm.a(divsf3.o) (__divsf3x)
c:/program files (x86)/atmel/studio/7.0/toolchain/avr8/avr8-gnu-toolchain/bin/../lib/gcc/avr/5.4.0/../../../../avr/lib/avrxmega6\libm.a(fixsfsi.o)
                              src/serial_sim.o (__fixsfsi)
c:/program files (x86)/atmel/studio/7.0/toolchain/avr8/avr8-gnu-toolchain/bin/../lib/gcc/avr/5.4.0/../../../../avr/lib/avrxmega6\libm.a(fixunssfsi.o)
                              src/serial_sim.o (__fixunssfsi)
c:/program files (x86)/atmel/studio/7.0/toolchain/avr8/avr8-gnu-toolchain/bin/../lib/gcc/avr/5.4.0/../../../../avr/lib/avrxmega6\libm.a(floatsisf.o)
                              src/spi_ax.o (__floatunsisf)
c:/program files (x86)/atmel/studio/7.0/toolchain/avr8/avr8-gnu-toolchain/bin/../lib/gcc/avr/5.4.0/../../../../avr/lib/avrxmega6\libm.a(fp_cmp.o)
                              c:/program files (x86)/atmel/studio/7.0/toolchain/avr8/avr8-gnu-toolchain/bin/../lib/gcc/avr/5.4.0/../../../../avr/lib/avrxmega6\libm.a(cmpsf2.o) (__fp_cmp)
c:/program files (x86)/atmel/studio/7.0/toolchain/avr8/avr8-gnu-toolchain/bin/../lib/gcc/avr/5.4.0/../../../../avr/lib/avrxmega6\libm.a(fp_inf.o)
                              c:/program files (x86)/atmel/studio/7.0/toolchain/avr8/avr8-gnu-toolchain/bin/../lib/gcc/avr/5.4.0/../../../../avr/lib/avrxmega6\libm.a(addsf3x.o) (__fp_inf)
c:/program files (x86)/atmel/studio/7.0/toolchain/avr8/avr8-gnu-toolchain/bin/../lib/gcc/avr/5.4.0/../../../../avr/lib/avrxmega6\libm.a(fp_nan.o)
                              c:/program files (x86)/atmel/studio/7.0/toolchain/avr8/avr8-gnu-toolchain/bin/../lib/gcc/avr/5.4.0/../../../../avr/lib/avrxmega6\libm.a(addsf3x.o) (__fp_nan)
c:/program files (x86)/atmel/studio/7.0/toolchain/avr8/avr8-gnu-toolchain/bin/../lib/gcc/avr/5.4.0/../../../../avr/lib/avrxmega6\libm.a(fp_pscA.o)
                              c:/program files (x86)/atmel/studio/7.0/toolchain/avr8/avr8-gnu-toolchain/bin/../lib/gcc/avr/5.4.0/../../../../avr/lib/avrxmega6\libm.a(addsf3x.o) (__fp_pscA)
c:/program files (x86)/atmel/studio/7.0/toolchain/avr8/avr8-gnu-toolchain/bin/../lib/gcc/avr/5.4.0/../../../../avr/lib/avrxmega6\libm.a(fp_pscB.o)
                              c:/program files (x86)/atmel/studio/7.0/toolchain/avr8/avr8-gnu-toolchain/bin/../lib/gcc/avr/5.4.0/../../../../avr/lib/avrxmega6\libm.a(addsf3x.o) (__fp_pscB)
c:/program files (x86)/atmel/studio/7.0/toolchain/avr8/avr8-gnu-toolchain/bin/../lib/gcc/avr/5.4.0/../../../../avr/lib/avrxmega6\libm.a(fp_rempio2.o)
                              c:/program files (x86)/atmel/studio/7.0/toolchain/avr8/avr8-gnu-toolchain/bin/../lib/gcc/avr/5.4.0/../../../../avr/lib/avrxmega6\libm.a(cos.o) (__fp_rempio2)
c:/program files (x86)/atmel/studio/7.0/toolchain/avr8/avr8-gnu-toolchain/bin/../lib/gcc/avr/5.4.0/../../../../avr/lib/avrxmega6\libm.a(fp_round.o)
                              c:/program files (x86)/atmel/studio/7.0/toolchain/avr8/avr8-gnu-toolchain/bin/../lib/gcc/avr/5.4.0/../../../../avr/lib/avrxmega6\libm.a(addsf3.o) (__fp_round)
c:/program files (x86)/atmel/studio/7.0/toolchain/avr8/avr8-gnu-toolchain/bin/../lib/gcc/avr/5.4.0/../../../../avr/lib/avrxmega6\libm.a(fp_sinus.o)
                              c:/program files (x86)/atmel/studio/7.0/toolchain/avr8/avr8-gnu-toolchain/bin/../lib/gcc/avr/5.4.0/../../../../avr/lib/avrxmega6\libm.a(cos.o) (__fp_sinus)
c:/program files (x86)/atmel/studio/7.0/toolchain/avr8/avr8-gnu-toolchain/bin/../lib/gcc/avr/5.4.0/../../../../avr/lib/avrxmega6\libm.a(fp_split3.o)
[...]
Memory Configuration

Name             Origin             Length             Attributes
text             0x00000000         0x00100000         xr
data             0x00802000         0x0000ffa0         rw !x
eeprom           0x00810000         0x00010000         rw !x
fuse             0x00820000         0x00000006         rw !x
lock             0x00830000         0x00000400         rw !x
signature        0x00840000         0x00000400         rw !x
user_signatures  0x00850000         0x00000400         rw !x
*default*        0x00000000         0xffffffff

Linker script and memory map

LOAD C:/Program Files (x86)/Atmel/Studio/7.0/Packs/Atmel/XMEGAA_DFP/1.1.68/gcc/dev/atxmega256a3bu/avrxmega6/crtatxmega256a3bu.o
LOAD src/ASF/common/services/spi/xmega_spi/spi_master.o
LOAD src/ASF/xmega/drivers/spi/spi.o
LOAD src/serial_sim.o
LOAD src/spi_ax.o
LOAD src/usb.o
LOAD src/ASF/common/drivers/nvm/xmega/xmega_nvm.o
LOAD src/ASF/common/services/calendar/calendar.o
LOAD src/ASF/common/services/fifo/fifo.o
LOAD src/ASF/common/services/hugemem/avr8/avr8_hugemem.o
LOAD src/ASF/xmega/drivers/dma/dma.o
LOAD src/ASF/xmega/drivers/rtc32/rtc32.o
LOAD src/dds.o
LOAD src/interpreter.o
LOAD src/twi_1_2.o
LOAD src/ASF/common/boards/user_board/init.o
LOAD src/ASF/common/services/gfx_mono/gfx_mono_framebuffer.o
LOAD src/ASF/common/services/gfx_mono/gfx_mono_generic.o
LOAD src/ASF/common/services/gfx_mono/gfx_mono_null.o
LOAD src/ASF/common/services/gfx_mono/gfx_mono_text.o
LOAD src/ASF/common/services/gfx_mono/sysfont.o
LOAD src/ASF/common/services/ioport/xmega/ioport_compat.o
LOAD src/ASF/xmega/drivers/adc/adc.o
LOAD src/ASF/xmega/drivers/adc/xmega_aau/adc_aau.o
LOAD src/ASF/xmega/drivers/dac/dac.o
LOAD src/ASF/xmega/drivers/tc/tc.o
LOAD src/ASF/xmega/drivers/twi/twim.o
LOAD src/ASF/xmega/drivers/twi/twis.o
LOAD src/ASF/xmega/drivers/usb/usb_device.o
LOAD src/ASF/xmega/services/pwm/pwm.o
LOAD src/main.o
LOAD src/ASF/common/services/clock/xmega/sysclk.o
LOAD src/ASF/common/services/sleepmgr/xmega/sleepmgr.o
LOAD src/ASF/common/services/usb/class/cdc/device/udi_cdc.o
LOAD src/ASF/common/services/usb/class/cdc/device/udi_cdc_desc.o
LOAD src/ASF/common/services/usb/udc/udc.o
LOAD src/ASF/common/utils/stdio/read.o
LOAD src/ASF/common/utils/stdio/stdio_usb/stdio_usb.o
LOAD src/ASF/common/utils/stdio/write.o
LOAD src/ASF/xmega/drivers/nvm/nvm.o
LOAD src/ASF/xmega/drivers/nvm/nvm_asm.o
LOAD src/ASF/xmega/drivers/cpu/ccp.o
START GROUP
LOAD c:/program files (x86)/atmel/studio/7.0/toolchain/avr8/avr8-gnu-toolchain/bin/../lib/gcc/avr/5.4.0/../../../../avr/lib/avrxmega6\libm.a
END GROUP
LOAD c:/program files (x86)/atmel/studio/7.0/toolchain/avr8/avr8-gnu-toolchain/bin/../lib/gcc/avr/5.4.0/../../../../avr/lib/avrxmega6\libprintf_flt.a
START GROUP
LOAD c:/program files (x86)/atmel/studio/7.0/toolchain/avr8/avr8-gnu-toolchain/bin/../lib/gcc/avr/5.4.0/avrxmega6\libgcc.a
LOAD c:/program files (x86)/atmel/studio/7.0/toolchain/avr8/avr8-gnu-toolchain/bin/../lib/gcc/avr/5.4.0/../../../../avr/lib/avrxmega6\libm.a
LOAD c:/program files (x86)/atmel/studio/7.0/toolchain/avr8/avr8-gnu-toolchain/bin/../lib/gcc/avr/5.4.0/../../../../avr/lib/avrxmega6\libc.a
LOAD C:/Program Files (x86)/Atmel/Studio/7.0/Packs/Atmel/XMEGAA_DFP/1.1.68/gcc/dev/atxmega256a3bu/avrxmega6\libatxmega256a3bu.a
END GROUP
                0x00100000                __TEXT_REGION_LENGTH__ = DEFINED (__TEXT_REGION_LENGTH__)?__TEXT_REGION_LENGTH__:0x100000
                0x0000ffa0                __DATA_REGION_LENGTH__ = DEFINED (__DATA_REGION_LENGTH__)?__DATA_REGION_LENGTH__:0xffa0
                0x00010000                __EEPROM_REGION_LENGTH__ = DEFINED (__EEPROM_REGION_LENGTH__)?__EEPROM_REGION_LENGTH__:0x10000
                [0x00000006]                __FUSE_REGION_LENGTH__ = DEFINED (__FUSE_REGION_LENGTH__)?__FUSE_REGION_LENGTH__:0x400
                0x00000400                __LOCK_REGION_LENGTH__ = DEFINED (__LOCK_REGION_LENGTH__)?__LOCK_REGION_LENGTH__:0x400
                0x00000400                __SIGNATURE_REGION_LENGTH__ = DEFINED (__SIGNATURE_REGION_LENGTH__)?__SIGNATURE_REGION_LENGTH__:0x400
                0x00000400                __USER_SIGNATURE_REGION_LENGTH__ = DEFINED (__USER_SIGNATURE_REGION_LENGTH__)?__USER_SIGNATURE_REGION_LENGTH__:0x400

.hash
 *(.hash)

.dynsym
 *(.dynsym)

.dynstr
 *(.dynstr)

.gnu.version
 *(.gnu.version)

.gnu.version_d
 *(.gnu.version_d)

.gnu.version_r
 *(.gnu.version_r)

.rel.init
 *(.rel.init)

.rela.init
 *(.rela.init)

.rel.text
 *(.rel.text)
 *(.rel.text.*)
 *(.rel.gnu.linkonce.t*)

.rela.text
 *(.rela.text)
 *(.rela.text.*)
 *(.rela.gnu.linkonce.t*)

.rel.fini
 *(.rel.fini)

.rela.fini
 *(.rela.fini)

.rel.rodata
 *(.rel.rodata)
 *(.rel.rodata.*)
 *(.rel.gnu.linkonce.r*)

.rela.rodata
 *(.rela.rodata)
 *(.rela.rodata.*)
 *(.rela.gnu.linkonce.r*)

.rel.data
 *(.rel.data)
 *(.rel.data.*)
 *(.rel.gnu.linkonce.d*)

.rela.data
 *(.rela.data)
 *(.rela.data.*)
 *(.rela.gnu.linkonce.d*)

.rel.ctors
 *(.rel.ctors)

.rela.ctors
 *(.rela.ctors)

.rel.dtors
 *(.rel.dtors)

.rela.dtors
 *(.rela.dtors)

.rel.got
 *(.rel.got)

.rela.got
 *(.rela.got)

.rel.bss
 *(.rel.bss)

.rela.bss
 *(.rela.bss)

.rel.plt
 *(.rel.plt)

.rela.plt
 *(.rela.plt)

.text           0x00000000    0x23596
 *(.vectors)
 .vectors       0x00000000      0x1fc C:/Program Files (x86)/Atmel/Studio/7.0/Packs/Atmel/XMEGAA_DFP/1.1.68/gcc/dev/atxmega256a3bu/avrxmega6/crtatxmega256a3bu.o
                0x00000000                __vector_default
                0x00000000                __vectors
 *(.vectors)
 *(.progmem.gcc*)
 .progmem.gcc_sw_table.serial_filter_inStream.part.4
                0x000001fc       0x26 src/serial_sim.o
 .progmem.gcc_sw_table.spi_ax_util_POCSAG_Tx_FIFO_Batches
                0x00000222       0xac src/spi_ax.o
 .progmem.gcc_sw_table.spi_ax_setRegisters
                0x000002ce       0x1c src/spi_ax.o
 .progmem.gcc_sw_table.pwm_init
                0x000002ea        0xe src/ASF/xmega/services/pwm/pwm.o
 .progmem.gcc_fplib
                0x000002f8       0x1e c:/program files (x86)/atmel/studio/7.0/toolchain/avr8/avr8-gnu-toolchain/bin/../lib/gcc/avr/5.4.0/../../../../avr/lib/avrxmega6\libm.a(fp_sinus.o)
 .progmem.gcc_fplib
                0x00000316       0x5a c:/program files (x86)/atmel/studio/7.0/toolchain/avr8/avr8-gnu-toolchain/bin/../lib/gcc/avr/5.4.0/../../../../avr/lib/avrxmega6\libm.a(log.o)
 .progmem.gcc_fplib
                0x00000370       0x28 c:/program files (x86)/atmel/studio/7.0/toolchain/avr8/avr8-gnu-toolchain/bin/../lib/gcc/avr/5.4.0/../../../../avr/lib/avrxmega6\libm.a(exp.o)
                0x00000398                . = ALIGN (0x2)
                0x00000398                __trampolines_start = .
 *(.trampolines)
 .trampolines   0x00000398       0x14 linker stubs
 *(.trampolines*)
                0x000003ac                __trampolines_end = .
 *libprintf_flt.a:*(.progmem.data)
 .progmem.data  0x000003ac        0x8 c:/program files (x86)/atmel/studio/7.0/toolchain/avr8/avr8-gnu-toolchain/bin/../lib/gcc/avr/5.4.0/../../../../avr/lib/avrxmega6\libprintf_flt.a(vfprintf_flt.o)
 *libc.a:*(.progmem.data)
 .progmem.data  0x000003b4       0xfa c:/program files (x86)/atmel/studio/7.0/toolchain/avr8/avr8-gnu-toolchain/bin/../lib/gcc/avr/5.4.0/../../../../avr/lib/avrxmega6\libc.a(ftoa_engine.o)
 .progmem.data  0x000004ae        0xc c:/program files (x86)/atmel/studio/7.0/toolchain/avr8/avr8-gnu-toolchain/bin/../lib/gcc/avr/5.4.0/../../../../avr/lib/avrxmega6\libc.a(vfscanf_std.o)
 .progmem.data  0x000004ba       0x3b c:/program files (x86)/atmel/studio/7.0/toolchain/avr8/avr8-gnu-toolchain/bin/../lib/gcc/avr/5.4.0/../../../../avr/lib/avrxmega6\libc.a(strtod.o)
 *(.progmem*)
 .progmem.data.PM_TWI1_UTIL_ONBOARD_SIM808_RING_R
                0x000004f5        0x5 src/serial_sim.o
                0x000004f5                PM_TWI1_UTIL_ONBOARD_SIM808_RING_R
 .progmem.data.PM_TWI1_UTIL_ONBOARD_SIM808_CGATT_R
                0x000004fa        0x9 src/serial_sim.o
                0x000004fa                PM_TWI1_UTIL_ONBOARD_SIM808_CGATT_R
 .progmem.data.PM_TWI1_UTIL_ONBOARD_SIM808_CREG_R_DDSS
                0x00000503       0x23 src/serial_sim.o
                0x00000503                PM_TWI1_UTIL_ONBOARD_SIM808_CREG_R_DDSS
 .progmem.data.PM_TWI1_UTIL_ONBOARD_SIM808_CREG_R_DSS
                0x00000526       0x20 src/serial_sim.o
                0x00000526                PM_TWI1_UTIL_ONBOARD_SIM808_CREG_R_DSS
 .progmem.data.PM_TWI1_UTIL_ONBOARD_SIM808_CREG_R_DD
                0x00000546        0xd src/serial_sim.o
                0x00000546                PM_TWI1_UTIL_ONBOARD_SIM808_CREG_R_DD
 .progmem.data.PM_TWI1_UTIL_ONBOARD_SIM808_UGNSINF_R
                0x00000553        0xa src/serial_sim.o
                0x00000553                PM_TWI1_UTIL_ONBOARD_SIM808_UGNSINF_R
 .progmem.data.PM_TWI1_UTIL_ONBOARD_SIM808_OK_R
                0x0000055d        0x3 src/serial_sim.o
                0x0000055d                PM_TWI1_UTIL_ONBOARD_SIM808_OK_R
 .progmem.data.PM_TWI1_INIT_ONBOARD_SIM808_GSM_GPRS_CIPSHUT
                0x00000560        0xd src/serial_sim.o
                0x00000560                PM_TWI1_INIT_ONBOARD_SIM808_GSM_GPRS_CIPSHUT
 .progmem.data.PM_TWI1_INIT_ONBOARD_SIM808_GSM_GPRS_CIPCLOSE
                0x0000056d        0xe src/serial_sim.o
                0x0000056d                PM_TWI1_INIT_ONBOARD_SIM808_GSM_GPRS_CIPCLOSE
 .progmem.data.PM_TWI1_INIT_ONBOARD_SIM808_GSM_GPRS_CTRL_Z
                0x0000057b        0x4 src/serial_sim.o
                0x0000057b                PM_TWI1_INIT_ONBOARD_SIM808_GSM_GPRS_CTRL_Z
 .progmem.data.PM_TWI1_INIT_ONBOARD_SIM808_GSM_GPRS_CIPSEND
                0x0000057f        0xd src/serial_sim.o
                0x0000057f                PM_TWI1_INIT_ONBOARD_SIM808_GSM_GPRS_CIPSEND
 .progmem.data.PM_TWI1_INIT_ONBOARD_SIM808_GSM_GPRS_CIPSTART
                0x0000058c       0x1d src/serial_sim.o
                0x0000058c                PM_TWI1_INIT_ONBOARD_SIM808_GSM_GPRS_CIPSTART
 .progmem.data.PM_TWI1_INIT_ONBOARD_SIM808_GSM_GPRS_CIFSR
                0x000005a9        0xb src/serial_sim.o
                0x000005a9                PM_TWI1_INIT_ONBOARD_SIM808_GSM_GPRS_CIFSR
 .progmem.data.PM_TWI1_INIT_ONBOARD_SIM808_GSM_GPRS_CIICR
                0x000005b4        0xb src/serial_sim.o
                0x000005b4                PM_TWI1_INIT_ONBOARD_SIM808_GSM_GPRS_CIICR
 .progmem.data.PM_TWI1_INIT_ONBOARD_SIM808_GSM_GPRS_CSTT_PARAM
                0x000005bf       0x19 src/serial_sim.o
                0x000005bf                PM_TWI1_INIT_ONBOARD_SIM808_GSM_GPRS_CSTT_PARAM
 .progmem.data.PM_TWI1_INIT_ONBOARD_SIM808_GSM_GPRS_CGATT
                0x000005d8        0xc src/serial_sim.o
                0x000005d8                PM_TWI1_INIT_ONBOARD_SIM808_GSM_GPRS_CGATT
 .progmem.data.PM_TWI1_INIT_ONBOARD_SIM808_GSM_GPRS_CREG
                0x000005e4        0xb src/serial_sim.o
                0x000005e4                PM_TWI1_INIT_ONBOARD_SIM808_GSM_GPRS_CREG
 .progmem.data.PM_TWI1_INIT_ONBOARD_SIM808_GPS_03
                0x000005ef       0x10 src/serial_sim.o
                0x000005ef                PM_TWI1_INIT_ONBOARD_SIM808_GPS_03
 .progmem.data.PM_TWI1_INIT_ONBOARD_SIM808_GPS_02
                0x000005ff        0xd src/serial_sim.o
                0x000005ff                PM_TWI1_INIT_ONBOARD_SIM808_GPS_02
 .progmem.data.PM_TWI1_INIT_ONBOARD_SIM808_GPS_01
                0x0000060c       0x10 src/serial_sim.o
                0x0000060c                PM_TWI1_INIT_ONBOARD_SIM808_GPS_01
 .progmem.data.PM_TWI1_INIT_ONBOARD_SIM808_INFO_01
                0x0000061c        0x6 src/serial_sim.o
                0x0000061c                PM_TWI1_INIT_ONBOARD_SIM808_INFO_01
 .progmem.data.PM_TWI1_INIT_ONBOARD_SIM808_CREG_X
                0x00000622        0xd src/serial_sim.o
                0x00000622                PM_TWI1_INIT_ONBOARD_SIM808_CREG_X
 .progmem.data.PM_TWI1_INIT_ONBOARD_SIM808_CMEE_X
                0x0000062f        0xd src/serial_sim.o
                0x0000062f                PM_TWI1_INIT_ONBOARD_SIM808_CMEE_X
 .progmem.data.PM_TWI1_INIT_ONBOARD_SIM808_ATE_X
                0x0000063c        0x8 src/serial_sim.o
                0x0000063c                PM_TWI1_INIT_ONBOARD_SIM808_ATE_X
 .progmem.data.PM_TWI1_INIT_ONBOARD_SIM808_IFC_XX
                0x00000644        0xf src/serial_sim.o
                0x00000644                PM_TWI1_INIT_ONBOARD_SIM808_IFC_XX
 .progmem.data.PM_TWI1_INIT_ONBOARD_SIM808_IPR_X
                0x00000653        0xd src/serial_sim.o
                0x00000653                PM_TWI1_INIT_ONBOARD_SIM808_IPR_X
 .progmem.data.PM_SET_CPOWD_X
                0x00000660        0xe src/serial_sim.o
                0x00000660                PM_SET_CPOWD_X
 .progmem.data.PM_SET_PIN_1
                0x0000066e       0x12 src/serial_sim.o
                0x0000066e                PM_SET_PIN_1
 .progmem.data.PM_SET_FUNC_1
                0x00000680        0xd src/serial_sim.o
                0x00000680                PM_SET_FUNC_1
 .progmem.data.PM_SIM808_INFO_WAIT_CONNECT
                0x0000068d       0x48 src/serial_sim.o
                0x0000068d                PM_SIM808_INFO_WAIT_CONNECT
 .progmem.data.PM_SIM808_INFO_SYNCED
                0x000006d5       0x24 src/serial_sim.o
                0x000006d5                PM_SIM808_INFO_SYNCED
 .progmem.data.PM_SIM808_INFO_RESTART
                0x000006f9       0x2a src/serial_sim.o
                0x000006f9                PM_SIM808_INFO_RESTART
 .progmem.data.PM_SIM808_INFO_START
                0x00000723       0x28 src/serial_sim.o
                0x00000723                PM_SIM808_INFO_START
 .progmem.data.PM_SIM808_INFO_LCD_WAIT
                0x0000074b       0x21 src/serial_sim.o
                0x0000074b                PM_SIM808_INFO_LCD_WAIT
 .progmem.data.PM_SIM808_INFO_LCD_INITED
                0x0000076c       0x21 src/serial_sim.o
                0x0000076c                PM_SIM808_INFO_LCD_INITED
 .progmem.data.PM_SIM808_INFO_LCD_RESTART
                0x0000078d       0x21 src/serial_sim.o
                0x0000078d                PM_SIM808_INFO_LCD_RESTART
 .progmem.data.PM_SIM808_INFO_LCD_START
                0x000007ae       0x21 src/serial_sim.o
                0x000007ae                PM_SIM808_INFO_LCD_START
 .progmem.data.PM_POCSAG_SKYPER_TIME
                0x000007cf       0x1c src/spi_ax.o
                0x000007cf                PM_POCSAG_SKYPER_TIME
 .progmem.data.PM_INFO_PART_PLL1C
                0x000007eb       0x1b src/usb.o
                0x000007eb                PM_INFO_PART_PLL1C
 .progmem.data.PM_INFO_PART_PLL1B
                0x00000806       0x17 src/usb.o
                0x00000806                PM_INFO_PART_PLL1B
 .progmem.data.PM_INFO_PART_PLL1A
                0x0000081d       0x28 src/usb.o
                0x0000081d                PM_INFO_PART_PLL1A
 .progmem.data.PM_INFO_PART_L2P4
                0x00000845       0x1f src/usb.o
                0x00000845                PM_INFO_PART_L2P4
 .progmem.data.PM_INFO_PART_L2P3B
                0x00000864       0x18 src/usb.o
                0x00000864                PM_INFO_PART_L2P3B
 .progmem.data.PM_INFO_PART_L2P3A
                0x0000087c       0x2d src/usb.o
                0x0000087c                PM_INFO_PART_L2P3A
 .progmem.data.PM_INFO_PART_L2P2B
                0x000008a9       0x18 src/usb.o
                0x000008a9                PM_INFO_PART_L2P2B
 .progmem.data.PM_INFO_PART_L2P2A
                0x000008c1       0x2f src/usb.o
                0x000008c1                PM_INFO_PART_L2P2A
 .progmem.data.PM_INFO_PART_L2P1B
                0x000008f0       0x17 src/usb.o
                0x000008f0                PM_INFO_PART_L2P1B
 .progmem.data.PM_INFO_PART_L2P1A
                0x00000907       0x2c src/usb.o
                0x00000907                PM_INFO_PART_L2P1A
 .progmem.data.PM_INFO_PART_L1P4A
                0x00000933       0x27 src/usb.o
                0x00000933                PM_INFO_PART_L1P4A
 .progmem.data.PM_INFO_PART_L1P3B
                0x0000095a       0x20 src/usb.o
                0x0000095a                PM_INFO_PART_L1P3B
 .progmem.data.PM_INFO_PART_L1P3A
                0x0000097a       0x2b src/usb.o
                0x0000097a                PM_INFO_PART_L1P3A
 .progmem.data.PM_INFO_PART_L1P2B
                0x000009a5       0x15 src/usb.o
                0x000009a5                PM_INFO_PART_L1P2B
 .progmem.data.PM_INFO_PART_L1P2A
                0x000009ba       0x26 src/usb.o
                0x000009ba                PM_INFO_PART_L1P2A
 .progmem.data.PM_INFO_PART_L1P1C
                0x000009e0       0x14 src/usb.o
                0x000009e0                PM_INFO_PART_L1P1C
 .progmem.data.PM_INFO_PART_L1P1B
                0x000009f4       0x2a src/usb.o
                0x000009f4                PM_INFO_PART_L1P1B
 .progmem.data.PM_INFO_PART_L1P1A
                0x00000a1e       0x35 src/usb.o
                0x00000a1e                PM_INFO_PART_L1P1A
 .progmem.data.PM_USBINIT_HEADER_4
                0x00000a53       0x24 src/usb.o
                0x00000a53                PM_USBINIT_HEADER_4
 .progmem.data.PM_USBINIT_HEADER_3
                0x00000a77       0x22 src/usb.o
                0x00000a77                PM_USBINIT_HEADER_3
 .progmem.data.PM_USBINIT_HEADER_2
                0x00000a99       0x26 src/usb.o
                0x00000a99                PM_USBINIT_HEADER_2
 .progmem.data.PM_USBINIT_HEADER_1
                0x00000abf        0x7 src/usb.o
                0x00000abf                PM_USBINIT_HEADER_1
 .progmem.data.PM_SINE_IP
                0x00000ac6      0x680 src/dds.o
                0x00000ac6                PM_SINE_IP
 .progmem.data.PM_SINE
                0x00001146     0x2000 src/dds.o
                0x00001146                PM_SINE
 .progmem.data.PM_UNKNOWN_01
                0x00003146       0x35 src/interpreter.o
                0x00003146                PM_UNKNOWN_01
 .progmem.data.PM_IP_CMD_xo
                0x0000317b        0x4 src/interpreter.o
                0x0000317b                PM_IP_CMD_xo
 .progmem.data.PM_IP_CMD_shut
                0x0000317f        0x5 src/interpreter.o
                0x0000317f                PM_IP_CMD_shut
 .progmem.data.PM_IP_CMD_sa
                0x00003184        0x3 src/interpreter.o
                0x00003184                PM_IP_CMD_sa
 .progmem.data.PM_IP_CMD_ric
                0x00003187        0x5 src/interpreter.o
                0x00003187                PM_IP_CMD_ric
 .progmem.data.PM_IP_CMD_reset
                0x0000318c        0x7 src/interpreter.o
                0x0000318c                PM_IP_CMD_reset
 .progmem.data.PM_IP_CMD_qnh_m
                0x00003193        0x7 src/interpreter.o
                0x00003193                PM_IP_CMD_qnh_m
 .progmem.data.PM_IP_CMD_qnh_auto
                0x0000319a        0x9 src/interpreter.o
                0x0000319a                PM_IP_CMD_qnh_auto
 .progmem.data.PM_IP_CMD_pt
                0x000031a3        0x4 src/interpreter.o
                0x000031a3                PM_IP_CMD_pt
 .progmem.data.PM_IP_CMD_m
                0x000031a7        0x3 src/interpreter.o
                0x000031a7                PM_IP_CMD_m
 .progmem.data.PM_IP_CMD_kb
                0x000031aa        0x4 src/interpreter.o
                0x000031aa                PM_IP_CMD_kb
 .progmem.data.PM_IP_CMD_info
                0x000031ae        0x6 src/interpreter.o
                0x000031ae                PM_IP_CMD_info
 .progmem.data.PM_IP_CMD_help
                0x000031b4        0x5 src/interpreter.o
                0x000031b4                PM_IP_CMD_help
 .progmem.data.PM_IP_CMD_gsm_pin
                0x000031b9        0x9 src/interpreter.o
                0x000031b9                PM_IP_CMD_gsm_pin
 .progmem.data.PM_IP_CMD_gsm_aprs
                0x000031c2        0xa src/interpreter.o
                0x000031c2                PM_IP_CMD_gsm_aprs
 .progmem.data.PM_IP_CMD_gsm_num
                0x000031cc        0x5 src/interpreter.o
                0x000031cc                PM_IP_CMD_gsm_num
 .progmem.data.PM_IP_CMD_env_t
                0x000031d1        0x7 src/interpreter.o
                0x000031d1                PM_IP_CMD_env_t
 .progmem.data.PM_IP_CMD_eb
                0x000031d8        0x4 src/interpreter.o
                0x000031d8                PM_IP_CMD_eb
 .progmem.data.PM_IP_CMD_dds
                0x000031dc        0x5 src/interpreter.o
                0x000031dc                PM_IP_CMD_dds
 .progmem.data.PM_IP_CMD_dac
                0x000031e1        0x5 src/interpreter.o
                0x000031e1                PM_IP_CMD_dac
 .progmem.data.PM_IP_CMD_chime
                0x000031e6        0x7 src/interpreter.o
                0x000031e6                PM_IP_CMD_chime
 .progmem.data.PM_IP_CMD_cal_gyro
                0x000031ed        0x9 src/interpreter.o
                0x000031ed                PM_IP_CMD_cal_gyro
 .progmem.data.PM_IP_CMD_cal_defaults
                0x000031f6        0xd src/interpreter.o
                0x000031f6                PM_IP_CMD_cal_defaults
 .progmem.data.PM_IP_CMD_cal_accelz
                0x00003203        0xb src/interpreter.o
                0x00003203                PM_IP_CMD_cal_accelz
 .progmem.data.PM_IP_CMD_cal_accely
                0x0000320e        0xb src/interpreter.o
                0x0000320e                PM_IP_CMD_cal_accely
 .progmem.data.PM_IP_CMD_cal_accelx
                0x00003219        0xb src/interpreter.o
                0x00003219                PM_IP_CMD_cal_accelx
 .progmem.data.PM_IP_CMD_bl
                0x00003224        0x4 src/interpreter.o
                0x00003224                PM_IP_CMD_bl
 .progmem.data.PM_IP_CMD_bias
                0x00003228        0x6 src/interpreter.o
                0x00003228                PM_IP_CMD_bias
 .progmem.data.PM_IP_CMD_A_slash
                0x0000322e        0x3 src/interpreter.o
                0x0000322e                PM_IP_CMD_A_slash
 .progmem.data.PM_IP_CMD_ax_pocsag
                0x00003231        0xb src/interpreter.o
                0x00003231                PM_IP_CMD_ax_pocsag
 .progmem.data.PM_IP_CMD_ax_aprs
                0x0000323c        0x9 src/interpreter.o
                0x0000323c                PM_IP_CMD_ax_aprs
 .progmem.data.PM_IP_CMD_ax_num
                0x00003245        0x4 src/interpreter.o
                0x00003245                PM_IP_CMD_ax_num
 .progmem.data.PM_IP_CMD_AT
                0x00003249        0x3 src/interpreter.o
                0x00003249                PM_IP_CMD_AT
 .progmem.data.PM_IP_CMD_aprs_pwd
                0x0000324c        0xa src/interpreter.o
                0x0000324c                PM_IP_CMD_aprs_pwd
 .progmem.data.PM_IP_CMD_aprs_user
                0x00003256        0xb src/interpreter.o
                0x00003256                PM_IP_CMD_aprs_user
 .progmem.data.PM_IP_CMD_aprs_ip_port
                0x00003261        0xe src/interpreter.o
                0x00003261                PM_IP_CMD_aprs_ip_port
 .progmem.data.PM_IP_CMD_aprs_ip_name
                0x0000326f        0xe src/interpreter.o
                0x0000326f                PM_IP_CMD_aprs_ip_name
 .progmem.data.PM_IP_CMD_aprs_ip_proto
                0x0000327d        0xf src/interpreter.o
                0x0000327d                PM_IP_CMD_aprs_ip_proto
 .progmem.data.PM_IP_CMD_aprs_link_pwd
                0x0000328c        0xc src/interpreter.o
                0x0000328c                PM_IP_CMD_aprs_link_pwd
 .progmem.data.PM_IP_CMD_aprs_link_user
                0x00003298        0xd src/interpreter.o
                0x00003298                PM_IP_CMD_aprs_link_user
 .progmem.data.PM_IP_CMD_aprs_link_name
                0x000032a5        0xd src/interpreter.o
                0x000032a5                PM_IP_CMD_aprs_link_name
 .progmem.data.PM_IP_CMD_aprs_ssid
                0x000032b2        0xb src/interpreter.o
                0x000032b2                PM_IP_CMD_aprs_ssid
 .progmem.data.PM_IP_CMD_aprs_call
                0x000032bd        0xb src/interpreter.o
                0x000032bd                PM_IP_CMD_aprs_call
 .progmem.data.PM_IP_CMD_aprs_ring
                0x000032c8        0xa src/interpreter.o
                0x000032c8                PM_IP_CMD_aprs_ring
 .progmem.data.PM_IP_CMD_aprs_num
                0x000032d2        0x6 src/interpreter.o
                0x000032d2                PM_IP_CMD_aprs_num
 .progmem.data.PM_IP_CMD_adc
                0x000032d8        0x5 src/interpreter.o
                0x000032d8                PM_IP_CMD_adc
 .progmem.data.PM_IP_CMD_CmdLine
                0x000032dd        0x5 src/interpreter.o
                0x000032dd                PM_IP_CMD_CmdLine
 .progmem.data.PM_IP_CMD_NewLine
                0x000032e2        0x3 src/interpreter.o
                0x000032e2                PM_IP_CMD_NewLine
 .progmem.data.PM_HELP_XO_2
                0x000032e5        0xe src/interpreter.o
                0x000032e5                PM_HELP_XO_2
 .progmem.data.PM_HELP_XO_1
                0x000032f3       0x24 src/interpreter.o
                0x000032f3                PM_HELP_XO_1
 .progmem.data.PM_HELP_SHUT_1
                0x00003317       0x1e src/interpreter.o
                0x00003317                PM_HELP_SHUT_1
 .progmem.data.PM_HELP_SA_1
                0x00003335       0x30 src/interpreter.o
                0x00003335                PM_HELP_SA_1
 .progmem.data.PM_HELP_RIC_1
                0x00003365       0x37 src/interpreter.o
                0x00003365                PM_HELP_RIC_1
 .progmem.data.PM_HELP_RESET_1
                0x0000339c       0x19 src/interpreter.o
                0x0000339c                PM_HELP_RESET_1
 .progmem.data.PM_HELP_QNH_M_1
                0x000033b5       0x29 src/interpreter.o
                0x000033b5                PM_HELP_QNH_M_1
 .progmem.data.PM_HELP_QNH_AUTO_1
                0x000033de       0x28 src/interpreter.o
                0x000033de                PM_HELP_QNH_AUTO_1
 .progmem.data.PM_HELP_PT_2
                0x00003406       0x20 src/interpreter.o
                0x00003406                PM_HELP_PT_2
 .progmem.data.PM_HELP_PT_1
                0x00003426       0x19 src/interpreter.o
                0x00003426                PM_HELP_PT_1
 .progmem.data.PM_HELP_M_1
                0x0000343f       0x1f src/interpreter.o
                0x0000343f                PM_HELP_M_1
 .progmem.data.PM_HELP_KB_1
                0x0000345e       0x1f src/interpreter.o
                0x0000345e                PM_HELP_KB_1
 .progmem.data.PM_HELP_INFO_4
                0x0000347d       0x16 src/interpreter.o
                0x0000347d                PM_HELP_INFO_4
 .progmem.data.PM_HELP_INFO_3
                0x00003493       0x14 src/interpreter.o
                0x00003493                PM_HELP_INFO_3
 .progmem.data.PM_HELP_INFO_2
                0x000034a7       0x15 src/interpreter.o
                0x000034a7                PM_HELP_INFO_2
 .progmem.data.PM_HELP_INFO_1
                0x000034bc       0x26 src/interpreter.o
                0x000034bc                PM_HELP_INFO_1
 .progmem.data.PM_HELP_HELP_2
                0x000034e2       0x20 src/interpreter.o
                0x000034e2                PM_HELP_HELP_2
 .progmem.data.PM_HELP_HELP_1
                0x00003502       0x1d src/interpreter.o
                0x00003502                PM_HELP_HELP_1
 .progmem.data.PM_HELP_GSM_3
                0x0000351f       0x2e src/interpreter.o
                0x0000351f                PM_HELP_GSM_3
 .progmem.data.PM_HELP_GSM_2
                0x0000354d       0x25 src/interpreter.o
                0x0000354d                PM_HELP_GSM_2
 .progmem.data.PM_HELP_GSM_1
                0x00003572       0x17 src/interpreter.o
                0x00003572                PM_HELP_GSM_1
 .progmem.data.PM_HELP_ENV_T_1
                0x00003589       0x2a src/interpreter.o
                0x00003589                PM_HELP_ENV_T_1
 .progmem.data.PM_HELP_EB_1
                0x000035b3       0x21 src/interpreter.o
                0x000035b3                PM_HELP_EB_1
 .progmem.data.PM_HELP_DDS_3
                0x000035d4       0x26 src/interpreter.o
                0x000035d4                PM_HELP_DDS_3
 .progmem.data.PM_HELP_DDS_2
                0x000035fa        0xe src/interpreter.o
                0x000035fa                PM_HELP_DDS_2
 .progmem.data.PM_HELP_DDS_1
                0x00003608       0x22 src/interpreter.o
                0x00003608                PM_HELP_DDS_1
 .progmem.data.PM_HELP_DAC_2
                0x0000362a       0x13 src/interpreter.o
                0x0000362a                PM_HELP_DAC_2
 .progmem.data.PM_HELP_DAC_1
                0x0000363d       0x19 src/interpreter.o
                0x0000363d                PM_HELP_DAC_1
 .progmem.data.PM_HELP_CHIME_1
                0x00003656       0x37 src/interpreter.o
                0x00003656                PM_HELP_CHIME_1
 .progmem.data.PM_HELP_CAL_6
                0x0000368d       0x25 src/interpreter.o
                0x0000368d                PM_HELP_CAL_6
 .progmem.data.PM_HELP_CAL_5
                0x000036b2       0x30 src/interpreter.o
                0x000036b2                PM_HELP_CAL_5
 .progmem.data.PM_HELP_CAL_4
                0x000036e2       0x30 src/interpreter.o
                0x000036e2                PM_HELP_CAL_4
 .progmem.data.PM_HELP_CAL_3
                0x00003712       0x30 src/interpreter.o
                0x00003712                PM_HELP_CAL_3
 .progmem.data.PM_HELP_CAL_2
                0x00003742        0xd src/interpreter.o
                0x00003742                PM_HELP_CAL_2
 .progmem.data.PM_HELP_CAL_1
                0x0000374f       0x25 src/interpreter.o
                0x0000374f                PM_HELP_CAL_1
 .progmem.data.PM_HELP_BL_2
                0x00003774       0x23 src/interpreter.o
                0x00003774                PM_HELP_BL_2
 .progmem.data.PM_HELP_BL_1
                0x00003797       0x1c src/interpreter.o
                0x00003797                PM_HELP_BL_1
 .progmem.data.PM_HELP_BIAS_2
                0x000037b3       0x14 src/interpreter.o
                0x000037b3                PM_HELP_BIAS_2
 .progmem.data.PM_HELP_BIAS_1
                0x000037c7       0x1b src/interpreter.o
                0x000037c7                PM_HELP_BIAS_1
 .progmem.data.PM_HELP_AX_3
                0x000037e2       0x2c src/interpreter.o
                0x000037e2                PM_HELP_AX_3
 .progmem.data.PM_HELP_AX_2
                0x0000380e       0x28 src/interpreter.o
                0x0000380e                PM_HELP_AX_2
 .progmem.data.PM_HELP_AX_1
                0x00003836       0x36 src/interpreter.o
                0x00003836                PM_HELP_AX_1
 .progmem.data.PM_HELP_AT_1
                0x0000386c       0x21 src/interpreter.o
                0x0000386c                PM_HELP_AT_1
 .progmem.data.PM_HELP_APRS_12
                0x0000388d       0x25 src/interpreter.o
                0x0000388d                PM_HELP_APRS_12
 .progmem.data.PM_HELP_APRS_11
                0x000038b2       0x28 src/interpreter.o
                0x000038b2                PM_HELP_APRS_11
 .progmem.data.PM_HELP_APRS_10
                0x000038da       0x23 src/interpreter.o
                0x000038da                PM_HELP_APRS_10
 .progmem.data.PM_HELP_APRS_9
                0x000038fd       0x26 src/interpreter.o
                0x000038fd                PM_HELP_APRS_9
 .progmem.data.PM_HELP_APRS_8
                0x00003923       0x31 src/interpreter.o
                0x00003923                PM_HELP_APRS_8
 .progmem.data.PM_HELP_APRS_7
                0x00003954       0x28 src/interpreter.o
                0x00003954                PM_HELP_APRS_7
 .progmem.data.PM_HELP_APRS_6
                0x0000397c       0x2b src/interpreter.o
                0x0000397c                PM_HELP_APRS_6
 .progmem.data.PM_HELP_APRS_5
                0x000039a7       0x25 src/interpreter.o
                0x000039a7                PM_HELP_APRS_5
 .progmem.data.PM_HELP_APRS_4
                0x000039cc       0x18 src/interpreter.o
                0x000039cc                PM_HELP_APRS_4
 .progmem.data.PM_HELP_APRS_3
                0x000039e4       0x1a src/interpreter.o
                0x000039e4                PM_HELP_APRS_3
 .progmem.data.PM_HELP_APRS_2
                0x000039fe       0x2f src/interpreter.o
                0x000039fe                PM_HELP_APRS_2
 .progmem.data.PM_HELP_APRS_1
                0x00003a2d       0x18 src/interpreter.o
                0x00003a2d                PM_HELP_APRS_1
 .progmem.data.PM_HELP_ADC_2
                0x00003a45       0x1c src/interpreter.o
                0x00003a45                PM_HELP_ADC_2
 .progmem.data.PM_HELP_ADC_1
                0x00003a61       0x22 src/interpreter.o
                0x00003a61                PM_HELP_ADC_1
 .progmem.data.PM_HELP__HASH_1
                0x00003a83       0x2b src/interpreter.o
                0x00003a83                PM_HELP__HASH_1
 .progmem.data.PM_HELP_HDR_2
                0x00003aae       0x1f src/interpreter.o
                0x00003aae                PM_HELP_HDR_2
 .progmem.data.PM_HELP_HDR_1
                0x00003acd       0x15 src/interpreter.o
                0x00003acd                PM_HELP_HDR_1
 .progmem.data.PM_TWIINIT_ACCEL
                0x00003ae2        0x7 src/twi_1_2.o
                0x00003ae2                PM_TWIINIT_ACCEL
 .progmem.data.PM_TWIINIT_MAGNETICS
                0x00003ae9        0xa src/twi_1_2.o
                0x00003ae9                PM_TWIINIT_MAGNETICS
 .progmem.data.PM_TWIINIT_GZ
                0x00003af3        0x3 src/twi_1_2.o
                0x00003af3                PM_TWIINIT_GZ
 .progmem.data.PM_TWIINIT_GY
                0x00003af6        0x3 src/twi_1_2.o
                0x00003af6                PM_TWIINIT_GY
 .progmem.data.PM_TWIINIT_GX
                0x00003af9        0x3 src/twi_1_2.o
                0x00003af9                PM_TWIINIT_GX
 .progmem.data.PM_TWIINIT_P100
                0x00003afc        0x2 src/twi_1_2.o
                0x00003afc                PM_TWIINIT_P100
 .progmem.data.PM_TWIINIT_V
                0x00003afe        0x2 src/twi_1_2.o
                0x00003afe                PM_TWIINIT_V
 .progmem.data.PM_TWIINIT_C
                0x00003b00        0x2 src/twi_1_2.o
                0x00003b00                PM_TWIINIT_C
 .progmem.data.PM_TWIINIT_QNH
                0x00003b02        0xa src/twi_1_2.o
                0x00003b02                PM_TWIINIT_QNH
 .progmem.data.PM_TWIINIT_DP_TEMP
                0x00003b0c        0xa src/twi_1_2.o
                0x00003b0c                PM_TWIINIT_DP_TEMP
 .progmem.data.PM_TWIINIT_ENV_RELH
                0x00003b16        0xa src/twi_1_2.o
                0x00003b16                PM_TWIINIT_ENV_RELH
 .progmem.data.PM_TWIINIT_ENV_TEMP
                0x00003b20        0xa src/twi_1_2.o
                0x00003b20                PM_TWIINIT_ENV_TEMP
 .progmem.data.PM_TWIINIT_MP_UVCTCXO
                0x00003b2a        0xa src/twi_1_2.o
                0x00003b2a                PM_TWIINIT_MP_UVCTCXO
 .progmem.data.PM_TWIINIT_MP_UBAT
                0x00003b34        0x7 src/twi_1_2.o
                0x00003b34                PM_TWIINIT_MP_UBAT
 .progmem.data.PM_TWIINIT_MP_UUSB
                0x00003b3b        0x7 src/twi_1_2.o
                0x00003b3b                PM_TWIINIT_MP_UUSB
 .progmem.data.PM_TWIINIT_MP_TEMP
                0x00003b42        0xa src/twi_1_2.o
                0x00003b42                PM_TWIINIT_MP_TEMP
 .progmem.data.PM_TWIINIT_DATE_TIME
                0x00003b4c       0x18 src/twi_1_2.o
                0x00003b4c                PM_TWIINIT_DATE_TIME
 .progmem.data.PM_TWIHEADER_BY_DF4IAH
                0x00003b64        0xa src/twi_1_2.o
                0x00003b64                PM_TWIHEADER_BY_DF4IAH
 .progmem.data.PM_TWIHEADER_FINDMESAT
                0x00003b6e        0xa src/twi_1_2.o
                0x00003b6e                PM_TWIHEADER_FINDMESAT
 .progmem.data.PM_TWI1_INIT_ONBOARD_01
                0x00003b78       0x10 src/twi_1_2.o
                0x00003b78                PM_TWI1_INIT_ONBOARD_01
 .progmem.data.PM_TWI1_INIT_ONBOARD_BARO_OK
                0x00003b88       0x1c src/twi_1_2.o
                0x00003b88                PM_TWI1_INIT_ONBOARD_BARO_OK
 .progmem.data.PM_TWI1_INIT_BARO_06
                0x00003ba4       0x31 src/twi_1_2.o
                0x00003ba4                PM_TWI1_INIT_BARO_06
 .progmem.data.PM_TWI1_INIT_BARO_05
                0x00003bd5       0x1e src/twi_1_2.o
                0x00003bd5                PM_TWI1_INIT_BARO_05
 .progmem.data.PM_TWI1_INIT_BARO_04
                0x00003bf3       0x35 src/twi_1_2.o
                0x00003bf3                PM_TWI1_INIT_BARO_04
 .progmem.data.PM_TWI1_INIT_BARO_03
                0x00003c28       0x37 src/twi_1_2.o
                0x00003c28                PM_TWI1_INIT_BARO_03
 .progmem.data.PM_TWI1_INIT_BARO_02
                0x00003c5f       0x35 src/twi_1_2.o
                0x00003c5f                PM_TWI1_INIT_BARO_02
 .progmem.data.PM_TWI1_INIT_BARO_01
                0x00003c94       0x3d src/twi_1_2.o
                0x00003c94                PM_TWI1_INIT_BARO_01
 .progmem.data.PM_TWI1_INIT_ONBOARD_GYRO_OK
                0x00003cd1       0x1c src/twi_1_2.o
                0x00003cd1                PM_TWI1_INIT_ONBOARD_GYRO_OK
 .progmem.data.PM_TWI1_INIT_GYRO_05
                0x00003ced       0x31 src/twi_1_2.o
                0x00003ced                PM_TWI1_INIT_GYRO_05
 .progmem.data.PM_TWI1_INIT_GYRO_04
                0x00003d1e       0x1e src/twi_1_2.o
                0x00003d1e                PM_TWI1_INIT_GYRO_04
 .progmem.data.PM_TWI1_INIT_GYRO_03
                0x00003d3c       0x3d src/twi_1_2.o
                0x00003d3c                PM_TWI1_INIT_GYRO_03
 .progmem.data.PM_TWI1_INIT_GYRO_02
                0x00003d79       0x3c src/twi_1_2.o
                0x00003d79                PM_TWI1_INIT_GYRO_02
 .progmem.data.PM_TWI1_INIT_GYRO_01
                0x00003db5       0x3f src/twi_1_2.o
                0x00003db5                PM_TWI1_INIT_GYRO_01
 .progmem.data.PM_TWI1_INIT_ONBOARD_HYGRO_OK
                0x00003df4       0x1c src/twi_1_2.o
                0x00003df4                PM_TWI1_INIT_ONBOARD_HYGRO_OK
 .progmem.data.PM_TWI1_INIT_HYGRO_05
                0x00003e10       0x31 src/twi_1_2.o
                0x00003e10                PM_TWI1_INIT_HYGRO_05
 .progmem.data.PM_TWI1_INIT_HYGRO_04
                0x00003e41       0x1e src/twi_1_2.o
                0x00003e41                PM_TWI1_INIT_HYGRO_04
 .progmem.data.PM_TWI1_INIT_HYGRO_03
                0x00003e5f       0x35 src/twi_1_2.o
                0x00003e5f                PM_TWI1_INIT_HYGRO_03
 .progmem.data.PM_TWI1_INIT_HYGRO_02
                0x00003e94       0x47 src/twi_1_2.o
                0x00003e94                PM_TWI1_INIT_HYGRO_02
 .progmem.data.PM_TWI1_INIT_HYGRO_01
                0x00003edb       0x37 src/twi_1_2.o
                0x00003edb                PM_TWI1_INIT_HYGRO_01
 .progmem.data.PM_FORMAT_KMPH
                0x00003f12        0x4 src/twi_1_2.o
                0x00003f12                PM_FORMAT_KMPH
 .progmem.data.PM_FORMAT_07F2
                0x00003f16        0x7 src/twi_1_2.o
                0x00003f16                PM_FORMAT_07F2
 .progmem.data.PM_FORMAT_05F2
                0x00003f1d        0x7 src/twi_1_2.o
                0x00003f1d                PM_FORMAT_05F2
 .progmem.data.PM_FORMAT_05LD
                0x00003f24        0x6 src/twi_1_2.o
                0x00003f24                PM_FORMAT_05LD
 .progmem.data.PM_FORMAT_5F3
                0x00003f2a        0x6 src/twi_1_2.o
                0x00003f2a                PM_FORMAT_5F3
 .progmem.data.PM_FORMAT_5F1
                0x00003f30        0x6 src/twi_1_2.o
                0x00003f30                PM_FORMAT_5F1
 .progmem.data.PM_FORMAT_4F1
                0x00003f36        0x6 src/twi_1_2.o
                0x00003f36                PM_FORMAT_4F1
 .progmem.data.PM_FORMAT_4LD
                0x00003f3c        0x5 src/twi_1_2.o
                0x00003f3c                PM_FORMAT_4LD
 .progmem.data.PM_FORMAT_03LD
                0x00003f41        0x6 src/twi_1_2.o
                0x00003f41                PM_FORMAT_03LD
 .progmem.data.PM_FORMAT_02LD
                0x00003f47        0x6 src/twi_1_2.o
                0x00003f47                PM_FORMAT_02LD
 .progmem.data.PM_DEBUG_MAIN_1PPS_2
                0x00003f4d       0x1c src/main.o
                0x00003f4d                PM_DEBUG_MAIN_1PPS_2
 .progmem.data.PM_DEBUG_MAIN_1PPS_1
                0x00003f69       0x39 src/main.o
                0x00003f69                PM_DEBUG_MAIN_1PPS_1
 .progmem.data.PM_CALIBRATION_ACCELZ_END
                0x00003fa2       0x1d src/main.o
                0x00003fa2                PM_CALIBRATION_ACCELZ_END
 .progmem.data.PM_CALIBRATION_ACCELZ_START
                0x00003fbf       0x23 src/main.o
                0x00003fbf                PM_CALIBRATION_ACCELZ_START
 .progmem.data.PM_CALIBRATION_ACCELY_END
                0x00003fe2       0x1d src/main.o
                0x00003fe2                PM_CALIBRATION_ACCELY_END
 .progmem.data.PM_CALIBRATION_ACCELY_START
                0x00003fff       0x23 src/main.o
                0x00003fff                PM_CALIBRATION_ACCELY_START
 .progmem.data.PM_CALIBRATION_ACCELX_END
                0x00004022       0x1d src/main.o
                0x00004022                PM_CALIBRATION_ACCELX_END
 .progmem.data.PM_CALIBRATION_ACCELX_START
                0x0000403f       0x23 src/main.o
                0x0000403f                PM_CALIBRATION_ACCELX_START
 .progmem.data.PM_CALIBRATION_GYRO_END
                0x00004062       0x1d src/main.o
                0x00004062                PM_CALIBRATION_GYRO_END
 .progmem.data.PM_CALIBRATION_GYRO_START
                0x0000407f       0x23 src/main.o
                0x0000407f                PM_CALIBRATION_GYRO_START
 .progmem.data.PM_TWI1_SHUT_01
                0x000040a2       0x12 src/main.o
                0x000040a2                PM_TWI1_SHUT_01
 .progmem.data.PM_SIM808_INFO_READY
                0x000040b4       0x1d src/main.o
                0x000040b4                PM_SIM808_INFO_READY
 .progmem.data.PM_SIM808_INFO_LCD_READY
                0x000040d1       0x1f src/main.o
                0x000040d1                PM_SIM808_INFO_LCD_READY
 .progmem.data.PM_GSM_IP_PROTO_UDP_STR
                0x000040f0        0x4 src/main.o
                0x000040f0                PM_GSM_IP_PROTO_UDP_STR
 .progmem.data.PM_GSM_IP_PROTO_TCP_STR
                0x000040f4        0x4 src/main.o
                0x000040f4                PM_GSM_IP_PROTO_TCP_STR
 .progmem.data.PM_APRS_TX_MSGEND
                0x000040f8        0x3 src/main.o
                0x000040f8                PM_APRS_TX_MSGEND
 .progmem.data.PM_APRS_TX_N4
                0x000040fb       0x23 src/main.o
                0x000040fb                PM_APRS_TX_N4
 .progmem.data.PM_APRS_TX_N3
                0x0000411e       0x26 src/main.o
                0x0000411e                PM_APRS_TX_N3
 .progmem.data.PM_APRS_TX_N2
                0x00004144       0x23 src/main.o
                0x00004144                PM_APRS_TX_N2
 .progmem.data.PM_APRS_TX_N1
                0x00004167       0x26 src/main.o
                0x00004167                PM_APRS_TX_N1
 .progmem.data.PM_APRS_TX_POS_SPD_HDG
                0x0000418d       0x25 src/main.o
                0x0000418d                PM_APRS_TX_POS_SPD_HDG
 .progmem.data.PM_APRS_TX_FORWARD
                0x000041b2       0x12 src/main.o
                0x000041b2                PM_APRS_TX_FORWARD
 .progmem.data.PM_APRS_TX_LOGIN
                0x000041c4       0x1d src/main.o
                0x000041c4                PM_APRS_TX_LOGIN
 .progmem.data.PM_APRS_TX_HTTP_L4
                0x000041e1       0x1c src/main.o
                0x000041e1                PM_APRS_TX_HTTP_L4
 .progmem.data.PM_APRS_TX_HTTP_L3
                0x000041fd       0x29 src/main.o
                0x000041fd                PM_APRS_TX_HTTP_L3
 .progmem.data.PM_APRS_TX_HTTP_L2
                0x00004226       0x15 src/main.o
                0x00004226                PM_APRS_TX_HTTP_L2
 .progmem.data.PM_APRS_TX_HTTP_L1
                0x0000423b       0x12 src/main.o
                0x0000423b                PM_APRS_TX_HTTP_L1
 .progmem.data.PM_POCSAG_TX_SPD_HDG_POS
                0x0000424d       0x2f src/main.o
                0x0000424d                PM_POCSAG_TX_SPD_HDG_POS
 .progmem.data.PM_POCSAG_TX_MSG_SRCCALL
                0x0000427c        0x5 src/main.o
                0x0000427c                PM_POCSAG_TX_MSG_SRCCALL
                0x00004282                . = ALIGN (0x2)
 *fill*         0x00004281        0x1 
 *(.jumptables)
 *(.jumptables*)
 *(.lowtext)
 *(.lowtext*)
                0x00004282                __ctors_start = .
 *(.ctors)
                0x00004282                __ctors_end = .
                0x00004282                __dtors_start = .
 *(.dtors)
                0x00004282                __dtors_end = .
 SORT(*)(.ctors)
 SORT(*)(.dtors)
 *(.init0)
 .init0         0x00004282        0x0 C:/Program Files (x86)/Atmel/Studio/7.0/Packs/Atmel/XMEGAA_DFP/1.1.68/gcc/dev/atxmega256a3bu/avrxmega6/crtatxmega256a3bu.o
                0x00004282                __init
 *(.init0)
 *(.init1)
 *(.init1)
 *(.init2)
 .init2         0x00004282       0x10 C:/Program Files (x86)/Atmel/Studio/7.0/Packs/Atmel/XMEGAA_DFP/1.1.68/gcc/dev/atxmega256a3bu/avrxmega6/crtatxmega256a3bu.o
 *(.init2)
 *(.init3)
 *(.init3)
 *(.init4)
 .init4         0x00004292       0x1a c:/program files (x86)/atmel/studio/7.0/toolchain/avr8/avr8-gnu-toolchain/bin/../lib/gcc/avr/5.4.0/avrxmega6\libgcc.a(_copy_data.o)
                0x00004292                __do_copy_data
 .init4         0x000042ac       0x10 c:/program files (x86)/atmel/studio/7.0/toolchain/avr8/avr8-gnu-toolchain/bin/../lib/gcc/avr/5.4.0/avrxmega6\libgcc.a(_clear_bss.o)
                0x000042ac                __do_clear_bss
 *(.init4)
 *(.init5)
 *(.init5)
 *(.init6)
 *(.init6)
 *(.init7)
 *(.init7)
 *(.init8)
 *(.init8)
 *(.init9)
 .init9         0x000042bc        0x8 C:/Program Files (x86)/Atmel/Studio/7.0/Packs/Atmel/XMEGAA_DFP/1.1.68/gcc/dev/atxmega256a3bu/avrxmega6/crtatxmega256a3bu.o
 *(.init9)
 *(.text)
 .text          0x000042c4        0x4 C:/Program Files (x86)/Atmel/Studio/7.0/Packs/Atmel/XMEGAA_DFP/1.1.68/gcc/dev/atxmega256a3bu/avrxmega6/crtatxmega256a3bu.o
                0x000042c4                __vector_38
                0x000042c4                __vector_104
                0x000042c4                __vector_63
                0x000042c4                __vector_28
                0x000042c4                __vector_67
                0x000042c4                __vector_1
                0x000042c4                __vector_32
                0x000042c4                __vector_75
                0x000042c4                __vector_91
                0x000042c4                __vector_34
                0x000042c4                __vector_62
                0x000042c4                __vector_102
                0x000042c4                __vector_24
                0x000042c4                __vector_12
                0x000042c4                __vector_69
                0x000042c4                __vector_90
                0x000042c4                __bad_interrupt
                0x000042c4                __vector_122
                0x000042c4                __vector_114
                0x000042c4                __vector_31
                0x000042c4                __vector_92
                0x000042c4                __vector_35
                0x000042c4                __vector_117
                0x000042c4                __vector_107
                0x000042c4                __vector_3
                0x000042c4                __vector_105
                0x000042c4                __vector_98
                0x000042c4                __vector_68
                0x000042c4                __vector_30
                0x000042c4                __vector_45
                0x000042c4                __vector_25
                0x000042c4                __vector_93
                0x000042c4                __vector_61
                0x000042c4                __vector_99
                0x000042c4                __vector_123
                0x000042c4                __vector_100
                0x000042c4                __vector_101
                0x000042c4                __vector_64
                0x000042c4                __vector_88
                0x000042c4                __vector_43
                0x000042c4                __vector_27
                0x000042c4                __vector_5
                0x000042c4                __vector_33
                0x000042c4                __vector_76
                0x000042c4                __vector_115
                0x000042c4                __vector_37
                0x000042c4                __vector_95
                0x000042c4                __vector_103
                0x000042c4                __vector_96
                0x000042c4                __vector_89
                0x000042c4                __vector_44
                0x000042c4                __vector_106
                0x000042c4                __vector_118
                0x000042c4                __vector_2
                0x000042c4                __vector_66
                0x000042c4                __vector_36
                0x000042c4                __vector_58
                0x000042c4                __vector_70
                0x000042c4                __vector_29
                0x000042c4                __vector_60
                0x000042c4                __vector_94
                0x000042c4                __vector_26
                0x000042c4                __vector_124
                0x000042c4                __vector_116
                0x000042c4                __vector_57
                0x000042c4                __vector_10
                0x000042c4                __vector_59
                0x000042c4                __vector_97
                0x000042c4                __vector_87
                0x000042c4                __vector_65
                0x000042c4                __vector_120
                0x000042c8                . = ALIGN (0x2)
 *(.text.*)
 .text.spi_master_init
                0x000042c8       0x4a src/ASF/common/services/spi/xmega_spi/spi_master.o
                0x000042c8                spi_master_init
 .text.spi_master_setup_device
                0x00004312       0x3c src/ASF/common/services/spi/xmega_spi/spi_master.o
                0x00004312                spi_master_setup_device
 .text.spi_write_packet
                0x0000434e       0x22 src/ASF/common/services/spi/xmega_spi/spi_master.o
                0x0000434e                spi_write_packet
 .text.spi_read_packet
                0x00004370       0x26 src/ASF/common/services/spi/xmega_spi/spi_master.o
                0x00004370                spi_read_packet
 .text.spi_select_device
                0x00004396       0x2c src/ASF/common/services/spi/xmega_spi/spi_master.o
                0x00004396                spi_select_device
 .text.spi_deselect_device
                0x000043c2       0x2c src/ASF/common/services/spi/xmega_spi/spi_master.o
                0x000043c2                spi_deselect_device
 .text.spi_xmega_set_baud_div
                0x000043ee       0x90 src/ASF/xmega/drivers/spi/spi.o
                0x000043ee                spi_xmega_set_baud_div
 .text.__vector_119
                0x0000447e       0x7e src/serial_sim.o
                0x0000447e                __vector_119
 .text.__vector_121
                0x000044fc       0x8e src/serial_sim.o
                0x000044fc                __vector_121
 .text.serial_sim808_send
                0x0000458a       0xc8 src/serial_sim.o
                0x0000458a                serial_sim808_send
 .text.serial_init
                0x00004652      0x29c src/serial_sim.o
                0x00004652                serial_init
 .text.serial_shutdown
                0x000048ee       0x3c src/serial_sim.o
                0x000048ee                serial_shutdown
 .text.task_serial
                0x0000492a      0x282 src/serial_sim.o
                0x0000492a                task_serial
 .text.serial_sim808_sendAndResponse
                0x00004bac       0x2e src/serial_sim.o
                0x00004bac                serial_sim808_sendAndResponse
 .text.serial_send_gns_urc
                0x00004bda       0x56 src/serial_sim.o
                0x00004bda                serial_send_gns_urc
 .text.serial_gsm_gprs_ip_openClose
                0x00004c30      0x1c4 src/serial_sim.o
                0x00004c30                serial_gsm_gprs_ip_openClose
 .text.serial_gsm_rx_creg
                0x00004df4       0x96 src/serial_sim.o
                0x00004df4                serial_gsm_rx_creg
 .text.serial_sim808_gsm_setFuncMode
                0x00004e8a       0x60 src/serial_sim.o
                0x00004e8a                serial_sim808_gsm_setFuncMode
 .text.serial_gsm_activation
                0x00004eea      0x20e src/serial_sim.o
                0x00004eea                serial_gsm_activation
 .text.serial_start
                0x000050f8      0x694 src/serial_sim.o
                0x000050f8                serial_start
 .text.serial_gsm_gprs_link_openClose
                0x0000578c      0x26c src/serial_sim.o
                0x0000578c                serial_gsm_gprs_link_openClose
 .text.serial_sim808_gsm_shutdown
                0x000059f8      0x164 src/serial_sim.o
                0x000059f8                serial_sim808_gsm_shutdown
 .text.serial_gsm_rx_cgatt
                0x00005b5c      0x166 src/serial_sim.o
                0x00005b5c                serial_gsm_rx_cgatt
 .text.serial_filter_inStream.part.4
                0x00005cc2      0x864 src/serial_sim.o
 .text.spi_ax_transport.constprop.19
                0x00006526      0x294 src/spi_ax.o
 .text.spi_ax_util_PR1200_Tx_FIFO_AddressField.part.3
                0x000067ba      0x2e8 src/spi_ax.o
 .text.spi_ax_selectVcoFreq.constprop.7
                0x00006aa2       0xea src/spi_ax.o
 .text.ax_pocsag_analyze_msg_tgtFunc_get
                0x00006b8c       0x86 src/spi_ax.o
                0x00006b8c                ax_pocsag_analyze_msg_tgtFunc_get
 .text.spi_ax_pocsag_skyper_RIC2ActivationString
                0x00006c12       0x98 src/spi_ax.o
                0x00006c12                spi_ax_pocsag_skyper_RIC2ActivationString
 .text.spi_ax_pocsag_skyper_TimeString
                0x00006caa       0x9e src/spi_ax.o
                0x00006caa                spi_ax_pocsag_skyper_TimeString
 .text.spi_ax_transport
                0x00006d48      0x2e4 src/spi_ax.o
                0x00006d48                spi_ax_transport
 .text.spi_ax_initRegisters_FSK
                0x0000702c      0x216 src/spi_ax.o
                0x0000702c                spi_ax_initRegisters_FSK
 .text.spi_ax_initRegisters_PR1200
                0x00007242      0x2b6 src/spi_ax.o
                0x00007242                spi_ax_initRegisters_PR1200
 .text.spi_ax_initRegisters_PR1200_Tx
                0x000074f8       0x9a src/spi_ax.o
                0x000074f8                spi_ax_initRegisters_PR1200_Tx
 .text.spi_ax_initRegisters_PR1200_Rx
                0x00007592       0xb8 src/spi_ax.o
                0x00007592                spi_ax_initRegisters_PR1200_Rx
 .text.spi_ax_run_PR1200_Tx_FIFO_APRS
                0x0000764a      0x156 src/spi_ax.o
                0x0000764a                spi_ax_run_PR1200_Tx_FIFO_APRS
 .text.spi_ax_initRegisters_POCSAG
                0x000077a0      0x3c8 src/spi_ax.o
                0x000077a0                spi_ax_initRegisters_POCSAG
 .text.spi_ax_util_POCSAG_Tx_FIFO_Batches
                0x00007b68      0x618 src/spi_ax.o
                0x00007b68                spi_ax_util_POCSAG_Tx_FIFO_Batches
 .text.spi_ax_run_POCSAG_Tx_FIFO_Msg
                0x00008180       0xa0 src/spi_ax.o
                0x00008180                spi_ax_run_POCSAG_Tx_FIFO_Msg
 .text.spi_ax_initRegisters_AnlogFM_Rx
                0x00008220       0x78 src/spi_ax.o
                0x00008220                spi_ax_initRegisters_AnlogFM_Rx
 .text.spi_ax_setRegisters
                0x00008298      0xde2 src/spi_ax.o
                0x00008298                spi_ax_setRegisters
 .text.spi_ax_setRegisters.constprop.11
                0x0000907a      0x83c src/spi_ax.o
 .text.spi_ax_setRegisters.constprop.12
                0x000098b6      0x5e8 src/spi_ax.o
 .text.spi_ax_doRanging
                0x00009e9e      0x4b0 src/spi_ax.o
                0x00009e9e                spi_ax_doRanging
 .text.spi_ax_init_PR1200_Tx
                0x0000a34e      0x130 src/spi_ax.o
                0x0000a34e                spi_ax_init_PR1200_Tx
 .text.spi_ax_init_POCSAG_Tx
                0x0000a47e      0x226 src/spi_ax.o
                0x0000a47e                spi_ax_init_POCSAG_Tx
 .text.spi_init
                0x0000a6a4       0xb0 src/spi_ax.o
                0x0000a6a4                spi_init
 .text.spi_start
                0x0000a754       0x4e src/spi_ax.o
                0x0000a754                spi_start
 .text.udi_write_tx_msg_P
                0x0000a7a2       0xc8 src/usb.o
                0x0000a7a2                udi_write_tx_msg_P
 .text.udi_write_tx_buf
                0x0000a86a      0x10a src/usb.o
                0x0000a86a                udi_write_tx_buf
 .text.udi_write_serial_line
                0x0000a974       0xf4 src/usb.o
                0x0000a974                udi_write_serial_line
 .text.usb_init
                0x0000aa68      0x2ea src/usb.o
                0x0000aa68                usb_init
 .text.usb_callback_suspend_action
                0x0000ad52        0x2 src/usb.o
                0x0000ad52                usb_callback_suspend_action
 .text.usb_callback_resume_action
                0x0000ad54        0x2 src/usb.o
                0x0000ad54                usb_callback_resume_action
 .text.usb_callback_remotewakeup_enable
                0x0000ad56        0x2 src/usb.o
                0x0000ad56                usb_callback_remotewakeup_enable
 .text.usb_callback_remotewakeup_disable
                0x0000ad58        0x2 src/usb.o
                0x0000ad58                usb_callback_remotewakeup_disable
 .text.usb_callback_cdc_enable
                0x0000ad5a        0x8 src/usb.o
                0x0000ad5a                usb_callback_cdc_enable
 .text.usb_callback_cdc_disable
                0x0000ad62        0x6 src/usb.o
                0x0000ad62                usb_callback_cdc_disable
 .text.usb_callback_config
                0x0000ad68        0x2 src/usb.o
                0x0000ad68                usb_callback_config
 .text.usb_callback_cdc_set_dtr
                0x0000ad6a        0x2 src/usb.o
                0x0000ad6a                usb_callback_cdc_set_dtr
 .text.usb_callback_cdc_set_rts
                0x0000ad6c        0x2 src/usb.o
                0x0000ad6c                usb_callback_cdc_set_rts
 .text.usb_callback_rx_notify
                0x0000ad6e        0x8 src/usb.o
                0x0000ad6e                usb_callback_rx_notify
 .text.usb_callback_tx_empty_notify
                0x0000ad76        0x6 src/usb.o
                0x0000ad76                usb_callback_tx_empty_notify
 .text.task_usb
                0x0000ad7c     0x1348 src/usb.o
                0x0000ad7c                task_usb
 .text.nvm_init
                0x0000c0c4        0xc src/ASF/common/drivers/nvm/xmega/xmega_nvm.o
                0x0000c0c4                nvm_init
 .text.nvm_read
                0x0000c0d0       0x68 src/ASF/common/drivers/nvm/xmega/xmega_nvm.o
                0x0000c0d0                nvm_read
 .text.nvm_write
                0x0000c138       0x6c src/ASF/common/drivers/nvm/xmega/xmega_nvm.o
                0x0000c138                nvm_write
 .text.calendar_timestamp_to_date
                0x0000c1a4      0x2e8 src/ASF/common/services/calendar/calendar.o
                0x0000c1a4                calendar_timestamp_to_date
 .text.calendar_date_to_timestamp
                0x0000c48c      0x352 src/ASF/common/services/calendar/calendar.o
                0x0000c48c                calendar_date_to_timestamp
 .text.fifo_init
                0x0000c7de       0x18 src/ASF/common/services/fifo/fifo.o
                0x0000c7de                fifo_init
 .text.dma_enable
                0x0000c7f6       0x44 src/ASF/xmega/drivers/dma/dma.o
                0x0000c7f6                dma_enable
 .text.dma_disable
                0x0000c83a       0x3c src/ASF/xmega/drivers/dma/dma.o
                0x0000c83a                dma_disable
 .text.dma_set_callback
                0x0000c876       0x12 src/ASF/xmega/drivers/dma/dma.o
                0x0000c876                dma_set_callback
 .text.__vector_6
                0x0000c888       0xba src/ASF/xmega/drivers/dma/dma.o
                0x0000c888                __vector_6
 .text.__vector_7
                0x0000c942       0xc8 src/ASF/xmega/drivers/dma/dma.o
                0x0000c942                __vector_7
 .text.__vector_8
                0x0000ca0a       0xc4 src/ASF/xmega/drivers/dma/dma.o
                0x0000ca0a                __vector_8
 .text.__vector_9
                0x0000cace       0xb0 src/ASF/xmega/drivers/dma/dma.o
                0x0000cace                __vector_9
 .text.dma_channel_write_config
                0x0000cb7e       0x86 src/ASF/xmega/drivers/dma/dma.o
                0x0000cb7e                dma_channel_write_config
 .text.rtc_get_time
                0x0000cc04       0x20 src/ASF/xmega/drivers/rtc32/rtc32.o
                0x0000cc04                rtc_get_time
 .text.rtc_set_alarm
                0x0000cc24       0x16 src/ASF/xmega/drivers/rtc32/rtc32.o
                0x0000cc24                rtc_set_alarm
 .text.rtc_set_callback
                0x0000cc3a        0xa src/ASF/xmega/drivers/rtc32/rtc32.o
                0x0000cc3a                rtc_set_callback
 .text.rtc_init
                0x0000cc44       0x94 src/ASF/xmega/drivers/rtc32/rtc32.o
                0x0000cc44                rtc_init
 .text.__vector_11
                0x0000ccd8       0x7c src/ASF/xmega/drivers/rtc32/rtc32.o
                0x0000ccd8                __vector_11
 .text.get_interpolated_sine
                0x0000cd54       0x68 src/dds.o
                0x0000cd54                get_interpolated_sine
 .text.printHelp
                0x0000cdbc      0x1fe src/interpreter.o
                0x0000cdbc                printHelp
 .text.interpreter_doProcess
                0x0000cfba      0xae2 src/interpreter.o
                0x0000cfba                interpreter_doProcess
 .text.task_twi1_hygro
                0x0000da9c      0x1d2 src/twi_1_2.o
 .text.task_twi1_baro
                0x0000dc6e      0x53c src/twi_1_2.o
 .text.twi2_waitUntilReady.constprop.33
                0x0000e1aa       0xfc src/twi_1_2.o
 .text.task_twi1_gyro
                0x0000e2a6      0x570 src/twi_1_2.o
                0x0000e2a6                task_twi1_gyro
 .text.task_twi2_lcd__gyro_gfxaccel.part.25
                0x0000e816      0x498 src/twi_1_2.o
 .text.task_twi2_lcd__gyro_gfxmag.part.24
                0x0000ecae      0x768 src/twi_1_2.o
 .text.task_twi2_lcd__gyro_gfxgyro.part.26
                0x0000f416      0x708 src/twi_1_2.o
 .text.task_twi2_lcd__sim1.part.22
                0x0000fb1e      0x98a src/twi_1_2.o
 .text.calc_gyro1_accel_raw2mg
                0x000104a8       0xde src/twi_1_2.o
                0x000104a8                calc_gyro1_accel_raw2mg
 .text.twi2_waitUntilReady
                0x00010586      0x19c src/twi_1_2.o
                0x00010586                twi2_waitUntilReady
 .text.start_twi2_lcd.part.4
                0x00010722      0x214 src/twi_1_2.o
 .text.twi2_set_leds
                0x00010936       0x36 src/twi_1_2.o
                0x00010936                twi2_set_leds
 .text.twi2_set_ledbl
                0x0001096c       0x3e src/twi_1_2.o
                0x0001096c                twi2_set_ledbl
 .text.twi2_set_bias
                0x000109aa       0x34 src/twi_1_2.o
                0x000109aa                twi2_set_bias
 .text.twi2_set_beep
                0x000109de       0x3e src/twi_1_2.o
                0x000109de                twi2_set_beep
 .text.twi1_gyro_gyro_offset_set
                0x00010a1c       0x5c src/twi_1_2.o
                0x00010a1c                twi1_gyro_gyro_offset_set
 .text.twi1_gyro_accel_offset_set
                0x00010a78       0xbc src/twi_1_2.o
                0x00010a78                twi1_gyro_accel_offset_set
 .text.service_twi1_gyro.part.9
                0x00010b34      0x27c src/twi_1_2.o
 .text.twi1_gyro_get_mean_values
                0x00010db0      0x212 src/twi_1_2.o
                0x00010db0                twi1_gyro_get_mean_values
 .text.twi_init
                0x00010fc2       0x14 src/twi_1_2.o
                0x00010fc2                twi_init
 .text.service_twi1_gyro
                0x00010fd6       0x48 src/twi_1_2.o
                0x00010fd6                service_twi1_gyro
 .text.isr_100ms_twi1_onboard
                0x0001101e       0x7a src/twi_1_2.o
                0x0001101e                isr_100ms_twi1_onboard
 .text.isr_500ms_twi1_onboard
                0x00011098      0x28a src/twi_1_2.o
                0x00011098                isr_500ms_twi1_onboard
 .text.isr_sparetime_twi1_onboard
                0x00011322      0x1e4 src/twi_1_2.o
                0x00011322                isr_sparetime_twi1_onboard
 .text.task_twi2_lcd_reset
                0x00011506       0x38 src/twi_1_2.o
                0x00011506                task_twi2_lcd_reset
 .text.task_twi2_lcd_cls
                0x0001153e       0x26 src/twi_1_2.o
                0x0001153e                task_twi2_lcd_cls
 .text.task_twi2_lcd_str
                0x00011564       0xdc src/twi_1_2.o
                0x00011564                task_twi2_lcd_str
 .text.init_twi1_gyro
                0x00011640      0x4e6 src/twi_1_2.o
                0x00011640                init_twi1_gyro
 .text.task_twi2_lcd_header.part.18
                0x00011b26      0x200 src/twi_1_2.o
 .text.twi_start
                0x00011d26      0x6d6 src/twi_1_2.o
                0x00011d26                twi_start
 .text.task_twi2_lcd__cpu1
                0x000123fc      0x676 src/twi_1_2.o
                0x000123fc                task_twi2_lcd__cpu1
 .text.task_twi2_lcd__cpu2
                0x00012a72      0x1c4 src/twi_1_2.o
                0x00012a72                task_twi2_lcd__cpu2
 .text.task_twi2_lcd__hygro
                0x00012c36       0xf4 src/twi_1_2.o
                0x00012c36                task_twi2_lcd__hygro
 .text.task_twi2_lcd__gyro
                0x00012d2a      0x110 src/twi_1_2.o
                0x00012d2a                task_twi2_lcd__gyro
 .text.task_twi2_lcd__baro
                0x00012e3a      0x124 src/twi_1_2.o
                0x00012e3a                task_twi2_lcd__baro
 .text.task_twi
                0x00012f5e      0x7de src/twi_1_2.o
                0x00012f5e                task_twi
 .text.board_init
                0x0001373c        0x2 src/ASF/common/boards/user_board/init.o
                0x0001373c                board_init
 .text.adc_set_callback
                0x0001373e       0x4e src/ASF/xmega/drivers/adc/adc.o
                0x0001373e                adc_set_callback
 .text.adc_enable_clock
                0x0001378c       0x40 src/ASF/xmega/drivers/adc/adc.o
                0x0001378c                adc_enable_clock
 .text.adc_disable_clock
                0x000137cc       0x3c src/ASF/xmega/drivers/adc/adc.o
                0x000137cc                adc_disable_clock
 .text.adc_enable
                0x00013808       0x98 src/ASF/xmega/drivers/adc/adc.o
                0x00013808                adc_enable
 .text.adc_disable
                0x000138a0       0x88 src/ASF/xmega/drivers/adc/adc.o
                0x000138a0                adc_disable
 .text.__vector_71
                0x00013928       0x64 src/ASF/xmega/drivers/adc/xmega_aau/adc_aau.o
                0x00013928                __vector_71
 .text.__vector_72
                0x0001398c       0x64 src/ASF/xmega/drivers/adc/xmega_aau/adc_aau.o
                0x0001398c                __vector_72
 .text.__vector_73
                0x000139f0       0x64 src/ASF/xmega/drivers/adc/xmega_aau/adc_aau.o
                0x000139f0                __vector_73
 .text.__vector_74
                0x00013a54       0x64 src/ASF/xmega/drivers/adc/xmega_aau/adc_aau.o
                0x00013a54                __vector_74
 .text.__vector_39
                0x00013ab8       0x64 src/ASF/xmega/drivers/adc/xmega_aau/adc_aau.o
                0x00013ab8                __vector_39
 .text.__vector_40
                0x00013b1c       0x64 src/ASF/xmega/drivers/adc/xmega_aau/adc_aau.o
                0x00013b1c                __vector_40
 .text.__vector_41
                0x00013b80       0x64 src/ASF/xmega/drivers/adc/xmega_aau/adc_aau.o
                0x00013b80                __vector_41
 .text.__vector_42
                0x00013be4       0x64 src/ASF/xmega/drivers/adc/xmega_aau/adc_aau.o
                0x00013be4                __vector_42
 .text.adc_write_configuration
                0x00013c48       0xda src/ASF/xmega/drivers/adc/xmega_aau/adc_aau.o
                0x00013c48                adc_write_configuration
 .text.adc_read_configuration
                0x00013d22       0x72 src/ASF/xmega/drivers/adc/xmega_aau/adc_aau.o
                0x00013d22                adc_read_configuration
 .text.adcch_write_configuration
                0x00013d94       0x9e src/ASF/xmega/drivers/adc/xmega_aau/adc_aau.o
                0x00013d94                adcch_write_configuration
 .text.adcch_read_configuration
                0x00013e32       0x9e src/ASF/xmega/drivers/adc/xmega_aau/adc_aau.o
                0x00013e32                adcch_read_configuration
 .text.dac_enable
                0x00013ed0       0x76 src/ASF/xmega/drivers/dac/dac.o
                0x00013ed0                dac_enable
 .text.dac_disable
                0x00013f46       0x68 src/ASF/xmega/drivers/dac/dac.o
                0x00013f46                dac_disable
 .text.dac_write_configuration
                0x00013fae       0xdc src/ASF/xmega/drivers/dac/dac.o
                0x00013fae                dac_write_configuration
 .text.dac_read_configuration
                0x0001408a       0xae src/ASF/xmega/drivers/dac/dac.o
                0x0001408a                dac_read_configuration
 .text.__vector_14
                0x00014138       0x5a src/ASF/xmega/drivers/tc/tc.o
                0x00014138                __vector_14
 .text.__vector_15
                0x00014192       0x5a src/ASF/xmega/drivers/tc/tc.o
                0x00014192                __vector_15
 .text.__vector_16
                0x000141ec       0x5a src/ASF/xmega/drivers/tc/tc.o
                0x000141ec                __vector_16
 .text.__vector_17
                0x00014246       0x5a src/ASF/xmega/drivers/tc/tc.o
                0x00014246                __vector_17
 .text.__vector_18
                0x000142a0       0x5a src/ASF/xmega/drivers/tc/tc.o
                0x000142a0                __vector_18
 .text.__vector_19
                0x000142fa       0x5a src/ASF/xmega/drivers/tc/tc.o
                0x000142fa                __vector_19
 .text.__vector_20
                0x00014354       0x5a src/ASF/xmega/drivers/tc/tc.o
                0x00014354                __vector_20
 .text.__vector_21
                0x000143ae       0x5a src/ASF/xmega/drivers/tc/tc.o
                0x000143ae                __vector_21
 .text.__vector_22
                0x00014408       0x5a src/ASF/xmega/drivers/tc/tc.o
                0x00014408                __vector_22
 .text.__vector_23
                0x00014462       0x5a src/ASF/xmega/drivers/tc/tc.o
                0x00014462                __vector_23
 .text.__vector_77
                0x000144bc       0x5a src/ASF/xmega/drivers/tc/tc.o
                0x000144bc                __vector_77
 .text.__vector_78
                0x00014516       0x5a src/ASF/xmega/drivers/tc/tc.o
                0x00014516                __vector_78
 .text.__vector_79
                0x00014570       0x5a src/ASF/xmega/drivers/tc/tc.o
                0x00014570                __vector_79
 .text.__vector_80
                0x000145ca       0x5a src/ASF/xmega/drivers/tc/tc.o
                0x000145ca                __vector_80
 .text.__vector_81
                0x00014624       0x5a src/ASF/xmega/drivers/tc/tc.o
                0x00014624                __vector_81
 .text.__vector_82
                0x0001467e       0x5a src/ASF/xmega/drivers/tc/tc.o
                0x0001467e                __vector_82
 .text.__vector_83
                0x000146d8       0x5a src/ASF/xmega/drivers/tc/tc.o
                0x000146d8                __vector_83
 .text.__vector_84
                0x00014732       0x5a src/ASF/xmega/drivers/tc/tc.o
                0x00014732                __vector_84
 .text.__vector_85
                0x0001478c       0x5a src/ASF/xmega/drivers/tc/tc.o
                0x0001478c                __vector_85
 .text.__vector_86
                0x000147e6       0x5a src/ASF/xmega/drivers/tc/tc.o
                0x000147e6                __vector_86
 .text.__vector_47
                0x00014840       0x5a src/ASF/xmega/drivers/tc/tc.o
                0x00014840                __vector_47
 .text.__vector_48
                0x0001489a       0x5a src/ASF/xmega/drivers/tc/tc.o
                0x0001489a                __vector_48
 .text.__vector_49
                0x000148f4       0x5a src/ASF/xmega/drivers/tc/tc.o
                0x000148f4                __vector_49
 .text.__vector_50
                0x0001494e       0x5a src/ASF/xmega/drivers/tc/tc.o
                0x0001494e                __vector_50
 .text.__vector_51
                0x000149a8       0x5a src/ASF/xmega/drivers/tc/tc.o
                0x000149a8                __vector_51
 .text.__vector_52
                0x00014a02       0x5a src/ASF/xmega/drivers/tc/tc.o
                0x00014a02                __vector_52
 .text.__vector_53
                0x00014a5c       0x5a src/ASF/xmega/drivers/tc/tc.o
                0x00014a5c                __vector_53
 .text.__vector_54
                0x00014ab6       0x5a src/ASF/xmega/drivers/tc/tc.o
                0x00014ab6                __vector_54
 .text.__vector_55
                0x00014b10       0x5a src/ASF/xmega/drivers/tc/tc.o
                0x00014b10                __vector_55
 .text.__vector_56
                0x00014b6a       0x5a src/ASF/xmega/drivers/tc/tc.o
                0x00014b6a                __vector_56
 .text.__vector_108
                0x00014bc4       0x5a src/ASF/xmega/drivers/tc/tc.o
                0x00014bc4                __vector_108
 .text.__vector_109
                0x00014c1e       0x5a src/ASF/xmega/drivers/tc/tc.o
                0x00014c1e                __vector_109
 .text.__vector_110
                0x00014c78       0x5a src/ASF/xmega/drivers/tc/tc.o
                0x00014c78                __vector_110
 .text.__vector_111
                0x00014cd2       0x5a src/ASF/xmega/drivers/tc/tc.o
                0x00014cd2                __vector_111
 .text.__vector_112
                0x00014d2c       0x5a src/ASF/xmega/drivers/tc/tc.o
                0x00014d2c                __vector_112
 .text.__vector_113
                0x00014d86       0x5a src/ASF/xmega/drivers/tc/tc.o
                0x00014d86                __vector_113
 .text.tc_enable
                0x00014de0       0xe0 src/ASF/xmega/drivers/tc/tc.o
                0x00014de0                tc_enable
 .text.tc_set_overflow_interrupt_callback
                0x00014ec0       0x7e src/ASF/xmega/drivers/tc/tc.o
                0x00014ec0                tc_set_overflow_interrupt_callback
 .text.__vector_46
                0x00014f3e      0x188 src/ASF/xmega/drivers/twi/twim.o
                0x00014f3e                __vector_46
 .text.__vector_13
                0x000150c6       0x4e src/ASF/xmega/drivers/twi/twim.o
                0x000150c6                __vector_13
 .text.twi_master_init
                0x00015114       0x2a src/ASF/xmega/drivers/twi/twim.o
                0x00015114                twi_master_init
 .text.twi_master_transfer
                0x0001513e       0xb8 src/ASF/xmega/drivers/twi/twim.o
                0x0001513e                twi_master_transfer
 .text.udd_ep_trans_complet
                0x000151f6      0x346 src/ASF/xmega/drivers/usb/usb_device.o
 .text.udd_ctrl_in_sent
                0x0001553c      0x146 src/ASF/xmega/drivers/usb/usb_device.o
 .text.udd_ctrl_interrupt_tc_setup.part.0
                0x00015682      0x166 src/ASF/xmega/drivers/usb/usb_device.o
 .text.udd_enable
                0x000157e8      0x186 src/ASF/xmega/drivers/usb/usb_device.o
                0x000157e8                udd_enable
 .text.udd_disable
                0x0001596e       0x82 src/ASF/xmega/drivers/usb/usb_device.o
                0x0001596e                udd_disable
 .text.udd_is_high_speed
                0x000159f0        0x4 src/ASF/xmega/drivers/usb/usb_device.o
                0x000159f0                udd_is_high_speed
 .text.udd_set_address
                0x000159f4        0x6 src/ASF/xmega/drivers/usb/usb_device.o
                0x000159f4                udd_set_address
 .text.udd_getaddress
                0x000159fa        0x6 src/ASF/xmega/drivers/usb/usb_device.o
                0x000159fa                udd_getaddress
 .text.udd_get_frame_number
                0x00015a00        0xa src/ASF/xmega/drivers/usb/usb_device.o
                0x00015a00                udd_get_frame_number
 .text.udd_get_micro_frame_number
                0x00015a0a        0x6 src/ASF/xmega/drivers/usb/usb_device.o
                0x00015a0a                udd_get_micro_frame_number
 .text.udd_set_setup_payload
                0x00015a10        0xe src/ASF/xmega/drivers/usb/usb_device.o
                0x00015a10                udd_set_setup_payload
 .text.udd_ep_alloc
                0x00015a1e       0xf6 src/ASF/xmega/drivers/usb/usb_device.o
                0x00015a1e                udd_ep_alloc
 .text.udd_ep_free
                0x00015b14       0x9a src/ASF/xmega/drivers/usb/usb_device.o
                0x00015b14                udd_ep_free
 .text.udd_ep_is_halted
                0x00015bae       0x36 src/ASF/xmega/drivers/usb/usb_device.o
                0x00015bae                udd_ep_is_halted
 .text.udd_ep_set_halt
                0x00015be4       0x9c src/ASF/xmega/drivers/usb/usb_device.o
                0x00015be4                udd_ep_set_halt
 .text.udd_ep_clear_halt
                0x00015c80       0x80 src/ASF/xmega/drivers/usb/usb_device.o
                0x00015c80                udd_ep_clear_halt
 .text.udd_ep_run
                0x00015d00      0x16e src/ASF/xmega/drivers/usb/usb_device.o
                0x00015d00                udd_ep_run
 .text.udd_ep_abort
                0x00015e6e       0x96 src/ASF/xmega/drivers/usb/usb_device.o
                0x00015e6e                udd_ep_abort
 .text.__vector_125
                0x00015f04      0x34a src/ASF/xmega/drivers/usb/usb_device.o
                0x00015f04                __vector_125
 .text.__vector_126
                0x0001624e      0x284 src/ASF/xmega/drivers/usb/usb_device.o
                0x0001624e                __vector_126
 .text.pwm_set_frequency
                0x000164d2      0x12e src/ASF/xmega/services/pwm/pwm.o
                0x000164d2                pwm_set_frequency
 .text.pwm_init
                0x00016600      0x2a4 src/ASF/xmega/services/pwm/pwm.o
                0x00016600                pwm_init
 .text.pwm_start
                0x000168a4       0xc2 src/ASF/xmega/services/pwm/pwm.o
                0x000168a4                pwm_start
 .text.yield_ms_cb
                0x00016966        0x6 src/main.o
                0x00016966                yield_ms_cb
 .text.isr_tcc1_ovfl
                0x0001696c       0x48 src/main.o
                0x0001696c                isr_tcc1_ovfl
 .text.isr_adc_a
                0x000169b4      0x34e src/main.o
                0x000169b4                isr_adc_a
 .text.task_dac
                0x00016d02      0x152 src/main.o
 .text.task_adc
                0x00016e54      0x2ac src/main.o
 .text.task_main_pll
                0x00017100      0x1fe src/main.o
 .text.isr_adc_b
                0x000172fe       0x94 src/main.o
                0x000172fe                isr_adc_b
 .text.aprs_message_send.part.29
                0x00017392      0x14c src/main.o
 .text.adc_init
                0x000174de      0x26e src/main.o
 .text.isr_dma_dac_ch0_A
                0x0001774c      0x106 src/main.o
 .text.isr_dma_dac_ch0_B
                0x00017852      0x106 src/main.o
 .text.dac_start
                0x00017958      0x250 src/main.o
 .text.dac_init
                0x00017ba8      0x308 src/main.o
 .text.sched_pop.part.30
                0x00017eb0      0x1f2 src/main.o
 .text.isr_rtc_alarm
                0x000180a2       0x4e src/main.o
                0x000180a2                isr_rtc_alarm
 .text.task_env_calc
                0x000180f0      0x3b0 src/main.o
 .text.save_globals
                0x000184a0      0x624 src/main.o
                0x000184a0                save_globals
 .text.cueBehind
                0x00018ac4       0x28 src/main.o
                0x00018ac4                cueBehind
 .text.myStringToFloat
                0x00018aec      0x22e src/main.o
                0x00018aec                myStringToFloat
 .text.myStringToVar
                0x00018d1a      0x13c src/main.o
                0x00018d1a                myStringToVar
 .text.ipProto_2_ca
                0x00018e56       0x1a src/main.o
                0x00018e56                ipProto_2_ca
 .text.adc_app_enable
                0x00018e70      0x17e src/main.o
                0x00018e70                adc_app_enable
 .text.aprs_num_update
                0x00018fee       0x12 src/main.o
                0x00018fee                aprs_num_update
 .text.aprs_link_service_update
                0x00019000       0x46 src/main.o
                0x00019000                aprs_link_service_update
 .text.aprs_link_user_update
                0x00019046       0xde src/main.o
                0x00019046                aprs_link_user_update
 .text.aprs_link_pwd_update
                0x00019124       0xde src/main.o
                0x00019124                aprs_link_pwd_update
 .text.aprs_ip_proto_update
                0x00019202       0x4e src/main.o
                0x00019202                aprs_ip_proto_update
 .text.aprs_ip_name_update
                0x00019250       0x46 src/main.o
                0x00019250                aprs_ip_name_update
 .text.aprs_ip_port_update
                0x00019296        0xe src/main.o
                0x00019296                aprs_ip_port_update
 .text.aprs_call_update
                0x000192a4       0xb0 src/main.o
                0x000192a4                aprs_call_update
 .text.aprs_ssid_update
                0x00019354       0x84 src/main.o
                0x00019354                aprs_ssid_update
 .text.aprs_user_update
                0x000193d8       0x9c src/main.o
                0x000193d8                aprs_user_update
 .text.aprs_pwd_update
                0x00019474       0x74 src/main.o
                0x00019474                aprs_pwd_update
 .text.ax_aprs_enable
                0x000194e8        0xc src/main.o
                0x000194e8                ax_aprs_enable
 .text.ax_pocsag_enable
                0x000194f4        0xc src/main.o
                0x000194f4                ax_pocsag_enable
 .text.ax_enable
                0x00019500       0x2e src/main.o
                0x00019500                ax_enable
 .text.backlight_mode_pwm
                0x0001952e       0x44 src/main.o
                0x0001952e                backlight_mode_pwm
 .text.bias_update
                0x00019572        0xa src/main.o
                0x00019572                bias_update
 .text.dac_app_enable
                0x0001957c      0x104 src/main.o
                0x0001957c                dac_app_enable
 .text.errorBeep_enable
                0x00019680        0xc src/main.o
                0x00019680                errorBeep_enable
 .text.env_temp
                0x0001968c       0xa2 src/main.o
                0x0001968c                env_temp
 .text.gsm_aprs_enable
                0x0001972e        0xc src/main.o
                0x0001972e                gsm_aprs_enable
 .text.gsm_pin_update
                0x0001973a       0xc8 src/main.o
                0x0001973a                gsm_pin_update
 .text.gsm_enable
                0x00019802       0x9a src/main.o
                0x00019802                gsm_enable
 .text.keyBeep_enable
                0x0001989c        0xc src/main.o
                0x0001989c                keyBeep_enable
 .text.pitchTone_mode
                0x000198a8        0xc src/main.o
                0x000198a8                pitchTone_mode
 .text.pocsag_chime_update
                0x000198b4        0xc src/main.o
                0x000198b4                pocsag_chime_update
 .text.pocsag_message_send
                0x000198c0       0x9e src/main.o
                0x000198c0                pocsag_message_send
 .text.pocsag_ric_update
                0x0001995e       0x34 src/main.o
                0x0001995e                pocsag_ric_update
 .text.pocsag_send_skyper_activation
                0x00019992       0xa4 src/main.o
                0x00019992                pocsag_send_skyper_activation
 .text.qnh_setAuto
                0x00019a36        0xe src/main.o
                0x00019a36                qnh_setAuto
 .text.qnh_setHeightM
                0x00019a44       0x32 src/main.o
                0x00019a44                qnh_setHeightM
 .text.printStatusLines_bitfield
                0x00019a76       0x24 src/main.o
                0x00019a76                printStatusLines_bitfield
 .text.shutdown
                0x00019a9a       0xc0 src/main.o
                0x00019a9a                shutdown
 .text.xoPwm_set
                0x00019b5a       0xec src/main.o
                0x00019b5a                xoPwm_set
 .text.aprs_pos_delta_m
                0x00019c46      0x218 src/main.o
                0x00019c46                aprs_pos_delta_m
 .text.aprs_gyro_total_dps_1000
                0x00019e5e      0x14a src/main.o
                0x00019e5e                aprs_gyro_total_dps_1000
 .text.aprs_accel_xy_delta_g_1000
                0x00019fa8      0x1c0 src/main.o
                0x00019fa8                aprs_accel_xy_delta_g_1000
 .text.aprs_mag_delta_nT
                0x0001a168      0x27e src/main.o
                0x0001a168                aprs_mag_delta_nT
 .text.task_main_aprs_pocsag
                0x0001a3e6     0x226c src/main.o
 .text.sched_getLock
                0x0001c652       0x38 src/main.o
                0x0001c652                sched_getLock
 .text.sched_freeLock
                0x0001c68a       0x20 src/main.o
                0x0001c68a                sched_freeLock
 .text.sched_push
                0x0001c6aa      0x4b0 src/main.o
                0x0001c6aa                sched_push
 .text.calibration_mode
                0x0001cb5a      0x83c src/main.o
                0x0001cb5a                calibration_mode
 .text.dds_update
                0x0001d396      0x1bc src/main.o
                0x0001d396                dds_update
 .text.isr_tcc0_ovfl
                0x0001d552      0x578 src/main.o
                0x0001d552                isr_tcc0_ovfl
 .text.yield_ms
                0x0001daca       0x9e src/main.o
                0x0001daca                yield_ms
 .text.__vector_4
                0x0001db68      0x25e src/main.o
                0x0001db68                __vector_4
 .text.tcc1_get_time
                0x0001ddc6      0x122 src/main.o
                0x0001ddc6                tcc1_get_time
 .text.task     0x0001dee8       0x22 src/main.o
                0x0001dee8                task
 .text.startup.main
                0x0001df0a      0xcf8 src/main.o
                0x0001df0a                main
 .text.sysclk_init
                0x0001ec02      0x10a src/ASF/common/services/clock/xmega/sysclk.o
                0x0001ec02                sysclk_init
 .text.sysclk_enable_module
                0x0001ed0c       0x2c src/ASF/common/services/clock/xmega/sysclk.o
                0x0001ed0c                sysclk_enable_module
 .text.sysclk_disable_module
                0x0001ed38       0x2a src/ASF/common/services/clock/xmega/sysclk.o
                0x0001ed38                sysclk_disable_module
 .text.sysclk_enable_usb
                0x0001ed62       0x96 src/ASF/common/services/clock/xmega/sysclk.o
                0x0001ed62                sysclk_enable_usb
 .text.sysclk_disable_usb
                0x0001edf8       0x30 src/ASF/common/services/clock/xmega/sysclk.o
                0x0001edf8                sysclk_disable_usb
 .text.udi_cdc_comm_disable
                0x0001ee28        0xc src/ASF/common/services/usb/class/cdc/device/udi_cdc.o
                0x0001ee28                udi_cdc_comm_disable
 .text.udi_cdc_data_setup
                0x0001ee34        0x4 src/ASF/common/services/usb/class/cdc/device/udi_cdc.o
                0x0001ee34                udi_cdc_data_setup
 .text.udi_cdc_getsetting
                0x0001ee38        0x4 src/ASF/common/services/usb/class/cdc/device/udi_cdc.o
                0x0001ee38                udi_cdc_getsetting
 .text.udi_cdc_line_coding_received
                0x0001ee3c        0xa src/ASF/common/services/usb/class/cdc/device/udi_cdc.o
 .text.udi_cdc_data_disable
                0x0001ee46       0x18 src/ASF/common/services/usb/class/cdc/device/udi_cdc.o
                0x0001ee46                udi_cdc_data_disable
 .text.udi_cdc_comm_enable
                0x0001ee5e       0x80 src/ASF/common/services/usb/class/cdc/device/udi_cdc.o
                0x0001ee5e                udi_cdc_comm_enable
 .text.udi_cdc_tx_send.isra.1.part.2
                0x0001eede      0x156 src/ASF/common/services/usb/class/cdc/device/udi_cdc.o
 .text.udi_cdc_data_sent
                0x0001f034       0x7e src/ASF/common/services/usb/class/cdc/device/udi_cdc.o
 .text.udi_cdc_comm_setup
                0x0001f0b2       0x92 src/ASF/common/services/usb/class/cdc/device/udi_cdc.o
                0x0001f0b2                udi_cdc_comm_setup
 .text.udi_cdc_data_sof_notify
                0x0001f144      0x186 src/ASF/common/services/usb/class/cdc/device/udi_cdc.o
                0x0001f144                udi_cdc_data_sof_notify
 .text.udi_cdc_data_enable
                0x0001f2ca      0x172 src/ASF/common/services/usb/class/cdc/device/udi_cdc.o
                0x0001f2ca                udi_cdc_data_enable
 .text.udi_cdc_data_received
                0x0001f43c      0x13a src/ASF/common/services/usb/class/cdc/device/udi_cdc.o
 .text.udi_cdc_get_nb_received_data
                0x0001f576       0x3a src/ASF/common/services/usb/class/cdc/device/udi_cdc.o
                0x0001f576                udi_cdc_get_nb_received_data
 .text.udi_cdc_getc
                0x0001f5b0      0x160 src/ASF/common/services/usb/class/cdc/device/udi_cdc.o
                0x0001f5b0                udi_cdc_getc
 .text.udi_cdc_read_no_polling
                0x0001f710      0x16e src/ASF/common/services/usb/class/cdc/device/udi_cdc.o
                0x0001f710                udi_cdc_read_no_polling
 .text.udi_cdc_is_tx_ready
                0x0001f87e       0x6e src/ASF/common/services/usb/class/cdc/device/udi_cdc.o
                0x0001f87e                udi_cdc_is_tx_ready
 .text.udi_cdc_multi_putc
                0x0001f8ec       0xfa src/ASF/common/services/usb/class/cdc/device/udi_cdc.o
                0x0001f8ec                udi_cdc_multi_putc
 .text.udi_cdc_putc
                0x0001f9e6        0x6 src/ASF/common/services/usb/class/cdc/device/udi_cdc.o
                0x0001f9e6                udi_cdc_putc
 .text.udc_valid_address
                0x0001f9ec        0xa src/ASF/common/services/usb/udc/udc.o
 .text.udc_update_iface_desc.part.0
                0x0001f9f6       0x62 src/ASF/common/services/usb/udc/udc.o
 .text.udc_iface_disable.part.1
                0x0001fa58      0x102 src/ASF/common/services/usb/udc/udc.o
 .text.udc_start
                0x0001fb5a        0x4 src/ASF/common/services/usb/udc/udc.o
                0x0001fb5a                udc_start
 .text.udc_stop
                0x0001fb5e       0xc0 src/ASF/common/services/usb/udc/udc.o
                0x0001fb5e                udc_stop
 .text.udc_reset
                0x0001fc1e       0xbc src/ASF/common/services/usb/udc/udc.o
                0x0001fc1e                udc_reset
 .text.udc_sof_notify
                0x0001fcda       0x60 src/ASF/common/services/usb/udc/udc.o
                0x0001fcda                udc_sof_notify
 .text.udc_process_setup
                0x0001fd3a      0x8a0 src/ASF/common/services/usb/udc/udc.o
                0x0001fd3a                udc_process_setup
 .text._read    0x000205da       0x32 src/ASF/common/utils/stdio/read.o
                0x000205da                _read
 .text.stdio_usb_getchar
                0x0002060c       0x24 src/ASF/common/utils/stdio/stdio_usb/stdio_usb.o
                0x0002060c                stdio_usb_getchar
 .text.stdio_usb_putchar
                0x00020630       0x38 src/ASF/common/utils/stdio/stdio_usb/stdio_usb.o
                0x00020630                stdio_usb_putchar
 .text.stdio_usb_enable
                0x00020668        0x8 src/ASF/common/utils/stdio/stdio_usb/stdio_usb.o
                0x00020668                stdio_usb_enable
 .text.stdio_usb_disable
                0x00020670        0x6 src/ASF/common/utils/stdio/stdio_usb/stdio_usb.o