usbd_conf.c:100:6:HAL_PCD_MspInit	40	static
usbd_conf.c:152:6:HAL_PCD_MspDeInit	16	static
usbd_conf.c:198:6:HAL_PCD_SetupStageCallback	0	static
usbd_conf.c:209:6:HAL_PCD_DataOutStageCallback	0	static
usbd_conf.c:220:6:HAL_PCD_DataInStageCallback	0	static
usbd_conf.c:230:6:HAL_PCD_SOFCallback	0	static
usbd_conf.c:240:6:HAL_PCD_ResetCallback	8	static
usbd_conf.c:267:6:HAL_PCD_SuspendCallback	8	static
usbd_conf.c:288:6:HAL_PCD_ResumeCallback	8	static
usbd_conf.c:309:6:HAL_PCD_ISOOUTIncompleteCallback	0	static
usbd_conf.c:320:6:HAL_PCD_ISOINIncompleteCallback	0	static
usbd_conf.c:330:6:HAL_PCD_ConnectCallback	0	static
usbd_conf.c:340:6:HAL_PCD_DisconnectCallback	0	static
usbd_conf.c:354:20:USBD_LL_Init	8	static
usbd_conf.c:391:20:USBD_LL_DeInit	8	static
usbd_conf.c:423:20:USBD_LL_Start	8	static
usbd_conf.c:455:20:USBD_LL_Stop	8	static
usbd_conf.c:490:20:USBD_LL_OpenEP	8	static
usbd_conf.c:523:20:USBD_LL_CloseEP	8	static
usbd_conf.c:556:20:USBD_LL_FlushEP	8	static
usbd_conf.c:589:20:USBD_LL_StallEP	8	static
usbd_conf.c:622:20:USBD_LL_ClearStallEP	8	static
usbd_conf.c:655:9:USBD_LL_IsStallEP	0	static
usbd_conf.c:675:20:USBD_LL_SetUSBAddress	8	static
usbd_conf.c:710:20:USBD_LL_Transmit	8	static
usbd_conf.c:745:20:USBD_LL_PrepareReceive	8	static
usbd_conf.c:778:10:USBD_LL_GetRxDataSize	8	static
usbd_conf.c:787:6:HAL_GPIO_EXTI_Callback	0	static
usbd_conf.c:799:6:HAL_PCDEx_LPM_Callback	8	static
usbd_conf.c:835:6:USBD_LL_Delay	0	static
usbd_conf.c:845:7:USBD_static_malloc	0	static
usbd_conf.c:856:6:USBD_static_free	0	static
usbd_conf.c:879:6:HAL_PCDEx_SetConnectionState	0	static
usbd_conf.c:902:20:USBD_LL_BatteryCharging	0	static
