Archive member included to satisfy reference by file (symbol)

c:/program files (x86)/atmel/studio/7.0/toolchain/avr8/avr8-gnu-toolchain/bin/../lib/gcc/avr/5.4.0/avrxmega6\libgcc.a(_udivmodhi4.o)
                              src/ASF/xmega/drivers/usb/usb_device.o (__udivmodhi4)
c:/program files (x86)/atmel/studio/7.0/toolchain/avr8/avr8-gnu-toolchain/bin/../lib/gcc/avr/5.4.0/avrxmega6\libgcc.a(_udivmodsi4.o)
                              src/ASF/xmega/services/pwm/pwm.o (__udivmodsi4)
c:/program files (x86)/atmel/studio/7.0/toolchain/avr8/avr8-gnu-toolchain/bin/../lib/gcc/avr/5.4.0/avrxmega6\libgcc.a(_exit.o)
                              C:/Program Files (x86)/Atmel/Studio/7.0/Packs/Atmel/XMEGAA_DFP/1.1.68/gcc/dev/atxmega256a3bu/avrxmega6/crtatxmega256a3bu.o (exit)
c:/program files (x86)/atmel/studio/7.0/toolchain/avr8/avr8-gnu-toolchain/bin/../lib/gcc/avr/5.4.0/avrxmega6\libgcc.a(_tablejump2.o)
                              src/ASF/xmega/drivers/usb/usb_device.o (__tablejump2__)
c:/program files (x86)/atmel/studio/7.0/toolchain/avr8/avr8-gnu-toolchain/bin/../lib/gcc/avr/5.4.0/avrxmega6\libgcc.a(_copy_data.o)
                              src/twi.o (__do_copy_data)
c:/program files (x86)/atmel/studio/7.0/toolchain/avr8/avr8-gnu-toolchain/bin/../lib/gcc/avr/5.4.0/avrxmega6\libgcc.a(_clear_bss.o)
                              src/ASF/xmega/drivers/rtc32/rtc32.o (__do_clear_bss)
c:/program files (x86)/atmel/studio/7.0/toolchain/avr8/avr8-gnu-toolchain/bin/../lib/gcc/avr/5.4.0/avrxmega6\libgcc.a(_umulhisi3.o)
                              src/ASF/xmega/services/pwm/pwm.o (__umulhisi3)
c:/program files (x86)/atmel/studio/7.0/toolchain/avr8/avr8-gnu-toolchain/bin/../lib/gcc/avr/5.4.0/../../../../avr/lib/avrxmega6\libc.a(memcpy.o)
                              src/ASF/xmega/drivers/usb/usb_device.o (memcpy)
c:/program files (x86)/atmel/studio/7.0/toolchain/avr8/avr8-gnu-toolchain/bin/../lib/gcc/avr/5.4.0/../../../../avr/lib/avrxmega6\libc.a(fdevopen.o)
                              src/ASF/common/utils/stdio/stdio_usb/stdio_usb.o (fdevopen)
c:/program files (x86)/atmel/studio/7.0/toolchain/avr8/avr8-gnu-toolchain/bin/../lib/gcc/avr/5.4.0/../../../../avr/lib/avrxmega6\libc.a(iob.o)
                              c:/program files (x86)/atmel/studio/7.0/toolchain/avr8/avr8-gnu-toolchain/bin/../lib/gcc/avr/5.4.0/../../../../avr/lib/avrxmega6\libc.a(fdevopen.o) (__iob)
c:/program files (x86)/atmel/studio/7.0/toolchain/avr8/avr8-gnu-toolchain/bin/../lib/gcc/avr/5.4.0/../../../../avr/lib/avrxmega6\libc.a(printf.o)
                              src/main.o (printf)
c:/program files (x86)/atmel/studio/7.0/toolchain/avr8/avr8-gnu-toolchain/bin/../lib/gcc/avr/5.4.0/../../../../avr/lib/avrxmega6\libc.a(puts.o)
                              src/twi.o (puts)
c:/program files (x86)/atmel/studio/7.0/toolchain/avr8/avr8-gnu-toolchain/bin/../lib/gcc/avr/5.4.0/../../../../avr/lib/avrxmega6\libc.a(vfprintf_std.o)
                              c:/program files (x86)/atmel/studio/7.0/toolchain/avr8/avr8-gnu-toolchain/bin/../lib/gcc/avr/5.4.0/../../../../avr/lib/avrxmega6\libc.a(printf.o) (vfprintf)
c:/program files (x86)/atmel/studio/7.0/toolchain/avr8/avr8-gnu-toolchain/bin/../lib/gcc/avr/5.4.0/../../../../avr/lib/avrxmega6\libc.a(calloc.o)
                              c:/program files (x86)/atmel/studio/7.0/toolchain/avr8/avr8-gnu-toolchain/bin/../lib/gcc/avr/5.4.0/../../../../avr/lib/avrxmega6\libc.a(fdevopen.o) (calloc)
c:/program files (x86)/atmel/studio/7.0/toolchain/avr8/avr8-gnu-toolchain/bin/../lib/gcc/avr/5.4.0/../../../../avr/lib/avrxmega6\libc.a(malloc.o)
                              c:/program files (x86)/atmel/studio/7.0/toolchain/avr8/avr8-gnu-toolchain/bin/../lib/gcc/avr/5.4.0/../../../../avr/lib/avrxmega6\libc.a(calloc.o) (malloc)
c:/program files (x86)/atmel/studio/7.0/toolchain/avr8/avr8-gnu-toolchain/bin/../lib/gcc/avr/5.4.0/../../../../avr/lib/avrxmega6\libc.a(strnlen_P.o)
                              c:/program files (x86)/atmel/studio/7.0/toolchain/avr8/avr8-gnu-toolchain/bin/../lib/gcc/avr/5.4.0/../../../../avr/lib/avrxmega6\libc.a(vfprintf_std.o) (strnlen_P)
c:/program files (x86)/atmel/studio/7.0/toolchain/avr8/avr8-gnu-toolchain/bin/../lib/gcc/avr/5.4.0/../../../../avr/lib/avrxmega6\libc.a(memset.o)
                              c:/program files (x86)/atmel/studio/7.0/toolchain/avr8/avr8-gnu-toolchain/bin/../lib/gcc/avr/5.4.0/../../../../avr/lib/avrxmega6\libc.a(calloc.o) (memset)
c:/program files (x86)/atmel/studio/7.0/toolchain/avr8/avr8-gnu-toolchain/bin/../lib/gcc/avr/5.4.0/../../../../avr/lib/avrxmega6\libc.a(strnlen.o)
                              c:/program files (x86)/atmel/studio/7.0/toolchain/avr8/avr8-gnu-toolchain/bin/../lib/gcc/avr/5.4.0/../../../../avr/lib/avrxmega6\libc.a(vfprintf_std.o) (strnlen)
c:/program files (x86)/atmel/studio/7.0/toolchain/avr8/avr8-gnu-toolchain/bin/../lib/gcc/avr/5.4.0/../../../../avr/lib/avrxmega6\libc.a(fputc.o)
[...]
Memory Configuration

Name             Origin             Length             Attributes
text             0x00000000         0x00100000         xr
data             0x00802000         0x0000ffa0         rw !x
eeprom           0x00810000         0x00010000         rw !x
fuse             0x00820000         0x00000006         rw !x
lock             0x00830000         0x00000400         rw !x
signature        0x00840000         0x00000400         rw !x
user_signatures  0x00850000         0x00000400         rw !x
*default*        0x00000000         0xffffffff

Linker script and memory map

LOAD C:/Program Files (x86)/Atmel/Studio/7.0/Packs/Atmel/XMEGAA_DFP/1.1.68/gcc/dev/atxmega256a3bu/avrxmega6/crtatxmega256a3bu.o
LOAD src/ASF/xmega/drivers/rtc32/rtc32.o
LOAD src/twi.o
LOAD src/ASF/common/boards/user_board/init.o
LOAD src/ASF/common/services/gfx_mono/gfx_mono_framebuffer.o
LOAD src/ASF/common/services/gfx_mono/gfx_mono_generic.o
LOAD src/ASF/common/services/gfx_mono/gfx_mono_null.o
LOAD src/ASF/common/services/gfx_mono/gfx_mono_text.o
LOAD src/ASF/common/services/gfx_mono/sysfont.o
LOAD src/ASF/common/services/ioport/xmega/ioport_compat.o
LOAD src/ASF/xmega/drivers/adc/adc.o
LOAD src/ASF/xmega/drivers/adc/xmega_aau/adc_aau.o
LOAD src/ASF/xmega/drivers/dac/dac.o
LOAD src/ASF/xmega/drivers/tc/tc.o
LOAD src/ASF/xmega/drivers/twi/twim.o
LOAD src/ASF/xmega/drivers/twi/twis.o
LOAD src/ASF/xmega/drivers/usb/usb_device.o
LOAD src/ASF/xmega/services/pwm/pwm.o
LOAD src/main.o
LOAD src/ASF/common/services/clock/xmega/sysclk.o
LOAD src/ASF/common/services/sleepmgr/xmega/sleepmgr.o
LOAD src/ASF/common/services/usb/class/cdc/device/udi_cdc.o
LOAD src/ASF/common/services/usb/class/cdc/device/udi_cdc_desc.o
LOAD src/ASF/common/services/usb/udc/udc.o
LOAD src/ASF/common/utils/stdio/read.o
LOAD src/ASF/common/utils/stdio/stdio_usb/stdio_usb.o
LOAD src/ASF/common/utils/stdio/write.o
LOAD src/ASF/xmega/drivers/nvm/nvm.o
LOAD src/ASF/xmega/drivers/nvm/nvm_asm.o
LOAD src/ASF/xmega/drivers/cpu/ccp.o
START GROUP
END GROUP
START GROUP
LOAD c:/program files (x86)/atmel/studio/7.0/toolchain/avr8/avr8-gnu-toolchain/bin/../lib/gcc/avr/5.4.0/avrxmega6\libgcc.a
LOAD c:/program files (x86)/atmel/studio/7.0/toolchain/avr8/avr8-gnu-toolchain/bin/../lib/gcc/avr/5.4.0/../../../../avr/lib/avrxmega6\libm.a
LOAD c:/program files (x86)/atmel/studio/7.0/toolchain/avr8/avr8-gnu-toolchain/bin/../lib/gcc/avr/5.4.0/../../../../avr/lib/avrxmega6\libc.a
LOAD C:/Program Files (x86)/Atmel/Studio/7.0/Packs/Atmel/XMEGAA_DFP/1.1.68/gcc/dev/atxmega256a3bu/avrxmega6\libatxmega256a3bu.a
END GROUP
                0x00100000                __TEXT_REGION_LENGTH__ = DEFINED (__TEXT_REGION_LENGTH__)?__TEXT_REGION_LENGTH__:0x100000
                0x0000ffa0                __DATA_REGION_LENGTH__ = DEFINED (__DATA_REGION_LENGTH__)?__DATA_REGION_LENGTH__:0xffa0
                0x00010000                __EEPROM_REGION_LENGTH__ = DEFINED (__EEPROM_REGION_LENGTH__)?__EEPROM_REGION_LENGTH__:0x10000
                [0x00000006]                __FUSE_REGION_LENGTH__ = DEFINED (__FUSE_REGION_LENGTH__)?__FUSE_REGION_LENGTH__:0x400
                0x00000400                __LOCK_REGION_LENGTH__ = DEFINED (__LOCK_REGION_LENGTH__)?__LOCK_REGION_LENGTH__:0x400
                0x00000400                __SIGNATURE_REGION_LENGTH__ = DEFINED (__SIGNATURE_REGION_LENGTH__)?__SIGNATURE_REGION_LENGTH__:0x400
                0x00000400                __USER_SIGNATURE_REGION_LENGTH__ = DEFINED (__USER_SIGNATURE_REGION_LENGTH__)?__USER_SIGNATURE_REGION_LENGTH__:0x400

.hash
 *(.hash)

.dynsym
 *(.dynsym)

.dynstr
 *(.dynstr)

.gnu.version
 *(.gnu.version)

.gnu.version_d
 *(.gnu.version_d)

.gnu.version_r
 *(.gnu.version_r)

.rel.init
 *(.rel.init)

.rela.init
 *(.rela.init)

.rel.text
 *(.rel.text)
 *(.rel.text.*)
 *(.rel.gnu.linkonce.t*)

.rela.text
 *(.rela.text)
 *(.rela.text.*)
 *(.rela.gnu.linkonce.t*)

.rel.fini
 *(.rel.fini)

.rela.fini
 *(.rela.fini)

.rel.rodata
 *(.rel.rodata)
 *(.rel.rodata.*)
 *(.rel.gnu.linkonce.r*)

.rela.rodata
 *(.rela.rodata)
 *(.rela.rodata.*)
 *(.rela.gnu.linkonce.r*)

.rel.data
 *(.rel.data)
 *(.rel.data.*)
 *(.rel.gnu.linkonce.d*)

.rela.data
 *(.rela.data)
 *(.rela.data.*)
 *(.rela.gnu.linkonce.d*)

.rel.ctors
 *(.rel.ctors)

.rela.ctors
 *(.rela.ctors)

.rel.dtors
 *(.rel.dtors)

.rela.dtors
 *(.rela.dtors)

.rel.got
 *(.rel.got)

.rela.got
 *(.rela.got)

.rel.bss
 *(.rel.bss)

.rela.bss
 *(.rela.bss)

.rel.plt
 *(.rel.plt)

.rela.plt
 *(.rela.plt)

.text           0x00000000     0x5078
 *(.vectors)
 .vectors       0x00000000      0x1fc C:/Program Files (x86)/Atmel/Studio/7.0/Packs/Atmel/XMEGAA_DFP/1.1.68/gcc/dev/atxmega256a3bu/avrxmega6/crtatxmega256a3bu.o
                0x00000000                __vector_default
                0x00000000                __vectors
 *(.vectors)
 *(.progmem.gcc*)
 .progmem.gcc_sw_table.udd_ep_get_size
                0x000001fc        0xe src/ASF/xmega/drivers/usb/usb_device.o
 .progmem.gcc_sw_table.pwm_init
                0x0000020a        0xe src/ASF/xmega/services/pwm/pwm.o
                0x00000218                . = ALIGN (0x2)
                0x00000218                __trampolines_start = .
 *(.trampolines)
 .trampolines   0x00000218        0x0 linker stubs
 *(.trampolines*)
                0x00000218                __trampolines_end = .
 *libprintf_flt.a:*(.progmem.data)
 *libc.a:*(.progmem.data)
 *(.progmem*)
                0x00000218                . = ALIGN (0x2)
 *(.jumptables)
 *(.jumptables*)
 *(.lowtext)
 *(.lowtext*)
                0x00000218                __ctors_start = .
 *(.ctors)
                0x00000218                __ctors_end = .
                0x00000218                __dtors_start = .
 *(.dtors)
                0x00000218                __dtors_end = .
 SORT(*)(.ctors)
 SORT(*)(.dtors)
 *(.init0)
 .init0         0x00000218        0x0 C:/Program Files (x86)/Atmel/Studio/7.0/Packs/Atmel/XMEGAA_DFP/1.1.68/gcc/dev/atxmega256a3bu/avrxmega6/crtatxmega256a3bu.o
                0x00000218                __init
 *(.init0)
 *(.init1)
 *(.init1)
 *(.init2)
 .init2         0x00000218       0x10 C:/Program Files (x86)/Atmel/Studio/7.0/Packs/Atmel/XMEGAA_DFP/1.1.68/gcc/dev/atxmega256a3bu/avrxmega6/crtatxmega256a3bu.o
 *(.init2)
 *(.init3)
 *(.init3)
 *(.init4)
 .init4         0x00000228       0x1a c:/program files (x86)/atmel/studio/7.0/toolchain/avr8/avr8-gnu-toolchain/bin/../lib/gcc/avr/5.4.0/avrxmega6\libgcc.a(_copy_data.o)
                0x00000228                __do_copy_data
 .init4         0x00000242       0x10 c:/program files (x86)/atmel/studio/7.0/toolchain/avr8/avr8-gnu-toolchain/bin/../lib/gcc/avr/5.4.0/avrxmega6\libgcc.a(_clear_bss.o)
                0x00000242                __do_clear_bss
 *(.init4)
 *(.init5)
 *(.init5)
 *(.init6)
 *(.init6)
 *(.init7)
 *(.init7)
 *(.init8)
 *(.init8)
 *(.init9)
 .init9         0x00000252        0x8 C:/Program Files (x86)/Atmel/Studio/7.0/Packs/Atmel/XMEGAA_DFP/1.1.68/gcc/dev/atxmega256a3bu/avrxmega6/crtatxmega256a3bu.o
 *(.init9)
 *(.text)
 .text          0x0000025a        0x2 C:/Program Files (x86)/Atmel/Studio/7.0/Packs/Atmel/XMEGAA_DFP/1.1.68/gcc/dev/atxmega256a3bu/avrxmega6/crtatxmega256a3bu.o
                0x0000025a                __vector_38
                0x0000025a                __vector_104
                0x0000025a                __vector_63
                0x0000025a                __vector_28
                0x0000025a                __vector_67
                0x0000025a                __vector_1
                0x0000025a                __vector_119
                0x0000025a                __vector_32
                0x0000025a                __vector_75
                0x0000025a                __vector_91
                0x0000025a                __vector_34
                0x0000025a                __vector_62
                0x0000025a                __vector_102
                0x0000025a                __vector_24
                0x0000025a                __vector_12
                0x0000025a                __vector_69
                0x0000025a                __vector_90
                0x0000025a                __bad_interrupt
                0x0000025a                __vector_122
                0x0000025a                __vector_114
                0x0000025a                __vector_6
                0x0000025a                __vector_31
                0x0000025a                __vector_92
                0x0000025a                __vector_35
                0x0000025a                __vector_117
                0x0000025a                __vector_107
                0x0000025a                __vector_3
                0x0000025a                __vector_105
                0x0000025a                __vector_98
                0x0000025a                __vector_68
                0x0000025a                __vector_30
                0x0000025a                __vector_45
                0x0000025a                __vector_25
                0x0000025a                __vector_93
                0x0000025a                __vector_61
                0x0000025a                __vector_99
                0x0000025a                __vector_7
                0x0000025a                __vector_123
                0x0000025a                __vector_100
                0x0000025a                __vector_101
                0x0000025a                __vector_64
                0x0000025a                __vector_88
                0x0000025a                __vector_43
                0x0000025a                __vector_27
                0x0000025a                __vector_5
                0x0000025a                __vector_33
                0x0000025a                __vector_76
                0x0000025a                __vector_115
                0x0000025a                __vector_37
                0x0000025a                __vector_95
                0x0000025a                __vector_103
                0x0000025a                __vector_96
                0x0000025a                __vector_89
                0x0000025a                __vector_4
                0x0000025a                __vector_44
                0x0000025a                __vector_106
                0x0000025a                __vector_118
                0x0000025a                __vector_9
                0x0000025a                __vector_2
                0x0000025a                __vector_66
                0x0000025a                __vector_36
                0x0000025a                __vector_58
                0x0000025a                __vector_70
                0x0000025a                __vector_29
                0x0000025a                __vector_60
                0x0000025a                __vector_121
                0x0000025a                __vector_94
                0x0000025a                __vector_8
                0x0000025a                __vector_26
                0x0000025a                __vector_124
                0x0000025a                __vector_116
                0x0000025a                __vector_57
                0x0000025a                __vector_10
                0x0000025a                __vector_59
                0x0000025a                __vector_97
                0x0000025a                __vector_87
                0x0000025a                __vector_65
                0x0000025a                __vector_120
                0x0000025c                . = ALIGN (0x2)
 *(.text.*)
 .text.__portable_avr_delay_cycles
                0x0000025c       0x16 src/ASF/xmega/drivers/rtc32/rtc32.o
 .text.rtc_get_time
                0x00000272       0x22 src/ASF/xmega/drivers/rtc32/rtc32.o
                0x00000272                rtc_get_time
 .text.rtc_set_callback
                0x00000294        0xa src/ASF/xmega/drivers/rtc32/rtc32.o
                0x00000294                rtc_set_callback
 .text.rtc_init
                0x0000029e       0x84 src/ASF/xmega/drivers/rtc32/rtc32.o
                0x0000029e                rtc_init
 .text.__vector_11
                0x00000322       0x6a src/ASF/xmega/drivers/rtc32/rtc32.o
                0x00000322                __vector_11
 .text.__portable_avr_delay_cycles
                0x0000038c       0x16 src/twi.o
 .text.twi_init
                0x000003a2       0x14 src/twi.o
                0x000003a2                twi_init
 .text.start_twi_lcd
                0x000003b6       0xa0 src/twi.o
                0x000003b6                start_twi_lcd
 .text.twi_start
                0x00000456       0x4a src/twi.o
                0x00000456                twi_start
 .text.task_twi_onboard
                0x000004a0        0x2 src/twi.o
                0x000004a0                task_twi_onboard
 .text.task_twi_lcd
                0x000004a2       0xea src/twi.o
                0x000004a2                task_twi_lcd
 .text.board_init
                0x0000058c        0x2 src/ASF/common/boards/user_board/init.o
                0x0000058c                board_init
 .text.adc_enable_clock
                0x0000058e       0x42 src/ASF/xmega/drivers/adc/adc.o
                0x0000058e                adc_enable_clock
 .text.adc_disable_clock
                0x000005d0       0x3e src/ASF/xmega/drivers/adc/adc.o
                0x000005d0                adc_disable_clock
 .text.__vector_71
                0x0000060e       0x64 src/ASF/xmega/drivers/adc/xmega_aau/adc_aau.o
                0x0000060e                __vector_71
 .text.__vector_72
                0x00000672       0x64 src/ASF/xmega/drivers/adc/xmega_aau/adc_aau.o
                0x00000672                __vector_72
 .text.__vector_73
                0x000006d6       0x64 src/ASF/xmega/drivers/adc/xmega_aau/adc_aau.o
                0x000006d6                __vector_73
 .text.__vector_74
                0x0000073a       0x64 src/ASF/xmega/drivers/adc/xmega_aau/adc_aau.o
                0x0000073a                __vector_74
 .text.__vector_39
                0x0000079e       0x64 src/ASF/xmega/drivers/adc/xmega_aau/adc_aau.o
                0x0000079e                __vector_39
 .text.__vector_40
                0x00000802       0x64 src/ASF/xmega/drivers/adc/xmega_aau/adc_aau.o
                0x00000802                __vector_40
 .text.__vector_41
                0x00000866       0x64 src/ASF/xmega/drivers/adc/xmega_aau/adc_aau.o
                0x00000866                __vector_41
 .text.__vector_42
                0x000008ca       0x64 src/ASF/xmega/drivers/adc/xmega_aau/adc_aau.o
                0x000008ca                __vector_42
 .text.adc_write_configuration
                0x0000092e       0xd4 src/ASF/xmega/drivers/adc/xmega_aau/adc_aau.o
                0x0000092e                adc_write_configuration
 .text.adc_read_configuration
                0x00000a02       0x72 src/ASF/xmega/drivers/adc/xmega_aau/adc_aau.o
                0x00000a02                adc_read_configuration
 .text.adcch_write_configuration
                0x00000a74       0x96 src/ASF/xmega/drivers/adc/xmega_aau/adc_aau.o
                0x00000a74                adcch_write_configuration
 .text.adcch_read_configuration
                0x00000b0a       0x96 src/ASF/xmega/drivers/adc/xmega_aau/adc_aau.o
                0x00000b0a                adcch_read_configuration
 .text.dac_enable_clock
                0x00000ba0       0x20 src/ASF/xmega/drivers/dac/dac.o
 .text.dac_disable_clock
                0x00000bc0       0x1e src/ASF/xmega/drivers/dac/dac.o
 .text.dac_write_configuration
                0x00000bde       0xb8 src/ASF/xmega/drivers/dac/dac.o
                0x00000bde                dac_write_configuration
 .text.dac_read_configuration
                0x00000c96       0x5e src/ASF/xmega/drivers/dac/dac.o
                0x00000c96                dac_read_configuration
 .text.__vector_14
                0x00000cf4       0x5a src/ASF/xmega/drivers/tc/tc.o
                0x00000cf4                __vector_14
 .text.__vector_15
                0x00000d4e       0x5a src/ASF/xmega/drivers/tc/tc.o
                0x00000d4e                __vector_15
 .text.__vector_16
                0x00000da8       0x5a src/ASF/xmega/drivers/tc/tc.o
                0x00000da8                __vector_16
 .text.__vector_17
                0x00000e02       0x5a src/ASF/xmega/drivers/tc/tc.o
                0x00000e02                __vector_17
 .text.__vector_18
                0x00000e5c       0x5a src/ASF/xmega/drivers/tc/tc.o
                0x00000e5c                __vector_18
 .text.__vector_19
                0x00000eb6       0x5a src/ASF/xmega/drivers/tc/tc.o
                0x00000eb6                __vector_19
 .text.__vector_20
                0x00000f10       0x5a src/ASF/xmega/drivers/tc/tc.o
                0x00000f10                __vector_20
 .text.__vector_21
                0x00000f6a       0x5a src/ASF/xmega/drivers/tc/tc.o
                0x00000f6a                __vector_21
 .text.__vector_22
                0x00000fc4       0x5a src/ASF/xmega/drivers/tc/tc.o
                0x00000fc4                __vector_22
 .text.__vector_23
                0x0000101e       0x5a src/ASF/xmega/drivers/tc/tc.o
                0x0000101e                __vector_23
 .text.__vector_77
                0x00001078       0x5a src/ASF/xmega/drivers/tc/tc.o
                0x00001078                __vector_77
 .text.__vector_78
                0x000010d2       0x5a src/ASF/xmega/drivers/tc/tc.o
                0x000010d2                __vector_78
 .text.__vector_79
                0x0000112c       0x5a src/ASF/xmega/drivers/tc/tc.o
                0x0000112c                __vector_79
 .text.__vector_80
                0x00001186       0x5a src/ASF/xmega/drivers/tc/tc.o
                0x00001186                __vector_80
 .text.__vector_81
                0x000011e0       0x5a src/ASF/xmega/drivers/tc/tc.o
                0x000011e0                __vector_81
 .text.__vector_82
                0x0000123a       0x5a src/ASF/xmega/drivers/tc/tc.o
                0x0000123a                __vector_82
 .text.__vector_83
                0x00001294       0x5a src/ASF/xmega/drivers/tc/tc.o
                0x00001294                __vector_83
 .text.__vector_84
                0x000012ee       0x5a src/ASF/xmega/drivers/tc/tc.o
                0x000012ee                __vector_84
 .text.__vector_85
                0x00001348       0x5a src/ASF/xmega/drivers/tc/tc.o
                0x00001348                __vector_85
 .text.__vector_86
                0x000013a2       0x5a src/ASF/xmega/drivers/tc/tc.o
                0x000013a2                __vector_86
 .text.__vector_47
                0x000013fc       0x5a src/ASF/xmega/drivers/tc/tc.o
                0x000013fc                __vector_47
 .text.__vector_48
                0x00001456       0x5a src/ASF/xmega/drivers/tc/tc.o
                0x00001456                __vector_48
 .text.__vector_49
                0x000014b0       0x5a src/ASF/xmega/drivers/tc/tc.o
                0x000014b0                __vector_49
 .text.__vector_50
                0x0000150a       0x5a src/ASF/xmega/drivers/tc/tc.o
                0x0000150a                __vector_50
 .text.__vector_51
                0x00001564       0x5a src/ASF/xmega/drivers/tc/tc.o
                0x00001564                __vector_51
 .text.__vector_52
                0x000015be       0x5a src/ASF/xmega/drivers/tc/tc.o
                0x000015be                __vector_52
 .text.__vector_53
                0x00001618       0x5a src/ASF/xmega/drivers/tc/tc.o
                0x00001618                __vector_53
 .text.__vector_54
                0x00001672       0x5a src/ASF/xmega/drivers/tc/tc.o
                0x00001672                __vector_54
 .text.__vector_55
                0x000016cc       0x5a src/ASF/xmega/drivers/tc/tc.o
                0x000016cc                __vector_55
 .text.__vector_56
                0x00001726       0x5a src/ASF/xmega/drivers/tc/tc.o
                0x00001726                __vector_56
 .text.__vector_108
                0x00001780       0x5a src/ASF/xmega/drivers/tc/tc.o
                0x00001780                __vector_108
 .text.__vector_109
                0x000017da       0x5a src/ASF/xmega/drivers/tc/tc.o
                0x000017da                __vector_109
 .text.__vector_110
                0x00001834       0x5a src/ASF/xmega/drivers/tc/tc.o
                0x00001834                __vector_110
 .text.__vector_111
                0x0000188e       0x5a src/ASF/xmega/drivers/tc/tc.o
                0x0000188e                __vector_111
 .text.__vector_112
                0x000018e8       0x5a src/ASF/xmega/drivers/tc/tc.o
                0x000018e8                __vector_112
 .text.__vector_113
                0x00001942       0x5a src/ASF/xmega/drivers/tc/tc.o
                0x00001942                __vector_113
 .text.tc_enable
                0x0000199c       0xfe src/ASF/xmega/drivers/tc/tc.o
                0x0000199c                tc_enable
 .text.twim_interrupt_handler
                0x00001a9a      0x12e src/ASF/xmega/drivers/twi/twim.o
 .text.__vector_13
                0x00001bc8       0x4e src/ASF/xmega/drivers/twi/twim.o
                0x00001bc8                __vector_13
 .text.__vector_46
                0x00001c16       0x4e src/ASF/xmega/drivers/twi/twim.o
                0x00001c16                __vector_46
 .text.twi_master_init
                0x00001c64       0x2a src/ASF/xmega/drivers/twi/twim.o
                0x00001c64                twi_master_init
 .text.twi_master_transfer
                0x00001c8e       0xc8 src/ASF/xmega/drivers/twi/twim.o
                0x00001c8e                twi_master_transfer
 .text.udd_sleep_mode
                0x00001d56       0x70 src/ASF/xmega/drivers/usb/usb_device.o
 .text.udd_ctrl_init
                0x00001dc6       0x4a src/ASF/xmega/drivers/usb/usb_device.o
 .text.udd_ctrl_stall_data
                0x00001e10       0x1c src/ASF/xmega/drivers/usb/usb_device.o
 .text.udd_ctrl_send_zlp_in
                0x00001e2c       0x1c src/ASF/xmega/drivers/usb/usb_device.o
 .text.udd_ctrl_endofrequest
                0x00001e48       0x10 src/ASF/xmega/drivers/usb/usb_device.o
 .text.udd_ctrl_in_sent
                0x00001e58       0xd8 src/ASF/xmega/drivers/usb/usb_device.o
 .text.udd_ep_get_size
                0x00001f30       0x52 src/ASF/xmega/drivers/usb/usb_device.o
 .text.udd_ep_get_job
                0x00001f82       0x36 src/ASF/xmega/drivers/usb/usb_device.o
 .text.udd_ctrl_interrupt_tc_setup
                0x00001fb8       0xe4 src/ASF/xmega/drivers/usb/usb_device.o
 .text.udd_ep_trans_complet
                0x0000209c      0x308 src/ASF/xmega/drivers/usb/usb_device.o
 .text.udd_attach
                0x000023a4       0x5a src/ASF/xmega/drivers/usb/usb_device.o
                0x000023a4                udd_attach
 .text.udd_enable
                0x000023fe      0x10a src/ASF/xmega/drivers/usb/usb_device.o
                0x000023fe                udd_enable
 .text.udd_is_high_speed
                0x00002508        0x4 src/ASF/xmega/drivers/usb/usb_device.o
                0x00002508                udd_is_high_speed
 .text.udd_set_address
                0x0000250c        0x6 src/ASF/xmega/drivers/usb/usb_device.o
                0x0000250c                udd_set_address
 .text.udd_getaddress
                0x00002512        0x6 src/ASF/xmega/drivers/usb/usb_device.o
                0x00002512                udd_getaddress
 .text.udd_get_frame_number
                0x00002518        0xa src/ASF/xmega/drivers/usb/usb_device.o
                0x00002518                udd_get_frame_number
 .text.udd_get_micro_frame_number
                0x00002522        0x6 src/ASF/xmega/drivers/usb/usb_device.o
                0x00002522                udd_get_micro_frame_number
 .text.udd_set_setup_payload
                0x00002528        0xe src/ASF/xmega/drivers/usb/usb_device.o
                0x00002528                udd_set_setup_payload
 .text.udd_ep_alloc
                0x00002536      0x110 src/ASF/xmega/drivers/usb/usb_device.o
                0x00002536                udd_ep_alloc
 .text.udd_ep_is_halted
                0x00002646       0x36 src/ASF/xmega/drivers/usb/usb_device.o
                0x00002646                udd_ep_is_halted
 .text.udd_ep_clear_halt
                0x0000267c       0x6e src/ASF/xmega/drivers/usb/usb_device.o
                0x0000267c                udd_ep_clear_halt
 .text.udd_ep_run
                0x000026ea      0x196 src/ASF/xmega/drivers/usb/usb_device.o
                0x000026ea                udd_ep_run
 .text.udd_ep_abort
                0x00002880       0x9e src/ASF/xmega/drivers/usb/usb_device.o
                0x00002880                udd_ep_abort
 .text.udd_ep_free
                0x0000291e       0x38 src/ASF/xmega/drivers/usb/usb_device.o
                0x0000291e                udd_ep_free
 .text.udd_ep_set_halt
                0x00002956       0x3a src/ASF/xmega/drivers/usb/usb_device.o
                0x00002956                udd_ep_set_halt
 .text.__vector_125
                0x00002990      0x174 src/ASF/xmega/drivers/usb/usb_device.o
                0x00002990                __vector_125
 .text.__vector_126
                0x00002b04      0x1f2 src/ASF/xmega/drivers/usb/usb_device.o
                0x00002b04                __vector_126
 .text.pwm_set_frequency
                0x00002cf6       0xd8 src/ASF/xmega/services/pwm/pwm.o
                0x00002cf6                pwm_set_frequency
 .text.pwm_init
                0x00002dce      0x190 src/ASF/xmega/services/pwm/pwm.o
                0x00002dce                pwm_init
 .text.pwm_start
                0x00002f5e       0xa4 src/ASF/xmega/services/pwm/pwm.o
                0x00002f5e                pwm_start
 .text.cb_rtc_alarm
                0x00003002        0x2 src/main.o
                0x00003002                cb_rtc_alarm
 .text.usb_callback_suspend_action
                0x00003004        0x2 src/main.o
                0x00003004                usb_callback_suspend_action
 .text.usb_callback_resume_action
                0x00003006        0x2 src/main.o
                0x00003006                usb_callback_resume_action
 .text.usb_callback_remotewakeup_enable
                0x00003008        0x2 src/main.o
                0x00003008                usb_callback_remotewakeup_enable
 .text.usb_callback_remotewakeup_disable
                0x0000300a        0x2 src/main.o
                0x0000300a                usb_callback_remotewakeup_disable
 .text.usb_callback_cdc_enable
                0x0000300c        0x8 src/main.o
                0x0000300c                usb_callback_cdc_enable
 .text.usb_callback_cdc_disable
                0x00003014        0x6 src/main.o
                0x00003014                usb_callback_cdc_disable
 .text.usb_callback_config
                0x0000301a        0x2 src/main.o
                0x0000301a                usb_callback_config
 .text.usb_callback_cdc_set_dtr
                0x0000301c        0x2 src/main.o
                0x0000301c                usb_callback_cdc_set_dtr
 .text.usb_callback_cdc_set_rts
                0x0000301e        0x2 src/main.o
                0x0000301e                usb_callback_cdc_set_rts
 .text.usb_callback_rx_notify
                0x00003020        0x2 src/main.o
                0x00003020                usb_callback_rx_notify
 .text.usb_callback_tx_empty_notify
                0x00003022        0x2 src/main.o
                0x00003022                usb_callback_tx_empty_notify
 .text.main     0x00003024      0x586 src/main.o
                0x00003024                main
 .text.sysclk_init
                0x000035aa      0x102 src/ASF/common/services/clock/xmega/sysclk.o
                0x000035aa                sysclk_init
 .text.sysclk_enable_module
                0x000036ac       0x2c src/ASF/common/services/clock/xmega/sysclk.o
                0x000036ac                sysclk_enable_module
 .text.sysclk_disable_module
                0x000036d8       0x2a src/ASF/common/services/clock/xmega/sysclk.o
                0x000036d8                sysclk_disable_module
 .text.sysclk_enable_usb
                0x00003702       0x8a src/ASF/common/services/clock/xmega/sysclk.o
                0x00003702                sysclk_enable_usb
 .text.udi_cdc_comm_disable
                0x0000378c        0xc src/ASF/common/services/usb/class/cdc/device/udi_cdc.o
                0x0000378c                udi_cdc_comm_disable
 .text.udi_cdc_data_setup
                0x00003798        0x4 src/ASF/common/services/usb/class/cdc/device/udi_cdc.o
                0x00003798                udi_cdc_data_setup
 .text.udi_cdc_getsetting
                0x0000379c        0x4 src/ASF/common/services/usb/class/cdc/device/udi_cdc.o
                0x0000379c                udi_cdc_getsetting
 .text.udi_cdc_line_coding_received
                0x000037a0        0xa src/ASF/common/services/usb/class/cdc/device/udi_cdc.o
 .text.udi_cdc_comm_enable
                0x000037aa       0x60 src/ASF/common/services/usb/class/cdc/device/udi_cdc.o
                0x000037aa                udi_cdc_comm_enable
 .text.udi_cdc_tx_send
                0x0000380a      0x164 src/ASF/common/services/usb/class/cdc/device/udi_cdc.o
 .text.udi_cdc_data_sof_notify
                0x0000396e        0x6 src/ASF/common/services/usb/class/cdc/device/udi_cdc.o
                0x0000396e                udi_cdc_data_sof_notify
 .text.udi_cdc_data_sent
                0x00003974       0x38 src/ASF/common/services/usb/class/cdc/device/udi_cdc.o
 .text.udi_cdc_data_disable
                0x000039ac       0x16 src/ASF/common/services/usb/class/cdc/device/udi_cdc.o
                0x000039ac                udi_cdc_data_disable
 .text.udi_cdc_comm_setup
                0x000039c2       0xbe src/ASF/common/services/usb/class/cdc/device/udi_cdc.o
                0x000039c2                udi_cdc_comm_setup
 .text.udi_cdc_multi_get_nb_received_data
                0x00003a80       0x3a src/ASF/common/services/usb/class/cdc/device/udi_cdc.o
                0x00003a80                udi_cdc_multi_get_nb_received_data
 .text.udi_cdc_multi_is_rx_ready
                0x00003aba        0xe src/ASF/common/services/usb/class/cdc/device/udi_cdc.o
                0x00003aba                udi_cdc_multi_is_rx_ready
 .text.udi_cdc_rx_start
                0x00003ac8       0xa2 src/ASF/common/services/usb/class/cdc/device/udi_cdc.o
 .text.udi_cdc_data_enable
                0x00003b6a       0x64 src/ASF/common/services/usb/class/cdc/device/udi_cdc.o
                0x00003b6a                udi_cdc_data_enable
 .text.udi_cdc_data_received
                0x00003bce       0x60 src/ASF/common/services/usb/class/cdc/device/udi_cdc.o
 .text.udi_cdc_multi_getc
                0x00003c2e       0xa8 src/ASF/common/services/usb/class/cdc/device/udi_cdc.o
                0x00003c2e                udi_cdc_multi_getc
 .text.udi_cdc_getc
                0x00003cd6        0x6 src/ASF/common/services/usb/class/cdc/device/udi_cdc.o
                0x00003cd6                udi_cdc_getc
 .text.udi_cdc_multi_get_free_tx_buffer
                0x00003cdc       0x60 src/ASF/common/services/usb/class/cdc/device/udi_cdc.o
                0x00003cdc                udi_cdc_multi_get_free_tx_buffer
 .text.udi_cdc_multi_is_tx_ready
                0x00003d3c        0xe src/ASF/common/services/usb/class/cdc/device/udi_cdc.o
                0x00003d3c                udi_cdc_multi_is_tx_ready
 .text.udi_cdc_multi_putc
                0x00003d4a       0x9c src/ASF/common/services/usb/class/cdc/device/udi_cdc.o
                0x00003d4a                udi_cdc_multi_putc
 .text.udi_cdc_putc
                0x00003de6        0x8 src/ASF/common/services/usb/class/cdc/device/udi_cdc.o
                0x00003de6                udi_cdc_putc
 .text.udc_next_desc_in_iface
                0x00003dee       0x6a src/ASF/common/services/usb/udc/udc.o
 .text.udc_valid_address
                0x00003e58        0xc src/ASF/common/services/usb/udc/udc.o
 .text.udc_update_iface_desc
                0x00003e64       0x74 src/ASF/common/services/usb/udc/udc.o
 .text.udc_iface_disable
                0x00003ed8       0x84 src/ASF/common/services/usb/udc/udc.o
 .text.udc_iface_enable
                0x00003f5c       0x66 src/ASF/common/services/usb/udc/udc.o
 .text.udc_start
                0x00003fc2        0x6 src/ASF/common/services/usb/udc/udc.o
                0x00003fc2                udc_start
 .text.udc_reset
                0x00003fc8       0x54 src/ASF/common/services/usb/udc/udc.o
                0x00003fc8                udc_reset
 .text.udc_sof_notify
                0x0000401c       0x60 src/ASF/common/services/usb/udc/udc.o
                0x0000401c                udc_sof_notify
 .text.udc_process_setup
                0x0000407c      0x568 src/ASF/common/services/usb/udc/udc.o
                0x0000407c                udc_process_setup
 .text._read    0x000045e4       0x32 src/ASF/common/utils/stdio/read.o
                0x000045e4                _read
 .text.stdio_usb_putchar
                0x00004616       0x2e src/ASF/common/utils/stdio/stdio_usb/stdio_usb.o
                0x00004616                stdio_usb_putchar
 .text.stdio_usb_getchar
                0x00004644       0x1e src/ASF/common/utils/stdio/stdio_usb/stdio_usb.o
                0x00004644                stdio_usb_getchar
 .text.stdio_usb_enable
                0x00004662        0x8 src/ASF/common/utils/stdio/stdio_usb/stdio_usb.o
                0x00004662                stdio_usb_enable
 .text.stdio_usb_init
                0x0000466a       0x2e src/ASF/common/utils/stdio/stdio_usb/stdio_usb.o
                0x0000466a                stdio_usb_init
 .text._write   0x00004698       0x24 src/ASF/common/utils/stdio/write.o
                0x00004698                _write
 .text.nvm_read_byte
                0x000046bc       0x14 src/ASF/xmega/drivers/nvm/nvm_asm.o
                0x000046bc                nvm_read_byte
 .text.ccp_write_io
                0x000046d0        0xc src/ASF/xmega/drivers/cpu/ccp.o
                0x000046d0                ccp_write_io
 .text.libgcc.div
                0x000046dc       0x28 c:/program files (x86)/atmel/studio/7.0/toolchain/avr8/avr8-gnu-toolchain/bin/../lib/gcc/avr/5.4.0/avrxmega6\libgcc.a(_udivmodhi4.o)
                0x000046dc                __udivmodhi4
 .text.libgcc.div
                0x00004704       0x44 c:/program files (x86)/atmel/studio/7.0/toolchain/avr8/avr8-gnu-toolchain/bin/../lib/gcc/avr/5.4.0/avrxmega6\libgcc.a(_udivmodsi4.o)
                0x00004704                __udivmodsi4
 .text.libgcc   0x00004748       0x10 c:/program files (x86)/atmel/studio/7.0/toolchain/avr8/avr8-gnu-toolchain/bin/../lib/gcc/avr/5.4.0/avrxmega6\libgcc.a(_tablejump2.o)
                0x00004748                __tablejump2__
 .text.libgcc.mul
                0x00004758       0x1e c:/program files (x86)/atmel/studio/7.0/toolchain/avr8/avr8-gnu-toolchain/bin/../lib/gcc/avr/5.4.0/avrxmega6\libgcc.a(_umulhisi3.o)
                0x00004758                __umulhisi3
 .text.avr-libc
                0x00004776       0x12 c:/program files (x86)/atmel/studio/7.0/toolchain/avr8/avr8-gnu-toolchain/bin/../lib/gcc/avr/5.4.0/../../../../avr/lib/avrxmega6\libc.a(memcpy.o)
                0x00004776                memcpy
 .text.avr-libc
                0x00004788       0x94 c:/program files (x86)/atmel/studio/7.0/toolchain/avr8/avr8-gnu-toolchain/bin/../lib/gcc/avr/5.4.0/../../../../avr/lib/avrxmega6\libc.a(fdevopen.o)
                0x00004788                fdevopen
 .text.avr-libc
                0x0000481c       0x26 c:/program files (x86)/atmel/studio/7.0/toolchain/avr8/avr8-gnu-toolchain/bin/../lib/gcc/avr/5.4.0/../../../../avr/lib/avrxmega6\libc.a(printf.o)
                0x0000481c                printf
 .text.avr-libc
                0x00004842       0x60 c:/program files (x86)/atmel/studio/7.0/toolchain/avr8/avr8-gnu-toolchain/bin/../lib/gcc/avr/5.4.0/../../../../avr/lib/avrxmega6\libc.a(puts.o)
                0x00004842                puts
 .text.avr-libc
                0x000048a2      0x3ee c:/program files (x86)/atmel/studio/7.0/toolchain/avr8/avr8-gnu-toolchain/bin/../lib/gcc/avr/5.4.0/../../../../avr/lib/avrxmega6\libc.a(vfprintf_std.o)
                0x000048a2                vfprintf
 .text.avr-libc
                0x00004c90       0x34 c:/program files (x86)/atmel/studio/7.0/toolchain/avr8/avr8-gnu-toolchain/bin/../lib/gcc/avr/5.4.0/../../../../avr/lib/avrxmega6\libc.a(calloc.o)
                0x00004c90                calloc
 .text.avr-libc
                0x00004cc4      0x242 c:/program files (x86)/atmel/studio/7.0/toolchain/avr8/avr8-gnu-toolchain/bin/../lib/gcc/avr/5.4.0/../../../../avr/lib/avrxmega6\libc.a(malloc.o)
                0x00004cc4                malloc
                0x00004df4                free
 .text.avr-libc
                0x00004f06       0x16 c:/program files (x86)/atmel/studio/7.0/toolchain/avr8/avr8-gnu-toolchain/bin/../lib/gcc/avr/5.4.0/../../../../avr/lib/avrxmega6\libc.a(strnlen_P.o)
                0x00004f06                strnlen_P
 .text.avr-libc
                0x00004f1c        0xe c:/program files (x86)/atmel/studio/7.0/toolchain/avr8/avr8-gnu-toolchain/bin/../lib/gcc/avr/5.4.0/../../../../avr/lib/avrxmega6\libc.a(memset.o)
                0x00004f1c                memset
 .text.avr-libc
                0x00004f2a       0x16 c:/program files (x86)/atmel/studio/7.0/toolchain/avr8/avr8-gnu-toolchain/bin/../lib/gcc/avr/5.4.0/../../../../avr/lib/avrxmega6\libc.a(strnlen.o)
                0x00004f2a                strnlen
 .text.avr-libc
                0x00004f40       0x78 c:/program files (x86)/atmel/studio/7.0/toolchain/avr8/avr8-gnu-toolchain/bin/../lib/gcc/avr/5.4.0/../../../../avr/lib/avrxmega6\libc.a(fputc.o)
                0x00004f40                fputc
 .text.avr-libc
                0x00004fb8       0xbc c:/program files (x86)/atmel/studio/7.0/toolchain/avr8/avr8-gnu-toolchain/bin/../lib/gcc/avr/5.4.0/../../../../avr/lib/avrxmega6\libc.a(ultoa_invert.o)
                0x00004fb8                __ultoa_invert
                0x00005074                . = ALIGN (0x2)
 *(.fini9)
 .fini9         0x00005074        0x0 c:/program files (x86)/atmel/studio/7.0/toolchain/avr8/avr8-gnu-toolchain/bin/../lib/gcc/avr/5.4.0/avrxmega6\libgcc.a(_exit.o)
                0x00005074                _exit
                0x00005074                exit
 *(.fini9)
 *(.fini8)
 *(.fini8)
 *(.fini7)
 *(.fini7)
 *(.fini6)
 *(.fini6)
 *(.fini5)
 *(.fini5)
 *(.fini4)
 *(.fini4)
 *(.fini3)
 *(.fini3)
 *(.fini2)
 *(.fini2)
 *(.fini1)
 *(.fini1)
 *(.fini0)
 .fini0         0x00005074        0x4 c:/program files (x86)/atmel/studio/7.0/toolchain/avr8/avr8-gnu-toolchain/bin/../lib/gcc/avr/5.4.0/avrxmega6\libgcc.a(_exit.o)
 *(.fini0)
                0x00005078                _etext = .

.data           0x00802000      0x1a8 load address 0x00005078
                0x00802000                PROVIDE (__data_start, .)
 *(.data)
 .data          0x00802000        0x6 c:/program files (x86)/atmel/studio/7.0/toolchain/avr8/avr8-gnu-toolchain/bin/../lib/gcc/avr/5.4.0/../../../../avr/lib/avrxmega6\libc.a(malloc.o)
                0x00802000                __malloc_heap_end
                0x00802002                __malloc_heap_start
                0x00802004                __malloc_margin
 *(.data*)
 .data.twi2_packet
                0x00802006        0xb src/main.o
                0x00802006                twi2_packet
 .data.twi2_options
                0x00802011        0x9 src/main.o
                0x00802011                twi2_options
 .data.twi1_options
                0x0080201a        0x9 src/main.o
                0x0080201a                twi1_options
 .data.sleepmgr_configs
                0x00802023        0x6 src/ASF/common/services/sleepmgr/xmega/sleepmgr.o
                0x00802023                sleepmgr_configs
 .data.udi_api_cdc_data
                0x00802029        0xa src/ASF/common/services/usb/class/cdc/device/udi_cdc.o
                0x00802029                udi_api_cdc_data
 .data.udi_api_cdc_comm
                0x00802033        0xa src/ASF/common/services/usb/class/cdc/device/udi_cdc.o
                0x00802033                udi_api_cdc_comm
 .data.udc_config
                0x0080203d        0x6 src/ASF/common/services/usb/class/cdc/device/udi_cdc_desc.o
                0x0080203d                udc_config
 .data.udc_config_fs
                0x00802043        0x4 src/ASF/common/services/usb/class/cdc/device/udi_cdc_desc.o
                0x00802043                udc_config_fs
 .data.udi_apis
                0x00802047        0x4 src/ASF/common/services/usb/class/cdc/device/udi_cdc_desc.o
                0x00802047                udi_apis
 *fill*         0x0080204b        0x1 
 .data.udc_desc_fs
                0x0080204c       0x44 src/ASF/common/services/usb/class/cdc/device/udi_cdc_desc.o
                0x0080204c                udc_desc_fs
 .data.udc_device_desc
                0x00802090       0x12 src/ASF/common/services/usb/class/cdc/device/udi_cdc_desc.o
                0x00802090                udc_device_desc
 .data.udc_string_desc
                0x008020a2       0x22 src/ASF/common/services/usb/udc/udc.o
 .data.udc_string_product_name
                0x008020c4        0xd src/ASF/common/services/usb/udc/udc.o
 .data.udc_string_manufacturer_name
                0x008020d1       0x11 src/ASF/common/services/usb/udc/udc.o
 .data.udc_string_desc_languageid
                0x008020e2        0x4 src/ASF/common/services/usb/udc/udc.o
 *(.rodata)
 *(.rodata*)
 .rodata.str1.1
                0x008020e6       0x58 src/twi.o
 .rodata.str1.1
                0x0080213e       0x27 src/main.o
 .rodata.dac_io_dac1_buf
                0x00802165       0x40 src/main.o
 .rodata.str1.1
                0x008021a5        0x2 src/ASF/common/services/usb/udc/udc.o
 *(.gnu.linkonce.d*)
                0x008021a8                . = ALIGN (0x2)
 *fill*         0x008021a7        0x1 
                0x008021a8                _edata = .
                0x008021a8                PROVIDE (__data_end, .)

.bss            0x008021a8      0x2f7
                0x008021a8                PROVIDE (__bss_start, .)
 *(.bss)
 *(.bss*)
 .bss.adcb_enable_count
                0x008021a8        0x1 src/ASF/xmega/drivers/adc/adc.o
 .bss.adca_enable_count
                0x008021a9        0x1 src/ASF/xmega/drivers/adc/adc.o
 .bss.dacb_enable_count
                0x008021aa        0x1 src/ASF/xmega/drivers/dac/dac.o
 .bss.tc_tcf0_ccd_callback
                0x008021ab        0x2 src/ASF/xmega/drivers/tc/tc.o
 .bss.tc_tcf0_ccc_callback
                0x008021ad        0x2 src/ASF/xmega/drivers/tc/tc.o
 .bss.tc_tcf0_ccb_callback
                0x008021af        0x2 src/ASF/xmega/drivers/tc/tc.o
 .bss.tc_tcf0_cca_callback
                0x008021b1        0x2 src/ASF/xmega/drivers/tc/tc.o
 .bss.tc_tcf0_err_callback
                0x008021b3        0x2 src/ASF/xmega/drivers/tc/tc.o
 .bss.tc_tcf0_ovf_callback
                0x008021b5        0x2 src/ASF/xmega/drivers/tc/tc.o
 .bss.tc_tce1_ccb_callback
                0x008021b7        0x2 src/ASF/xmega/drivers/tc/tc.o
 .bss.tc_tce1_cca_callback
                0x008021b9        0x2 src/ASF/xmega/drivers/tc/tc.o
 .bss.tc_tce1_err_callback
                0x008021bb        0x2 src/ASF/xmega/drivers/tc/tc.o
 .bss.tc_tce1_ovf_callback
                0x008021bd        0x2 src/ASF/xmega/drivers/tc/tc.o
 .bss.tc_tce0_ccd_callback
                0x008021bf        0x2 src/ASF/xmega/drivers/tc/tc.o
 .bss.tc_tce0_ccc_callback
                0x008021c1        0x2 src/ASF/xmega/drivers/tc/tc.o
 .bss.tc_tce0_ccb_callback
                0x008021c3        0x2 src/ASF/xmega/drivers/tc/tc.o
 .bss.tc_tce0_cca_callback
                0x008021c5        0x2 src/ASF/xmega/drivers/tc/tc.o
 .bss.tc_tce0_err_callback
                0x008021c7        0x2 src/ASF/xmega/drivers/tc/tc.o
 .bss.tc_tce0_ovf_callback
                0x008021c9        0x2 src/ASF/xmega/drivers/tc/tc.o
 .bss.tc_tcd1_ccb_callback
                0x008021cb        0x2 src/ASF/xmega/drivers/tc/tc.o
 .bss.tc_tcd1_cca_callback
                0x008021cd        0x2 src/ASF/xmega/drivers/tc/tc.o
 .bss.tc_tcd1_err_callback
                0x008021cf        0x2 src/ASF/xmega/drivers/tc/tc.o
 .bss.tc_tcd1_ovf_callback
                0x008021d1        0x2 src/ASF/xmega/drivers/tc/tc.o
 .bss.tc_tcd0_ccd_callback
                0x008021d3        0x2 src/ASF/xmega/drivers/tc/tc.o
 .bss.tc_tcd0_ccc_callback
                0x008021d5        0x2 src/ASF/xmega/drivers/tc/tc.o
 .bss.tc_tcd0_ccb_callback
                0x008021d7        0x2 src/ASF/xmega/drivers/tc/tc.o
 .bss.tc_tcd0_cca_callback
                0x008021d9        0x2 src/ASF/xmega/drivers/tc/tc.o
 .bss.tc_tcd0_err_callback
                0x008021db        0x2 src/ASF/xmega/drivers/tc/tc.o
 .bss.tc_tcd0_ovf_callback
                0x008021dd        0x2 src/ASF/xmega/drivers/tc/tc.o
 .bss.tc_tcc1_ccb_callback
                0x008021df        0x2 src/ASF/xmega/drivers/tc/tc.o
 .bss.tc_tcc1_cca_callback
                0x008021e1        0x2 src/ASF/xmega/drivers/tc/tc.o
 .bss.tc_tcc1_err_callback
                0x008021e3        0x2 src/ASF/xmega/drivers/tc/tc.o
 .bss.tc_tcc1_ovf_callback
                0x008021e5        0x2 src/ASF/xmega/drivers/tc/tc.o
 .bss.tc_tcc0_ccd_callback
                0x008021e7        0x2 src/ASF/xmega/drivers/tc/tc.o
 .bss.tc_tcc0_ccc_callback
                0x008021e9        0x2 src/ASF/xmega/drivers/tc/tc.o
 .bss.tc_tcc0_ccb_callback
                0x008021eb        0x2 src/ASF/xmega/drivers/tc/tc.o
 .bss.tc_tcc0_cca_callback
                0x008021ed        0x2 src/ASF/xmega/drivers/tc/tc.o
 .bss.tc_tcc0_err_callback
                0x008021ef        0x2 src/ASF/xmega/drivers/tc/tc.o
 .bss.tc_tcc0_ovf_callback
                0x008021f1        0x2 src/ASF/xmega/drivers/tc/tc.o
 .bss.transfer  0x008021f3        0xb src/ASF/xmega/drivers/twi/twim.o
 .bss.b_shortpacket.5472
                0x008021fe        0x1 src/ASF/xmega/drivers/usb/usb_device.o
 .bss.udd_ep_out_cache_buffer
                0x008021ff       0x80 src/ASF/xmega/drivers/usb/usb_device.o
 .bss.udd_ep_job
                0x0080227f       0x24 src/ASF/xmega/drivers/usb/usb_device.o
 .bss.udd_ctrl_buffer
                0x008022a3       0x40 src/ASF/xmega/drivers/usb/usb_device.o
 .bss.udd_ctrl_payload_nb_trans
                0x008022e3        0x2 src/ASF/xmega/drivers/usb/usb_device.o
 .bss.udd_ctrl_prev_payload_nb_trans
                0x008022e5        0x2 src/ASF/xmega/drivers/usb/usb_device.o
 .bss.udd_ep_control_state
                0x008022e7        0x1 src/ASF/xmega/drivers/usb/usb_device.o
 .bss.udd_sram  0x008022e8       0x40 src/ASF/xmega/drivers/usb/usb_device.o
 .bss.udd_b_idle
                0x00802328        0x1 src/ASF/xmega/drivers/usb/usb_device.o
 .bss.idx_dacX.6917
                0x00802329        0x2 src/main.o
 .bss.last.6928
                0x0080232b        0x4 src/main.o
 .bss.twi2_m_data
                0x0080232f        0x8 src/main.o
                0x0080232f                twi2_m_data
 .bss.g_twi2_lcd_version
                0x00802337        0x1 src/main.o
                0x00802337                g_twi2_lcd_version
 .bss.usb_cdc_transfers_autorized
                0x00802338        0x1 src/main.o
                0x00802338                usb_cdc_transfers_autorized
 .bss.runmode   0x00802339        0x1 src/main.o
                0x00802339                runmode
 .bss.sof_zlp_counter.5059
                0x0080233a        0x2 src/ASF/common/services/usb/class/cdc/device/udi_cdc.o
 .bss.udi_cdc_tx_both_buf_to_send
                0x0080233c        0x1 src/ASF/common/services/usb/class/cdc/device/udi_cdc.o
 .bss.udi_cdc_tx_trans_ongoing
                0x0080233d        0x1 src/ASF/common/services/usb/class/cdc/device/udi_cdc.o
 .bss.udi_cdc_tx_sof_num
                0x0080233e        0x2 src/ASF/common/services/usb/class/cdc/device/udi_cdc.o
 .bss.udi_cdc_tx_buf_sel
                0x00802340        0x1 src/ASF/common/services/usb/class/cdc/device/udi_cdc.o
 .bss.udi_cdc_tx_buf_nb
                0x00802341        0x4 src/ASF/common/services/usb/class/cdc/device/udi_cdc.o
 *fill*         0x00802345        0x1 
 .bss.udi_cdc_tx_buf
                0x00802346       0x80 src/ASF/common/services/usb/class/cdc/device/udi_cdc.o
 .bss.udi_cdc_rx_trans_ongoing
                0x008023c6        0x1 src/ASF/common/services/usb/class/cdc/device/udi_cdc.o
 .bss.udi_cdc_rx_pos
                0x008023c7        0x2 src/ASF/common/services/usb/class/cdc/device/udi_cdc.o
 .bss.udi_cdc_rx_buf_sel
                0x008023c9        0x1 src/ASF/common/services/usb/class/cdc/device/udi_cdc.o
 .bss.udi_cdc_rx_buf_nb
                0x008023ca        0x4 src/ASF/common/services/usb/class/cdc/device/udi_cdc.o
 .bss.udi_cdc_rx_buf
                0x008023ce       0x80 src/ASF/common/services/usb/class/cdc/device/udi_cdc.o
 .bss.udi_cdc_data_running
                0x0080244e        0x1 src/ASF/common/services/usb/class/cdc/device/udi_cdc.o
 .bss.udi_cdc_nb_data_enabled
                0x0080244f        0x1 src/ASF/common/services/usb/class/cdc/device/udi_cdc.o
 .bss.udi_cdc_nb_comm_enabled
                0x00802450        0x1 src/ASF/common/services/usb/class/cdc/device/udi_cdc.o
 *fill*         0x00802451        0x1 
 .bss.uid_cdc_state_msg
                0x00802452        0xa src/ASF/common/services/usb/class/cdc/device/udi_cdc.o
 .bss.udi_cdc_state
                0x0080245c        0x2 src/ASF/common/services/usb/class/cdc/device/udi_cdc.o
 .bss.udi_cdc_line_coding
                0x0080245e        0x8 src/ASF/common/services/usb/class/cdc/device/udi_cdc.o
 .bss.udc_ep_status.4757
                0x00802466        0x2 src/ASF/common/services/usb/udc/udc.o
 .bss.udc_ptr_iface
                0x00802468        0x2 src/ASF/common/services/usb/udc/udc.o
 .bss.udc_ptr_conf
                0x0080246a        0x2 src/ASF/common/services/usb/udc/udc.o
 .bss.udc_num_configuration
                0x0080246c        0x2 src/ASF/common/services/usb/udc/udc.o
 .bss.udc_iface_setting
                0x0080246e        0x2 src/ASF/common/services/usb/udc/udc.o
 .bss.udc_device_status
                0x00802470        0x2 src/ASF/common/services/usb/udc/udc.o
 .bss.stdio_usb_interface_enable
                0x00802472        0x1 src/ASF/common/utils/stdio/stdio_usb/stdio_usb.o
 *(COMMON)
 COMMON         0x00802473        0x2 src/ASF/xmega/drivers/rtc32/rtc32.o
                0x00802473                rtc_data
 COMMON         0x00802475        0x4 src/ASF/xmega/drivers/adc/adc.o
                0x00802475                adcb_callback
                0x00802477                adca_callback
 COMMON         0x00802479       0x10 src/ASF/xmega/drivers/usb/usb_device.o
                0x00802479                udd_g_ctrlreq
 COMMON         0x00802489        0x6 src/ASF/common/services/sleepmgr/xmega/sleepmgr.o
                0x00802489                sleepmgr_locks
 COMMON         0x0080248f        0x2 src/ASF/common/utils/stdio/read.o
                0x0080248f                ptr_get
 COMMON         0x00802491        0x4 src/ASF/common/utils/stdio/write.o
                0x00802491                ptr_put
                0x00802493                stdio_base
 COMMON         0x00802495        0x6 c:/program files (x86)/atmel/studio/7.0/toolchain/avr8/avr8-gnu-toolchain/bin/../lib/gcc/avr/5.4.0/../../../../avr/lib/avrxmega6\libc.a(iob.o)
                0x00802495                __iob
 COMMON         0x0080249b        0x4 c:/program files (x86)/atmel/studio/7.0/toolchain/avr8/avr8-gnu-toolchain/bin/../lib/gcc/avr/5.4.0/../../../../avr/lib/avrxmega6\libc.a(malloc.o)
                0x0080249b                __brkval
                0x0080249d                __flp
                0x0080249f                PROVIDE (__bss_end, .)
                0x00005078                __data_load_start = LOADADDR (.data)
                0x00005220                __data_load_end = (__data_load_start + SIZEOF (.data))

.noinit         0x0080249f        0x0
                [!provide]                PROVIDE (__noinit_start, .)
 *(.noinit*)
                [!provide]                PROVIDE (__noinit_end, .)
                0x0080249f                _end = .
                0x0080249f                PROVIDE (__heap_start, .)

.eeprom         0x00810000        0x0
 *(.eeprom*)
                0x00810000                __eeprom_end = .

.fuse
 *(.fuse)
 *(.lfuse)
 *(.hfuse)
 *(.efuse)

.lock
 *(.lock*)

.signature
 *(.signature*)

.user_signatures
 *(.user_signatures*)

.stab
 *(.stab)

.stabstr
 *(.stabstr)

.stab.excl
 *(.stab.excl)

.stab.exclstr
 *(.stab.exclstr)

.stab.index
 *(.stab.index)

.stab.indexstr
 *(.stab.indexstr)

.comment        0x00000000       0x5c
 *(.comment)
 .comment       0x00000000       0x30 src/ASF/xmega/drivers/rtc32/rtc32.o
                                 0x31 (size before relaxing)
 .comment       0x00000030       0x31 src/twi.o
 .comment       0x00000030       0x31 src/ASF/common/boards/user_board/init.o
 .comment       0x00000030       0x31 src/ASF/xmega/drivers/adc/adc.o
 .comment       0x00000030       0x31 src/ASF/xmega/drivers/adc/xmega_aau/adc_aau.o
 .comment       0x00000030       0x31 src/ASF/xmega/drivers/dac/dac.o
 .comment       0x00000030       0x31 src/ASF/xmega/drivers/tc/tc.o
 .comment       0x00000030       0x31 src/ASF/xmega/drivers/twi/twim.o
 .comment       0x00000030       0x31 src/ASF/xmega/drivers/usb/usb_device.o
 .comment       0x00000030       0x31 src/ASF/xmega/services/pwm/pwm.o
 .comment       0x00000030       0x31 src/main.o
 .comment       0x00000030       0x31 src/ASF/common/services/clock/xmega/sysclk.o
 .comment       0x00000030       0x31 src/ASF/common/services/sleepmgr/xmega/sleepmgr.o
 .comment       0x00000030       0x31 src/ASF/common/services/usb/class/cdc/device/udi_cdc.o
 .comment       0x00000030       0x31 src/ASF/common/services/usb/class/cdc/device/udi_cdc_desc.o
 .comment       0x00000030       0x31 src/ASF/common/services/usb/udc/udc.o
 .comment       0x00000030       0x31 src/ASF/common/utils/stdio/read.o
 .comment       0x00000030       0x31 src/ASF/common/utils/stdio/stdio_usb/stdio_usb.o
 .comment       0x00000030       0x31 src/ASF/common/utils/stdio/write.o
 .comment       0x00000030       0x31 c:/program files (x86)/atmel/studio/7.0/toolchain/avr8/avr8-gnu-toolchain/bin/../lib/gcc/avr/5.4.0/../../../../avr/lib/avrxmega6\libc.a(fdevopen.o)
 .comment       0x00000030       0x31 c:/program files (x86)/atmel/studio/7.0/toolchain/avr8/avr8-gnu-toolchain/bin/../lib/gcc/avr/5.4.0/../../../../avr/lib/avrxmega6\libc.a(iob.o)
 .comment       0x00000030       0x31 c:/program files (x86)/atmel/studio/7.0/toolchain/avr8/avr8-gnu-toolchain/bin/../lib/gcc/avr/5.4.0/../../../../avr/lib/avrxmega6\libc.a(printf.o)
 .comment       0x00000030       0x31 c:/program files (x86)/atmel/studio/7.0/toolchain/avr8/avr8-gnu-toolchain/bin/../lib/gcc/avr/5.4.0/../../../../avr/lib/avrxmega6\libc.a(puts.o)
 .comment       0x00000030       0x2c c:/program files (x86)/atmel/studio/7.0/toolchain/avr8/avr8-gnu-toolchain/bin/../lib/gcc/avr/5.4.0/../../../../avr/lib/avrxmega6\libc.a(vfprintf_std.o)
                                 0x2d (size before relaxing)
 .comment       0x0000005c       0x31 c:/program files (x86)/atmel/studio/7.0/toolchain/avr8/avr8-gnu-toolchain/bin/../lib/gcc/avr/5.4.0/../../../../avr/lib/avrxmega6\libc.a(calloc.o)
 .comment       0x0000005c       0x31 c:/program files (x86)/atmel/studio/7.0/toolchain/avr8/avr8-gnu-toolchain/bin/../lib/gcc/avr/5.4.0/../../../../avr/lib/avrxmega6\libc.a(malloc.o)
 .comment       0x0000005c       0x31 c:/program files (x86)/atmel/studio/7.0/toolchain/avr8/avr8-gnu-toolchain/bin/../lib/gcc/avr/5.4.0/../../../../avr/lib/avrxmega6\libc.a(fputc.o)

.note.gnu.avr.deviceinfo
                0x00000000       0x44
 .note.gnu.avr.deviceinfo
                0x00000000       0x44 C:/Program Files (x86)/Atmel/Studio/7.0/Packs/Atmel/XMEGAA_DFP/1.1.68/gcc/dev/atxmega256a3bu/avrxmega6/crtatxmega256a3bu.o

.note.gnu.build-id
 *(.note.gnu.build-id)

.debug
 *(.debug)

.line
 *(.line)

.debug_srcinfo
 *(.debug_srcinfo)

.debug_sfnames
 *(.debug_sfnames)

.debug_aranges  0x00000000      0x890
 *(.debug_aranges)
 .debug_aranges
                0x00000000       0x60 src/ASF/xmega/drivers/rtc32/rtc32.o
 .debug_aranges
                0x00000060       0x50 src/twi.o
 .debug_aranges
                0x000000b0       0x20 src/ASF/common/boards/user_board/init.o
 .debug_aranges
                0x000000d0       0x48 src/ASF/xmega/drivers/adc/adc.o
 .debug_aranges
                0x00000118       0x78 src/ASF/xmega/drivers/adc/xmega_aau/adc_aau.o
 .debug_aranges
                0x00000190       0x50 src/ASF/xmega/drivers/dac/dac.o
 .debug_aranges
                0x000001e0      0x178 src/ASF/xmega/drivers/tc/tc.o
 .debug_aranges
                0x00000358       0x40 src/ASF/xmega/drivers/twi/twim.o
 .debug_aranges
                0x00000398      0x120 src/ASF/xmega/drivers/usb/usb_device.o
 .debug_aranges
                0x000004b8       0x30 src/ASF/xmega/services/pwm/pwm.o
 .debug_aranges
                0x000004e8       0x90 src/main.o
 .debug_aranges
                0x00000578       0x40 src/ASF/common/services/clock/xmega/sysclk.o
 .debug_aranges
                0x000005b8       0x18 src/ASF/common/services/sleepmgr/xmega/sleepmgr.o
 .debug_aranges
                0x000005d0      0x170 src/ASF/common/services/usb/class/cdc/device/udi_cdc.o
 .debug_aranges
                0x00000740       0x18 src/ASF/common/services/usb/class/cdc/device/udi_cdc_desc.o
 .debug_aranges
                0x00000758       0x70 src/ASF/common/services/usb/udc/udc.o
 .debug_aranges
                0x000007c8       0x20 src/ASF/common/utils/stdio/read.o
 .debug_aranges
                0x000007e8       0x40 src/ASF/common/utils/stdio/stdio_usb/stdio_usb.o
 .debug_aranges
                0x00000828       0x20 src/ASF/common/utils/stdio/write.o
 .debug_aranges
                0x00000848       0x28 src/ASF/xmega/drivers/nvm/nvm_asm.o
 .debug_aranges
                0x00000870       0x20 src/ASF/xmega/drivers/cpu/ccp.o

.debug_pubnames
 *(.debug_pubnames)

.debug_info     0x00000000    0x1631e
 *(.debug_info .gnu.linkonce.wi.*)
 .debug_info    0x00000000     0x3379 C:/Program Files (x86)/Atmel/Studio/7.0/Packs/Atmel/XMEGAA_DFP/1.1.68/gcc/dev/atxmega256a3bu/avrxmega6/crtatxmega256a3bu.o
 .debug_info    0x00003379      0x7a0 src/ASF/xmega/drivers/rtc32/rtc32.o
 .debug_info    0x00003b19     0x23ff src/twi.o
 .debug_info    0x00005f18      0x10a src/ASF/common/boards/user_board/init.o
 .debug_info    0x00006022      0xa91 src/ASF/xmega/drivers/adc/adc.o
 .debug_info    0x00006ab3      0xe99 src/ASF/xmega/drivers/adc/xmega_aau/adc_aau.o
 .debug_info    0x0000794c      0xbcd src/ASF/xmega/drivers/dac/dac.o
 .debug_info    0x00008519     0x1935 src/ASF/xmega/drivers/tc/tc.o
 .debug_info    0x00009e4e      0x90b src/ASF/xmega/drivers/twi/twim.o
 .debug_info    0x0000a759     0x1e0a src/ASF/xmega/drivers/usb/usb_device.o
 .debug_info    0x0000c563     0x1407 src/ASF/xmega/services/pwm/pwm.o
 .debug_info    0x0000d96a     0x3ff1 src/main.o
 .debug_info    0x0001195b      0xf73 src/ASF/common/services/clock/xmega/sysclk.o
 .debug_info    0x000128ce      0x129 src/ASF/common/services/sleepmgr/xmega/sleepmgr.o
 .debug_info    0x000129f7     0x1a66 src/ASF/common/services/usb/class/cdc/device/udi_cdc.o
 .debug_info    0x0001445d      0x7c5 src/ASF/common/services/usb/class/cdc/device/udi_cdc_desc.o
 .debug_info    0x00014c22     0x1176 src/ASF/common/services/usb/udc/udc.o
 .debug_info    0x00015d98      0x119 src/ASF/common/utils/stdio/read.o
 .debug_info    0x00015eb1      0x232 src/ASF/common/utils/stdio/stdio_usb/stdio_usb.o
 .debug_info    0x000160e3      0x119 src/ASF/common/utils/stdio/write.o
 .debug_info    0x000161fc       0x91 src/ASF/xmega/drivers/nvm/nvm_asm.o
 .debug_info    0x0001628d       0x91 src/ASF/xmega/drivers/cpu/ccp.o

.debug_abbrev   0x00000000     0x60c5
 *(.debug_abbrev)
 .debug_abbrev  0x00000000     0x30c4 C:/Program Files (x86)/Atmel/Studio/7.0/Packs/Atmel/XMEGAA_DFP/1.1.68/gcc/dev/atxmega256a3bu/avrxmega6/crtatxmega256a3bu.o
 .debug_abbrev  0x000030c4      0x327 src/ASF/xmega/drivers/rtc32/rtc32.o
 .debug_abbrev  0x000033eb      0x34e src/twi.o
 .debug_abbrev  0x00003739       0x8d src/ASF/common/boards/user_board/init.o
 .debug_abbrev  0x000037c6      0x2d2 src/ASF/xmega/drivers/adc/adc.o
 .debug_abbrev  0x00003a98      0x320 src/ASF/xmega/drivers/adc/xmega_aau/adc_aau.o
 .debug_abbrev  0x00003db8      0x2f2 src/ASF/xmega/drivers/dac/dac.o
 .debug_abbrev  0x000040aa      0x29b src/ASF/xmega/drivers/tc/tc.o
 .debug_abbrev  0x00004345      0x2e9 src/ASF/xmega/drivers/twi/twim.o
 .debug_abbrev  0x0000462e      0x585 src/ASF/xmega/drivers/usb/usb_device.o
 .debug_abbrev  0x00004bb3      0x298 src/ASF/xmega/services/pwm/pwm.o
 .debug_abbrev  0x00004e4b      0x45c src/main.o
 .debug_abbrev  0x000052a7      0x29c src/ASF/common/services/clock/xmega/sysclk.o
 .debug_abbrev  0x00005543       0x84 src/ASF/common/services/sleepmgr/xmega/sleepmgr.o
 .debug_abbrev  0x000055c7      0x3b8 src/ASF/common/services/usb/class/cdc/device/udi_cdc.o
 .debug_abbrev  0x0000597f      0x102 src/ASF/common/services/usb/class/cdc/device/udi_cdc_desc.o
 .debug_abbrev  0x00005a81      0x35c src/ASF/common/services/usb/udc/udc.o
 .debug_abbrev  0x00005ddd       0xc5 src/ASF/common/utils/stdio/read.o
 .debug_abbrev  0x00005ea2      0x156 src/ASF/common/utils/stdio/stdio_usb/stdio_usb.o
 .debug_abbrev  0x00005ff8       0xa7 src/ASF/common/utils/stdio/write.o
 .debug_abbrev  0x0000609f       0x12 src/ASF/xmega/drivers/nvm/nvm_asm.o
 .debug_abbrev  0x000060b1       0x14 src/ASF/xmega/drivers/cpu/ccp.o

.debug_line     0x00000000     0xbb8d
 *(.debug_line .debug_line.* .debug_line_end)
 .debug_line    0x00000000      0x39d C:/Program Files (x86)/Atmel/Studio/7.0/Packs/Atmel/XMEGAA_DFP/1.1.68/gcc/dev/atxmega256a3bu/avrxmega6/crtatxmega256a3bu.o
 .debug_line    0x0000039d      0x783 src/ASF/xmega/drivers/rtc32/rtc32.o
 .debug_line    0x00000b20      0xccf src/twi.o
 .debug_line    0x000017ef      0xaa6 src/ASF/common/boards/user_board/init.o
 .debug_line    0x00002295      0x7b4 src/ASF/xmega/drivers/adc/adc.o
 .debug_line    0x00002a49      0x964 src/ASF/xmega/drivers/adc/xmega_aau/adc_aau.o
 .debug_line    0x000033ad      0x812 src/ASF/xmega/drivers/dac/dac.o
 .debug_line    0x00003bbf      0xec1 src/ASF/xmega/drivers/tc/tc.o
 .debug_line    0x00004a80      0x626 src/ASF/xmega/drivers/twi/twim.o
 .debug_line    0x000050a6     0x1443 src/ASF/xmega/drivers/usb/usb_device.o
 .debug_line    0x000064e9      0xce2 src/ASF/xmega/services/pwm/pwm.o
 .debug_line    0x000071cb      0xfdc src/main.o
 .debug_line    0x000081a7      0x7e1 src/ASF/common/services/clock/xmega/sysclk.o
 .debug_line    0x00008988      0x457 src/ASF/common/services/sleepmgr/xmega/sleepmgr.o
 .debug_line    0x00008ddf      0xf89 src/ASF/common/services/usb/class/cdc/device/udi_cdc.o
 .debug_line    0x00009d68      0x4c8 src/ASF/common/services/usb/class/cdc/device/udi_cdc_desc.o
 .debug_line    0x0000a230      0xa4b src/ASF/common/services/usb/udc/udc.o
 .debug_line    0x0000ac7b      0x3d4 src/ASF/common/utils/stdio/read.o
 .debug_line    0x0000b04f      0x5d6 src/ASF/common/utils/stdio/stdio_usb/stdio_usb.o
 .debug_line    0x0000b625      0x3db src/ASF/common/utils/stdio/write.o
 .debug_line    0x0000ba00      0x11f src/ASF/xmega/drivers/nvm/nvm_asm.o
 .debug_line    0x0000bb1f       0x6e src/ASF/xmega/drivers/cpu/ccp.o

.debug_frame    0x00000000     0x22a8
 *(.debug_frame)
 .debug_frame   0x00000000      0x10c src/ASF/xmega/drivers/rtc32/rtc32.o
 .debug_frame   0x0000010c       0xb8 src/twi.o
 .debug_frame   0x000001c4       0x24 src/ASF/common/boards/user_board/init.o
 .debug_frame   0x000001e8       0xbc src/ASF/xmega/drivers/adc/adc.o
 .debug_frame   0x000002a4      0x3e4 src/ASF/xmega/drivers/adc/xmega_aau/adc_aau.o
 .debug_frame   0x00000688      0x128 src/ASF/xmega/drivers/dac/dac.o
 .debug_frame   0x000007b0      0xd24 src/ASF/xmega/drivers/tc/tc.o
 .debug_frame   0x000014d4      0x110 src/ASF/xmega/drivers/twi/twim.o
 .debug_frame   0x000015e4      0x420 src/ASF/xmega/drivers/usb/usb_device.o
 .debug_frame   0x00001a04       0x84 src/ASF/xmega/services/pwm/pwm.o
 .debug_frame   0x00001a88      0x164 src/main.o
 .debug_frame   0x00001bec       0xa4 src/ASF/common/services/clock/xmega/sysclk.o
 .debug_frame   0x00001c90      0x43c src/ASF/common/services/usb/class/cdc/device/udi_cdc.o
 .debug_frame   0x000020cc      0x114 src/ASF/common/services/usb/udc/udc.o
 .debug_frame   0x000021e0       0x34 src/ASF/common/utils/stdio/read.o
 .debug_frame   0x00002214       0x70 src/ASF/common/utils/stdio/stdio_usb/stdio_usb.o
 .debug_frame   0x00002284       0x24 src/ASF/common/utils/stdio/write.o

.debug_str      0x00000000    0x3ce5d
 *(.debug_str)
 .debug_str     0x00000000     0x21e4 C:/Program Files (x86)/Atmel/Studio/7.0/Packs/Atmel/XMEGAA_DFP/1.1.68/gcc/dev/atxmega256a3bu/avrxmega6/crtatxmega256a3bu.o
 .debug_str     0x000021e4    0x2a603 src/ASF/xmega/drivers/rtc32/rtc32.o
                              0x2ae34 (size before relaxing)
 .debug_str     0x0002c7e7     0x7cb2 src/twi.o
                              0x3282d (size before relaxing)
 .debug_str     0x00034499       0x75 src/ASF/common/boards/user_board/init.o
                              0x315ae (size before relaxing)
 .debug_str     0x0003450e      0x2df src/ASF/xmega/drivers/adc/adc.o
                              0x2b4b3 (size before relaxing)
 .debug_str     0x000347ed      0x5b7 src/ASF/xmega/drivers/adc/xmega_aau/adc_aau.o
                              0x2b746 (size before relaxing)
 .debug_str     0x00034da4      0x1c3 src/ASF/xmega/drivers/dac/dac.o
                              0x2b358 (size before relaxing)
 .debug_str     0x00034f67      0x673 src/ASF/xmega/drivers/tc/tc.o
                              0x2b39e (size before relaxing)
 .debug_str     0x000355da      0x24f src/ASF/xmega/drivers/twi/twim.o
                              0x28a0a (size before relaxing)
 .debug_str     0x00035829     0x3969 src/ASF/xmega/drivers/usb/usb_device.o
                              0x311b8 (size before relaxing)
 .debug_str     0x00039192      0x437 src/ASF/xmega/services/pwm/pwm.o
                              0x31fd0 (size before relaxing)
 .debug_str     0x000395c9     0x1b49 src/main.o
                              0x34738 (size before relaxing)
 .debug_str     0x0003b112      0x343 src/ASF/common/services/clock/xmega/sysclk.o
                              0x2afff (size before relaxing)
 .debug_str     0x0003b455       0x35 src/ASF/common/services/sleepmgr/xmega/sleepmgr.o
                              0x2872a (size before relaxing)
 .debug_str     0x0003b48a      0xc4a src/ASF/common/services/usb/class/cdc/device/udi_cdc.o
                              0x2d0aa (size before relaxing)
 .debug_str     0x0003c0d4      0x56b src/ASF/common/services/usb/class/cdc/device/udi_cdc_desc.o
                              0x2c666 (size before relaxing)
 .debug_str     0x0003c63f      0x723 src/ASF/common/services/usb/udc/udc.o
                              0x2b82e (size before relaxing)
 .debug_str     0x0003cd62       0x38 src/ASF/common/utils/stdio/read.o
                              0x28385 (size before relaxing)
 .debug_str     0x0003cd9a       0x9d src/ASF/common/utils/stdio/stdio_usb/stdio_usb.o
                              0x2c5da (size before relaxing)
 .debug_str     0x0003ce37       0x26 src/ASF/common/utils/stdio/write.o
                              0x28387 (size before relaxing)

.debug_loc      0x00000000     0x7ca4
 *(.debug_loc)
 .debug_loc     0x00000000      0x1b6 src/ASF/xmega/drivers/rtc32/rtc32.o
 .debug_loc     0x000001b6      0x272 src/twi.o
 .debug_loc     0x00000428      0x2b3 src/ASF/xmega/drivers/adc/adc.o
 .debug_loc     0x000006db      0xd3c src/ASF/xmega/drivers/adc/xmega_aau/adc_aau.o
 .debug_loc     0x00001417      0x46e src/ASF/xmega/drivers/dac/dac.o
 .debug_loc     0x00001885     0x1df6 src/ASF/xmega/drivers/tc/tc.o
 .debug_loc     0x0000367b      0x4b4 src/ASF/xmega/drivers/twi/twim.o
 .debug_loc     0x00003b2f     0x1002 src/ASF/xmega/drivers/usb/usb_device.o
 .debug_loc     0x00004b31      0x5c5 src/ASF/xmega/services/pwm/pwm.o
 .debug_loc     0x000050f6      0xe67 src/main.o
 .debug_loc     0x00005f5d      0x4c4 src/ASF/common/services/clock/xmega/sysclk.o
 .debug_loc     0x00006421     0x11c1 src/ASF/common/services/usb/class/cdc/device/udi_cdc.o
 .debug_loc     0x000075e2      0x525 src/ASF/common/services/usb/udc/udc.o
 .debug_loc     0x00007b07       0x6e src/ASF/common/utils/stdio/read.o
 .debug_loc     0x00007b75       0xdd src/ASF/common/utils/stdio/stdio_usb/stdio_usb.o
 .debug_loc     0x00007c52       0x52 src/ASF/common/utils/stdio/write.o

.debug_macinfo
 *(.debug_macinfo)

.debug_weaknames
 *(.debug_weaknames)

.debug_funcnames
 *(.debug_funcnames)

.debug_typenames
 *(.debug_typenames)

.debug_varnames
 *(.debug_varnames)

.debug_pubtypes
 *(.debug_pubtypes)

.debug_ranges   0x00000000      0x8b8
 *(.debug_ranges)
 .debug_ranges  0x00000000       0x50 src/ASF/xmega/drivers/rtc32/rtc32.o
 .debug_ranges  0x00000050       0x40 src/twi.o
 .debug_ranges  0x00000090       0x10 src/ASF/common/boards/user_board/init.o
 .debug_ranges  0x000000a0       0x38 src/ASF/xmega/drivers/adc/adc.o
 .debug_ranges  0x000000d8       0x68 src/ASF/xmega/drivers/adc/xmega_aau/adc_aau.o
 .debug_ranges  0x00000140       0x40 src/ASF/xmega/drivers/dac/dac.o
 .debug_ranges  0x00000180      0x168 src/ASF/xmega/drivers/tc/tc.o
 .debug_ranges  0x000002e8       0x60 src/ASF/xmega/drivers/twi/twim.o
 .debug_ranges  0x00000348      0x140 src/ASF/xmega/drivers/usb/usb_device.o
 .debug_ranges  0x00000488       0x20 src/ASF/xmega/services/pwm/pwm.o
 .debug_ranges  0x000004a8      0x148 src/main.o
 .debug_ranges  0x000005f0       0x30 src/ASF/common/services/clock/xmega/sysclk.o
 .debug_ranges  0x00000620      0x160 src/ASF/common/services/usb/class/cdc/device/udi_cdc.o
 .debug_ranges  0x00000780       0xc8 src/ASF/common/services/usb/udc/udc.o
 .debug_ranges  0x00000848       0x10 src/ASF/common/utils/stdio/read.o
 .debug_ranges  0x00000858       0x30 src/ASF/common/utils/stdio/stdio_usb/stdio_usb.o
 .debug_ranges  0x00000888       0x10 src/ASF/common/utils/stdio/write.o
 .debug_ranges  0x00000898       0x20 src/ASF/xmega/drivers/nvm/nvm_asm.o

.debug_macro    0x00000000     0xd929
 *(.debug_macro)
 .debug_macro   0x00000000      0x21b src/ASF/xmega/drivers/rtc32/rtc32.o
 .debug_macro   0x0000021b      0xa8a src/ASF/xmega/drivers/rtc32/rtc32.o
 .debug_macro   0x00000ca5       0x10 src/ASF/xmega/drivers/rtc32/rtc32.o
 .debug_macro   0x00000cb5      0x1c9 src/ASF/xmega/drivers/rtc32/rtc32.o
 .debug_macro   0x00000e7e      0x2fc src/ASF/xmega/drivers/rtc32/rtc32.o
 .debug_macro   0x0000117a       0x9e src/ASF/xmega/drivers/rtc32/rtc32.o
 .debug_macro   0x00001218     0x6271 src/ASF/xmega/drivers/rtc32/rtc32.o
 .debug_macro   0x00007489       0x9a src/ASF/xmega/drivers/rtc32/rtc32.o
 .debug_macro   0x00007523       0xf1 src/ASF/xmega/drivers/rtc32/rtc32.o
 .debug_macro   0x00007614       0x34 src/ASF/xmega/drivers/rtc32/rtc32.o
 .debug_macro   0x00007648       0x16 src/ASF/xmega/drivers/rtc32/rtc32.o
 .debug_macro   0x0000765e       0x18 src/ASF/xmega/drivers/rtc32/rtc32.o
 .debug_macro   0x00007676       0x5e src/ASF/xmega/drivers/rtc32/rtc32.o
 .debug_macro   0x000076d4       0x10 src/ASF/xmega/drivers/rtc32/rtc32.o
 .debug_macro   0x000076e4       0x22 src/ASF/xmega/drivers/rtc32/rtc32.o
 .debug_macro   0x00007706      0x16d src/ASF/xmega/drivers/rtc32/rtc32.o
 .debug_macro   0x00007873       0x1c src/ASF/xmega/drivers/rtc32/rtc32.o
 .debug_macro   0x0000788f       0x35 src/ASF/xmega/drivers/rtc32/rtc32.o
 .debug_macro   0x000078c4       0x66 src/ASF/xmega/drivers/rtc32/rtc32.o
 .debug_macro   0x0000792a      0x64b src/ASF/xmega/drivers/rtc32/rtc32.o
 .debug_macro   0x00007f75       0x97 src/ASF/xmega/drivers/rtc32/rtc32.o
 .debug_macro   0x0000800c       0x17 src/ASF/xmega/drivers/rtc32/rtc32.o
 .debug_macro   0x00008023      0x250 src/ASF/xmega/drivers/rtc32/rtc32.o
 .debug_macro   0x00008273       0x76 src/ASF/xmega/drivers/rtc32/rtc32.o
 .debug_macro   0x000082e9       0x16 src/ASF/xmega/drivers/rtc32/rtc32.o
 .debug_macro   0x000082ff      0x6e3 src/ASF/xmega/drivers/rtc32/rtc32.o
 .debug_macro   0x000089e2       0x10 src/ASF/xmega/drivers/rtc32/rtc32.o
 .debug_macro   0x000089f2      0x175 src/ASF/xmega/drivers/rtc32/rtc32.o
 .debug_macro   0x00008b67       0x40 src/ASF/xmega/drivers/rtc32/rtc32.o
 .debug_macro   0x00008ba7       0x69 src/ASF/xmega/drivers/rtc32/rtc32.o
 .debug_macro   0x00008c10       0x32 src/ASF/xmega/drivers/rtc32/rtc32.o
 .debug_macro   0x00008c42       0xe4 src/ASF/xmega/drivers/rtc32/rtc32.o
 .debug_macro   0x00008d26       0x4c src/ASF/xmega/drivers/rtc32/rtc32.o
 .debug_macro   0x00008d72      0x2cd src/ASF/xmega/drivers/rtc32/rtc32.o
 .debug_macro   0x0000903f      0x292 src/ASF/xmega/drivers/rtc32/rtc32.o
 .debug_macro   0x000092d1       0x7d src/ASF/xmega/drivers/rtc32/rtc32.o
 .debug_macro   0x0000934e       0x2f src/ASF/xmega/drivers/rtc32/rtc32.o
 .debug_macro   0x0000937d      0x154 src/ASF/xmega/drivers/rtc32/rtc32.o
 .debug_macro   0x000094d1       0x28 src/ASF/xmega/drivers/rtc32/rtc32.o
 .debug_macro   0x000094f9       0x23 src/ASF/xmega/drivers/rtc32/rtc32.o
 .debug_macro   0x0000951c       0x16 src/ASF/xmega/drivers/rtc32/rtc32.o
 .debug_macro   0x00009532      0x442 src/twi.o
 .debug_macro   0x00009974       0x58 src/twi.o
 .debug_macro   0x000099cc       0x20 src/twi.o
 .debug_macro   0x000099ec       0x10 src/twi.o
 .debug_macro   0x000099fc       0x42 src/twi.o
 .debug_macro   0x00009a3e       0xe3 src/twi.o
 .debug_macro   0x00009b21       0x34 src/twi.o
 .debug_macro   0x00009b55       0x56 src/twi.o
 .debug_macro   0x00009bab       0x88 src/twi.o
 .debug_macro   0x00009c33       0x7a src/twi.o
 .debug_macro   0x00009cad       0x3a src/twi.o
 .debug_macro   0x00009ce7       0x82 src/twi.o
 .debug_macro   0x00009d69       0x12 src/twi.o
 .debug_macro   0x00009d7b       0x16 src/twi.o
 .debug_macro   0x00009d91       0x22 src/twi.o
 .debug_macro   0x00009db3       0x10 src/twi.o
 .debug_macro   0x00009dc3       0x28 src/twi.o
 .debug_macro   0x00009deb      0x228 src/twi.o
 .debug_macro   0x0000a013       0xb8 src/twi.o
 .debug_macro   0x0000a0cb       0xf0 src/twi.o
 .debug_macro   0x0000a1bb      0x24b src/twi.o
 .debug_macro   0x0000a406      0x162 src/twi.o
 .debug_macro   0x0000a568       0x16 src/twi.o
 .debug_macro   0x0000a57e       0x1c src/twi.o
 .debug_macro   0x0000a59a      0x192 src/twi.o
 .debug_macro   0x0000a72c       0x58 src/twi.o
 .debug_macro   0x0000a784       0x10 src/twi.o
 .debug_macro   0x0000a794       0xf2 src/twi.o
 .debug_macro   0x0000a886       0xdc src/twi.o
 .debug_macro   0x0000a962      0x43c src/ASF/common/boards/user_board/init.o
 .debug_macro   0x0000ad9e       0x16 src/ASF/common/boards/user_board/init.o
 .debug_macro   0x0000adb4      0x22f src/ASF/xmega/drivers/adc/adc.o
 .debug_macro   0x0000afe3      0x22f src/ASF/xmega/drivers/adc/xmega_aau/adc_aau.o
 .debug_macro   0x0000b212      0x226 src/ASF/xmega/drivers/dac/dac.o
 .debug_macro   0x0000b438       0x50 src/ASF/xmega/drivers/dac/dac.o
 .debug_macro   0x0000b488      0x225 src/ASF/xmega/drivers/tc/tc.o
 .debug_macro   0x0000b6ad      0x198 src/ASF/xmega/drivers/twi/twim.o
 .debug_macro   0x0000b845      0x2bf src/ASF/xmega/drivers/usb/usb_device.o
 .debug_macro   0x0000bb04       0xb2 src/ASF/xmega/drivers/usb/usb_device.o
 .debug_macro   0x0000bbb6       0x26 src/ASF/xmega/drivers/usb/usb_device.o
 .debug_macro   0x0000bbdc      0x46a src/ASF/xmega/drivers/usb/usb_device.o
 .debug_macro   0x0000c046       0x16 src/ASF/xmega/drivers/usb/usb_device.o
 .debug_macro   0x0000c05c      0x433 src/ASF/xmega/services/pwm/pwm.o
 .debug_macro   0x0000c48f      0x44f src/main.o
 .debug_macro   0x0000c8de       0x2e src/main.o
 .debug_macro   0x0000c90c       0xe2 src/main.o
 .debug_macro   0x0000c9ee      0x1db src/ASF/common/services/clock/xmega/sysclk.o
 .debug_macro   0x0000cbc9      0x1a3 src/ASF/common/services/sleepmgr/xmega/sleepmgr.o
 .debug_macro   0x0000cd6c      0x299 src/ASF/common/services/usb/class/cdc/device/udi_cdc.o
 .debug_macro   0x0000d005      0x20a src/ASF/common/services/usb/class/cdc/device/udi_cdc_desc.o
 .debug_macro   0x0000d20f      0x1f6 src/ASF/common/services/usb/udc/udc.o
 .debug_macro   0x0000d405      0x16d src/ASF/common/utils/stdio/read.o
 .debug_macro   0x0000d572      0x228 src/ASF/common/utils/stdio/stdio_usb/stdio_usb.o
 .debug_macro   0x0000d79a       0x22 src/ASF/common/utils/stdio/stdio_usb/stdio_usb.o
 .debug_macro   0x0000d7bc      0x16d src/ASF/common/utils/stdio/write.o
OUTPUT(FindMeSAT.elf elf32-avr)
LOAD linker stubs
