Archive member included to satisfy reference by file (symbol)

c:/program files (x86)/atmel/studio/7.0/toolchain/avr8/avr8-gnu-toolchain/bin/../lib/gcc/avr/5.4.0/../../../../avr/lib/avrxmega6\libprintf_flt.a(vfprintf_flt.o)
                              (vfprintf)
c:/program files (x86)/atmel/studio/7.0/toolchain/avr8/avr8-gnu-toolchain/bin/../lib/gcc/avr/5.4.0/../../../../avr/lib/avrxmega6\libm.a(addsf3.o)
                              src/twi.o (__subsf3)
c:/program files (x86)/atmel/studio/7.0/toolchain/avr8/avr8-gnu-toolchain/bin/../lib/gcc/avr/5.4.0/../../../../avr/lib/avrxmega6\libm.a(addsf3x.o)
                              c:/program files (x86)/atmel/studio/7.0/toolchain/avr8/avr8-gnu-toolchain/bin/../lib/gcc/avr/5.4.0/../../../../avr/lib/avrxmega6\libm.a(addsf3.o) (__addsf3x)
c:/program files (x86)/atmel/studio/7.0/toolchain/avr8/avr8-gnu-toolchain/bin/../lib/gcc/avr/5.4.0/../../../../avr/lib/avrxmega6\libm.a(cmpsf2.o)
                              src/twi.o (__eqsf2)
c:/program files (x86)/atmel/studio/7.0/toolchain/avr8/avr8-gnu-toolchain/bin/../lib/gcc/avr/5.4.0/../../../../avr/lib/avrxmega6\libm.a(cos.o)
                              src/twi.o (cos)
c:/program files (x86)/atmel/studio/7.0/toolchain/avr8/avr8-gnu-toolchain/bin/../lib/gcc/avr/5.4.0/../../../../avr/lib/avrxmega6\libm.a(divsf3.o)
                              src/usb.o (__divsf3)
c:/program files (x86)/atmel/studio/7.0/toolchain/avr8/avr8-gnu-toolchain/bin/../lib/gcc/avr/5.4.0/../../../../avr/lib/avrxmega6\libm.a(divsf3x.o)
                              c:/program files (x86)/atmel/studio/7.0/toolchain/avr8/avr8-gnu-toolchain/bin/../lib/gcc/avr/5.4.0/../../../../avr/lib/avrxmega6\libm.a(divsf3.o) (__divsf3x)
c:/program files (x86)/atmel/studio/7.0/toolchain/avr8/avr8-gnu-toolchain/bin/../lib/gcc/avr/5.4.0/../../../../avr/lib/avrxmega6\libm.a(fixsfsi.o)
                              src/twi.o (__fixsfsi)
c:/program files (x86)/atmel/studio/7.0/toolchain/avr8/avr8-gnu-toolchain/bin/../lib/gcc/avr/5.4.0/../../../../avr/lib/avrxmega6\libm.a(fixunssfsi.o)
                              src/twi.o (__fixunssfsi)
c:/program files (x86)/atmel/studio/7.0/toolchain/avr8/avr8-gnu-toolchain/bin/../lib/gcc/avr/5.4.0/../../../../avr/lib/avrxmega6\libm.a(floatsisf.o)
                              src/main.o (__floatunsisf)
c:/program files (x86)/atmel/studio/7.0/toolchain/avr8/avr8-gnu-toolchain/bin/../lib/gcc/avr/5.4.0/../../../../avr/lib/avrxmega6\libm.a(fp_cmp.o)
                              c:/program files (x86)/atmel/studio/7.0/toolchain/avr8/avr8-gnu-toolchain/bin/../lib/gcc/avr/5.4.0/../../../../avr/lib/avrxmega6\libm.a(cmpsf2.o) (__fp_cmp)
c:/program files (x86)/atmel/studio/7.0/toolchain/avr8/avr8-gnu-toolchain/bin/../lib/gcc/avr/5.4.0/../../../../avr/lib/avrxmega6\libm.a(fp_inf.o)
                              c:/program files (x86)/atmel/studio/7.0/toolchain/avr8/avr8-gnu-toolchain/bin/../lib/gcc/avr/5.4.0/../../../../avr/lib/avrxmega6\libm.a(addsf3x.o) (__fp_inf)
c:/program files (x86)/atmel/studio/7.0/toolchain/avr8/avr8-gnu-toolchain/bin/../lib/gcc/avr/5.4.0/../../../../avr/lib/avrxmega6\libm.a(fp_nan.o)
                              c:/program files (x86)/atmel/studio/7.0/toolchain/avr8/avr8-gnu-toolchain/bin/../lib/gcc/avr/5.4.0/../../../../avr/lib/avrxmega6\libm.a(addsf3x.o) (__fp_nan)
c:/program files (x86)/atmel/studio/7.0/toolchain/avr8/avr8-gnu-toolchain/bin/../lib/gcc/avr/5.4.0/../../../../avr/lib/avrxmega6\libm.a(fp_pscA.o)
                              c:/program files (x86)/atmel/studio/7.0/toolchain/avr8/avr8-gnu-toolchain/bin/../lib/gcc/avr/5.4.0/../../../../avr/lib/avrxmega6\libm.a(addsf3x.o) (__fp_pscA)
c:/program files (x86)/atmel/studio/7.0/toolchain/avr8/avr8-gnu-toolchain/bin/../lib/gcc/avr/5.4.0/../../../../avr/lib/avrxmega6\libm.a(fp_pscB.o)
                              c:/program files (x86)/atmel/studio/7.0/toolchain/avr8/avr8-gnu-toolchain/bin/../lib/gcc/avr/5.4.0/../../../../avr/lib/avrxmega6\libm.a(addsf3x.o) (__fp_pscB)
c:/program files (x86)/atmel/studio/7.0/toolchain/avr8/avr8-gnu-toolchain/bin/../lib/gcc/avr/5.4.0/../../../../avr/lib/avrxmega6\libm.a(fp_rempio2.o)
                              c:/program files (x86)/atmel/studio/7.0/toolchain/avr8/avr8-gnu-toolchain/bin/../lib/gcc/avr/5.4.0/../../../../avr/lib/avrxmega6\libm.a(cos.o) (__fp_rempio2)
c:/program files (x86)/atmel/studio/7.0/toolchain/avr8/avr8-gnu-toolchain/bin/../lib/gcc/avr/5.4.0/../../../../avr/lib/avrxmega6\libm.a(fp_round.o)
                              c:/program files (x86)/atmel/studio/7.0/toolchain/avr8/avr8-gnu-toolchain/bin/../lib/gcc/avr/5.4.0/../../../../avr/lib/avrxmega6\libm.a(addsf3.o) (__fp_round)
c:/program files (x86)/atmel/studio/7.0/toolchain/avr8/avr8-gnu-toolchain/bin/../lib/gcc/avr/5.4.0/../../../../avr/lib/avrxmega6\libm.a(fp_sinus.o)
[...]
Memory Configuration

Name             Origin             Length             Attributes
text             0x00000000         0x00100000         xr
data             0x00802000         0x0000ffa0         rw !x
eeprom           0x00810000         0x00010000         rw !x
fuse             0x00820000         0x00000006         rw !x
lock             0x00830000         0x00000400         rw !x
signature        0x00840000         0x00000400         rw !x
user_signatures  0x00850000         0x00000400         rw !x
*default*        0x00000000         0xffffffff

Linker script and memory map

LOAD C:/Program Files (x86)/Atmel/Studio/7.0/Packs/Atmel/XMEGAA_DFP/1.1.68/gcc/dev/atxmega256a3bu/avrxmega6/crtatxmega256a3bu.o
LOAD src/ASF/common/services/serial/usart_serial.o
LOAD src/ASF/xmega/drivers/usart/usart.o
LOAD src/serial.o
LOAD src/usb.o
LOAD src/ASF/common/drivers/nvm/xmega/xmega_nvm.o
LOAD src/ASF/common/services/calendar/calendar.o
LOAD src/ASF/common/services/fifo/fifo.o
LOAD src/ASF/common/services/hugemem/avr8/avr8_hugemem.o
LOAD src/ASF/xmega/drivers/dma/dma.o
LOAD src/ASF/xmega/drivers/rtc32/rtc32.o
LOAD src/dds.o
LOAD src/interpreter.o
LOAD src/twi.o
LOAD src/ASF/common/boards/user_board/init.o
LOAD src/ASF/common/services/gfx_mono/gfx_mono_framebuffer.o
LOAD src/ASF/common/services/gfx_mono/gfx_mono_generic.o
LOAD src/ASF/common/services/gfx_mono/gfx_mono_null.o
LOAD src/ASF/common/services/gfx_mono/gfx_mono_text.o
LOAD src/ASF/common/services/gfx_mono/sysfont.o
LOAD src/ASF/common/services/ioport/xmega/ioport_compat.o
LOAD src/ASF/xmega/drivers/adc/adc.o
LOAD src/ASF/xmega/drivers/adc/xmega_aau/adc_aau.o
LOAD src/ASF/xmega/drivers/dac/dac.o
LOAD src/ASF/xmega/drivers/tc/tc.o
LOAD src/ASF/xmega/drivers/twi/twim.o
LOAD src/ASF/xmega/drivers/twi/twis.o
LOAD src/ASF/xmega/drivers/usb/usb_device.o
LOAD src/ASF/xmega/services/pwm/pwm.o
LOAD src/main.o
LOAD src/ASF/common/services/clock/xmega/sysclk.o
LOAD src/ASF/common/services/sleepmgr/xmega/sleepmgr.o
LOAD src/ASF/common/services/usb/class/cdc/device/udi_cdc.o
LOAD src/ASF/common/services/usb/class/cdc/device/udi_cdc_desc.o
LOAD src/ASF/common/services/usb/udc/udc.o
LOAD src/ASF/common/utils/stdio/read.o
LOAD src/ASF/common/utils/stdio/stdio_usb/stdio_usb.o
LOAD src/ASF/common/utils/stdio/write.o
LOAD src/ASF/xmega/drivers/nvm/nvm.o
LOAD src/ASF/xmega/drivers/nvm/nvm_asm.o
LOAD src/ASF/xmega/drivers/cpu/ccp.o
START GROUP
END GROUP
LOAD c:/program files (x86)/atmel/studio/7.0/toolchain/avr8/avr8-gnu-toolchain/bin/../lib/gcc/avr/5.4.0/../../../../avr/lib/avrxmega6\libprintf_flt.a
LOAD c:/program files (x86)/atmel/studio/7.0/toolchain/avr8/avr8-gnu-toolchain/bin/../lib/gcc/avr/5.4.0/../../../../avr/lib/avrxmega6\libm.a
START GROUP
LOAD c:/program files (x86)/atmel/studio/7.0/toolchain/avr8/avr8-gnu-toolchain/bin/../lib/gcc/avr/5.4.0/avrxmega6\libgcc.a
LOAD c:/program files (x86)/atmel/studio/7.0/toolchain/avr8/avr8-gnu-toolchain/bin/../lib/gcc/avr/5.4.0/../../../../avr/lib/avrxmega6\libm.a
LOAD c:/program files (x86)/atmel/studio/7.0/toolchain/avr8/avr8-gnu-toolchain/bin/../lib/gcc/avr/5.4.0/../../../../avr/lib/avrxmega6\libc.a
LOAD C:/Program Files (x86)/Atmel/Studio/7.0/Packs/Atmel/XMEGAA_DFP/1.1.68/gcc/dev/atxmega256a3bu/avrxmega6\libatxmega256a3bu.a
END GROUP
                0x00100000                __TEXT_REGION_LENGTH__ = DEFINED (__TEXT_REGION_LENGTH__)?__TEXT_REGION_LENGTH__:0x100000
                0x0000ffa0                __DATA_REGION_LENGTH__ = DEFINED (__DATA_REGION_LENGTH__)?__DATA_REGION_LENGTH__:0xffa0
                0x00010000                __EEPROM_REGION_LENGTH__ = DEFINED (__EEPROM_REGION_LENGTH__)?__EEPROM_REGION_LENGTH__:0x10000
                [0x00000006]                __FUSE_REGION_LENGTH__ = DEFINED (__FUSE_REGION_LENGTH__)?__FUSE_REGION_LENGTH__:0x400
                0x00000400                __LOCK_REGION_LENGTH__ = DEFINED (__LOCK_REGION_LENGTH__)?__LOCK_REGION_LENGTH__:0x400
                0x00000400                __SIGNATURE_REGION_LENGTH__ = DEFINED (__SIGNATURE_REGION_LENGTH__)?__SIGNATURE_REGION_LENGTH__:0x400
                0x00000400                __USER_SIGNATURE_REGION_LENGTH__ = DEFINED (__USER_SIGNATURE_REGION_LENGTH__)?__USER_SIGNATURE_REGION_LENGTH__:0x400

.hash
 *(.hash)

.dynsym
 *(.dynsym)

.dynstr
 *(.dynstr)

.gnu.version
 *(.gnu.version)

.gnu.version_d
 *(.gnu.version_d)

.gnu.version_r
 *(.gnu.version_r)

.rel.init
 *(.rel.init)

.rela.init
 *(.rela.init)

.rel.text
 *(.rel.text)
 *(.rel.text.*)
 *(.rel.gnu.linkonce.t*)

.rela.text
 *(.rela.text)
 *(.rela.text.*)
 *(.rela.gnu.linkonce.t*)

.rel.fini
 *(.rel.fini)

.rela.fini
 *(.rela.fini)

.rel.rodata
 *(.rel.rodata)
 *(.rel.rodata.*)
 *(.rel.gnu.linkonce.r*)

.rela.rodata
 *(.rela.rodata)
 *(.rela.rodata.*)
 *(.rela.gnu.linkonce.r*)

.rel.data
 *(.rel.data)
 *(.rel.data.*)
 *(.rel.gnu.linkonce.d*)

.rela.data
 *(.rela.data)
 *(.rela.data.*)
 *(.rela.gnu.linkonce.d*)

.rel.ctors
 *(.rel.ctors)

.rela.ctors
 *(.rela.ctors)

.rel.dtors
 *(.rel.dtors)

.rela.dtors
 *(.rela.dtors)

.rel.got
 *(.rel.got)

.rela.got
 *(.rela.got)

.rel.bss
 *(.rel.bss)

.rela.bss
 *(.rela.bss)

.rel.plt
 *(.rel.plt)

.rela.plt
 *(.rela.plt)

.text           0x00000000    0x1023a
 *(.vectors)
 .vectors       0x00000000      0x1fc C:/Program Files (x86)/Atmel/Studio/7.0/Packs/Atmel/XMEGAA_DFP/1.1.68/gcc/dev/atxmega256a3bu/avrxmega6/crtatxmega256a3bu.o
                0x00000000                __vector_default
                0x00000000                __vectors
 *(.vectors)
 *(.progmem.gcc*)
 .progmem.gcc_sw_table.udd_ep_get_size
                0x000001fc        0xe src/ASF/xmega/drivers/usb/usb_device.o
 .progmem.gcc_sw_table.pwm_init
                0x0000020a        0xe src/ASF/xmega/services/pwm/pwm.o
 .progmem.gcc_fplib
                0x00000218       0x1e c:/program files (x86)/atmel/studio/7.0/toolchain/avr8/avr8-gnu-toolchain/bin/../lib/gcc/avr/5.4.0/../../../../avr/lib/avrxmega6\libm.a(fp_sinus.o)
 .progmem.gcc_fplib
                0x00000236       0x28 c:/program files (x86)/atmel/studio/7.0/toolchain/avr8/avr8-gnu-toolchain/bin/../lib/gcc/avr/5.4.0/../../../../avr/lib/avrxmega6\libm.a(exp.o)
 .progmem.gcc_fplib
                0x0000025e       0x5a c:/program files (x86)/atmel/studio/7.0/toolchain/avr8/avr8-gnu-toolchain/bin/../lib/gcc/avr/5.4.0/../../../../avr/lib/avrxmega6\libm.a(log.o)
                0x000002b8                . = ALIGN (0x2)
                0x000002b8                __trampolines_start = .
 *(.trampolines)
 .trampolines   0x000002b8        0x0 linker stubs
 *(.trampolines*)
                0x000002b8                __trampolines_end = .
 *libprintf_flt.a:*(.progmem.data)
 .progmem.data  0x000002b8        0x8 c:/program files (x86)/atmel/studio/7.0/toolchain/avr8/avr8-gnu-toolchain/bin/../lib/gcc/avr/5.4.0/../../../../avr/lib/avrxmega6\libprintf_flt.a(vfprintf_flt.o)
 *libc.a:*(.progmem.data)
 .progmem.data  0x000002c0       0xfa c:/program files (x86)/atmel/studio/7.0/toolchain/avr8/avr8-gnu-toolchain/bin/../lib/gcc/avr/5.4.0/../../../../avr/lib/avrxmega6\libc.a(ftoa_engine.o)
 .progmem.data  0x000003ba       0x3b c:/program files (x86)/atmel/studio/7.0/toolchain/avr8/avr8-gnu-toolchain/bin/../lib/gcc/avr/5.4.0/../../../../avr/lib/avrxmega6\libc.a(strtod.o)
 *(.progmem*)
 .progmem.data.PM_TWI1_INIT_ONBOARD_SIM808_OK
                0x000003f5       0x15 src/serial.o
                0x000003f5                PM_TWI1_INIT_ONBOARD_SIM808_OK
 .progmem.data.PM_TWI1_INIT_ONBOARD_SIM808_RESTART
                0x0000040a       0x1c src/serial.o
                0x0000040a                PM_TWI1_INIT_ONBOARD_SIM808_RESTART
 .progmem.data.PM_TWI1_INIT_ONBOARD_SIM808_START
                0x00000426       0x1a src/serial.o
                0x00000426                PM_TWI1_INIT_ONBOARD_SIM808_START
 .progmem.data.PM_SIM808_INFO_SYNCED
                0x00000440       0x22 src/serial.o
                0x00000440                PM_SIM808_INFO_SYNCED
 .progmem.data.PM_SIM808_INFO_RESTART
                0x00000462       0x28 src/serial.o
                0x00000462                PM_SIM808_INFO_RESTART
 .progmem.data.PM_SIM808_INFO_START
                0x0000048a       0x28 src/serial.o
                0x0000048a                PM_SIM808_INFO_START
 .progmem.data.PM_SIM808_OK
                0x000004b2        0x3 src/serial.o
                0x000004b2                PM_SIM808_OK
 .progmem.data.PM_INFO_PART_L2P4
                0x000004b5       0x1f src/usb.o
                0x000004b5                PM_INFO_PART_L2P4
 .progmem.data.PM_INFO_PART_L2P3B
                0x000004d4       0x18 src/usb.o
                0x000004d4                PM_INFO_PART_L2P3B
 .progmem.data.PM_INFO_PART_L2P3A
                0x000004ec       0x2d src/usb.o
                0x000004ec                PM_INFO_PART_L2P3A
 .progmem.data.PM_INFO_PART_L2P2B
                0x00000519       0x18 src/usb.o
                0x00000519                PM_INFO_PART_L2P2B
 .progmem.data.PM_INFO_PART_L2P2A
                0x00000531       0x2f src/usb.o
                0x00000531                PM_INFO_PART_L2P2A
 .progmem.data.PM_INFO_PART_L2P1B
                0x00000560       0x17 src/usb.o
                0x00000560                PM_INFO_PART_L2P1B
 .progmem.data.PM_INFO_PART_L2P1A
                0x00000577       0x2c src/usb.o
                0x00000577                PM_INFO_PART_L2P1A
 .progmem.data.PM_INFO_PART_L1P3
                0x000005a3       0x2b src/usb.o
                0x000005a3                PM_INFO_PART_L1P3
 .progmem.data.PM_INFO_PART_L1P2
                0x000005ce       0x27 src/usb.o
                0x000005ce                PM_INFO_PART_L1P2
 .progmem.data.PM_INFO_PART_L1P1C
                0x000005f5       0x14 src/usb.o
                0x000005f5                PM_INFO_PART_L1P1C
 .progmem.data.PM_INFO_PART_L1P1B
                0x00000609       0x2a src/usb.o
                0x00000609                PM_INFO_PART_L1P1B
 .progmem.data.PM_INFO_PART_L1P1A
                0x00000633       0x35 src/usb.o
                0x00000633                PM_INFO_PART_L1P1A
 .progmem.data.PM_USBINIT_HEADER_4
                0x00000668       0x24 src/usb.o
                0x00000668                PM_USBINIT_HEADER_4
 .progmem.data.PM_USBINIT_HEADER_3
                0x0000068c       0x22 src/usb.o
                0x0000068c                PM_USBINIT_HEADER_3
 .progmem.data.PM_USBINIT_HEADER_2
                0x000006ae       0x26 src/usb.o
                0x000006ae                PM_USBINIT_HEADER_2
 .progmem.data.PM_USBINIT_HEADER_1
                0x000006d4        0x7 src/usb.o
                0x000006d4                PM_USBINIT_HEADER_1
 .progmem.data.PM_SINE_IP
                0x000006db      0x680 src/dds.o
                0x000006db                PM_SINE_IP
 .progmem.data.PM_SINE
                0x00000d5b     0x2000 src/dds.o
                0x00000d5b                PM_SINE
 .progmem.data.PM_UNKNOWN_01
                0x00002d5b       0x35 src/interpreter.o
                0x00002d5b                PM_UNKNOWN_01
 .progmem.data.PM_IP_CMD_reset
                0x00002d90        0x7 src/interpreter.o
                0x00002d90                PM_IP_CMD_reset
 .progmem.data.PM_IP_CMD_pt
                0x00002d97        0x4 src/interpreter.o
                0x00002d97                PM_IP_CMD_pt
 .progmem.data.PM_IP_CMD_kb
                0x00002d9b        0x4 src/interpreter.o
                0x00002d9b                PM_IP_CMD_kb
 .progmem.data.PM_IP_CMD_help
                0x00002d9f        0x5 src/interpreter.o
                0x00002d9f                PM_IP_CMD_help
 .progmem.data.PM_IP_CMD_info
                0x00002da4        0x6 src/interpreter.o
                0x00002da4                PM_IP_CMD_info
 .progmem.data.PM_IP_CMD_eb
                0x00002daa        0x4 src/interpreter.o
                0x00002daa                PM_IP_CMD_eb
 .progmem.data.PM_IP_CMD_dds
                0x00002dae        0x5 src/interpreter.o
                0x00002dae                PM_IP_CMD_dds
 .progmem.data.PM_IP_CMD_dac
                0x00002db3        0x5 src/interpreter.o
                0x00002db3                PM_IP_CMD_dac
 .progmem.data.PM_IP_CMD_bl
                0x00002db8        0x4 src/interpreter.o
                0x00002db8                PM_IP_CMD_bl
 .progmem.data.PM_IP_CMD_bias
                0x00002dbc        0x6 src/interpreter.o
                0x00002dbc                PM_IP_CMD_bias
 .progmem.data.PM_IP_CMD_adc
                0x00002dc2        0x5 src/interpreter.o
                0x00002dc2                PM_IP_CMD_adc
 .progmem.data.PM_IP_CMD_CmdLine
                0x00002dc7        0x5 src/interpreter.o
                0x00002dc7                PM_IP_CMD_CmdLine
 .progmem.data.PM_IP_CMD_NewLine
                0x00002dcc        0x3 src/interpreter.o
                0x00002dcc                PM_IP_CMD_NewLine
 .progmem.data.PM_HELP_PT_2
                0x00002dcf       0x1f src/interpreter.o
                0x00002dcf                PM_HELP_PT_2
 .progmem.data.PM_HELP_PT_1
                0x00002dee       0x19 src/interpreter.o
                0x00002dee                PM_HELP_PT_1
 .progmem.data.PM_HELP_KB_1
                0x00002e07       0x1e src/interpreter.o
                0x00002e07                PM_HELP_KB_1
 .progmem.data.PM_HELP_INFO_1
                0x00002e25       0x17 src/interpreter.o
                0x00002e25                PM_HELP_INFO_1
 .progmem.data.PM_HELP_HELP_2
                0x00002e3c       0x1f src/interpreter.o
                0x00002e3c                PM_HELP_HELP_2
 .progmem.data.PM_HELP_HELP_1
                0x00002e5b       0x1d src/interpreter.o
                0x00002e5b                PM_HELP_HELP_1
 .progmem.data.PM_HELP_EB_1
                0x00002e78       0x20 src/interpreter.o
                0x00002e78                PM_HELP_EB_1
 .progmem.data.PM_HELP_DDS_3
                0x00002e98       0x25 src/interpreter.o
                0x00002e98                PM_HELP_DDS_3
 .progmem.data.PM_HELP_DDS_2
                0x00002ebd        0xe src/interpreter.o
                0x00002ebd                PM_HELP_DDS_2
 .progmem.data.PM_HELP_DDS_1
                0x00002ecb       0x22 src/interpreter.o
                0x00002ecb                PM_HELP_DDS_1
 .progmem.data.PM_HELP_DAC_2
                0x00002eed       0x12 src/interpreter.o
                0x00002eed                PM_HELP_DAC_2
 .progmem.data.PM_HELP_DAC_1
                0x00002eff       0x19 src/interpreter.o
                0x00002eff                PM_HELP_DAC_1
 .progmem.data.PM_HELP_BL_2
                0x00002f18       0x18 src/interpreter.o
                0x00002f18                PM_HELP_BL_2
 .progmem.data.PM_HELP_BL_1
                0x00002f30       0x1c src/interpreter.o
                0x00002f30                PM_HELP_BL_1
 .progmem.data.PM_HELP_BIAS_2
                0x00002f4c       0x13 src/interpreter.o
                0x00002f4c                PM_HELP_BIAS_2
 .progmem.data.PM_HELP_BIAS_1
                0x00002f5f       0x1b src/interpreter.o
                0x00002f5f                PM_HELP_BIAS_1
 .progmem.data.PM_HELP_ADC_2
                0x00002f7a       0x1b src/interpreter.o
                0x00002f7a                PM_HELP_ADC_2
 .progmem.data.PM_HELP_ADC_1
                0x00002f95       0x22 src/interpreter.o
                0x00002f95                PM_HELP_ADC_1
 .progmem.data.PM_HELP_HDR_2
                0x00002fb7       0x1f src/interpreter.o
                0x00002fb7                PM_HELP_HDR_2
 .progmem.data.PM_HELP_HDR_1
                0x00002fd6       0x15 src/interpreter.o
                0x00002fd6                PM_HELP_HDR_1
 .progmem.data.PM_FORMAT_5F3
                0x00002feb        0x6 src/twi.o
                0x00002feb                PM_FORMAT_5F3
 .progmem.data.PM_FORMAT_4F1
                0x00002ff1        0x6 src/twi.o
                0x00002ff1                PM_FORMAT_4F1
 .progmem.data.PM_FORMAT_07F2
                0x00002ff7        0x7 src/twi.o
                0x00002ff7                PM_FORMAT_07F2
 .progmem.data.PM_FORMAT_05F2
                0x00002ffe        0x7 src/twi.o
                0x00002ffe                PM_FORMAT_05F2
 .progmem.data.PM_TWI1_INIT_ONBOARD_01
                0x00003005       0x10 src/twi.o
                0x00003005                PM_TWI1_INIT_ONBOARD_01
 .progmem.data.PM_TWI1_INIT_ONBOARD_BARO_OK
                0x00003015       0x14 src/twi.o
                0x00003015                PM_TWI1_INIT_ONBOARD_BARO_OK
 .progmem.data.PM_TWI1_INIT_BARO_06
                0x00003029       0x31 src/twi.o
                0x00003029                PM_TWI1_INIT_BARO_06
 .progmem.data.PM_TWI1_INIT_BARO_05
                0x0000305a       0x1e src/twi.o
                0x0000305a                PM_TWI1_INIT_BARO_05
 .progmem.data.PM_TWI1_INIT_BARO_04
                0x00003078       0x35 src/twi.o
                0x00003078                PM_TWI1_INIT_BARO_04
 .progmem.data.PM_TWI1_INIT_BARO_03
                0x000030ad       0x36 src/twi.o
                0x000030ad                PM_TWI1_INIT_BARO_03
 .progmem.data.PM_TWI1_INIT_BARO_02
                0x000030e3       0x35 src/twi.o
                0x000030e3                PM_TWI1_INIT_BARO_02
 .progmem.data.PM_TWI1_INIT_BARO_01
                0x00003118       0x3c src/twi.o
                0x00003118                PM_TWI1_INIT_BARO_01
 .progmem.data.PM_TWI1_INIT_ONBOARD_GYRO_OK
                0x00003154       0x14 src/twi.o
                0x00003154                PM_TWI1_INIT_ONBOARD_GYRO_OK
 .progmem.data.PM_TWI1_INIT_GYRO_05
                0x00003168       0x31 src/twi.o
                0x00003168                PM_TWI1_INIT_GYRO_05
 .progmem.data.PM_TWI1_INIT_GYRO_04
                0x00003199       0x1e src/twi.o
                0x00003199                PM_TWI1_INIT_GYRO_04
 .progmem.data.PM_TWI1_INIT_GYRO_03
                0x000031b7       0x3b src/twi.o
                0x000031b7                PM_TWI1_INIT_GYRO_03
 .progmem.data.PM_TWI1_INIT_GYRO_02
                0x000031f2       0x3a src/twi.o
                0x000031f2                PM_TWI1_INIT_GYRO_02
 .progmem.data.PM_TWI1_INIT_GYRO_01
                0x0000322c       0x3d src/twi.o
                0x0000322c                PM_TWI1_INIT_GYRO_01
 .progmem.data.PM_TWI1_INIT_ONBOARD_HYGRO_OK
                0x00003269       0x14 src/twi.o
                0x00003269                PM_TWI1_INIT_ONBOARD_HYGRO_OK
 .progmem.data.PM_TWI1_INIT_HYGRO_05
                0x0000327d       0x31 src/twi.o
                0x0000327d                PM_TWI1_INIT_HYGRO_05
 .progmem.data.PM_TWI1_INIT_HYGRO_04
                0x000032ae       0x1e src/twi.o
                0x000032ae                PM_TWI1_INIT_HYGRO_04
 .progmem.data.PM_TWI1_INIT_HYGRO_03
                0x000032cc       0x32 src/twi.o
                0x000032cc                PM_TWI1_INIT_HYGRO_03
 .progmem.data.PM_TWI1_INIT_HYGRO_02
                0x000032fe       0x47 src/twi.o
                0x000032fe                PM_TWI1_INIT_HYGRO_02
 .progmem.data.PM_TWI1_INIT_HYGRO_01
                0x00003345       0x37 src/twi.o
                0x00003345                PM_TWI1_INIT_HYGRO_01
                0x0000337c                . = ALIGN (0x2)
 *(.jumptables)
 *(.jumptables*)
 *(.lowtext)
 *(.lowtext*)
                0x0000337c                __ctors_start = .
 *(.ctors)
                0x0000337c                __ctors_end = .
                0x0000337c                __dtors_start = .
 *(.dtors)
                0x0000337c                __dtors_end = .
 SORT(*)(.ctors)
 SORT(*)(.dtors)
 *(.init0)
 .init0         0x0000337c        0x0 C:/Program Files (x86)/Atmel/Studio/7.0/Packs/Atmel/XMEGAA_DFP/1.1.68/gcc/dev/atxmega256a3bu/avrxmega6/crtatxmega256a3bu.o
                0x0000337c                __init
 *(.init0)
 *(.init1)
 *(.init1)
 *(.init2)
 .init2         0x0000337c       0x10 C:/Program Files (x86)/Atmel/Studio/7.0/Packs/Atmel/XMEGAA_DFP/1.1.68/gcc/dev/atxmega256a3bu/avrxmega6/crtatxmega256a3bu.o
 *(.init2)
 *(.init3)
 *(.init3)
 *(.init4)
 .init4         0x0000338c       0x1a c:/program files (x86)/atmel/studio/7.0/toolchain/avr8/avr8-gnu-toolchain/bin/../lib/gcc/avr/5.4.0/avrxmega6\libgcc.a(_copy_data.o)
                0x0000338c                __do_copy_data
 .init4         0x000033a6       0x10 c:/program files (x86)/atmel/studio/7.0/toolchain/avr8/avr8-gnu-toolchain/bin/../lib/gcc/avr/5.4.0/avrxmega6\libgcc.a(_clear_bss.o)
                0x000033a6                __do_clear_bss
 *(.init4)
 *(.init5)
 *(.init5)
 *(.init6)
 *(.init6)
 *(.init7)
 *(.init7)
 *(.init8)
 *(.init8)
 *(.init9)
 .init9         0x000033b6        0x8 C:/Program Files (x86)/Atmel/Studio/7.0/Packs/Atmel/XMEGAA_DFP/1.1.68/gcc/dev/atxmega256a3bu/avrxmega6/crtatxmega256a3bu.o
 *(.init9)
 *(.text)
 .text          0x000033be        0x4 C:/Program Files (x86)/Atmel/Studio/7.0/Packs/Atmel/XMEGAA_DFP/1.1.68/gcc/dev/atxmega256a3bu/avrxmega6/crtatxmega256a3bu.o
                0x000033be                __vector_38
                0x000033be                __vector_104
                0x000033be                __vector_63
                0x000033be                __vector_28
                0x000033be                __vector_67
                0x000033be                __vector_1
                0x000033be                __vector_32
                0x000033be                __vector_75
                0x000033be                __vector_91
                0x000033be                __vector_34
                0x000033be                __vector_62
                0x000033be                __vector_102
                0x000033be                __vector_24
                0x000033be                __vector_12
                0x000033be                __vector_69
                0x000033be                __vector_90
                0x000033be                __bad_interrupt
                0x000033be                __vector_122
                0x000033be                __vector_114
                0x000033be                __vector_31
                0x000033be                __vector_92
                0x000033be                __vector_35
                0x000033be                __vector_117
                0x000033be                __vector_107
                0x000033be                __vector_3
                0x000033be                __vector_105
                0x000033be                __vector_98
                0x000033be                __vector_68
                0x000033be                __vector_30
                0x000033be                __vector_45
                0x000033be                __vector_25
                0x000033be                __vector_93
                0x000033be                __vector_61
                0x000033be                __vector_99
                0x000033be                __vector_123
                0x000033be                __vector_100
                0x000033be                __vector_101
                0x000033be                __vector_64
                0x000033be                __vector_88
                0x000033be                __vector_43
                0x000033be                __vector_27
                0x000033be                __vector_5
                0x000033be                __vector_33
                0x000033be                __vector_76
                0x000033be                __vector_115
                0x000033be                __vector_37
                0x000033be                __vector_95
                0x000033be                __vector_103
                0x000033be                __vector_96
                0x000033be                __vector_89
                0x000033be                __vector_4
                0x000033be                __vector_44
                0x000033be                __vector_106
                0x000033be                __vector_118
                0x000033be                __vector_2
                0x000033be                __vector_66
                0x000033be                __vector_36
                0x000033be                __vector_58
                0x000033be                __vector_70
                0x000033be                __vector_29
                0x000033be                __vector_60
                0x000033be                __vector_121
                0x000033be                __vector_94
                0x000033be                __vector_26
                0x000033be                __vector_124
                0x000033be                __vector_116
                0x000033be                __vector_57
                0x000033be                __vector_10
                0x000033be                __vector_59
                0x000033be                __vector_97
                0x000033be                __vector_87
                0x000033be                __vector_65
                0x000033be                __vector_120
                0x000033c2                . = ALIGN (0x2)
 *(.text.*)
 .text.usart_serial_write_packet
                0x000033c2       0x34 src/ASF/common/services/serial/usart_serial.o
                0x000033c2                usart_serial_write_packet
 .text.usart_putchar
                0x000033f6       0x10 src/ASF/xmega/drivers/usart/usart.o
                0x000033f6                usart_putchar
 .text.usart_getchar
                0x00003406        0xc src/ASF/xmega/drivers/usart/usart.o
                0x00003406                usart_getchar
 .text.usart_set_baudrate
                0x00003412      0x226 src/ASF/xmega/drivers/usart/usart.o
                0x00003412                usart_set_baudrate
 .text.usart_init_rs232
                0x00003638      0x25c src/ASF/xmega/drivers/usart/usart.o
                0x00003638                usart_init_rs232
 .text.__portable_avr_delay_cycles
                0x00003894       0x16 src/serial.o
 .text.__vector_119
                0x000038aa       0x70 src/serial.o
                0x000038aa                __vector_119
 .text.serial_init
                0x0000391a      0x18a src/serial.o
                0x0000391a                serial_init
 .text.serial_start
                0x00003aa4      0x2d0 src/serial.o
                0x00003aa4                serial_start
 .text.task_serial
                0x00003d74       0x62 src/serial.o
                0x00003d74                task_serial
 .text.udi_write_tx_buf
                0x00003dd6       0xa4 src/usb.o
                0x00003dd6                udi_write_tx_buf
 .text.usb_init
                0x00003e7a       0xe0 src/usb.o
                0x00003e7a                usb_init
 .text.usb_callback_suspend_action
                0x00003f5a        0x8 src/usb.o
                0x00003f5a                usb_callback_suspend_action
 .text.usb_callback_resume_action
                0x00003f62        0x8 src/usb.o
                0x00003f62                usb_callback_resume_action
 .text.usb_callback_remotewakeup_enable
                0x00003f6a        0x2 src/usb.o
                0x00003f6a                usb_callback_remotewakeup_enable
 .text.usb_callback_remotewakeup_disable
                0x00003f6c        0x2 src/usb.o
                0x00003f6c                usb_callback_remotewakeup_disable
 .text.usb_callback_cdc_enable
                0x00003f6e        0x8 src/usb.o
                0x00003f6e                usb_callback_cdc_enable
 .text.usb_callback_cdc_disable
                0x00003f76        0x6 src/usb.o
                0x00003f76                usb_callback_cdc_disable
 .text.usb_callback_config
                0x00003f7c        0x2 src/usb.o
                0x00003f7c                usb_callback_config
 .text.usb_callback_cdc_set_dtr
                0x00003f7e        0x2 src/usb.o
                0x00003f7e                usb_callback_cdc_set_dtr
 .text.usb_callback_cdc_set_rts
                0x00003f80        0x2 src/usb.o
                0x00003f80                usb_callback_cdc_set_rts
 .text.usb_callback_rx_notify
                0x00003f82        0x8 src/usb.o
                0x00003f82                usb_callback_rx_notify
 .text.usb_callback_tx_empty_notify
                0x00003f8a        0x6 src/usb.o
                0x00003f8a                usb_callback_tx_empty_notify
 .text.task_usb
                0x00003f90      0x7c4 src/usb.o
                0x00003f90                task_usb
 .text.nvm_init
                0x00004754        0xc src/ASF/common/drivers/nvm/xmega/xmega_nvm.o
                0x00004754                nvm_init
 .text.fifo_init
                0x00004760       0x18 src/ASF/common/services/fifo/fifo.o
                0x00004760                fifo_init
 .text.dma_interrupt
                0x00004778       0xc0 src/ASF/xmega/drivers/dma/dma.o
 .text.dma_enable
                0x00004838       0x44 src/ASF/xmega/drivers/dma/dma.o
                0x00004838                dma_enable
 .text.dma_disable
                0x0000487c       0x3c src/ASF/xmega/drivers/dma/dma.o
                0x0000487c                dma_disable
 .text.dma_set_callback
                0x000048b8       0x12 src/ASF/xmega/drivers/dma/dma.o
                0x000048b8                dma_set_callback
 .text.__vector_6
                0x000048ca       0x50 src/ASF/xmega/drivers/dma/dma.o
                0x000048ca                __vector_6
 .text.__vector_7
                0x0000491a       0x50 src/ASF/xmega/drivers/dma/dma.o
                0x0000491a                __vector_7
 .text.__vector_8
                0x0000496a       0x50 src/ASF/xmega/drivers/dma/dma.o
                0x0000496a                __vector_8
 .text.__vector_9
                0x000049ba       0x50 src/ASF/xmega/drivers/dma/dma.o
                0x000049ba                __vector_9
 .text.dma_channel_write_config
                0x00004a0a       0x86 src/ASF/xmega/drivers/dma/dma.o
                0x00004a0a                dma_channel_write_config
 .text.__portable_avr_delay_cycles
                0x00004a90       0x16 src/ASF/xmega/drivers/rtc32/rtc32.o
 .text.rtc_get_time
                0x00004aa6       0x22 src/ASF/xmega/drivers/rtc32/rtc32.o
                0x00004aa6                rtc_get_time
 .text.rtc_set_alarm
                0x00004ac8       0x16 src/ASF/xmega/drivers/rtc32/rtc32.o
                0x00004ac8                rtc_set_alarm
 .text.rtc_set_callback
                0x00004ade        0xa src/ASF/xmega/drivers/rtc32/rtc32.o
                0x00004ade                rtc_set_callback
 .text.rtc_init
                0x00004ae8       0x84 src/ASF/xmega/drivers/rtc32/rtc32.o
                0x00004ae8                rtc_init
 .text.__vector_11
                0x00004b6c       0x6a src/ASF/xmega/drivers/rtc32/rtc32.o
                0x00004b6c                __vector_11
 .text.get_interpolated_sine
                0x00004bd6       0x66 src/dds.o
                0x00004bd6                get_interpolated_sine
 .text.printHelp
                0x00004c3c      0x45a src/interpreter.o
                0x00004c3c                printHelp
 .text.interpreter_doProcess
                0x00005096      0x46c src/interpreter.o
                0x00005096                interpreter_doProcess
 .text.__portable_avr_delay_cycles
                0x00005502       0x16 src/twi.o
 .text.task_twi1_hygro
                0x00005518       0x9a src/twi.o
 .text.task_twi1_gyro
                0x000055b2      0x5b0 src/twi.o
 .text.task_twi1_baro
                0x00005b62      0x4a4 src/twi.o
 .text.service_twi1_baro
                0x00006006      0x1c8 src/twi.o
 .text.twi2_waitUntilReady
                0x000061ce       0x92 src/twi.o
                0x000061ce                twi2_waitUntilReady
 .text.twi2_set_leds
                0x00006260       0x36 src/twi.o
                0x00006260                twi2_set_leds
 .text.twi2_set_ledbl
                0x00006296       0x40 src/twi.o
                0x00006296                twi2_set_ledbl
 .text.twi2_set_bias
                0x000062d6       0x34 src/twi.o
                0x000062d6                twi2_set_bias
 .text.twi2_set_beep
                0x0000630a       0x40 src/twi.o
                0x0000630a                twi2_set_beep
 .text.twi_init
                0x0000634a       0x14 src/twi.o
                0x0000634a                twi_init
 .text.isr_100ms_twi1_onboard
                0x0000635e      0x22c src/twi.o
                0x0000635e                isr_100ms_twi1_onboard
 .text.isr_500ms_twi1_onboard
                0x0000658a       0xe2 src/twi.o
                0x0000658a                isr_500ms_twi1_onboard
 .text.isr_sparetime_twi1_onboard
                0x0000666c       0x38 src/twi.o
                0x0000666c                isr_sparetime_twi1_onboard
 .text.task_twi2_lcd_cls
                0x000066a4       0x28 src/twi.o
                0x000066a4                task_twi2_lcd_cls
 .text.task_twi2_lcd_pos_xy
                0x000066cc       0x42 src/twi.o
                0x000066cc                task_twi2_lcd_pos_xy
 .text.task_twi2_lcd_print_format_float_P
                0x0000670e       0x7c src/twi.o
 .text.task_twi2_lcd_str
                0x0000678a       0xce src/twi.o
                0x0000678a                task_twi2_lcd_str
 .text.task_twi2_lcd_line
                0x00006858       0x50 src/twi.o
                0x00006858                task_twi2_lcd_line
 .text.task_twi2_lcd_rect
                0x000068a8       0x5c src/twi.o
                0x000068a8                task_twi2_lcd_rect
 .text.task_twi2_lcd_circ
                0x00006904       0x50 src/twi.o
                0x00006904                task_twi2_lcd_circ
 .text.task_twi2_lcd_header
                0x00006954       0x52 src/twi.o
                0x00006954                task_twi2_lcd_header
 .text.twi_start
                0x000069a6      0xc4e src/twi.o
                0x000069a6                twi_start
 .text.task_twi2_lcd__cpu1
                0x000075f4       0xba src/twi.o
                0x000075f4                task_twi2_lcd__cpu1
 .text.task_twi2_lcd__cpu2
                0x000076ae       0xbe src/twi.o
                0x000076ae                task_twi2_lcd__cpu2
 .text.task_twi2_lcd__cpu3
                0x0000776c       0xbe src/twi.o
                0x0000776c                task_twi2_lcd__cpu3
 .text.task_twi2_lcd__hygro
                0x0000782a       0xbe src/twi.o
                0x0000782a                task_twi2_lcd__hygro
 .text.task_twi2_lcd__gyro_gfxmag
                0x000078e8      0x422 src/twi.o
                0x000078e8                task_twi2_lcd__gyro_gfxmag
 .text.task_twi2_lcd__gyro_gfxaccel
                0x00007d0a      0x1e4 src/twi.o
                0x00007d0a                task_twi2_lcd__gyro_gfxaccel
 .text.task_twi2_lcd__gyro_gfxgyro
                0x00007eee      0x4c2 src/twi.o
                0x00007eee                task_twi2_lcd__gyro_gfxgyro
 .text.task_twi2_lcd__gyro_beepvario
                0x000083b0       0xba src/twi.o
                0x000083b0                task_twi2_lcd__gyro_beepvario
 .text.task_twi2_lcd__baro
                0x0000846a       0xf2 src/twi.o
                0x0000846a                task_twi2_lcd__baro
 .text.task_twi
                0x0000855c      0x254 src/twi.o
                0x0000855c                task_twi
 .text.board_init
                0x000087b0        0x2 src/ASF/common/boards/user_board/init.o
                0x000087b0                board_init
 .text.adc_set_callback
                0x000087b2       0x40 src/ASF/xmega/drivers/adc/adc.o
                0x000087b2                adc_set_callback
 .text.adc_enable_clock
                0x000087f2       0x42 src/ASF/xmega/drivers/adc/adc.o
                0x000087f2                adc_enable_clock
 .text.adc_disable_clock
                0x00008834       0x3e src/ASF/xmega/drivers/adc/adc.o
                0x00008834                adc_disable_clock
 .text.adc_enable
                0x00008872       0x58 src/ASF/xmega/drivers/adc/adc.o
                0x00008872                adc_enable
 .text.adc_disable
                0x000088ca       0x4c src/ASF/xmega/drivers/adc/adc.o
                0x000088ca                adc_disable
 .text.__vector_71
                0x00008916       0x64 src/ASF/xmega/drivers/adc/xmega_aau/adc_aau.o
                0x00008916                __vector_71
 .text.__vector_72
                0x0000897a       0x64 src/ASF/xmega/drivers/adc/xmega_aau/adc_aau.o
                0x0000897a                __vector_72
 .text.__vector_73
                0x000089de       0x64 src/ASF/xmega/drivers/adc/xmega_aau/adc_aau.o
                0x000089de                __vector_73
 .text.__vector_74
                0x00008a42       0x64 src/ASF/xmega/drivers/adc/xmega_aau/adc_aau.o
                0x00008a42                __vector_74
 .text.__vector_39
                0x00008aa6       0x64 src/ASF/xmega/drivers/adc/xmega_aau/adc_aau.o
                0x00008aa6                __vector_39
 .text.__vector_40
                0x00008b0a       0x64 src/ASF/xmega/drivers/adc/xmega_aau/adc_aau.o
                0x00008b0a                __vector_40
 .text.__vector_41
                0x00008b6e       0x64 src/ASF/xmega/drivers/adc/xmega_aau/adc_aau.o
                0x00008b6e                __vector_41
 .text.__vector_42
                0x00008bd2       0x64 src/ASF/xmega/drivers/adc/xmega_aau/adc_aau.o
                0x00008bd2                __vector_42
 .text.adc_write_configuration
                0x00008c36       0xd4 src/ASF/xmega/drivers/adc/xmega_aau/adc_aau.o
                0x00008c36                adc_write_configuration
 .text.adc_read_configuration
                0x00008d0a       0x72 src/ASF/xmega/drivers/adc/xmega_aau/adc_aau.o
                0x00008d0a                adc_read_configuration
 .text.adcch_write_configuration
                0x00008d7c       0x96 src/ASF/xmega/drivers/adc/xmega_aau/adc_aau.o
                0x00008d7c                adcch_write_configuration
 .text.adcch_read_configuration
                0x00008e12       0x96 src/ASF/xmega/drivers/adc/xmega_aau/adc_aau.o
                0x00008e12                adcch_read_configuration
 .text.dac_enable_clock
                0x00008ea8       0x20 src/ASF/xmega/drivers/dac/dac.o
 .text.dac_disable_clock
                0x00008ec8       0x1e src/ASF/xmega/drivers/dac/dac.o
 .text.dac_enable
                0x00008ee6       0x58 src/ASF/xmega/drivers/dac/dac.o
                0x00008ee6                dac_enable
 .text.dac_disable
                0x00008f3e       0x4c src/ASF/xmega/drivers/dac/dac.o
                0x00008f3e                dac_disable
 .text.dac_write_configuration
                0x00008f8a       0xb8 src/ASF/xmega/drivers/dac/dac.o
                0x00008f8a                dac_write_configuration
 .text.dac_read_configuration
                0x00009042       0x5e src/ASF/xmega/drivers/dac/dac.o
                0x00009042                dac_read_configuration
 .text.__vector_14
                0x000090a0       0x5a src/ASF/xmega/drivers/tc/tc.o
                0x000090a0                __vector_14
 .text.__vector_15
                0x000090fa       0x5a src/ASF/xmega/drivers/tc/tc.o
                0x000090fa                __vector_15
 .text.__vector_16
                0x00009154       0x5a src/ASF/xmega/drivers/tc/tc.o
                0x00009154                __vector_16
 .text.__vector_17
                0x000091ae       0x5a src/ASF/xmega/drivers/tc/tc.o
                0x000091ae                __vector_17
 .text.__vector_18
                0x00009208       0x5a src/ASF/xmega/drivers/tc/tc.o
                0x00009208                __vector_18
 .text.__vector_19
                0x00009262       0x5a src/ASF/xmega/drivers/tc/tc.o
                0x00009262                __vector_19
 .text.__vector_20
                0x000092bc       0x5a src/ASF/xmega/drivers/tc/tc.o
                0x000092bc                __vector_20
 .text.__vector_21
                0x00009316       0x5a src/ASF/xmega/drivers/tc/tc.o
                0x00009316                __vector_21
 .text.__vector_22
                0x00009370       0x5a src/ASF/xmega/drivers/tc/tc.o
                0x00009370                __vector_22
 .text.__vector_23
                0x000093ca       0x5a src/ASF/xmega/drivers/tc/tc.o
                0x000093ca                __vector_23
 .text.__vector_77
                0x00009424       0x5a src/ASF/xmega/drivers/tc/tc.o
                0x00009424                __vector_77
 .text.__vector_78
                0x0000947e       0x5a src/ASF/xmega/drivers/tc/tc.o
                0x0000947e                __vector_78
 .text.__vector_79
                0x000094d8       0x5a src/ASF/xmega/drivers/tc/tc.o
                0x000094d8                __vector_79
 .text.__vector_80
                0x00009532       0x5a src/ASF/xmega/drivers/tc/tc.o
                0x00009532                __vector_80
 .text.__vector_81
                0x0000958c       0x5a src/ASF/xmega/drivers/tc/tc.o
                0x0000958c                __vector_81
 .text.__vector_82
                0x000095e6       0x5a src/ASF/xmega/drivers/tc/tc.o
                0x000095e6                __vector_82
 .text.__vector_83
                0x00009640       0x5a src/ASF/xmega/drivers/tc/tc.o
                0x00009640                __vector_83
 .text.__vector_84
                0x0000969a       0x5a src/ASF/xmega/drivers/tc/tc.o
                0x0000969a                __vector_84
 .text.__vector_85
                0x000096f4       0x5a src/ASF/xmega/drivers/tc/tc.o
                0x000096f4                __vector_85
 .text.__vector_86
                0x0000974e       0x5a src/ASF/xmega/drivers/tc/tc.o
                0x0000974e                __vector_86
 .text.__vector_47
                0x000097a8       0x5a src/ASF/xmega/drivers/tc/tc.o
                0x000097a8                __vector_47
 .text.__vector_48
                0x00009802       0x5a src/ASF/xmega/drivers/tc/tc.o
                0x00009802                __vector_48
 .text.__vector_49
                0x0000985c       0x5a src/ASF/xmega/drivers/tc/tc.o
                0x0000985c                __vector_49
 .text.__vector_50
                0x000098b6       0x5a src/ASF/xmega/drivers/tc/tc.o
                0x000098b6                __vector_50
 .text.__vector_51
                0x00009910       0x5a src/ASF/xmega/drivers/tc/tc.o
                0x00009910                __vector_51
 .text.__vector_52
                0x0000996a       0x5a src/ASF/xmega/drivers/tc/tc.o
                0x0000996a                __vector_52
 .text.__vector_53
                0x000099c4       0x5a src/ASF/xmega/drivers/tc/tc.o
                0x000099c4                __vector_53
 .text.__vector_54
                0x00009a1e       0x5a src/ASF/xmega/drivers/tc/tc.o
                0x00009a1e                __vector_54
 .text.__vector_55
                0x00009a78       0x5a src/ASF/xmega/drivers/tc/tc.o
                0x00009a78                __vector_55
 .text.__vector_56
                0x00009ad2       0x5a src/ASF/xmega/drivers/tc/tc.o
                0x00009ad2                __vector_56
 .text.__vector_108
                0x00009b2c       0x5a src/ASF/xmega/drivers/tc/tc.o
                0x00009b2c                __vector_108
 .text.__vector_109
                0x00009b86       0x5a src/ASF/xmega/drivers/tc/tc.o
                0x00009b86                __vector_109
 .text.__vector_110
                0x00009be0       0x5a src/ASF/xmega/drivers/tc/tc.o
                0x00009be0                __vector_110
 .text.__vector_111
                0x00009c3a       0x5a src/ASF/xmega/drivers/tc/tc.o
                0x00009c3a                __vector_111
 .text.__vector_112
                0x00009c94       0x5a src/ASF/xmega/drivers/tc/tc.o
                0x00009c94                __vector_112
 .text.__vector_113
                0x00009cee       0x5a src/ASF/xmega/drivers/tc/tc.o
                0x00009cee                __vector_113
 .text.tc_enable
                0x00009d48       0xfe src/ASF/xmega/drivers/tc/tc.o
                0x00009d48                tc_enable
 .text.tc_set_overflow_interrupt_callback
                0x00009e46       0x7c src/ASF/xmega/drivers/tc/tc.o
                0x00009e46                tc_set_overflow_interrupt_callback
 .text.twim_interrupt_handler
                0x00009ec2      0x12e src/ASF/xmega/drivers/twi/twim.o
 .text.__vector_13
                0x00009ff0       0x4e src/ASF/xmega/drivers/twi/twim.o
                0x00009ff0                __vector_13
 .text.__vector_46
                0x0000a03e       0x4e src/ASF/xmega/drivers/twi/twim.o
                0x0000a03e                __vector_46
 .text.twi_master_init
                0x0000a08c       0x2a src/ASF/xmega/drivers/twi/twim.o
                0x0000a08c                twi_master_init
 .text.twi_master_transfer
                0x0000a0b6       0xc8 src/ASF/xmega/drivers/twi/twim.o
                0x0000a0b6                twi_master_transfer
 .text.udd_sleep_mode
                0x0000a17e       0x70 src/ASF/xmega/drivers/usb/usb_device.o
 .text.udd_ctrl_init
                0x0000a1ee       0x4a src/ASF/xmega/drivers/usb/usb_device.o
 .text.udd_ctrl_stall_data
                0x0000a238       0x1c src/ASF/xmega/drivers/usb/usb_device.o
 .text.udd_ctrl_send_zlp_in
                0x0000a254       0x1c src/ASF/xmega/drivers/usb/usb_device.o
 .text.udd_ctrl_endofrequest
                0x0000a270       0x10 src/ASF/xmega/drivers/usb/usb_device.o
 .text.udd_ctrl_in_sent
                0x0000a280       0xd8 src/ASF/xmega/drivers/usb/usb_device.o
 .text.udd_ep_get_size
                0x0000a358       0x52 src/ASF/xmega/drivers/usb/usb_device.o
 .text.udd_ep_get_job
                0x0000a3aa       0x36 src/ASF/xmega/drivers/usb/usb_device.o
 .text.udd_ctrl_interrupt_tc_setup
                0x0000a3e0       0xe4 src/ASF/xmega/drivers/usb/usb_device.o
 .text.udd_ep_trans_complet
                0x0000a4c4      0x308 src/ASF/xmega/drivers/usb/usb_device.o
 .text.udd_disable
                0x0000a7cc       0x5a src/ASF/xmega/drivers/usb/usb_device.o
                0x0000a7cc                udd_disable
 .text.udd_attach
                0x0000a826       0x5a src/ASF/xmega/drivers/usb/usb_device.o
                0x0000a826                udd_attach
 .text.udd_enable
                0x0000a880      0x10a src/ASF/xmega/drivers/usb/usb_device.o
                0x0000a880                udd_enable
 .text.udd_is_high_speed
                0x0000a98a        0x4 src/ASF/xmega/drivers/usb/usb_device.o
                0x0000a98a                udd_is_high_speed
 .text.udd_set_address
                0x0000a98e        0x6 src/ASF/xmega/drivers/usb/usb_device.o
                0x0000a98e                udd_set_address
 .text.udd_getaddress
                0x0000a994        0x6 src/ASF/xmega/drivers/usb/usb_device.o
                0x0000a994                udd_getaddress
 .text.udd_get_frame_number
                0x0000a99a        0xa src/ASF/xmega/drivers/usb/usb_device.o
                0x0000a99a                udd_get_frame_number
 .text.udd_get_micro_frame_number
                0x0000a9a4        0x6 src/ASF/xmega/drivers/usb/usb_device.o
                0x0000a9a4                udd_get_micro_frame_number
 .text.udd_set_setup_payload
                0x0000a9aa        0xe src/ASF/xmega/drivers/usb/usb_device.o
                0x0000a9aa                udd_set_setup_payload
 .text.udd_ep_alloc
                0x0000a9b8      0x110 src/ASF/xmega/drivers/usb/usb_device.o
                0x0000a9b8                udd_ep_alloc
 .text.udd_ep_is_halted
                0x0000aac8       0x36 src/ASF/xmega/drivers/usb/usb_device.o
                0x0000aac8                udd_ep_is_halted
 .text.udd_ep_clear_halt
                0x0000aafe       0x6e src/ASF/xmega/drivers/usb/usb_device.o
                0x0000aafe                udd_ep_clear_halt
 .text.udd_ep_run
                0x0000ab6c      0x196 src/ASF/xmega/drivers/usb/usb_device.o
                0x0000ab6c                udd_ep_run
 .text.udd_ep_abort
                0x0000ad02       0x9e src/ASF/xmega/drivers/usb/usb_device.o
                0x0000ad02                udd_ep_abort
 .text.udd_ep_free
                0x0000ada0       0x38 src/ASF/xmega/drivers/usb/usb_device.o
                0x0000ada0                udd_ep_free
 .text.udd_ep_set_halt
                0x0000add8       0x3a src/ASF/xmega/drivers/usb/usb_device.o
                0x0000add8                udd_ep_set_halt
 .text.__vector_125
                0x0000ae12      0x178 src/ASF/xmega/drivers/usb/usb_device.o
                0x0000ae12                __vector_125
 .text.__vector_126
                0x0000af8a      0x1f2 src/ASF/xmega/drivers/usb/usb_device.o
                0x0000af8a                __vector_126
 .text.pwm_set_frequency
                0x0000b17c       0xd8 src/ASF/xmega/services/pwm/pwm.o
                0x0000b17c                pwm_set_frequency
 .text.pwm_init
                0x0000b254      0x190 src/ASF/xmega/services/pwm/pwm.o
                0x0000b254                pwm_init
 .text.pwm_start
                0x0000b3e4       0xa4 src/ASF/xmega/services/pwm/pwm.o
                0x0000b3e4                pwm_start
 .text.yield_ms_cb
                0x0000b488        0x6 src/main.o
                0x0000b488                yield_ms_cb
 .text.isr_adc_a
                0x0000b48e      0x34e src/main.o
                0x0000b48e                isr_adc_a
 .text.isr_adc_b
                0x0000b7dc       0x94 src/main.o
                0x0000b7dc                isr_adc_b
 .text.task_dac
                0x0000b870      0x204 src/main.o
 .text.task_adc
                0x0000ba74      0x2b2 src/main.o
 .text.tc_init  0x0000bd26       0x86 src/main.o
 .text.tc_start
                0x0000bdac       0x3a src/main.o
 .text.dac_init
                0x0000bde6       0xe0 src/main.o
 .text.calc_next_frame
                0x0000bec6       0xb2 src/main.o
 .text.dac_start
                0x0000bf78       0xde src/main.o
 .text.isr_dma_dac_ch0_B
                0x0000c056       0x46 src/main.o
 .text.isr_dma_dac_ch0_A
                0x0000c09c       0x46 src/main.o
 .text.adc_init
                0x0000c0e2      0x27e src/main.o
 .text.myStringToVar
                0x0000c360      0x140 src/main.o
                0x0000c360                myStringToVar
 .text.adc_app_enable
                0x0000c4a0       0x46 src/main.o
                0x0000c4a0                adc_app_enable
 .text.backlight_mode_pwm
                0x0000c4e6       0x2c src/main.o
                0x0000c4e6                backlight_mode_pwm
 .text.bias_update
                0x0000c512        0xc src/main.o
                0x0000c512                bias_update
 .text.dac_app_enable
                0x0000c51e       0xa0 src/main.o
                0x0000c51e                dac_app_enable
 .text.errorBeep_enable
                0x0000c5be        0x6 src/main.o
                0x0000c5be                errorBeep_enable
 .text.printStatusLines_enable
                0x0000c5c4        0x6 src/main.o
                0x0000c5c4                printStatusLines_enable
 .text.keyBeep_enable
                0x0000c5ca        0x6 src/main.o
                0x0000c5ca                keyBeep_enable
 .text.pitchTone_mode
                0x0000c5d0        0x6 src/main.o
                0x0000c5d0                pitchTone_mode
 .text.sched_getLock
                0x0000c5d6       0x30 src/main.o
                0x0000c5d6                sched_getLock
 .text.sched_freeLock
                0x0000c606       0x20 src/main.o
                0x0000c606                sched_freeLock
 .text.sched_doSleep
                0x0000c626       0x46 src/main.o
                0x0000c626                sched_doSleep
 .text.sched_push
                0x0000c66c      0x4e4 src/main.o
                0x0000c66c                sched_push
 .text.dds_update
                0x0000cb50      0x1be src/main.o
                0x0000cb50                dds_update
 .text.isr_tcc0_ovfl
                0x0000cd0e       0xf8 src/main.o
                0x0000cd0e                isr_tcc0_ovfl
 .text.sched_pop
                0x0000ce06      0x1ee src/main.o
                0x0000ce06                sched_pop
 .text.isr_rtc_alarm
                0x0000cff4        0x6 src/main.o
                0x0000cff4                isr_rtc_alarm
 .text.yield_ms
                0x0000cffa       0x52 src/main.o
                0x0000cffa                yield_ms
 .text.main     0x0000d04c      0x194 src/main.o
                0x0000d04c                main
 .text.sysclk_init
                0x0000d1e0      0x102 src/ASF/common/services/clock/xmega/sysclk.o
                0x0000d1e0                sysclk_init
 .text.sysclk_enable_module
                0x0000d2e2       0x2c src/ASF/common/services/clock/xmega/sysclk.o
                0x0000d2e2                sysclk_enable_module
 .text.sysclk_disable_module
                0x0000d30e       0x2a src/ASF/common/services/clock/xmega/sysclk.o
                0x0000d30e                sysclk_disable_module
 .text.sysclk_enable_usb
                0x0000d338       0x8c src/ASF/common/services/clock/xmega/sysclk.o
                0x0000d338                sysclk_enable_usb
 .text.sysclk_disable_usb
                0x0000d3c4       0x12 src/ASF/common/services/clock/xmega/sysclk.o
                0x0000d3c4                sysclk_disable_usb
 .text.udi_cdc_comm_disable
                0x0000d3d6        0xc src/ASF/common/services/usb/class/cdc/device/udi_cdc.o
                0x0000d3d6                udi_cdc_comm_disable
 .text.udi_cdc_data_setup
                0x0000d3e2        0x4 src/ASF/common/services/usb/class/cdc/device/udi_cdc.o
                0x0000d3e2                udi_cdc_data_setup
 .text.udi_cdc_getsetting
                0x0000d3e6        0x4 src/ASF/common/services/usb/class/cdc/device/udi_cdc.o
                0x0000d3e6                udi_cdc_getsetting
 .text.udi_cdc_line_coding_received
                0x0000d3ea        0xc src/ASF/common/services/usb/class/cdc/device/udi_cdc.o
 .text.udi_cdc_comm_enable
                0x0000d3f6       0x64 src/ASF/common/services/usb/class/cdc/device/udi_cdc.o
                0x0000d3f6                udi_cdc_comm_enable
 .text.udi_cdc_tx_send
                0x0000d45a      0x164 src/ASF/common/services/usb/class/cdc/device/udi_cdc.o
 .text.udi_cdc_data_sof_notify
                0x0000d5be        0x6 src/ASF/common/services/usb/class/cdc/device/udi_cdc.o
                0x0000d5be                udi_cdc_data_sof_notify
 .text.udi_cdc_data_sent
                0x0000d5c4       0x3a src/ASF/common/services/usb/class/cdc/device/udi_cdc.o
 .text.udi_cdc_data_disable
                0x0000d5fe       0x18 src/ASF/common/services/usb/class/cdc/device/udi_cdc.o
                0x0000d5fe                udi_cdc_data_disable
 .text.udi_cdc_comm_setup
                0x0000d616       0xc2 src/ASF/common/services/usb/class/cdc/device/udi_cdc.o
                0x0000d616                udi_cdc_comm_setup
 .text.udi_cdc_multi_get_nb_received_data
                0x0000d6d8       0x3a src/ASF/common/services/usb/class/cdc/device/udi_cdc.o
                0x0000d6d8                udi_cdc_multi_get_nb_received_data
 .text.udi_cdc_get_nb_received_data
                0x0000d712        0x6 src/ASF/common/services/usb/class/cdc/device/udi_cdc.o
                0x0000d712                udi_cdc_get_nb_received_data
 .text.udi_cdc_multi_is_rx_ready
                0x0000d718        0xe src/ASF/common/services/usb/class/cdc/device/udi_cdc.o
                0x0000d718                udi_cdc_multi_is_rx_ready
 .text.udi_cdc_rx_start
                0x0000d726       0xa4 src/ASF/common/services/usb/class/cdc/device/udi_cdc.o
 .text.udi_cdc_data_enable
                0x0000d7ca       0x64 src/ASF/common/services/usb/class/cdc/device/udi_cdc.o
                0x0000d7ca                udi_cdc_data_enable
 .text.udi_cdc_data_received
                0x0000d82e       0x60 src/ASF/common/services/usb/class/cdc/device/udi_cdc.o
 .text.udi_cdc_multi_getc
                0x0000d88e       0xa8 src/ASF/common/services/usb/class/cdc/device/udi_cdc.o
                0x0000d88e                udi_cdc_multi_getc
 .text.udi_cdc_getc
                0x0000d936        0x6 src/ASF/common/services/usb/class/cdc/device/udi_cdc.o
                0x0000d936                udi_cdc_getc
 .text.udi_cdc_read_no_polling
                0x0000d93c       0xc4 src/ASF/common/services/usb/class/cdc/device/udi_cdc.o
                0x0000d93c                udi_cdc_read_no_polling
 .text.udi_cdc_multi_get_free_tx_buffer
                0x0000da00       0x60 src/ASF/common/services/usb/class/cdc/device/udi_cdc.o
                0x0000da00                udi_cdc_multi_get_free_tx_buffer
 .text.udi_cdc_multi_is_tx_ready
                0x0000da60        0xe src/ASF/common/services/usb/class/cdc/device/udi_cdc.o
                0x0000da60                udi_cdc_multi_is_tx_ready
 .text.udi_cdc_is_tx_ready
                0x0000da6e        0x6 src/ASF/common/services/usb/class/cdc/device/udi_cdc.o
                0x0000da6e                udi_cdc_is_tx_ready
 .text.udi_cdc_multi_putc
                0x0000da74       0x9c src/ASF/common/services/usb/class/cdc/device/udi_cdc.o
                0x0000da74                udi_cdc_multi_putc
 .text.udi_cdc_putc
                0x0000db10        0x8 src/ASF/common/services/usb/class/cdc/device/udi_cdc.o
                0x0000db10                udi_cdc_putc
 .text.udc_next_desc_in_iface
                0x0000db18       0x6a src/ASF/common/services/usb/udc/udc.o
 .text.udc_valid_address
                0x0000db82        0xc src/ASF/common/services/usb/udc/udc.o
 .text.udc_update_iface_desc
                0x0000db8e       0x74 src/ASF/common/services/usb/udc/udc.o
 .text.udc_iface_disable
                0x0000dc02       0x84 src/ASF/common/services/usb/udc/udc.o
 .text.udc_iface_enable
                0x0000dc86       0x66 src/ASF/common/services/usb/udc/udc.o
 .text.udc_start
                0x0000dcec        0x6 src/ASF/common/services/usb/udc/udc.o
                0x0000dcec                udc_start
 .text.udc_reset
                0x0000dcf2       0x54 src/ASF/common/services/usb/udc/udc.o
                0x0000dcf2                udc_reset
 .text.udc_stop
                0x0000dd46        0x8 src/ASF/common/services/usb/udc/udc.o
                0x0000dd46                udc_stop
 .text.udc_sof_notify
                0x0000dd4e       0x60 src/ASF/common/services/usb/udc/udc.o
                0x0000dd4e                udc_sof_notify
 .text.udc_process_setup
                0x0000ddae      0x568 src/ASF/common/services/usb/udc/udc.o
                0x0000ddae                udc_process_setup
 .text._read    0x0000e316       0x32 src/ASF/common/utils/stdio/read.o
                0x0000e316                _read
 .text.stdio_usb_putchar
                0x0000e348       0x2e src/ASF/common/utils/stdio/stdio_usb/stdio_usb.o
                0x0000e348                stdio_usb_putchar
 .text.stdio_usb_getchar
                0x0000e376       0x1e src/ASF/common/utils/stdio/stdio_usb/stdio_usb.o
                0x0000e376                stdio_usb_getchar
 .text.stdio_usb_enable
                0x0000e394        0x8 src/ASF/common/utils/stdio/stdio_usb/stdio_usb.o
                0x0000e394                stdio_usb_enable
 .text.stdio_usb_disable
                0x0000e39c        0x6 src/ASF/common/utils/stdio/stdio_usb/stdio_usb.o
                0x0000e39c                stdio_usb_disable
 .text.stdio_usb_init
                0x0000e3a2       0x30 src/ASF/common/utils/stdio/stdio_usb/stdio_usb.o
                0x0000e3a2                stdio_usb_init
 .text._write   0x0000e3d2       0x24 src/ASF/common/utils/stdio/write.o
                0x0000e3d2                _write
 .text.nvm_read_byte
                0x0000e3f6       0x14 src/ASF/xmega/drivers/nvm/nvm_asm.o
                0x0000e3f6                nvm_read_byte
 .text.ccp_write_io
                0x0000e40a        0xc src/ASF/xmega/drivers/cpu/ccp.o
                0x0000e40a                ccp_write_io
 .text.avr-libc
                0x0000e416      0x73c c:/program files (x86)/atmel/studio/7.0/toolchain/avr8/avr8-gnu-toolchain/bin/../lib/gcc/avr/5.4.0/../../../../avr/lib/avrxmega6\libprintf_flt.a(vfprintf_flt.o)
                0x0000e416                vfprintf
 .text.avr-libc.fplib
                0x0000eb52        0xa c:/program files (x86)/atmel/studio/7.0/toolchain/avr8/avr8-gnu-toolchain/bin/../lib/gcc/avr/5.4.0/../../../../avr/lib/avrxmega6\libm.a(addsf3.o)
                0x0000eb52                __subsf3
                0x0000eb54                __addsf3
 .text.avr-libc.fplib
                0x0000eb5c       0xc0 c:/program files (x86)/atmel/studio/7.0/toolchain/avr8/avr8-gnu-toolchain/bin/../lib/gcc/avr/5.4.0/../../../../avr/lib/avrxmega6\libm.a(addsf3x.o)
                0x0000eb76                __addsf3x
 .text.avr-libc.fplib
                0x0000ec1c        0x8 c:/program files (x86)/atmel/studio/7.0/toolchain/avr8/avr8-gnu-toolchain/bin/../lib/gcc/avr/5.4.0/../../../../avr/lib/avrxmega6\libm.a(cmpsf2.o)
                0x0000ec1c                __nesf2
                0x0000ec1c                __eqsf2
                0x0000ec1c                __cmpsf2
                0x0000ec1c                __ltsf2
                0x0000ec1c                __lesf2
 .text.avr-libc.fplib
                0x0000ec24        0x6 c:/program files (x86)/atmel/studio/7.0/toolchain/avr8/avr8-gnu-toolchain/bin/../lib/gcc/avr/5.4.0/../../../../avr/lib/avrxmega6\libm.a(cos.o)
                0x0000ec24                cos
 .text.avr-libc.fplib
                0x0000ec2a        0x4 c:/program files (x86)/atmel/studio/7.0/toolchain/avr8/avr8-gnu-toolchain/bin/../lib/gcc/avr/5.4.0/../../../../avr/lib/avrxmega6\libm.a(divsf3.o)
                0x0000ec2a                __divsf3
 .text.avr-libc.fplib
                0x0000ec2e       0xcc c:/program files (x86)/atmel/studio/7.0/toolchain/avr8/avr8-gnu-toolchain/bin/../lib/gcc/avr/5.4.0/../../../../avr/lib/avrxmega6\libm.a(divsf3x.o)
                0x0000ec44                __divsf3x
                0x0000ec48                __divsf3_pse
 .text.avr-libc.fplib
                0x0000ecfa        0xa c:/program files (x86)/atmel/studio/7.0/toolchain/avr8/avr8-gnu-toolchain/bin/../lib/gcc/avr/5.4.0/../../../../avr/lib/avrxmega6\libm.a(fixsfsi.o)
                0x0000ecfa                __fixsfsi
 .text.avr-libc.fplib
                0x0000ed04       0x58 c:/program files (x86)/atmel/studio/7.0/toolchain/avr8/avr8-gnu-toolchain/bin/../lib/gcc/avr/5.4.0/../../../../avr/lib/avrxmega6\libm.a(fixunssfsi.o)
                0x0000ed04                __fixunssfsi
 .text.avr-libc.fplib
                0x0000ed5c       0x7a c:/program files (x86)/atmel/studio/7.0/toolchain/avr8/avr8-gnu-toolchain/bin/../lib/gcc/avr/5.4.0/../../../../avr/lib/avrxmega6\libm.a(floatsisf.o)
                0x0000ed5c                __floatunsisf
                0x0000ed60                __floatsisf
 .text.avr-libc.fplib
                0x0000edd6       0x48 c:/program files (x86)/atmel/studio/7.0/toolchain/avr8/avr8-gnu-toolchain/bin/../lib/gcc/avr/5.4.0/../../../../avr/lib/avrxmega6\libm.a(fp_cmp.o)
                0x0000edd6                __fp_cmp
 .text.avr-libc.fplib
                0x0000ee1e        0xc c:/program files (x86)/atmel/studio/7.0/toolchain/avr8/avr8-gnu-toolchain/bin/../lib/gcc/avr/5.4.0/../../../../avr/lib/avrxmega6\libm.a(fp_inf.o)
                0x0000ee1e                __fp_inf
 .text.avr-libc.fplib
                0x0000ee2a        0x6 c:/program files (x86)/atmel/studio/7.0/toolchain/avr8/avr8-gnu-toolchain/bin/../lib/gcc/avr/5.4.0/../../../../avr/lib/avrxmega6\libm.a(fp_nan.o)
                0x0000ee2a                __fp_nan
 .text.avr-libc.fplib
                0x0000ee30        0xe c:/program files (x86)/atmel/studio/7.0/toolchain/avr8/avr8-gnu-toolchain/bin/../lib/gcc/avr/5.4.0/../../../../avr/lib/avrxmega6\libm.a(fp_pscA.o)
                0x0000ee30                __fp_pscA
 .text.avr-libc.fplib
                0x0000ee3e        0xe c:/program files (x86)/atmel/studio/7.0/toolchain/avr8/avr8-gnu-toolchain/bin/../lib/gcc/avr/5.4.0/../../../../avr/lib/avrxmega6\libm.a(fp_pscB.o)
                0x0000ee3e                __fp_pscB
 .text.avr-libc.fplib
                0x0000ee4c       0x50 c:/program files (x86)/atmel/studio/7.0/toolchain/avr8/avr8-gnu-toolchain/bin/../lib/gcc/avr/5.4.0/../../../../avr/lib/avrxmega6\libm.a(fp_rempio2.o)
                0x0000ee4e                __fp_rempio2
 .text.avr-libc.fplib
                0x0000ee9c       0x22 c:/program files (x86)/atmel/studio/7.0/toolchain/avr8/avr8-gnu-toolchain/bin/../lib/gcc/avr/5.4.0/../../../../avr/lib/avrxmega6\libm.a(fp_round.o)
                0x0000ee9c                __fp_round
 .text.avr-libc.fplib
                0x0000eebe       0x22 c:/program files (x86)/atmel/studio/7.0/toolchain/avr8/avr8-gnu-toolchain/bin/../lib/gcc/avr/5.4.0/../../../../avr/lib/avrxmega6\libm.a(fp_sinus.o)
                0x0000eebe                __fp_sinus
 .text.avr-libc.fplib
                0x0000eee0       0x44 c:/program files (x86)/atmel/studio/7.0/toolchain/avr8/avr8-gnu-toolchain/bin/../lib/gcc/avr/5.4.0/../../../../avr/lib/avrxmega6\libm.a(fp_split3.o)
                0x0000eee0                __fp_split3
                0x0000eef0                __fp_splitA
 .text.avr-libc.fplib
                0x0000ef24        0xe c:/program files (x86)/atmel/studio/7.0/toolchain/avr8/avr8-gnu-toolchain/bin/../lib/gcc/avr/5.4.0/../../../../avr/lib/avrxmega6\libm.a(fp_zero.o)
                0x0000ef24                __fp_zero
                0x0000ef26                __fp_szero
 .text.avr-libc.fplib
                0x0000ef32        0x8 c:/program files (x86)/atmel/studio/7.0/toolchain/avr8/avr8-gnu-toolchain/bin/../lib/gcc/avr/5.4.0/../../../../avr/lib/avrxmega6\libm.a(gesf2.o)
                0x0000ef32                __gesf2
                0x0000ef32                __gtsf2
 .text.avr-libc.fplib
                0x0000ef3a        0x4 c:/program files (x86)/atmel/studio/7.0/toolchain/avr8/avr8-gnu-toolchain/bin/../lib/gcc/avr/5.4.0/../../../../avr/lib/avrxmega6\libm.a(mulsf3.o)
                0x0000ef3a                __mulsf3
 .text.avr-libc.fplib
                0x0000ef3e       0xc2 c:/program files (x86)/atmel/studio/7.0/toolchain/avr8/avr8-gnu-toolchain/bin/../lib/gcc/avr/5.4.0/../../../../avr/lib/avrxmega6\libm.a(mulsf3x.o)
                0x0000ef52                __mulsf3x
                0x0000ef56                __mulsf3_pse
 .text.avr-libc.fplib
                0x0000f000       0x98 c:/program files (x86)/atmel/studio/7.0/toolchain/avr8/avr8-gnu-toolchain/bin/../lib/gcc/avr/5.4.0/../../../../avr/lib/avrxmega6\libm.a(pow.o)
                0x0000f000                pow
 .text.avr-libc.fplib
                0x0000f098        0xc c:/program files (x86)/atmel/studio/7.0/toolchain/avr8/avr8-gnu-toolchain/bin/../lib/gcc/avr/5.4.0/../../../../avr/lib/avrxmega6\libm.a(sin.o)
                0x0000f098                sin
 .text.avr-libc.fplib
                0x0000f0a4       0x62 c:/program files (x86)/atmel/studio/7.0/toolchain/avr8/avr8-gnu-toolchain/bin/../lib/gcc/avr/5.4.0/../../../../avr/lib/avrxmega6\libm.a(exp.o)
                0x0000f0ae                exp
 .text.avr-libc.fplib
                0x0000f106       0x1c c:/program files (x86)/atmel/studio/7.0/toolchain/avr8/avr8-gnu-toolchain/bin/../lib/gcc/avr/5.4.0/../../../../avr/lib/avrxmega6\libm.a(fp_mpack.o)
                0x0000f106                __fp_mpack
                0x0000f10a                __fp_mpack_finite
 .text.avr-libc.fplib
                0x0000f122       0x4a c:/program files (x86)/atmel/studio/7.0/toolchain/avr8/avr8-gnu-toolchain/bin/../lib/gcc/avr/5.4.0/../../../../avr/lib/avrxmega6\libm.a(fp_powser.o)
                0x0000f122                __fp_powser
 .text.avr-libc.fplib
                0x0000f16c       0x22 c:/program files (x86)/atmel/studio/7.0/toolchain/avr8/avr8-gnu-toolchain/bin/../lib/gcc/avr/5.4.0/../../../../avr/lib/avrxmega6\libm.a(fp_powsodd.o)
                0x0000f16c                __fp_powsodd
 .text.avr-libc.fplib
                0x0000f18e        0xe c:/program files (x86)/atmel/studio/7.0/toolchain/avr8/avr8-gnu-toolchain/bin/../lib/gcc/avr/5.4.0/../../../../avr/lib/avrxmega6\libm.a(inverse.o)
                0x0000f18e                inverse
 .text.avr-libc.fplib
                0x0000f19c       0x6c c:/program files (x86)/atmel/studio/7.0/toolchain/avr8/avr8-gnu-toolchain/bin/../lib/gcc/avr/5.4.0/../../../../avr/lib/avrxmega6\libm.a(ldexp.o)
                0x0000f1a0                ldexp
 .text.avr-libc.fplib
                0x0000f208       0x8a c:/program files (x86)/atmel/studio/7.0/toolchain/avr8/avr8-gnu-toolchain/bin/../lib/gcc/avr/5.4.0/../../../../avr/lib/avrxmega6\libm.a(log.o)
                0x0000f212                log
 .text.avr-libc.fplib
                0x0000f292       0x66 c:/program files (x86)/atmel/studio/7.0/toolchain/avr8/avr8-gnu-toolchain/bin/../lib/gcc/avr/5.4.0/../../../../avr/lib/avrxmega6\libm.a(modf.o)
                0x0000f292                modf
                0x0000f292                modff
 .text.libgcc.mul
                0x0000f2f8       0x1e c:/program files (x86)/atmel/studio/7.0/toolchain/avr8/avr8-gnu-toolchain/bin/../lib/gcc/avr/5.4.0/avrxmega6\libgcc.a(_mulsi3.o)
                0x0000f2f8                __mulsi3
 .text.libgcc.div
                0x0000f316       0x28 c:/program files (x86)/atmel/studio/7.0/toolchain/avr8/avr8-gnu-toolchain/bin/../lib/gcc/avr/5.4.0/avrxmega6\libgcc.a(_udivmodhi4.o)
                0x0000f316                __udivmodhi4
 .text.libgcc.div
                0x0000f33e       0x26 c:/program files (x86)/atmel/studio/7.0/toolchain/avr8/avr8-gnu-toolchain/bin/../lib/gcc/avr/5.4.0/avrxmega6\libgcc.a(_divmodhi4.o)
                0x0000f33e                _div
                0x0000f33e                __divmodhi4
 .text.libgcc.div
                0x0000f364       0x44 c:/program files (x86)/atmel/studio/7.0/toolchain/avr8/avr8-gnu-toolchain/bin/../lib/gcc/avr/5.4.0/avrxmega6\libgcc.a(_udivmodsi4.o)
                0x0000f364                __udivmodsi4
 .text.libgcc.div
                0x0000f3a8       0x28 c:/program files (x86)/atmel/studio/7.0/toolchain/avr8/avr8-gnu-toolchain/bin/../lib/gcc/avr/5.4.0/avrxmega6\libgcc.a(_divmodsi4.o)
                0x0000f3a8                __divmodsi4
 .text.libgcc.div
                0x0000f3d0       0x10 c:/program files (x86)/atmel/studio/7.0/toolchain/avr8/avr8-gnu-toolchain/bin/../lib/gcc/avr/5.4.0/avrxmega6\libgcc.a(_negsi2.o)
                0x0000f3d0                __negsi2
 .text.libgcc   0x0000f3e0       0x10 c:/program files (x86)/atmel/studio/7.0/toolchain/avr8/avr8-gnu-toolchain/bin/../lib/gcc/avr/5.4.0/avrxmega6\libgcc.a(_tablejump2.o)
                0x0000f3e0                __tablejump2__
 .text.libgcc.mul
                0x0000f3f0        0xc c:/program files (x86)/atmel/studio/7.0/toolchain/avr8/avr8-gnu-toolchain/bin/../lib/gcc/avr/5.4.0/avrxmega6\libgcc.a(_mulhisi3.o)
                0x0000f3f0                __mulhisi3
 .text.libgcc.mul
                0x0000f3fc       0x1e c:/program files (x86)/atmel/studio/7.0/toolchain/avr8/avr8-gnu-toolchain/bin/../lib/gcc/avr/5.4.0/avrxmega6\libgcc.a(_umulhisi3.o)
                0x0000f3fc                __umulhisi3
 .text.libgcc.mul
                0x0000f41a        0xc c:/program files (x86)/atmel/studio/7.0/toolchain/avr8/avr8-gnu-toolchain/bin/../lib/gcc/avr/5.4.0/avrxmega6\libgcc.a(_usmulhisi3.o)
                0x0000f41a                __usmulhisi3
                0x0000f41c                __usmulhisi3_tail
 .text.libgcc.mul
                0x0000f426       0x14 c:/program files (x86)/atmel/studio/7.0/toolchain/avr8/avr8-gnu-toolchain/bin/../lib/gcc/avr/5.4.0/avrxmega6\libgcc.a(_muluhisi3.o)
                0x0000f426                __muluhisi3
 .text.libgcc.mul
                0x0000f43a       0x92 c:/program files (x86)/atmel/studio/7.0/toolchain/avr8/avr8-gnu-toolchain/bin/../lib/gcc/avr/5.4.0/avrxmega6\libgcc.a(_muldi3.o)
                0x0000f43a                __muldi3
 .text.libgcc.mul
                0x0000f4cc       0x10 c:/program files (x86)/atmel/studio/7.0/toolchain/avr8/avr8-gnu-toolchain/bin/../lib/gcc/avr/5.4.0/avrxmega6\libgcc.a(_muldi3_6.o)
                0x0000f4cc                __muldi3_6
 .text.libgcc.div
                0x0000f4dc       0x56 c:/program files (x86)/atmel/studio/7.0/toolchain/avr8/avr8-gnu-toolchain/bin/../lib/gcc/avr/5.4.0/avrxmega6\libgcc.a(_divdi3.o)
                0x0000f4dc                __moddi3
                0x0000f4e0                __divdi3
                0x0000f4e2                __divdi3_moddi3
 .text.libgcc.div
                0x0000f532       0x1a c:/program files (x86)/atmel/studio/7.0/toolchain/avr8/avr8-gnu-toolchain/bin/../lib/gcc/avr/5.4.0/avrxmega6\libgcc.a(_udivdi3.o)
                0x0000f532                __umoddi3
                0x0000f536                __udivdi3
                0x0000f538                __udivdi3_umoddi3
 .text.libgcc.div
                0x0000f54c       0xa2 c:/program files (x86)/atmel/studio/7.0/toolchain/avr8/avr8-gnu-toolchain/bin/../lib/gcc/avr/5.4.0/avrxmega6\libgcc.a(_udivmod64.o)
                0x0000f54c                __udivmod64
 .text.libgcc   0x0000f5ee       0x20 c:/program files (x86)/atmel/studio/7.0/toolchain/avr8/avr8-gnu-toolchain/bin/../lib/gcc/avr/5.4.0/avrxmega6\libgcc.a(_negdi2.o)
                0x0000f5ee                __negdi2
 .text.libgcc.prologue
                0x0000f60e       0x32 c:/program files (x86)/atmel/studio/7.0/toolchain/avr8/avr8-gnu-toolchain/bin/../lib/gcc/avr/5.4.0/avrxmega6\libgcc.a(_prologue.o)
                0x0000f60e                __prologue_saves__
 .text.libgcc.prologue
                0x0000f640       0x30 c:/program files (x86)/atmel/studio/7.0/toolchain/avr8/avr8-gnu-toolchain/bin/../lib/gcc/avr/5.4.0/avrxmega6\libgcc.a(_epilogue.o)
                0x0000f640                __epilogue_restores__
 .text.libgcc.builtins
                0x0000f670       0x32 c:/program files (x86)/atmel/studio/7.0/toolchain/avr8/avr8-gnu-toolchain/bin/../lib/gcc/avr/5.4.0/avrxmega6\libgcc.a(_ashldi3.o)
                0x0000f670                __ashldi3
 .text.libgcc.builtins
                0x0000f6a2       0x3c c:/program files (x86)/atmel/studio/7.0/toolchain/avr8/avr8-gnu-toolchain/bin/../lib/gcc/avr/5.4.0/avrxmega6\libgcc.a(_ashrdi3.o)
                0x0000f6a2                __ashrdi3
                0x0000f6a6                __lshrdi3
 .text.libgcc   0x0000f6de       0x12 c:/program files (x86)/atmel/studio/7.0/toolchain/avr8/avr8-gnu-toolchain/bin/../lib/gcc/avr/5.4.0/avrxmega6\libgcc.a(_adddi3.o)
                0x0000f6de                __adddi3
 .text.libgcc   0x0000f6f0       0x12 c:/program files (x86)/atmel/studio/7.0/toolchain/avr8/avr8-gnu-toolchain/bin/../lib/gcc/avr/5.4.0/avrxmega6\libgcc.a(_subdi3.o)
                0x0000f6f0                __subdi3
 .text.avr-libc
                0x0000f702        0x6 c:/program files (x86)/atmel/studio/7.0/toolchain/avr8/avr8-gnu-toolchain/bin/../lib/gcc/avr/5.4.0/../../../../avr/lib/avrxmega6\libc.a(atof.o)
                0x0000f702                atof
 .text.avr-libc
                0x0000f708       0x3a c:/program files (x86)/atmel/studio/7.0/toolchain/avr8/avr8-gnu-toolchain/bin/../lib/gcc/avr/5.4.0/../../../../avr/lib/avrxmega6\libc.a(atoi.o)
                0x0000f708                atoi
 .text.avr-libc
                0x0000f742       0x4c c:/program files (x86)/atmel/studio/7.0/toolchain/avr8/avr8-gnu-toolchain/bin/../lib/gcc/avr/5.4.0/../../../../avr/lib/avrxmega6\libc.a(atol.o)
                0x0000f742                atol
 .text.avr-libc
                0x0000f78e      0x1b0 c:/program files (x86)/atmel/studio/7.0/toolchain/avr8/avr8-gnu-toolchain/bin/../lib/gcc/avr/5.4.0/../../../../avr/lib/avrxmega6\libc.a(ftoa_engine.o)
                0x0000f78e                __ftoa_engine
 .text.avr-libc
                0x0000f93e       0x30 c:/program files (x86)/atmel/studio/7.0/toolchain/avr8/avr8-gnu-toolchain/bin/../lib/gcc/avr/5.4.0/../../../../avr/lib/avrxmega6\libc.a(strncasecmp_P.o)
                0x0000f93e                strncasecmp_P
 .text.avr-libc
                0x0000f96e       0x1c c:/program files (x86)/atmel/studio/7.0/toolchain/avr8/avr8-gnu-toolchain/bin/../lib/gcc/avr/5.4.0/../../../../avr/lib/avrxmega6\libc.a(strncmp_P.o)
                0x0000f96e                strncmp_P
 .text.avr-libc
                0x0000f98a       0x16 c:/program files (x86)/atmel/studio/7.0/toolchain/avr8/avr8-gnu-toolchain/bin/../lib/gcc/avr/5.4.0/../../../../avr/lib/avrxmega6\libc.a(strnlen_P.o)
                0x0000f98a                strnlen_P
 .text.avr-libc
                0x0000f9a0       0x34 c:/program files (x86)/atmel/studio/7.0/toolchain/avr8/avr8-gnu-toolchain/bin/../lib/gcc/avr/5.4.0/../../../../avr/lib/avrxmega6\libc.a(strstr_P.o)
                0x0000f9a0                strstr_P
 .text.avr-libc
                0x0000f9d4       0x1a c:/program files (x86)/atmel/studio/7.0/toolchain/avr8/avr8-gnu-toolchain/bin/../lib/gcc/avr/5.4.0/../../../../avr/lib/avrxmega6\libc.a(memchr.o)
                0x0000f9d4                memchr
 .text.avr-libc
                0x0000f9ee       0x12 c:/program files (x86)/atmel/studio/7.0/toolchain/avr8/avr8-gnu-toolchain/bin/../lib/gcc/avr/5.4.0/../../../../avr/lib/avrxmega6\libc.a(memcpy.o)
                0x0000f9ee                memcpy
 .text.avr-libc
                0x0000fa00       0x16 c:/program files (x86)/atmel/studio/7.0/toolchain/avr8/avr8-gnu-toolchain/bin/../lib/gcc/avr/5.4.0/../../../../avr/lib/avrxmega6\libc.a(strchr.o)
                0x0000fa00                strchr
 .text.avr-libc
                0x0000fa16       0x16 c:/program files (x86)/atmel/studio/7.0/toolchain/avr8/avr8-gnu-toolchain/bin/../lib/gcc/avr/5.4.0/../../../../avr/lib/avrxmega6\libc.a(strnlen.o)
                0x0000fa16                strnlen
 .text.avr-libc
                0x0000fa2c       0x2a c:/program files (x86)/atmel/studio/7.0/toolchain/avr8/avr8-gnu-toolchain/bin/../lib/gcc/avr/5.4.0/../../../../avr/lib/avrxmega6\libc.a(mulsi10.o)
                0x0000fa2c                __mulsi_const_10
 .text.avr-libc
                0x0000fa56       0x10 c:/program files (x86)/atmel/studio/7.0/toolchain/avr8/avr8-gnu-toolchain/bin/../lib/gcc/avr/5.4.0/../../../../avr/lib/avrxmega6\libc.a(mul10.o)
                0x0000fa56                __mulhi_const_10
 .text.avr-libc
                0x0000fa66       0x94 c:/program files (x86)/atmel/studio/7.0/toolchain/avr8/avr8-gnu-toolchain/bin/../lib/gcc/avr/5.4.0/../../../../avr/lib/avrxmega6\libc.a(fdevopen.o)
                0x0000fa66                fdevopen
 .text.avr-libc
                0x0000fafa       0x78 c:/program files (x86)/atmel/studio/7.0/toolchain/avr8/avr8-gnu-toolchain/bin/../lib/gcc/avr/5.4.0/../../../../avr/lib/avrxmega6\libc.a(fputc.o)
                0x0000fafa                fputc
 .text.avr-libc
                0x0000fb72       0x6e c:/program files (x86)/atmel/studio/7.0/toolchain/avr8/avr8-gnu-toolchain/bin/../lib/gcc/avr/5.4.0/../../../../avr/lib/avrxmega6\libc.a(snprintf_p.o)
                0x0000fb72                snprintf_P
 .text.avr-libc
                0x0000fbe0       0x52 c:/program files (x86)/atmel/studio/7.0/toolchain/avr8/avr8-gnu-toolchain/bin/../lib/gcc/avr/5.4.0/../../../../avr/lib/avrxmega6\libc.a(sprintf_p.o)
                0x0000fbe0                sprintf_P
 .text.avr-libc
                0x0000fc32       0xbc c:/program files (x86)/atmel/studio/7.0/toolchain/avr8/avr8-gnu-toolchain/bin/../lib/gcc/avr/5.4.0/../../../../avr/lib/avrxmega6\libc.a(ultoa_invert.o)
                0x0000fc32                __ultoa_invert
 .text.avr-libc
                0x0000fcee       0x34 c:/program files (x86)/atmel/studio/7.0/toolchain/avr8/avr8-gnu-toolchain/bin/../lib/gcc/avr/5.4.0/../../../../avr/lib/avrxmega6\libc.a(calloc.o)
                0x0000fcee                calloc
 .text.avr-libc
                0x0000fd22      0x242 c:/program files (x86)/atmel/studio/7.0/toolchain/avr8/avr8-gnu-toolchain/bin/../lib/gcc/avr/5.4.0/../../../../avr/lib/avrxmega6\libc.a(malloc.o)
                0x0000fd22                malloc
                0x0000fe52                free
 .text.avr-libc
                0x0000ff64      0x2ae c:/program files (x86)/atmel/studio/7.0/toolchain/avr8/avr8-gnu-toolchain/bin/../lib/gcc/avr/5.4.0/../../../../avr/lib/avrxmega6\libc.a(strtod.o)
                0x0000ff64                strtod
 .text.avr-libc
                0x00010212       0x10 c:/program files (x86)/atmel/studio/7.0/toolchain/avr8/avr8-gnu-toolchain/bin/../lib/gcc/avr/5.4.0/../../../../avr/lib/avrxmega6\libc.a(isspace.o)
                0x00010212                isspace
 .text.avr-libc
                0x00010222        0xe c:/program files (x86)/atmel/studio/7.0/toolchain/avr8/avr8-gnu-toolchain/bin/../lib/gcc/avr/5.4.0/../../../../avr/lib/avrxmega6\libc.a(memset.o)
                0x00010222                memset
 .text.avr-libc
                0x00010230        0x6 c:/program files (x86)/atmel/studio/7.0/toolchain/avr8/avr8-gnu-toolchain/bin/../lib/gcc/avr/5.4.0/../../../../avr/lib/avrxmega6\libc.a(cty_isfalse.o)
                0x00010230                __ctype_isfalse
                0x00010234                __ctype_istrue
                0x00010236                . = ALIGN (0x2)
 *(.fini9)
 .fini9         0x00010236        0x0 c:/program files (x86)/atmel/studio/7.0/toolchain/avr8/avr8-gnu-toolchain/bin/../lib/gcc/avr/5.4.0/avrxmega6\libgcc.a(_exit.o)
                0x00010236                _exit
                0x00010236                exit
 *(.fini9)
 *(.fini8)
 *(.fini8)
 *(.fini7)
 *(.fini7)
 *(.fini6)
 *(.fini6)
 *(.fini5)
 *(.fini5)
 *(.fini4)
 *(.fini4)
 *(.fini3)
 *(.fini3)
 *(.fini2)
 *(.fini2)
 *(.fini1)
 *(.fini1)
 *(.fini0)
 .fini0         0x00010236        0x4 c:/program files (x86)/atmel/studio/7.0/toolchain/avr8/avr8-gnu-toolchain/bin/../lib/gcc/avr/5.4.0/avrxmega6\libgcc.a(_exit.o)
 *(.fini0)
                0x0001023a                _etext = .

.data           0x00802000      0x1d0 load address 0x0001023a
                0x00802000                PROVIDE (__data_start, .)
 *(.data)
 .data          0x00802000        0x6 c:/program files (x86)/atmel/studio/7.0/toolchain/avr8/avr8-gnu-toolchain/bin/../lib/gcc/avr/5.4.0/../../../../avr/lib/avrxmega6\libc.a(malloc.o)
                0x00802000                __malloc_heap_end
                0x00802002                __malloc_heap_start
                0x00802004                __malloc_margin
 *(.data*)
 .data.s_twi1_baro_p_100.8211
                0x00802006        0x4 src/twi.o
 .data.s_step.7940
                0x0080200a        0x1 src/twi.o
 .data.dds1_reg
                0x0080200b        0x4 src/main.o
 .data.dds1_freq_mHz
                0x0080200f        0x4 src/main.o
 .data.dds0_freq_mHz
                0x00802013        0x4 src/main.o
 .data.twi2_packet
                0x00802017        0xb src/main.o
                0x00802017                twi2_packet
 .data.twi2_options
                0x00802022        0x9 src/main.o
                0x00802022                twi2_options
 .data.twi1_packet
                0x0080202b        0xb src/main.o
                0x0080202b                twi1_packet
 .data.twi1_options
                0x00802036        0x9 src/main.o
                0x00802036                twi1_options
 .data.g_twi1_gyro_2_mag_factz
                0x0080203f        0x2 src/main.o
                0x0080203f                g_twi1_gyro_2_mag_factz
 .data.g_twi1_gyro_2_mag_facty
                0x00802041        0x2 src/main.o
                0x00802041                g_twi1_gyro_2_mag_facty
 .data.g_twi1_gyro_2_mag_factx
                0x00802043        0x2 src/main.o
                0x00802043                g_twi1_gyro_2_mag_factx
 .data.g_twi1_gyro_2_ofsz
                0x00802045        0x2 src/main.o
                0x00802045                g_twi1_gyro_2_ofsz
 .data.g_twi1_gyro_2_ofsy
                0x00802047        0x2 src/main.o
                0x00802047                g_twi1_gyro_2_ofsy
 .data.g_twi1_gyro_2_ofsx
                0x00802049        0x2 src/main.o
                0x00802049                g_twi1_gyro_2_ofsx
 .data.g_twi1_gyro_1_gyro_ofsz
                0x0080204b        0x2 src/main.o
                0x0080204b                g_twi1_gyro_1_gyro_ofsz
 .data.g_twi1_gyro_1_gyro_ofsy
                0x0080204d        0x2 src/main.o
                0x0080204d                g_twi1_gyro_1_gyro_ofsy
 .data.g_twi1_gyro_1_gyro_ofsx
                0x0080204f        0x2 src/main.o
                0x0080204f                g_twi1_gyro_1_gyro_ofsx
 .data.g_twi1_gyro_1_accel_factz
                0x00802051        0x2 src/main.o
                0x00802051                g_twi1_gyro_1_accel_factz
 .data.g_twi1_gyro_1_accel_facty
                0x00802053        0x2 src/main.o
                0x00802053                g_twi1_gyro_1_accel_facty
 .data.g_twi1_gyro_1_accel_factx
                0x00802055        0x2 src/main.o
                0x00802055                g_twi1_gyro_1_accel_factx
 .data.g_twi1_gyro_1_accel_ofsz
                0x00802057        0x2 src/main.o
                0x00802057                g_twi1_gyro_1_accel_ofsz
 .data.g_twi1_gyro_1_accel_ofsy
                0x00802059        0x2 src/main.o
                0x00802059                g_twi1_gyro_1_accel_ofsy
 .data.g_twi1_gyro_1_accel_ofsx
                0x0080205b        0x2 src/main.o
                0x0080205b                g_twi1_gyro_1_accel_ofsx
 .data.g_twi1_gyro_1_temp_sens
                0x0080205d        0x2 src/main.o
                0x0080205d                g_twi1_gyro_1_temp_sens
 .data.g_errorBeep_enable
                0x0080205f        0x1 src/main.o
                0x0080205f                g_errorBeep_enable
 .data.g_pitch_tone_mode
                0x00802060        0x1 src/main.o
                0x00802060                g_pitch_tone_mode
 .data.g_bias_pm
                0x00802061        0x1 src/main.o
                0x00802061                g_bias_pm
 .data.g_backlight_mode_pwm
                0x00802062        0x2 src/main.o
                0x00802062                g_backlight_mode_pwm
 .data.g_adc_enabled
                0x00802064        0x1 src/main.o
                0x00802064                g_adc_enabled
 .data.sleepmgr_configs
                0x00802065        0x6 src/ASF/common/services/sleepmgr/xmega/sleepmgr.o
                0x00802065                sleepmgr_configs
 .data.udi_api_cdc_data
                0x0080206b        0xa src/ASF/common/services/usb/class/cdc/device/udi_cdc.o
                0x0080206b                udi_api_cdc_data
 .data.udi_api_cdc_comm
                0x00802075        0xa src/ASF/common/services/usb/class/cdc/device/udi_cdc.o
                0x00802075                udi_api_cdc_comm
 .data.udc_config
                0x0080207f        0x6 src/ASF/common/services/usb/class/cdc/device/udi_cdc_desc.o
                0x0080207f                udc_config
 .data.udc_config_fs
                0x00802085        0x4 src/ASF/common/services/usb/class/cdc/device/udi_cdc_desc.o
                0x00802085                udc_config_fs
 .data.udi_apis
                0x00802089        0x4 src/ASF/common/services/usb/class/cdc/device/udi_cdc_desc.o
                0x00802089                udi_apis
 *fill*         0x0080208d        0x1 
 .data.udc_desc_fs
                0x0080208e       0x44 src/ASF/common/services/usb/class/cdc/device/udi_cdc_desc.o
                0x0080208e                udc_desc_fs
 .data.udc_device_desc
                0x008020d2       0x12 src/ASF/common/services/usb/class/cdc/device/udi_cdc_desc.o
                0x008020d2                udc_device_desc
 .data.udc_string_desc
                0x008020e4       0x22 src/ASF/common/services/usb/udc/udc.o
 .data.udc_string_product_name
                0x00802106        0xd src/ASF/common/services/usb/udc/udc.o
 .data.udc_string_manufacturer_name
                0x00802113       0x11 src/ASF/common/services/usb/udc/udc.o
 .data.udc_string_desc_languageid
                0x00802124        0x4 src/ASF/common/services/usb/udc/udc.o
 *(.rodata)
 .rodata        0x00802128        0xc src/interpreter.o
 *(.rodata*)
 .rodata.str1.1
                0x00802134        0x4 src/serial.o
 .rodata.str1.1
                0x00802138       0x96 src/twi.o
 .rodata.str1.1
                0x008021ce        0x2 src/ASF/common/services/usb/udc/udc.o
 *(.gnu.linkonce.d*)
                0x008021d0                . = ALIGN (0x2)
                0x008021d0                _edata = .
                0x008021d0                PROVIDE (__data_end, .)

.bss            0x008021d0      0x7a3
                0x008021d0                PROVIDE (__bss_start, .)
 *(.bss)
 *(.bss*)
 .bss.usb_last.7800
                0x008021d0        0x4 src/usb.o
 .bss.s_again.7681
                0x008021d4        0x1 src/interpreter.o
 .bss.s_rx_cmdLine_idx
                0x008021d5        0x1 src/interpreter.o
 .bss.s_rx_cmdLine_buf
                0x008021d6      0x100 src/interpreter.o
 .bss.s_lcd_entry_state.8230
                0x008022d6        0x1 src/twi.o
 .bss.s_twi1_baro_p_100.8223
                0x008022d7        0x4 src/twi.o
 .bss.s_twi1_baro_temp_100.8222
                0x008022db        0x4 src/twi.o
 .bss.s_rads_z.8196
                0x008022df        0x4 src/twi.o
 .bss.s_rads_y.8195
                0x008022e3        0x4 src/twi.o
 .bss.s_rads_x.8194
                0x008022e7        0x4 src/twi.o
 .bss.s_twi1_gyro_1_gyro_z_mdps.8199
                0x008022eb        0x4 src/twi.o
 .bss.s_twi1_gyro_1_gyro_y_mdps.8198
                0x008022ef        0x4 src/twi.o
 .bss.s_twi1_gyro_1_gyro_x_mdps.8197
                0x008022f3        0x4 src/twi.o
 .bss.s_p3x.8172
                0x008022f7        0x1 src/twi.o
 .bss.s_p3y.8173
                0x008022f8        0x1 src/twi.o
 .bss.s_p2x.8170
                0x008022f9        0x1 src/twi.o
 .bss.s_p2y.8171
                0x008022fa        0x1 src/twi.o
 .bss.s_p1x.8168
                0x008022fb        0x1 src/twi.o
 .bss.s_p1y.8169
                0x008022fc        0x1 src/twi.o
 .bss.s_twi1_gyro_1_accel_z_mg.8167
                0x008022fd        0x2 src/twi.o
 .bss.s_twi1_gyro_1_accel_y_mg.8166
                0x008022ff        0x2 src/twi.o
 .bss.s_twi1_gyro_1_accel_x_mg.8165
                0x00802301        0x2 src/twi.o
 .bss.s_p3x.8144
                0x00802303        0x1 src/twi.o
 .bss.s_p3y.8145
                0x00802304        0x1 src/twi.o
 .bss.s_p2x.8142
                0x00802305        0x1 src/twi.o
 .bss.s_p2y.8143
                0x00802306        0x1 src/twi.o
 .bss.s_p1x.8140
                0x00802307        0x1 src/twi.o
 .bss.s_p1y.8141
                0x00802308        0x1 src/twi.o
 .bss.s_length.8139
                0x00802309        0x4 src/twi.o
 .bss.s_twi1_gyro_2_mag_z_nT.8138
                0x0080230d        0x4 src/twi.o
 .bss.s_twi1_gyro_2_mag_y_nT.8137
                0x00802311        0x4 src/twi.o
 .bss.s_twi1_gyro_2_mag_x_nT.8136
                0x00802315        0x4 src/twi.o
 .bss.s_twi1_hygro_RH_100.8125
                0x00802319        0x2 src/twi.o
 .bss.s_twi1_hygro_T_100.8124
                0x0080231b        0x2 src/twi.o
 .bss.s_adc_io_adc5_volt_1000.8117
                0x0080231d        0x2 src/twi.o
 .bss.s_adc_io_adc4_volt_1000.8116
                0x0080231f        0x2 src/twi.o
 .bss.s_adc_vctcxo_volt_1000.8109
                0x00802321        0x2 src/twi.o
 .bss.s_adc_vbat_volt_1000.8108
                0x00802323        0x2 src/twi.o
 .bss.s_adc_5v0_volt_1000.8101
                0x00802325        0x2 src/twi.o
 .bss.s_adc_temp_deg_100.8100
                0x00802327        0x2 src/twi.o
 .bss.s_twi1_baro_d2.7942
                0x00802329        0x4 src/twi.o
 .bss.s_twi1_baro_d1.7941
                0x0080232d        0x4 src/twi.o
 .bss.adcb_enable_count
                0x00802331        0x1 src/ASF/xmega/drivers/adc/adc.o
 .bss.adca_enable_count
                0x00802332        0x1 src/ASF/xmega/drivers/adc/adc.o
 .bss.dacb_enable_count
                0x00802333        0x1 src/ASF/xmega/drivers/dac/dac.o
 .bss.tc_tcf0_ccd_callback
                0x00802334        0x2 src/ASF/xmega/drivers/tc/tc.o
 .bss.tc_tcf0_ccc_callback
                0x00802336        0x2 src/ASF/xmega/drivers/tc/tc.o
 .bss.tc_tcf0_ccb_callback
                0x00802338        0x2 src/ASF/xmega/drivers/tc/tc.o
 .bss.tc_tcf0_cca_callback
                0x0080233a        0x2 src/ASF/xmega/drivers/tc/tc.o
 .bss.tc_tcf0_err_callback
                0x0080233c        0x2 src/ASF/xmega/drivers/tc/tc.o
 .bss.tc_tcf0_ovf_callback
                0x0080233e        0x2 src/ASF/xmega/drivers/tc/tc.o
 .bss.tc_tce1_ccb_callback
                0x00802340        0x2 src/ASF/xmega/drivers/tc/tc.o
 .bss.tc_tce1_cca_callback
                0x00802342        0x2 src/ASF/xmega/drivers/tc/tc.o
 .bss.tc_tce1_err_callback
                0x00802344        0x2 src/ASF/xmega/drivers/tc/tc.o
 .bss.tc_tce1_ovf_callback
                0x00802346        0x2 src/ASF/xmega/drivers/tc/tc.o
 .bss.tc_tce0_ccd_callback
                0x00802348        0x2 src/ASF/xmega/drivers/tc/tc.o
 .bss.tc_tce0_ccc_callback
                0x0080234a        0x2 src/ASF/xmega/drivers/tc/tc.o
 .bss.tc_tce0_ccb_callback
                0x0080234c        0x2 src/ASF/xmega/drivers/tc/tc.o
 .bss.tc_tce0_cca_callback
                0x0080234e        0x2 src/ASF/xmega/drivers/tc/tc.o
 .bss.tc_tce0_err_callback
                0x00802350        0x2 src/ASF/xmega/drivers/tc/tc.o
 .bss.tc_tce0_ovf_callback
                0x00802352        0x2 src/ASF/xmega/drivers/tc/tc.o
 .bss.tc_tcd1_ccb_callback
                0x00802354        0x2 src/ASF/xmega/drivers/tc/tc.o
 .bss.tc_tcd1_cca_callback
                0x00802356        0x2 src/ASF/xmega/drivers/tc/tc.o
 .bss.tc_tcd1_err_callback
                0x00802358        0x2 src/ASF/xmega/drivers/tc/tc.o
 .bss.tc_tcd1_ovf_callback
                0x0080235a        0x2 src/ASF/xmega/drivers/tc/tc.o
 .bss.tc_tcd0_ccd_callback