Archive member included to satisfy reference by file (symbol)

c:/program files (x86)/atollic/truestudio for stm32 9.0.0/armtools/bin/../lib/gcc/arm-atollic-eabi/6.3.1/../../../../arm-atollic-eabi/lib/armv7e-m/fpu\libc_nano.a(lib_a-init.o)
                              startup\startup_stm32l496xx.o (__libc_init_array)
c:/program files (x86)/atollic/truestudio for stm32 9.0.0/armtools/bin/../lib/gcc/arm-atollic-eabi/6.3.1/../../../../arm-atollic-eabi/lib/armv7e-m/fpu\libc_nano.a(lib_a-memcpy-stub.o)
                              Drivers\BSP\Components\m24sr\m24sr.o (memcpy)
c:/program files (x86)/atollic/truestudio for stm32 9.0.0/armtools/bin/../lib/gcc/arm-atollic-eabi/6.3.1/../../../../arm-atollic-eabi/lib/armv7e-m/fpu\libc_nano.a(lib_a-memset.o)
                              Drivers\BSP\Components\m24sr\m24sr.o (memset)
c:/program files (x86)/atollic/truestudio for stm32 9.0.0/armtools/bin/../lib/gcc/arm-atollic-eabi/6.3.1/armv7e-m/fpu\libgcc.a(_aeabi_uldivmod.o)
                              Drivers\STM32L4xx_HAL_Driver\Src\stm32l4xx_hal_uart.o (__aeabi_uldivmod)
c:/program files (x86)/atollic/truestudio for stm32 9.0.0/armtools/bin/../lib/gcc/arm-atollic-eabi/6.3.1/armv7e-m/fpu\libgcc.a(_udivmoddi4.o)
                              c:/program files (x86)/atollic/truestudio for stm32 9.0.0/armtools/bin/../lib/gcc/arm-atollic-eabi/6.3.1/armv7e-m/fpu\libgcc.a(_aeabi_uldivmod.o) (__udivmoddi4)
c:/program files (x86)/atollic/truestudio for stm32 9.0.0/armtools/bin/../lib/gcc/arm-atollic-eabi/6.3.1/armv7e-m/fpu\libgcc.a(_dvmd_tls.o)
                              c:/program files (x86)/atollic/truestudio for stm32 9.0.0/armtools/bin/../lib/gcc/arm-atollic-eabi/6.3.1/armv7e-m/fpu\libgcc.a(_aeabi_uldivmod.o) (__aeabi_ldiv0)

Allocating common symbols
Common symbol       size              file

hUsbDeviceFS        0x224             Src\usb_device.o
defaultTaskHandle   0x4               Src\freertos.o
hspi2               0x64              Src\spi.o
hi2c1               0x4c              Src\i2c.o
hpcd_USB_OTG_FS     0x3cc             Src\usbd_conf.o
uwTick              0x4               Drivers\STM32L4xx_HAL_Driver\Src\stm32l4xx_hal.o
xQueueRegistry      0x40              Middlewares\Third_Party\FreeRTOS\Source\queue.o
pFlash              0x20              Drivers\STM32L4xx_HAL_Driver\Src\stm32l4xx_hal_flash.o
htim5               0x40              Src\tim.o
UserRxBufferFS      0x800             Src\usbd_cdc_if.o
hlpuart1            0x78              Src\usart.o
huart5              0x78              Src\usart.o
uM24SRbuffer        0xff              Drivers\BSP\Components\m24sr\m24sr.o
UserTxBufferFS      0x800             Src\usbd_cdc_if.o
hrtc                0x24              Src\rtc.o
hspi1               0x64              Src\spi.o
htim2               0x40              Src\stm32l4xx_hal_timebase_TIM.o
USBD_StrDesc        0x200             Src\usbd_desc.o

Discarded input sections

 .text          0x00000000        0x0 c:/program files (x86)/atollic/truestudio for stm32 9.0.0/armtools/bin/../lib/gcc/arm-atollic-eabi/6.3.1/armv7e-m/fpu/crti.o
 .data          0x00000000        0x0 c:/program files (x86)/atollic/truestudio for stm32 9.0.0/armtools/bin/../lib/gcc/arm-atollic-eabi/6.3.1/armv7e-m/fpu/crti.o
 .bss           0x00000000        0x0 c:/program files (x86)/atollic/truestudio for stm32 9.0.0/armtools/bin/../lib/gcc/arm-atollic-eabi/6.3.1/armv7e-m/fpu/crti.o
 .data          0x00000000        0x4 c:/program files (x86)/atollic/truestudio for stm32 9.0.0/armtools/bin/../lib/gcc/arm-atollic-eabi/6.3.1/armv7e-m/fpu/crtbegin.o
 .text          0x00000000        0x0 Drivers\BSP\Components\cs42l51\cs42l51.o
 .data          0x00000000        0x0 Drivers\BSP\Components\cs42l51\cs42l51.o
 .bss           0x00000000        0x0 Drivers\BSP\Components\cs42l51\cs42l51.o
 .text.cs42l51_SetFrequency
                0x00000000        0x4 Drivers\BSP\Components\cs42l51\cs42l51.o
 .text.cs42l51_SetOutputMode
                0x00000000        0x4 Drivers\BSP\Components\cs42l51\cs42l51.o
 .text.CODEC_IO_Write
                0x00000000       0x1c Drivers\BSP\Components\cs42l51\cs42l51.o
 .text.cs42l51_Init
                0x00000000      0x188 Drivers\BSP\Components\cs42l51\cs42l51.o
 .text.cs42l51_Stop
                0x00000000       0x64 Drivers\BSP\Components\cs42l51\cs42l51.o
 .text.cs42l51_SetVolume
                0x00000000       0x2c Drivers\BSP\Components\cs42l51\cs42l51.o
 .text.cs42l51_SetMute
                0x00000000       0x26 Drivers\BSP\Components\cs42l51\cs42l51.o
 .text.cs42l51_Pause
                0x00000000        0x6 Drivers\BSP\Components\cs42l51\cs42l51.o
 .text.cs42l51_Resume
                0x00000000        0x6 Drivers\BSP\Components\cs42l51\cs42l51.o
 .text.cs42l51_DeInit
                0x00000000       0x14 Drivers\BSP\Components\cs42l51\cs42l51.o
 .text.cs42l51_ReadID
                0x00000000       0x34 Drivers\BSP\Components\cs42l51\cs42l51.o
 .text.cs42l51_Reset
[...]
Memory Configuration

Name             Origin             Length             Attributes
RAM              0x20000000         0x00050000         xrw
FLASH            0x08000000         0x00100000         xr
*default*        0x00000000         0xffffffff

Linker script and memory map

LOAD c:/program files (x86)/atollic/truestudio for stm32 9.0.0/armtools/bin/../lib/gcc/arm-atollic-eabi/6.3.1/armv7e-m/fpu/crti.o
LOAD c:/program files (x86)/atollic/truestudio for stm32 9.0.0/armtools/bin/../lib/gcc/arm-atollic-eabi/6.3.1/armv7e-m/fpu/crtbegin.o
LOAD Drivers\BSP\Components\cs42l51\cs42l51.o
LOAD Drivers\BSP\Components\cs43l22\cs43l22.o
LOAD Drivers\BSP\Components\ft3x67\ft3x67.o
LOAD Drivers\BSP\Components\ft5336\ft5336.o
LOAD Drivers\BSP\Components\ft6x06\ft6x06.o
LOAD Drivers\BSP\Components\hts221\hts221.o
LOAD Drivers\BSP\Components\hx8347g\hx8347g.o
LOAD Drivers\BSP\Components\l3gd20\l3gd20.o
LOAD Drivers\BSP\Components\lis3mdl\lis3mdl.o
LOAD Drivers\BSP\Components\lps22hb\lps22hb.o
LOAD Drivers\BSP\Components\ls016b8uy\ls016b8uy.o
LOAD Drivers\BSP\Components\lsm303c\lsm303c.o
LOAD Drivers\BSP\Components\lsm303dlhc\lsm303dlhc.o
LOAD Drivers\BSP\Components\lsm6dsl\lsm6dsl.o
LOAD Drivers\BSP\Components\m24sr\m24sr.o
LOAD Drivers\BSP\Components\mfxstm32l152\mfxstm32l152.o
LOAD Drivers\BSP\Components\ov9655\ov9655.o
LOAD Drivers\BSP\Components\st7735\st7735.o
LOAD Drivers\BSP\Components\st7789h2\st7789h2.o
LOAD Drivers\BSP\Components\stmpe1600\stmpe1600.o
LOAD Drivers\BSP\Components\stmpe811\stmpe811.o
LOAD Drivers\BSP\Components\wm8994\wm8994.o
LOAD Drivers\BSP\STM32L4xx_Nucleo_144\stm32l4xx_nucleo_144.o
LOAD Drivers\STM32L4xx_HAL_Driver\Src\stm32l4xx_hal.o
LOAD Drivers\STM32L4xx_HAL_Driver\Src\stm32l4xx_hal_cortex.o
LOAD Drivers\STM32L4xx_HAL_Driver\Src\stm32l4xx_hal_dma.o
LOAD Drivers\STM32L4xx_HAL_Driver\Src\stm32l4xx_hal_dma_ex.o
LOAD Drivers\STM32L4xx_HAL_Driver\Src\stm32l4xx_hal_flash.o
LOAD Drivers\STM32L4xx_HAL_Driver\Src\stm32l4xx_hal_flash_ex.o
LOAD Drivers\STM32L4xx_HAL_Driver\Src\stm32l4xx_hal_flash_ramfunc.o
LOAD Drivers\STM32L4xx_HAL_Driver\Src\stm32l4xx_hal_gpio.o
LOAD Drivers\STM32L4xx_HAL_Driver\Src\stm32l4xx_hal_i2c.o
LOAD Drivers\STM32L4xx_HAL_Driver\Src\stm32l4xx_hal_i2c_ex.o
LOAD Drivers\STM32L4xx_HAL_Driver\Src\stm32l4xx_hal_pcd.o
LOAD Drivers\STM32L4xx_HAL_Driver\Src\stm32l4xx_hal_pcd_ex.o
LOAD Drivers\STM32L4xx_HAL_Driver\Src\stm32l4xx_hal_pwr.o
LOAD Drivers\STM32L4xx_HAL_Driver\Src\stm32l4xx_hal_pwr_ex.o
LOAD Drivers\STM32L4xx_HAL_Driver\Src\stm32l4xx_hal_rcc.o
LOAD Drivers\STM32L4xx_HAL_Driver\Src\stm32l4xx_hal_rcc_ex.o
LOAD Drivers\STM32L4xx_HAL_Driver\Src\stm32l4xx_hal_rtc.o
LOAD Drivers\STM32L4xx_HAL_Driver\Src\stm32l4xx_hal_rtc_ex.o
LOAD Drivers\STM32L4xx_HAL_Driver\Src\stm32l4xx_hal_spi.o
LOAD Drivers\STM32L4xx_HAL_Driver\Src\stm32l4xx_hal_spi_ex.o
LOAD Drivers\STM32L4xx_HAL_Driver\Src\stm32l4xx_hal_tim.o
LOAD Drivers\STM32L4xx_HAL_Driver\Src\stm32l4xx_hal_tim_ex.o
LOAD Drivers\STM32L4xx_HAL_Driver\Src\stm32l4xx_hal_uart.o
LOAD Drivers\STM32L4xx_HAL_Driver\Src\stm32l4xx_hal_uart_ex.o
LOAD Drivers\STM32L4xx_HAL_Driver\Src\stm32l4xx_ll_usb.o
LOAD Middlewares\ST\STM32_USB_Device_Library\Class\CDC\Src\usbd_cdc.o
LOAD Middlewares\ST\STM32_USB_Device_Library\Core\Src\usbd_core.o
LOAD Middlewares\ST\STM32_USB_Device_Library\Core\Src\usbd_ctlreq.o
LOAD Middlewares\ST\STM32_USB_Device_Library\Core\Src\usbd_ioreq.o
LOAD Middlewares\Third_Party\FreeRTOS\Source\CMSIS_RTOS\cmsis_os.o
LOAD Middlewares\Third_Party\FreeRTOS\Source\croutine.o
LOAD Middlewares\Third_Party\FreeRTOS\Source\event_groups.o
LOAD Middlewares\Third_Party\FreeRTOS\Source\list.o
LOAD Middlewares\Third_Party\FreeRTOS\Source\portable\GCC\ARM_CM4F\port.o
LOAD Middlewares\Third_Party\FreeRTOS\Source\portable\MemMang\heap_4.o
LOAD Middlewares\Third_Party\FreeRTOS\Source\queue.o
LOAD Middlewares\Third_Party\FreeRTOS\Source\tasks.o
LOAD Middlewares\Third_Party\FreeRTOS\Source\timers.o
LOAD Src\freertos.o
LOAD Src\gpio.o
LOAD Src\i2c.o
LOAD Src\main.o
LOAD Src\rtc.o
LOAD Src\spi.o
LOAD Src\stm32l4xx_hal_msp.o
LOAD Src\stm32l4xx_hal_timebase_TIM.o
LOAD Src\stm32l4xx_it.o
LOAD Src\system_stm32l4xx.o
LOAD Src\tim.o
LOAD Src\usart.o
LOAD Src\usb_device.o
LOAD Src\usbd_cdc_if.o
LOAD Src\usbd_conf.o
LOAD Src\usbd_desc.o
LOAD startup\startup_stm32l496xx.o
                0x00000080                malloc_getpagesize_P = 0x80
START GROUP
LOAD c:/program files (x86)/atollic/truestudio for stm32 9.0.0/armtools/bin/../lib/gcc/arm-atollic-eabi/6.3.1/../../../../arm-atollic-eabi/lib/armv7e-m/fpu\libc_nano.a
LOAD c:/program files (x86)/atollic/truestudio for stm32 9.0.0/armtools/bin/../lib/gcc/arm-atollic-eabi/6.3.1/../../../../arm-atollic-eabi/lib/armv7e-m/fpu\libm.a
END GROUP
START GROUP
LOAD c:/program files (x86)/atollic/truestudio for stm32 9.0.0/armtools/bin/../lib/gcc/arm-atollic-eabi/6.3.1/armv7e-m/fpu\libgcc.a
LOAD c:/program files (x86)/atollic/truestudio for stm32 9.0.0/armtools/bin/../lib/gcc/arm-atollic-eabi/6.3.1/../../../../arm-atollic-eabi/lib/armv7e-m/fpu\libc_nano.a
END GROUP
START GROUP
LOAD c:/program files (x86)/atollic/truestudio for stm32 9.0.0/armtools/bin/../lib/gcc/arm-atollic-eabi/6.3.1/armv7e-m/fpu\libgcc.a
LOAD c:/program files (x86)/atollic/truestudio for stm32 9.0.0/armtools/bin/../lib/gcc/arm-atollic-eabi/6.3.1/../../../../arm-atollic-eabi/lib/armv7e-m/fpu\libc_nano.a
LOAD c:/program files (x86)/atollic/truestudio for stm32 9.0.0/armtools/bin/../lib/gcc/arm-atollic-eabi/6.3.1/../../../../arm-atollic-eabi/lib/armv7e-m/fpu\libnosys.a
END GROUP
START GROUP
LOAD c:/program files (x86)/atollic/truestudio for stm32 9.0.0/armtools/bin/../lib/gcc/arm-atollic-eabi/6.3.1/armv7e-m/fpu\libgcc.a
LOAD c:/program files (x86)/atollic/truestudio for stm32 9.0.0/armtools/bin/../lib/gcc/arm-atollic-eabi/6.3.1/../../../../arm-atollic-eabi/lib/armv7e-m/fpu\libc_nano.a
LOAD c:/program files (x86)/atollic/truestudio for stm32 9.0.0/armtools/bin/../lib/gcc/arm-atollic-eabi/6.3.1/../../../../arm-atollic-eabi/lib/armv7e-m/fpu\libnosys.a
END GROUP
LOAD c:/program files (x86)/atollic/truestudio for stm32 9.0.0/armtools/bin/../lib/gcc/arm-atollic-eabi/6.3.1/armv7e-m/fpu/crtend.o
LOAD c:/program files (x86)/atollic/truestudio for stm32 9.0.0/armtools/bin/../lib/gcc/arm-atollic-eabi/6.3.1/armv7e-m/fpu/crtn.o
                0x20050000                _estack = 0x20050000
                0x00000200                _Min_Heap_Size = 0x200
                0x00000400                _Min_Stack_Size = 0x400

.isr_vector     0x08000000      0x1ac
                0x08000000                . = ALIGN (0x4)
 *(.isr_vector)
 .isr_vector    0x08000000      0x1ac startup\startup_stm32l496xx.o
                0x08000000                g_pfnVectors
                0x080001ac                . = ALIGN (0x4)

.text           0x080001b0     0x6218
                0x080001b0                . = ALIGN (0x4)
 *(.text)
 .text          0x080001b0       0x40 c:/program files (x86)/atollic/truestudio for stm32 9.0.0/armtools/bin/../lib/gcc/arm-atollic-eabi/6.3.1/armv7e-m/fpu/crtbegin.o
 .text          0x080001f0       0x30 c:/program files (x86)/atollic/truestudio for stm32 9.0.0/armtools/bin/../lib/gcc/arm-atollic-eabi/6.3.1/armv7e-m/fpu\libgcc.a(_aeabi_uldivmod.o)
                0x080001f0                __aeabi_uldivmod
 .text          0x08000220      0x2dc c:/program files (x86)/atollic/truestudio for stm32 9.0.0/armtools/bin/../lib/gcc/arm-atollic-eabi/6.3.1/armv7e-m/fpu\libgcc.a(_udivmoddi4.o)
                0x08000220                __udivmoddi4
 .text          0x080004fc        0x4 c:/program files (x86)/atollic/truestudio for stm32 9.0.0/armtools/bin/../lib/gcc/arm-atollic-eabi/6.3.1/armv7e-m/fpu\libgcc.a(_dvmd_tls.o)
                0x080004fc                __aeabi_idiv0
                0x080004fc                __aeabi_ldiv0
 *(.text*)
 .text.HAL_Init
                0x08000500       0x24 Drivers\STM32L4xx_HAL_Driver\Src\stm32l4xx_hal.o
                0x08000500                HAL_Init
 .text.HAL_IncTick
                0x08000524       0x10 Drivers\STM32L4xx_HAL_Driver\Src\stm32l4xx_hal.o
                0x08000524                HAL_IncTick
 .text.HAL_GetTick
                0x08000534        0xc Drivers\STM32L4xx_HAL_Driver\Src\stm32l4xx_hal.o
                0x08000534                HAL_GetTick
 .text.HAL_Delay
                0x08000540       0x1c Drivers\STM32L4xx_HAL_Driver\Src\stm32l4xx_hal.o
                0x08000540                HAL_Delay
 .text.HAL_NVIC_SetPriorityGrouping
                0x0800055c       0x24 Drivers\STM32L4xx_HAL_Driver\Src\stm32l4xx_hal_cortex.o
                0x0800055c                HAL_NVIC_SetPriorityGrouping
 .text.HAL_NVIC_SetPriority
                0x08000580       0x68 Drivers\STM32L4xx_HAL_Driver\Src\stm32l4xx_hal_cortex.o
                0x08000580                HAL_NVIC_SetPriority
 .text.HAL_NVIC_EnableIRQ
                0x080005e8       0x18 Drivers\STM32L4xx_HAL_Driver\Src\stm32l4xx_hal_cortex.o
                0x080005e8                HAL_NVIC_EnableIRQ
 .text.HAL_SYSTICK_Config
                0x08000600       0x2c Drivers\STM32L4xx_HAL_Driver\Src\stm32l4xx_hal_cortex.o
                0x08000600                HAL_SYSTICK_Config
 .text.HAL_SYSTICK_CLKSourceConfig
                0x0800062c       0x18 Drivers\STM32L4xx_HAL_Driver\Src\stm32l4xx_hal_cortex.o
                0x0800062c                HAL_SYSTICK_CLKSourceConfig
 .text.HAL_DMA_Abort_IT
                0x08000644       0x48 Drivers\STM32L4xx_HAL_Driver\Src\stm32l4xx_hal_dma.o
                0x08000644                HAL_DMA_Abort_IT
 .text.HAL_GPIO_Init
                0x0800068c      0x1b0 Drivers\STM32L4xx_HAL_Driver\Src\stm32l4xx_hal_gpio.o
                0x0800068c                HAL_GPIO_Init
 .text.HAL_GPIO_WritePin
                0x0800083c        0xa Drivers\STM32L4xx_HAL_Driver\Src\stm32l4xx_hal_gpio.o
                0x0800083c                HAL_GPIO_WritePin
 .text.HAL_GPIO_TogglePin
                0x08000846        0x8 Drivers\STM32L4xx_HAL_Driver\Src\stm32l4xx_hal_gpio.o
                0x08000846                HAL_GPIO_TogglePin
 .text.I2C_Flush_TXDR
                0x0800084e       0x1c Drivers\STM32L4xx_HAL_Driver\Src\stm32l4xx_hal_i2c.o
 .text.I2C_Disable_IRQ
                0x0800086a       0x5c Drivers\STM32L4xx_HAL_Driver\Src\stm32l4xx_hal_i2c.o
 .text.HAL_I2C_Init
                0x080008c6       0xa2 Drivers\STM32L4xx_HAL_Driver\Src\stm32l4xx_hal_i2c.o
                0x080008c6                HAL_I2C_Init
 .text.HAL_I2C_EV_IRQHandler
                0x08000968        0xe Drivers\STM32L4xx_HAL_Driver\Src\stm32l4xx_hal_i2c.o
                0x08000968                HAL_I2C_EV_IRQHandler
 .text.HAL_I2C_SlaveTxCpltCallback
                0x08000976        0x2 Drivers\STM32L4xx_HAL_Driver\Src\stm32l4xx_hal_i2c.o
                0x08000976                HAL_I2C_SlaveTxCpltCallback
 .text.HAL_I2C_SlaveRxCpltCallback
                0x08000978        0x2 Drivers\STM32L4xx_HAL_Driver\Src\stm32l4xx_hal_i2c.o
                0x08000978                HAL_I2C_SlaveRxCpltCallback
 .text.I2C_ITSlaveSequentialCplt
                0x0800097a       0x52 Drivers\STM32L4xx_HAL_Driver\Src\stm32l4xx_hal_i2c.o
 .text.HAL_I2C_AddrCallback
                0x080009cc        0x2 Drivers\STM32L4xx_HAL_Driver\Src\stm32l4xx_hal_i2c.o
                0x080009cc                HAL_I2C_AddrCallback
 .text.HAL_I2C_ListenCpltCallback
                0x080009ce        0x2 Drivers\STM32L4xx_HAL_Driver\Src\stm32l4xx_hal_i2c.o
                0x080009ce                HAL_I2C_ListenCpltCallback
 .text.I2C_ITListenCplt
                0x080009d0       0x60 Drivers\STM32L4xx_HAL_Driver\Src\stm32l4xx_hal_i2c.o
 .text.HAL_I2C_ErrorCallback
                0x08000a30        0x2 Drivers\STM32L4xx_HAL_Driver\Src\stm32l4xx_hal_i2c.o
                0x08000a30                HAL_I2C_ErrorCallback
 .text.HAL_I2C_AbortCpltCallback
                0x08000a32        0x2 Drivers\STM32L4xx_HAL_Driver\Src\stm32l4xx_hal_i2c.o
                0x08000a32                HAL_I2C_AbortCpltCallback
 .text.I2C_ITError
                0x08000a34       0xe4 Drivers\STM32L4xx_HAL_Driver\Src\stm32l4xx_hal_i2c.o
 .text.I2C_ITSlaveCplt
                0x08000b18      0x100 Drivers\STM32L4xx_HAL_Driver\Src\stm32l4xx_hal_i2c.o
 .text.I2C_Slave_ISR_IT
                0x08000c18      0x1b0 Drivers\STM32L4xx_HAL_Driver\Src\stm32l4xx_hal_i2c.o
 .text.HAL_I2C_ER_IRQHandler
                0x08000dc8       0x62 Drivers\STM32L4xx_HAL_Driver\Src\stm32l4xx_hal_i2c.o
                0x08000dc8                HAL_I2C_ER_IRQHandler
 .text.I2C_DMAAbort
                0x08000e2a       0x32 Drivers\STM32L4xx_HAL_Driver\Src\stm32l4xx_hal_i2c.o
 .text.HAL_I2CEx_ConfigAnalogFilter
                0x08000e5c       0x4c Drivers\STM32L4xx_HAL_Driver\Src\stm32l4xx_hal_i2c_ex.o
                0x08000e5c                HAL_I2CEx_ConfigAnalogFilter
 .text.HAL_I2CEx_ConfigDigitalFilter
                0x08000ea8       0x4a Drivers\STM32L4xx_HAL_Driver\Src\stm32l4xx_hal_i2c_ex.o
                0x08000ea8                HAL_I2CEx_ConfigDigitalFilter
 .text.HAL_PCD_Init
                0x08000ef2      0x10a Drivers\STM32L4xx_HAL_Driver\Src\stm32l4xx_hal_pcd.o
                0x08000ef2                HAL_PCD_Init
 .text.HAL_PCD_Start
                0x08000ffc       0x2a Drivers\STM32L4xx_HAL_Driver\Src\stm32l4xx_hal_pcd.o
                0x08000ffc                HAL_PCD_Start
 *fill*         0x08001026        0x2 
 .text.HAL_PCD_IRQHandler
                0x08001028      0x620 Drivers\STM32L4xx_HAL_Driver\Src\stm32l4xx_hal_pcd.o
                0x08001028                HAL_PCD_IRQHandler
 .text.HAL_PCD_SetAddress
                0x08001648       0x28 Drivers\STM32L4xx_HAL_Driver\Src\stm32l4xx_hal_pcd.o
                0x08001648                HAL_PCD_SetAddress
 .text.HAL_PCD_EP_Open
                0x08001670       0x4a Drivers\STM32L4xx_HAL_Driver\Src\stm32l4xx_hal_pcd.o
                0x08001670                HAL_PCD_EP_Open
 .text.HAL_PCD_EP_Close
                0x080016ba       0x46 Drivers\STM32L4xx_HAL_Driver\Src\stm32l4xx_hal_pcd.o
                0x080016ba                HAL_PCD_EP_Close
 .text.HAL_PCD_EP_Receive
                0x08001700       0x40 Drivers\STM32L4xx_HAL_Driver\Src\stm32l4xx_hal_pcd.o
                0x08001700                HAL_PCD_EP_Receive
 .text.HAL_PCD_EP_GetRxCount
                0x08001740       0x10 Drivers\STM32L4xx_HAL_Driver\Src\stm32l4xx_hal_pcd.o
                0x08001740                HAL_PCD_EP_GetRxCount
 .text.HAL_PCD_EP_Transmit
                0x08001750       0x3a Drivers\STM32L4xx_HAL_Driver\Src\stm32l4xx_hal_pcd.o
                0x08001750                HAL_PCD_EP_Transmit
 .text.HAL_PCD_EP_SetStall
                0x0800178a       0x58 Drivers\STM32L4xx_HAL_Driver\Src\stm32l4xx_hal_pcd.o
                0x0800178a                HAL_PCD_EP_SetStall
 .text.HAL_PCD_EP_ClrStall
                0x080017e2       0x4a Drivers\STM32L4xx_HAL_Driver\Src\stm32l4xx_hal_pcd.o
                0x080017e2                HAL_PCD_EP_ClrStall
 .text.HAL_PCDEx_SetTxFiFo
                0x0800182c       0x42 Drivers\STM32L4xx_HAL_Driver\Src\stm32l4xx_hal_pcd_ex.o
                0x0800182c                HAL_PCDEx_SetTxFiFo
 .text.HAL_PCDEx_SetRxFiFo
                0x0800186e        0x8 Drivers\STM32L4xx_HAL_Driver\Src\stm32l4xx_hal_pcd_ex.o
                0x0800186e                HAL_PCDEx_SetRxFiFo
 .text.HAL_PCDEx_ActivateLPM
                0x08001876       0x26 Drivers\STM32L4xx_HAL_Driver\Src\stm32l4xx_hal_pcd_ex.o
                0x08001876                HAL_PCDEx_ActivateLPM
 .text.HAL_PCDEx_ActivateBCD
                0x0800189c       0x14 Drivers\STM32L4xx_HAL_Driver\Src\stm32l4xx_hal_pcd_ex.o
                0x0800189c                HAL_PCDEx_ActivateBCD
 .text.HAL_PWREx_GetVoltageRange
                0x080018b0       0x10 Drivers\STM32L4xx_HAL_Driver\Src\stm32l4xx_hal_pwr_ex.o
                0x080018b0                HAL_PWREx_GetVoltageRange
 .text.HAL_PWREx_ControlVoltageScaling
                0x080018c0       0x68 Drivers\STM32L4xx_HAL_Driver\Src\stm32l4xx_hal_pwr_ex.o
                0x080018c0                HAL_PWREx_ControlVoltageScaling
 .text.HAL_PWREx_EnableVddUSB
                0x08001928       0x10 Drivers\STM32L4xx_HAL_Driver\Src\stm32l4xx_hal_pwr_ex.o
                0x08001928                HAL_PWREx_EnableVddUSB
 .text.HAL_PWREx_EnableVddIO2
                0x08001938       0x10 Drivers\STM32L4xx_HAL_Driver\Src\stm32l4xx_hal_pwr_ex.o
                0x08001938                HAL_PWREx_EnableVddIO2
 .text.RCC_SetFlashLatencyFromMSIRange
                0x08001948       0x84 Drivers\STM32L4xx_HAL_Driver\Src\stm32l4xx_hal_rcc.o
 .text.HAL_RCC_GetSysClockFreq
                0x080019cc       0xd0 Drivers\STM32L4xx_HAL_Driver\Src\stm32l4xx_hal_rcc.o
                0x080019cc                HAL_RCC_GetSysClockFreq
 .text.HAL_RCC_OscConfig
                0x08001a9c      0x4c0 Drivers\STM32L4xx_HAL_Driver\Src\stm32l4xx_hal_rcc.o
                0x08001a9c                HAL_RCC_OscConfig
 .text.HAL_RCC_ClockConfig
                0x08001f5c      0x16c Drivers\STM32L4xx_HAL_Driver\Src\stm32l4xx_hal_rcc.o
                0x08001f5c                HAL_RCC_ClockConfig
 .text.HAL_RCC_GetHCLKFreq
                0x080020c8        0xc Drivers\STM32L4xx_HAL_Driver\Src\stm32l4xx_hal_rcc.o
                0x080020c8                HAL_RCC_GetHCLKFreq
 .text.HAL_RCC_GetPCLK1Freq
                0x080020d4       0x20 Drivers\STM32L4xx_HAL_Driver\Src\stm32l4xx_hal_rcc.o
                0x080020d4                HAL_RCC_GetPCLK1Freq
 .text.HAL_RCC_GetPCLK2Freq
                0x080020f4       0x20 Drivers\STM32L4xx_HAL_Driver\Src\stm32l4xx_hal_rcc.o
                0x080020f4                HAL_RCC_GetPCLK2Freq
 .text.HAL_RCC_GetClockConfig
                0x08002114       0x3c Drivers\STM32L4xx_HAL_Driver\Src\stm32l4xx_hal_rcc.o
                0x08002114                HAL_RCC_GetClockConfig
 .text.RCCEx_PLLSAI1_Config
                0x08002150      0x118 Drivers\STM32L4xx_HAL_Driver\Src\stm32l4xx_hal_rcc_ex.o
 .text.RCCEx_PLLSAI2_Config
                0x08002268       0xf8 Drivers\STM32L4xx_HAL_Driver\Src\stm32l4xx_hal_rcc_ex.o
 .text.HAL_RCCEx_PeriphCLKConfig
                0x08002360      0x3e8 Drivers\STM32L4xx_HAL_Driver\Src\stm32l4xx_hal_rcc_ex.o
                0x08002360                HAL_RCCEx_PeriphCLKConfig
 .text.HAL_RTC_AlarmAEventCallback
                0x08002748        0x2 Drivers\STM32L4xx_HAL_Driver\Src\stm32l4xx_hal_rtc.o
                0x08002748                HAL_RTC_AlarmAEventCallback
 *fill*         0x0800274a        0x2 
 .text.HAL_RTC_AlarmIRQHandler
                0x0800274c       0x70 Drivers\STM32L4xx_HAL_Driver\Src\stm32l4xx_hal_rtc.o
                0x0800274c                HAL_RTC_AlarmIRQHandler
 .text.HAL_RTC_WaitForSynchro
                0x080027bc       0x30 Drivers\STM32L4xx_HAL_Driver\Src\stm32l4xx_hal_rtc.o
                0x080027bc                HAL_RTC_WaitForSynchro
 .text.RTC_EnterInitMode
                0x080027ec       0x34 Drivers\STM32L4xx_HAL_Driver\Src\stm32l4xx_hal_rtc.o
                0x080027ec                RTC_EnterInitMode
 .text.HAL_RTC_Init
                0x08002820       0xaa Drivers\STM32L4xx_HAL_Driver\Src\stm32l4xx_hal_rtc.o
                0x08002820                HAL_RTC_Init
 .text.RTC_ByteToBcd2
                0x080028ca       0x16 Drivers\STM32L4xx_HAL_Driver\Src\stm32l4xx_hal_rtc.o
                0x080028ca                RTC_ByteToBcd2
 .text.HAL_RTC_SetTime
                0x080028e0       0xf2 Drivers\STM32L4xx_HAL_Driver\Src\stm32l4xx_hal_rtc.o
                0x080028e0                HAL_RTC_SetTime
 .text.HAL_RTC_SetDate
                0x080029d2       0xd2 Drivers\STM32L4xx_HAL_Driver\Src\stm32l4xx_hal_rtc.o
                0x080029d2                HAL_RTC_SetDate
 .text.HAL_RTC_SetAlarm_IT
                0x08002aa4      0x174 Drivers\STM32L4xx_HAL_Driver\Src\stm32l4xx_hal_rtc.o
                0x08002aa4                HAL_RTC_SetAlarm_IT
 .text.HAL_RTCEx_SetWakeUpTimer_IT
                0x08002c18       0xf0 Drivers\STM32L4xx_HAL_Driver\Src\stm32l4xx_hal_rtc_ex.o
                0x08002c18                HAL_RTCEx_SetWakeUpTimer_IT
 .text.HAL_RTCEx_WakeUpTimerEventCallback
                0x08002d08        0x2 Drivers\STM32L4xx_HAL_Driver\Src\stm32l4xx_hal_rtc_ex.o
                0x08002d08                HAL_RTCEx_WakeUpTimerEventCallback
 *fill*         0x08002d0a        0x2 
 .text.HAL_RTCEx_WakeUpTimerIRQHandler
                0x08002d0c       0x30 Drivers\STM32L4xx_HAL_Driver\Src\stm32l4xx_hal_rtc_ex.o
                0x08002d0c                HAL_RTCEx_WakeUpTimerIRQHandler
 .text.HAL_RTCEx_BKUPWrite
                0x08002d3c        0xa Drivers\STM32L4xx_HAL_Driver\Src\stm32l4xx_hal_rtc_ex.o
                0x08002d3c                HAL_RTCEx_BKUPWrite
 .text.HAL_RTCEx_BKUPRead
                0x08002d46        0xa Drivers\STM32L4xx_HAL_Driver\Src\stm32l4xx_hal_rtc_ex.o
                0x08002d46                HAL_RTCEx_BKUPRead
 .text.HAL_RTCEx_AlarmBEventCallback
                0x08002d50        0x2 Drivers\STM32L4xx_HAL_Driver\Src\stm32l4xx_hal_rtc_ex.o
                0x08002d50                HAL_RTCEx_AlarmBEventCallback
 .text.HAL_SPI_Init
                0x08002d52       0xa2 Drivers\STM32L4xx_HAL_Driver\Src\stm32l4xx_hal_spi.o
                0x08002d52                HAL_SPI_Init
 .text.HAL_TIM_Base_Start_IT
                0x08002df4       0x16 Drivers\STM32L4xx_HAL_Driver\Src\stm32l4xx_hal_tim.o
                0x08002df4                HAL_TIM_Base_Start_IT
 .text.HAL_TIM_IC_MspInit
                0x08002e0a        0x2 Drivers\STM32L4xx_HAL_Driver\Src\stm32l4xx_hal_tim.o
                0x08002e0a                HAL_TIM_IC_MspInit
 .text.HAL_TIM_OC_DelayElapsedCallback
                0x08002e0c        0x2 Drivers\STM32L4xx_HAL_Driver\Src\stm32l4xx_hal_tim.o
                0x08002e0c                HAL_TIM_OC_DelayElapsedCallback
 .text.HAL_TIM_IC_CaptureCallback
                0x08002e0e        0x2 Drivers\STM32L4xx_HAL_Driver\Src\stm32l4xx_hal_tim.o
                0x08002e0e                HAL_TIM_IC_CaptureCallback
 .text.HAL_TIM_PWM_PulseFinishedCallback
                0x08002e10        0x2 Drivers\STM32L4xx_HAL_Driver\Src\stm32l4xx_hal_tim.o
                0x08002e10                HAL_TIM_PWM_PulseFinishedCallback
 .text.HAL_TIM_TriggerCallback
                0x08002e12        0x2 Drivers\STM32L4xx_HAL_Driver\Src\stm32l4xx_hal_tim.o
                0x08002e12                HAL_TIM_TriggerCallback
 .text.HAL_TIM_IRQHandler
                0x08002e14      0x144 Drivers\STM32L4xx_HAL_Driver\Src\stm32l4xx_hal_tim.o
                0x08002e14                HAL_TIM_IRQHandler
 .text.TIM_Base_SetConfig
                0x08002f58       0xcc Drivers\STM32L4xx_HAL_Driver\Src\stm32l4xx_hal_tim.o
                0x08002f58                TIM_Base_SetConfig
 .text.HAL_TIM_Base_Init
                0x08003024       0x34 Drivers\STM32L4xx_HAL_Driver\Src\stm32l4xx_hal_tim.o
                0x08003024                HAL_TIM_Base_Init
 .text.HAL_TIM_IC_Init
                0x08003058       0x34 Drivers\STM32L4xx_HAL_Driver\Src\stm32l4xx_hal_tim.o
                0x08003058                HAL_TIM_IC_Init
 .text.TIM_TI1_SetConfig
                0x0800308c       0x6c Drivers\STM32L4xx_HAL_Driver\Src\stm32l4xx_hal_tim.o
                0x0800308c                TIM_TI1_SetConfig
 .text.HAL_TIM_IC_ConfigChannel
                0x080030f8      0x110 Drivers\STM32L4xx_HAL_Driver\Src\stm32l4xx_hal_tim.o
                0x080030f8                HAL_TIM_IC_ConfigChannel
 .text.TIM_ETR_SetConfig
                0x08003208       0x14 Drivers\STM32L4xx_HAL_Driver\Src\stm32l4xx_hal_tim.o
                0x08003208                TIM_ETR_SetConfig
 .text.HAL_TIM_ConfigClockSource
                0x0800321c      0x16c Drivers\STM32L4xx_HAL_Driver\Src\stm32l4xx_hal_tim.o
                0x0800321c                HAL_TIM_ConfigClockSource
 .text.HAL_TIMEx_MasterConfigSynchronization
                0x08003388       0x4c Drivers\STM32L4xx_HAL_Driver\Src\stm32l4xx_hal_tim_ex.o
                0x08003388                HAL_TIMEx_MasterConfigSynchronization
 .text.HAL_TIMEx_CommutationCallback
                0x080033d4        0x2 Drivers\STM32L4xx_HAL_Driver\Src\stm32l4xx_hal_tim_ex.o
                0x080033d4                HAL_TIMEx_CommutationCallback
 .text.HAL_TIMEx_BreakCallback
                0x080033d6        0x2 Drivers\STM32L4xx_HAL_Driver\Src\stm32l4xx_hal_tim_ex.o
                0x080033d6                HAL_TIMEx_BreakCallback
 .text.UART_SetConfig
                0x080033d8      0x330 Drivers\STM32L4xx_HAL_Driver\Src\stm32l4xx_hal_uart.o
                0x080033d8                UART_SetConfig
 .text.UART_AdvFeatureConfig
                0x08003708       0xa8 Drivers\STM32L4xx_HAL_Driver\Src\stm32l4xx_hal_uart.o
                0x08003708                UART_AdvFeatureConfig
 .text.UART_WaitOnFlagUntilTimeout
                0x080037b0       0x62 Drivers\STM32L4xx_HAL_Driver\Src\stm32l4xx_hal_uart.o
                0x080037b0                UART_WaitOnFlagUntilTimeout
 .text.UART_CheckIdleState
                0x08003812       0x64 Drivers\STM32L4xx_HAL_Driver\Src\stm32l4xx_hal_uart.o
                0x08003812                UART_CheckIdleState
 .text.HAL_UART_Init
                0x08003876       0x64 Drivers\STM32L4xx_HAL_Driver\Src\stm32l4xx_hal_uart.o
                0x08003876                HAL_UART_Init
 .text.USB_CoreInit
                0x080038da       0x28 Drivers\STM32L4xx_HAL_Driver\Src\stm32l4xx_ll_usb.o
                0x080038da                USB_CoreInit
 .text.USB_EnableGlobalInt
                0x08003902        0xc Drivers\STM32L4xx_HAL_Driver\Src\stm32l4xx_ll_usb.o
                0x08003902                USB_EnableGlobalInt
 .text.USB_DisableGlobalInt
                0x0800390e        0xc Drivers\STM32L4xx_HAL_Driver\Src\stm32l4xx_ll_usb.o
                0x0800390e                USB_DisableGlobalInt
 .text.USB_SetCurrentMode
                0x0800391a       0x2e Drivers\STM32L4xx_HAL_Driver\Src\stm32l4xx_ll_usb.o
                0x0800391a                USB_SetCurrentMode
 .text.USB_DevInit
                0x08003948      0x130 Drivers\STM32L4xx_HAL_Driver\Src\stm32l4xx_ll_usb.o
                0x08003948                USB_DevInit
 .text.USB_FlushTxFifo
                0x08003a78       0x24 Drivers\STM32L4xx_HAL_Driver\Src\stm32l4xx_ll_usb.o
                0x08003a78                USB_FlushTxFifo
 .text.USB_FlushRxFifo
                0x08003a9c       0x20 Drivers\STM32L4xx_HAL_Driver\Src\stm32l4xx_ll_usb.o
                0x08003a9c                USB_FlushRxFifo
 .text.USB_SetDevSpeed
                0x08003abc        0xe Drivers\STM32L4xx_HAL_Driver\Src\stm32l4xx_ll_usb.o
                0x08003abc                USB_SetDevSpeed
 .text.USB_ActivateEndpoint
                0x08003aca       0x7e Drivers\STM32L4xx_HAL_Driver\Src\stm32l4xx_ll_usb.o
                0x08003aca                USB_ActivateEndpoint
 .text.USB_DeactivateEndpoint
                0x08003b48       0x5a Drivers\STM32L4xx_HAL_Driver\Src\stm32l4xx_ll_usb.o
                0x08003b48                USB_DeactivateEndpoint
 *fill*         0x08003ba2        0x2 
 .text.USB_EPStartXfer
                0x08003ba4      0x170 Drivers\STM32L4xx_HAL_Driver\Src\stm32l4xx_ll_usb.o
                0x08003ba4                USB_EPStartXfer
 .text.USB_EP0StartXfer
                0x08003d14       0xc8 Drivers\STM32L4xx_HAL_Driver\Src\stm32l4xx_ll_usb.o
                0x08003d14                USB_EP0StartXfer
 .text.USB_WritePacket
                0x08003ddc       0x22 Drivers\STM32L4xx_HAL_Driver\Src\stm32l4xx_ll_usb.o
                0x08003ddc                USB_WritePacket
 .text.USB_ReadPacket
                0x08003dfe       0x20 Drivers\STM32L4xx_HAL_Driver\Src\stm32l4xx_ll_usb.o
                0x08003dfe                USB_ReadPacket
 .text.USB_EPSetStall
                0x08003e1e       0x3e Drivers\STM32L4xx_HAL_Driver\Src\stm32l4xx_ll_usb.o
                0x08003e1e                USB_EPSetStall
 .text.USB_EPClearStall
                0x08003e5c       0x32 Drivers\STM32L4xx_HAL_Driver\Src\stm32l4xx_ll_usb.o
                0x08003e5c                USB_EPClearStall
 .text.USB_SetDevAddress
                0x08003e8e       0x20 Drivers\STM32L4xx_HAL_Driver\Src\stm32l4xx_ll_usb.o
                0x08003e8e                USB_SetDevAddress
 .text.USB_DevConnect
                0x08003eae       0x18 Drivers\STM32L4xx_HAL_Driver\Src\stm32l4xx_ll_usb.o
                0x08003eae                USB_DevConnect
 .text.USB_DevDisconnect
                0x08003ec6       0x18 Drivers\STM32L4xx_HAL_Driver\Src\stm32l4xx_ll_usb.o
                0x08003ec6                USB_DevDisconnect
 .text.USB_ReadInterrupts
                0x08003ede        0x8 Drivers\STM32L4xx_HAL_Driver\Src\stm32l4xx_ll_usb.o
                0x08003ede                USB_ReadInterrupts
 .text.USB_ReadDevAllOutEpInterrupt
                0x08003ee6       0x10 Drivers\STM32L4xx_HAL_Driver\Src\stm32l4xx_ll_usb.o
                0x08003ee6                USB_ReadDevAllOutEpInterrupt
 .text.USB_ReadDevAllInEpInterrupt
                0x08003ef6       0x10 Drivers\STM32L4xx_HAL_Driver\Src\stm32l4xx_ll_usb.o
                0x08003ef6                USB_ReadDevAllInEpInterrupt
 .text.USB_ReadDevOutEPInterrupt
                0x08003f06       0x14 Drivers\STM32L4xx_HAL_Driver\Src\stm32l4xx_ll_usb.o
                0x08003f06                USB_ReadDevOutEPInterrupt
 .text.USB_ReadDevInEPInterrupt
                0x08003f1a       0x20 Drivers\STM32L4xx_HAL_Driver\Src\stm32l4xx_ll_usb.o
                0x08003f1a                USB_ReadDevInEPInterrupt
 .text.USB_GetMode
                0x08003f3a        0x8 Drivers\STM32L4xx_HAL_Driver\Src\stm32l4xx_ll_usb.o
                0x08003f3a                USB_GetMode
 .text.USB_ActivateSetup
                0x08003f42       0x36 Drivers\STM32L4xx_HAL_Driver\Src\stm32l4xx_ll_usb.o
                0x08003f42                USB_ActivateSetup
 .text.USB_EP0_OutStart
                0x08003f78       0x22 Drivers\STM32L4xx_HAL_Driver\Src\stm32l4xx_ll_usb.o
                0x08003f78                USB_EP0_OutStart
 *fill*         0x08003f9a        0x2 
 .text.USB_CoreReset
                0x08003f9c       0x68 Drivers\STM32L4xx_HAL_Driver\Src\stm32l4xx_ll_usb.o
 .text.USBD_CDC_DataIn
                0x08004004       0x12 Middlewares\ST\STM32_USB_Device_Library\Class\CDC\Src\usbd_cdc.o
 .text.USBD_CDC_EP0_RxReady
                0x08004016       0x28 Middlewares\ST\STM32_USB_Device_Library\Class\CDC\Src\usbd_cdc.o
 *fill*         0x0800403e        0x2 
 .text.USBD_CDC_GetFSCfgDesc
                0x08004040        0xc Middlewares\ST\STM32_USB_Device_Library\Class\CDC\Src\usbd_cdc.o
 .text.USBD_CDC_GetHSCfgDesc
                0x0800404c        0xc Middlewares\ST\STM32_USB_Device_Library\Class\CDC\Src\usbd_cdc.o
 .text.USBD_CDC_GetOtherSpeedCfgDesc
                0x08004058        0xc Middlewares\ST\STM32_USB_Device_Library\Class\CDC\Src\usbd_cdc.o
 .text.USBD_CDC_GetDeviceQualifierDescriptor
                0x08004064        0xc Middlewares\ST\STM32_USB_Device_Library\Class\CDC\Src\usbd_cdc.o
                0x08004064                USBD_CDC_GetDeviceQualifierDescriptor
 .text.USBD_CDC_DataOut
                0x08004070       0x2e Middlewares\ST\STM32_USB_Device_Library\Class\CDC\Src\usbd_cdc.o
 *fill*         0x0800409e        0x2 
 .text.USBD_CDC_Setup
                0x080040a0       0x68 Middlewares\ST\STM32_USB_Device_Library\Class\CDC\Src\usbd_cdc.o
 .text.USBD_CDC_DeInit
                0x08004108       0x3a Middlewares\ST\STM32_USB_Device_Library\Class\CDC\Src\usbd_cdc.o
 .text.USBD_CDC_Init
                0x08004142       0x8c Middlewares\ST\STM32_USB_Device_Library\Class\CDC\Src\usbd_cdc.o
 .text.USBD_CDC_RegisterInterface
                0x080041ce        0xe Middlewares\ST\STM32_USB_Device_Library\Class\CDC\Src\usbd_cdc.o
                0x080041ce                USBD_CDC_RegisterInterface
 .text.USBD_CDC_SetTxBuffer
                0x080041dc       0x10 Middlewares\ST\STM32_USB_Device_Library\Class\CDC\Src\usbd_cdc.o
                0x080041dc                USBD_CDC_SetTxBuffer
 .text.USBD_CDC_SetRxBuffer
                0x080041ec        0xc Middlewares\ST\STM32_USB_Device_Library\Class\CDC\Src\usbd_cdc.o
                0x080041ec                USBD_CDC_SetRxBuffer
 .text.USBD_CDC_ReceivePacket
                0x080041f8       0x26 Middlewares\ST\STM32_USB_Device_Library\Class\CDC\Src\usbd_cdc.o
                0x080041f8                USBD_CDC_ReceivePacket
 .text.USBD_Init
                0x0800421e       0x2a Middlewares\ST\STM32_USB_Device_Library\Core\Src\usbd_core.o
                0x0800421e                USBD_Init
 .text.USBD_RegisterClass
                0x08004248        0xe Middlewares\ST\STM32_USB_Device_Library\Core\Src\usbd_core.o
                0x08004248                USBD_RegisterClass
 .text.USBD_Start
                0x08004256        0xa Middlewares\ST\STM32_USB_Device_Library\Core\Src\usbd_core.o
                0x08004256                USBD_Start
 .text.USBD_SetClassConfig
                0x08004260       0x16 Middlewares\ST\STM32_USB_Device_Library\Core\Src\usbd_core.o
                0x08004260                USBD_SetClassConfig
 .text.USBD_ClrClassConfig
                0x08004276        0xe Middlewares\ST\STM32_USB_Device_Library\Core\Src\usbd_core.o
                0x08004276                USBD_ClrClassConfig
 .text.USBD_LL_SetupStage
                0x08004284       0x5a Middlewares\ST\STM32_USB_Device_Library\Core\Src\usbd_core.o
                0x08004284                USBD_LL_SetupStage
 .text.USBD_LL_DataOutStage
                0x080042de       0x64 Middlewares\ST\STM32_USB_Device_Library\Core\Src\usbd_core.o
                0x080042de                USBD_LL_DataOutStage
 .text.USBD_LL_DataInStage
                0x08004342       0x9e Middlewares\ST\STM32_USB_Device_Library\Core\Src\usbd_core.o
                0x08004342                USBD_LL_DataInStage
 .text.USBD_LL_Reset
                0x080043e0       0x3e Middlewares\ST\STM32_USB_Device_Library\Core\Src\usbd_core.o
                0x080043e0                USBD_LL_Reset
 .text.USBD_LL_SetSpeed
                0x0800441e        0x6 Middlewares\ST\STM32_USB_Device_Library\Core\Src\usbd_core.o
                0x0800441e                USBD_LL_SetSpeed
 .text.USBD_LL_Suspend
                0x08004424       0x12 Middlewares\ST\STM32_USB_Device_Library\Core\Src\usbd_core.o
                0x08004424                USBD_LL_Suspend
 .text.USBD_LL_Resume
                0x08004436        0xc Middlewares\ST\STM32_USB_Device_Library\Core\Src\usbd_core.o
                0x08004436                USBD_LL_Resume
 .text.USBD_LL_SOF
                0x08004442       0x18 Middlewares\ST\STM32_USB_Device_Library\Core\Src\usbd_core.o
                0x08004442                USBD_LL_SOF
 .text.USBD_LL_IsoINIncomplete
                0x0800445a        0x4 Middlewares\ST\STM32_USB_Device_Library\Core\Src\usbd_core.o
                0x0800445a                USBD_LL_IsoINIncomplete
 .text.USBD_LL_IsoOUTIncomplete
                0x0800445e        0x4 Middlewares\ST\STM32_USB_Device_Library\Core\Src\usbd_core.o
                0x0800445e                USBD_LL_IsoOUTIncomplete
 .text.USBD_LL_DevConnected
                0x08004462        0x4 Middlewares\ST\STM32_USB_Device_Library\Core\Src\usbd_core.o
                0x08004462                USBD_LL_DevConnected
 .text.USBD_LL_DevDisconnected
                0x08004466       0x16 Middlewares\ST\STM32_USB_Device_Library\Core\Src\usbd_core.o
                0x08004466                USBD_LL_DevDisconnected
 .text.USBD_CtlError.constprop.0
                0x0800447c       0x16 Middlewares\ST\STM32_USB_Device_Library\Core\Src\usbd_ctlreq.o
 *fill*         0x08004492        0x2 
 .text.USBD_StdDevReq
                0x08004494      0x214 Middlewares\ST\STM32_USB_Device_Library\Core\Src\usbd_ctlreq.o
                0x08004494                USBD_StdDevReq
 .text.USBD_StdItfReq
                0x080046a8       0x30 Middlewares\ST\STM32_USB_Device_Library\Core\Src\usbd_ctlreq.o
                0x080046a8                USBD_StdItfReq
 .text.USBD_StdEPReq
                0x080046d8       0xc6 Middlewares\ST\STM32_USB_Device_Library\Core\Src\usbd_ctlreq.o
                0x080046d8                USBD_StdEPReq
 .text.USBD_ParseSetupRequest
                0x0800479e       0x28 Middlewares\ST\STM32_USB_Device_Library\Core\Src\usbd_ctlreq.o
                0x0800479e                USBD_ParseSetupRequest
 .text.USBD_GetString
                0x080047c6       0x38 Middlewares\ST\STM32_USB_Device_Library\Core\Src\usbd_ctlreq.o
                0x080047c6                USBD_GetString
 .text.USBD_CtlSendData
                0x080047fe       0x1a Middlewares\ST\STM32_USB_Device_Library\Core\Src\usbd_ioreq.o
                0x080047fe                USBD_CtlSendData
 .text.USBD_CtlContinueSendData
                0x08004818       0x10 Middlewares\ST\STM32_USB_Device_Library\Core\Src\usbd_ioreq.o
                0x08004818                USBD_CtlContinueSendData
 .text.USBD_CtlPrepareRx
                0x08004828       0x1e Middlewares\ST\STM32_USB_Device_Library\Core\Src\usbd_ioreq.o
                0x08004828                USBD_CtlPrepareRx
 .text.USBD_CtlContinueRx
                0x08004846       0x10 Middlewares\ST\STM32_USB_Device_Library\Core\Src\usbd_ioreq.o
                0x08004846                USBD_CtlContinueRx
 .text.USBD_CtlSendStatus
                0x08004856       0x16 Middlewares\ST\STM32_USB_Device_Library\Core\Src\usbd_ioreq.o
                0x08004856                USBD_CtlSendStatus
 .text.USBD_CtlReceiveStatus
                0x0800486c       0x16 Middlewares\ST\STM32_USB_Device_Library\Core\Src\usbd_ioreq.o
                0x0800486c                USBD_CtlReceiveStatus
 .text.osKernelStart
                0x08004882        0xa Middlewares\Third_Party\FreeRTOS\Source\CMSIS_RTOS\cmsis_os.o
                0x08004882                osKernelStart
 .text.osThreadCreate
                0x0800488c       0x30 Middlewares\Third_Party\FreeRTOS\Source\CMSIS_RTOS\cmsis_os.o
                0x0800488c                osThreadCreate
 .text.osSystickHandler
                0x080048bc       0x14 Middlewares\Third_Party\FreeRTOS\Source\CMSIS_RTOS\cmsis_os.o
                0x080048bc                osSystickHandler
 .text.vListInitialise
                0x080048d0       0x16 Middlewares\Third_Party\FreeRTOS\Source\list.o
                0x080048d0                vListInitialise
 .text.vListInitialiseItem
                0x080048e6        0x6 Middlewares\Third_Party\FreeRTOS\Source\list.o
                0x080048e6                vListInitialiseItem
 .text.vListInsertEnd
                0x080048ec       0x18 Middlewares\Third_Party\FreeRTOS\Source\list.o
                0x080048ec                vListInsertEnd
 .text.uxListRemove
                0x08004904       0x20 Middlewares\Third_Party\FreeRTOS\Source\list.o
                0x08004904                uxListRemove
 .text.prvTaskExitError
                0x08004924       0x30 Middlewares\Third_Party\FreeRTOS\Source\portable\GCC\ARM_CM4F\port.o
 .text.prvPortStartFirstTask
                0x08004954       0x20 Middlewares\Third_Party\FreeRTOS\Source\portable\GCC\ARM_CM4F\port.o
 .text.vPortEnableVFP
                0x08004974       0x14 Middlewares\Third_Party\FreeRTOS\Source\portable\GCC\ARM_CM4F\port.o
 .text.pxPortInitialiseStack
                0x08004988       0x2c Middlewares\Third_Party\FreeRTOS\Source\portable\GCC\ARM_CM4F\port.o
                0x08004988                pxPortInitialiseStack
 *fill*         0x080049b4        0xc 
 .text.SVC_Handler
                0x080049c0       0x24 Middlewares\Third_Party\FreeRTOS\Source\portable\GCC\ARM_CM4F\port.o
                0x080049c0                SVC_Handler
 .text.vPortEnterCritical
                0x080049e4       0x44 Middlewares\Third_Party\FreeRTOS\Source\portable\GCC\ARM_CM4F\port.o
                0x080049e4                vPortEnterCritical
 .text.vPortExitCritical
                0x08004a28       0x28 Middlewares\Third_Party\FreeRTOS\Source\portable\GCC\ARM_CM4F\port.o
                0x08004a28                vPortExitCritical
 .text.PendSV_Handler
                0x08004a50       0x64 Middlewares\Third_Party\FreeRTOS\Source\portable\GCC\ARM_CM4F\port.o
                0x08004a50                PendSV_Handler
 .text.xPortSysTickHandler
                0x08004ab4       0x2c Middlewares\Third_Party\FreeRTOS\Source\portable\GCC\ARM_CM4F\port.o
                0x08004ab4                xPortSysTickHandler
 .text.vPortSetupTimerInterrupt
                0x08004ae0       0x28 Middlewares\Third_Party\FreeRTOS\Source\portable\GCC\ARM_CM4F\port.o
                0x08004ae0                vPortSetupTimerInterrupt
 .text.xPortStartScheduler
                0x08004b08       0xec Middlewares\Third_Party\FreeRTOS\Source\portable\GCC\ARM_CM4F\port.o
                0x08004b08                xPortStartScheduler
 .text.unlikely.prvInsertBlockIntoFreeList
                0x08004bf4       0x48 Middlewares\Third_Party\FreeRTOS\Source\portable\MemMang\heap_4.o
 .text.pvPortMalloc
                0x08004c3c      0x11c Middlewares\Third_Party\FreeRTOS\Source\portable\MemMang\heap_4.o
                0x08004c3c                pvPortMalloc
 .text.vPortFree
                0x08004d58       0x70 Middlewares\Third_Party\FreeRTOS\Source\portable\MemMang\heap_4.o
                0x08004d58                vPortFree
 .text.prvResetNextTaskUnblockTime
                0x08004dc8       0x24 Middlewares\Third_Party\FreeRTOS\Source\tasks.o
 .text.xTaskCreate
                0x08004dec      0x1a0 Middlewares\Third_Party\FreeRTOS\Source\tasks.o
                0x08004dec                xTaskCreate
 .text.vTaskStartScheduler
                0x08004f8c       0x78 Middlewares\Third_Party\FreeRTOS\Source\tasks.o
                0x08004f8c                vTaskStartScheduler
 .text.vTaskSuspendAll
                0x08005004       0x10 Middlewares\Third_Party\FreeRTOS\Source\tasks.o
                0x08005004                vTaskSuspendAll
 .text.xTaskIncrementTick
                0x08005014      0x124 Middlewares\Third_Party\FreeRTOS\Source\tasks.o
                0x08005014                xTaskIncrementTick
 .text.xTaskResumeAll
                0x08005138       0xf0 Middlewares\Third_Party\FreeRTOS\Source\tasks.o
                0x08005138                xTaskResumeAll
 .text.prvIdleTask
                0x08005228       0x74 Middlewares\Third_Party\FreeRTOS\Source\tasks.o
 .text.vTaskSwitchContext
                0x0800529c       0x74 Middlewares\Third_Party\FreeRTOS\Source\tasks.o
                0x0800529c                vTaskSwitchContext
 .text.xTaskGetSchedulerState
                0x08005310       0x20 Middlewares\Third_Party\FreeRTOS\Source\tasks.o
                0x08005310                xTaskGetSchedulerState
 .text.StartDefaultTask
                0x08005330       0x98 Src\freertos.o
                0x08005330                StartDefaultTask
 .text.MX_FREERTOS_Init
                0x080053c8       0x28 Src\freertos.o
                0x080053c8                MX_FREERTOS_Init
 .text.MX_GPIO_Init
                0x080053f0      0x20c Src\gpio.o
                0x080053f0                MX_GPIO_Init
 .text.MX_I2C1_Init
                0x080055fc       0x68 Src\i2c.o
                0x080055fc                MX_I2C1_Init
 .text.HAL_I2C_MspInit
                0x08005664       0x70 Src\i2c.o
                0x08005664                HAL_I2C_MspInit
 .text.SystemClock_Config
                0x080056d4       0xb8 Src\main.o
                0x080056d4                SystemClock_Config
 .text.startup.main
                0x0800578c       0x34 Src\main.o
                0x0800578c                main
 .text.HAL_TIM_PeriodElapsedCallback
                0x080057c0        0xe Src\main.o
                0x080057c0                HAL_TIM_PeriodElapsedCallback
 .text._Error_Handler
                0x080057ce        0x2 Src\main.o
                0x080057ce                _Error_Handler
 .text.MX_RTC_Init
                0x080057d0       0xf0 Src\rtc.o
                0x080057d0                MX_RTC_Init
 .text.HAL_RTC_MspInit
                0x080058c0       0x48 Src\rtc.o
                0x080058c0                HAL_RTC_MspInit
 .text.MX_SPI1_Init
                0x08005908       0x50 Src\spi.o
                0x08005908                MX_SPI1_Init
 .text.MX_SPI2_Init
                0x08005958       0x50 Src\spi.o
                0x08005958                MX_SPI2_Init
 .text.HAL_SPI_MspInit
                0x080059a8       0xcc Src\spi.o
                0x080059a8                HAL_SPI_MspInit
 .text.HAL_MspInit
                0x08005a74       0x9c Src\stm32l4xx_hal_msp.o
                0x08005a74                HAL_MspInit
 .text.HAL_InitTick
                0x08005b10       0x74 Src\stm32l4xx_hal_timebase_TIM.o
                0x08005b10                HAL_InitTick
 .text.NMI_Handler
                0x08005b84        0x2 Src\stm32l4xx_it.o
                0x08005b84                NMI_Handler
 .text.HardFault_Handler
                0x08005b86        0x2 Src\stm32l4xx_it.o
                0x08005b86                HardFault_Handler
 .text.MemManage_Handler
                0x08005b88        0x2 Src\stm32l4xx_it.o
                0x08005b88                MemManage_Handler
 .text.BusFault_Handler
                0x08005b8a        0x2 Src\stm32l4xx_it.o
                0x08005b8a                BusFault_Handler
 .text.UsageFault_Handler
                0x08005b8c        0x2 Src\stm32l4xx_it.o
                0x08005b8c                UsageFault_Handler
 .text.SysTick_Handler
                0x08005b8e        0x4 Src\stm32l4xx_it.o
                0x08005b8e                SysTick_Handler
 *fill*         0x08005b92        0x2 
 .text.RTC_WKUP_IRQHandler
                0x08005b94        0xc Src\stm32l4xx_it.o
                0x08005b94                RTC_WKUP_IRQHandler
 .text.RCC_IRQHandler
                0x08005ba0        0x2 Src\stm32l4xx_it.o
                0x08005ba0                RCC_IRQHandler
 *fill*         0x08005ba2        0x2 
 .text.TIM2_IRQHandler
                0x08005ba4        0xc Src\stm32l4xx_it.o
                0x08005ba4                TIM2_IRQHandler
 .text.I2C1_EV_IRQHandler
                0x08005bb0        0xc Src\stm32l4xx_it.o
                0x08005bb0                I2C1_EV_IRQHandler
 .text.I2C1_ER_IRQHandler
                0x08005bbc        0xc Src\stm32l4xx_it.o
                0x08005bbc                I2C1_ER_IRQHandler
 .text.RTC_Alarm_IRQHandler
                0x08005bc8        0xc Src\stm32l4xx_it.o
                0x08005bc8                RTC_Alarm_IRQHandler
 .text.TIM5_IRQHandler
                0x08005bd4        0xc Src\stm32l4xx_it.o
                0x08005bd4                TIM5_IRQHandler
 .text.OTG_FS_IRQHandler
                0x08005be0        0xc Src\stm32l4xx_it.o
                0x08005be0                OTG_FS_IRQHandler
 .text.SystemInit
                0x08005bec       0x48 Src\system_stm32l4xx.o
                0x08005bec                SystemInit
 .text.MX_TIM5_Init
                0x08005c34       0x98 Src\tim.o
                0x08005c34                MX_TIM5_Init
 .text.HAL_TIM_Base_MspInit
                0x08005ccc       0x58 Src\tim.o
                0x08005ccc                HAL_TIM_Base_MspInit
 .text.MX_LPUART1_UART_Init
                0x08005d24       0x44 Src\usart.o
                0x08005d24                MX_LPUART1_UART_Init
 .text.MX_UART5_Init
                0x08005d68       0x48 Src\usart.o
                0x08005d68                MX_UART5_Init
 .text.HAL_UART_MspInit
                0x08005db0       0xbc Src\usart.o
                0x08005db0                HAL_UART_MspInit
 .text.MX_USB_DEVICE_Init
                0x08005e6c       0x40 Src\usb_device.o
                0x08005e6c                MX_USB_DEVICE_Init
 .text.CDC_DeInit_FS
                0x08005eac        0x4 Src\usbd_cdc_if.o
 .text.CDC_Control_FS
                0x08005eb0        0x4 Src\usbd_cdc_if.o
 .text.CDC_Receive_FS
                0x08005eb4       0x1c Src\usbd_cdc_if.o
 .text.CDC_Init_FS
                0x08005ed0       0x28 Src\usbd_cdc_if.o
 .text.HAL_PCD_MspInit
                0x08005ef8       0x98 Src\usbd_conf.o
                0x08005ef8                HAL_PCD_MspInit
 .text.HAL_PCD_SetupStageCallback
                0x08005f90        0xc Src\usbd_conf.o
                0x08005f90                HAL_PCD_SetupStageCallback
 .text.HAL_PCD_DataOutStageCallback
                0x08005f9c       0x12 Src\usbd_conf.o
                0x08005f9c                HAL_PCD_DataOutStageCallback
 .text.HAL_PCD_DataInStageCallback
                0x08005fae       0x10 Src\usbd_conf.o
                0x08005fae                HAL_PCD_DataInStageCallback
 .text.HAL_PCD_SOFCallback
                0x08005fbe        0x8 Src\usbd_conf.o
                0x08005fbe                HAL_PCD_SOFCallback
 .text.HAL_PCD_ResetCallback
                0x08005fc6       0x1a Src\usbd_conf.o
                0x08005fc6                HAL_PCD_ResetCallback
 .text.HAL_PCD_SuspendCallback
                0x08005fe0       0x30 Src\usbd_conf.o
                0x08005fe0                HAL_PCD_SuspendCallback
 .text.HAL_PCD_ResumeCallback
                0x08006010       0x34 Src\usbd_conf.o
                0x08006010                HAL_PCD_ResumeCallback
 .text.HAL_PCD_ISOOUTIncompleteCallback
                0x08006044        0x8 Src\usbd_conf.o
                0x08006044                HAL_PCD_ISOOUTIncompleteCallback
 .text.HAL_PCD_ISOINIncompleteCallback
                0x0800604c        0x8 Src\usbd_conf.o
                0x0800604c                HAL_PCD_ISOINIncompleteCallback
 .text.HAL_PCD_ConnectCallback
                0x08006054        0x8 Src\usbd_conf.o
                0x08006054                HAL_PCD_ConnectCallback
 .text.HAL_PCD_DisconnectCallback
                0x0800605c        0x8 Src\usbd_conf.o
                0x0800605c                HAL_PCD_DisconnectCallback
 .text.USBD_LL_Init
                0x08006064       0x68 Src\usbd_conf.o
                0x08006064                USBD_LL_Init
 .text.USBD_LL_Start
                0x080060cc       0x1c Src\usbd_conf.o
                0x080060cc                USBD_LL_Start
 .text.USBD_LL_OpenEP
                0x080060e8       0x20 Src\usbd_conf.o
                0x080060e8                USBD_LL_OpenEP
 .text.USBD_LL_CloseEP
                0x08006108       0x1c Src\usbd_conf.o
                0x08006108                USBD_LL_CloseEP
 .text.USBD_LL_StallEP
                0x08006124       0x1c Src\usbd_conf.o
                0x08006124                USBD_LL_StallEP
 .text.USBD_LL_ClearStallEP
                0x08006140       0x1c Src\usbd_conf.o
                0x08006140                USBD_LL_ClearStallEP
 .text.USBD_LL_IsStallEP
                0x0800615c       0x26 Src\usbd_conf.o
                0x0800615c                USBD_LL_IsStallEP
 *fill*         0x08006182        0x2 
 .text.USBD_LL_SetUSBAddress
                0x08006184       0x1c Src\usbd_conf.o
                0x08006184                USBD_LL_SetUSBAddress
 .text.USBD_LL_Transmit
                0x080061a0       0x1c Src\usbd_conf.o
                0x080061a0                USBD_LL_Transmit
 .text.USBD_LL_PrepareReceive
                0x080061bc       0x1c Src\usbd_conf.o
                0x080061bc                USBD_LL_PrepareReceive
 .text.USBD_LL_GetRxDataSize
                0x080061d8        0xc Src\usbd_conf.o
                0x080061d8                USBD_LL_GetRxDataSize
 .text.HAL_PCDEx_LPM_Callback
                0x080061e4       0x64 Src\usbd_conf.o
                0x080061e4                HAL_PCDEx_LPM_Callback
 .text.USBD_static_malloc
                0x08006248        0x8 Src\usbd_conf.o
                0x08006248                USBD_static_malloc
 .text.USBD_static_free
                0x08006250        0x2 Src\usbd_conf.o
                0x08006250                USBD_static_free
 .text.USBD_LL_BatteryCharging
                0x08006252       0x10 Src\usbd_conf.o
                0x08006252                USBD_LL_BatteryCharging
 *fill*         0x08006262        0x2 
 .text.USBD_FS_DeviceDescriptor
                0x08006264        0xc Src\usbd_desc.o
                0x08006264                USBD_FS_DeviceDescriptor
 .text.USBD_FS_LangIDStrDescriptor
                0x08006270        0xc Src\usbd_desc.o
                0x08006270                USBD_FS_LangIDStrDescriptor
 .text.USBD_FS_USR_BOSDescriptor
                0x0800627c        0xc Src\usbd_desc.o
                0x0800627c                USBD_FS_USR_BOSDescriptor
 .text.USBD_FS_ManufacturerStrDescriptor
                0x08006288       0x1c Src\usbd_desc.o
                0x08006288                USBD_FS_ManufacturerStrDescriptor
 .text.USBD_FS_ProductStrDescriptor
                0x080062a4       0x1c Src\usbd_desc.o
                0x080062a4                USBD_FS_ProductStrDescriptor
 .text.USBD_FS_SerialStrDescriptor
                0x080062c0       0x1c Src\usbd_desc.o
                0x080062c0                USBD_FS_SerialStrDescriptor
 .text.USBD_FS_ConfigStrDescriptor
                0x080062dc       0x1c Src\usbd_desc.o
                0x080062dc                USBD_FS_ConfigStrDescriptor
 .text.USBD_FS_InterfaceStrDescriptor
                0x080062f8       0x1c Src\usbd_desc.o
                0x080062f8                USBD_FS_InterfaceStrDescriptor
 .text.Reset_Handler
                0x08006314       0x50 startup\startup_stm32l496xx.o
                0x08006314                Reset_Handler
 .text.Default_Handler
                0x08006364        0x2 startup\startup_stm32l496xx.o
                0x08006364                EXTI2_IRQHandler
                0x08006364                TIM8_TRG_COM_IRQHandler
                0x08006364                TIM8_CC_IRQHandler
                0x08006364                DebugMon_Handler
                0x08006364                TIM1_CC_IRQHandler
                0x08006364                TSC_IRQHandler
                0x08006364                TAMP_STAMP_IRQHandler
                0x08006364                CAN2_RX1_IRQHandler
                0x08006364                EXTI3_IRQHandler
                0x08006364                LPTIM2_IRQHandler
                0x08006364                DFSDM1_FLT1_IRQHandler
                0x08006364                I2C3_ER_IRQHandler
                0x08006364                DFSDM1_FLT2_IRQHandler
                0x08006364                EXTI0_IRQHandler
                0x08006364                I2C2_EV_IRQHandler
                0x08006364                CAN1_RX0_IRQHandler
                0x08006364                FPU_IRQHandler
                0x08006364                TIM1_UP_TIM16_IRQHandler
                0x08006364                CAN2_SCE_IRQHandler
                0x08006364                ADC1_2_IRQHandler
                0x08006364                SPI1_IRQHandler
                0x08006364                TIM6_DAC_IRQHandler
                0x08006364                DCMI_IRQHandler
                0x08006364                CAN2_RX0_IRQHandler
                0x08006364                TIM8_UP_IRQHandler
                0x08006364                DMA2_Channel2_IRQHandler
                0x08006364                DMA1_Channel4_IRQHandler
                0x08006364                SAI2_IRQHandler
                0x08006364                DFSDM1_FLT3_IRQHandler
                0x08006364                USART3_IRQHandler
                0x08006364                DMA1_Channel7_IRQHandler
                0x08006364                CAN1_RX1_IRQHandler
                0x08006364                LCD_IRQHandler
                0x08006364                UART5_IRQHandler
                0x08006364                ADC3_IRQHandler
                0x08006364                TIM4_IRQHandler
                0x08006364                DMA2_Channel1_IRQHandler
                0x08006364                QUADSPI_IRQHandler
                0x08006364                DMA1_Channel6_IRQHandler
                0x08006364                UART4_IRQHandler
                0x08006364                DMA2_Channel4_IRQHandler
                0x08006364                TIM3_IRQHandler
                0x08006364                DMA1_Channel1_IRQHandler
                0x08006364                Default_Handler
                0x08006364                DMA2_Channel7_IRQHandler
                0x08006364                EXTI15_10_IRQHandler
                0x08006364                TIM7_IRQHandler
                0x08006364                SDMMC1_IRQHandler
                0x08006364                CAN2_TX_IRQHandler
                0x08006364                I2C3_EV_IRQHandler
                0x08006364                EXTI9_5_IRQHandler
                0x08006364                PVD_PVM_IRQHandler
                0x08006364                SPI2_IRQHandler
                0x08006364                CAN1_TX_IRQHandler
                0x08006364                DMA2_Channel5_IRQHandler
                0x08006364                CRS_IRQHandler
                0x08006364                DMA1_Channel5_IRQHandler
                0x08006364                EXTI4_IRQHandler
                0x08006364                RNG_IRQHandler
                0x08006364                TIM1_TRG_COM_TIM17_IRQHandler
                0x08006364                DMA1_Channel3_IRQHandler
                0x08006364                COMP_IRQHandler
                0x08006364                WWDG_IRQHandler
                0x08006364                I2C4_EV_IRQHandler
                0x08006364                LPUART1_IRQHandler
                0x08006364                DMA2_Channel6_IRQHandler
                0x08006364                EXTI1_IRQHandler
                0x08006364                USART2_IRQHandler
                0x08006364                DFSDM1_FLT0_IRQHandler
                0x08006364                I2C2_ER_IRQHandler
                0x08006364                DMA1_Channel2_IRQHandler
                0x08006364                TIM8_BRK_IRQHandler
                0x08006364                CAN1_SCE_IRQHandler
                0x08006364                FLASH_IRQHandler
                0x08006364                USART1_IRQHandler
                0x08006364                SPI3_IRQHandler
                0x08006364                FMC_IRQHandler
                0x08006364                SWPMI1_IRQHandler
                0x08006364                LPTIM1_IRQHandler
                0x08006364                I2C4_ER_IRQHandler
                0x08006364                SAI1_IRQHandler
                0x08006364                DMA2_Channel3_IRQHandler
                0x08006364                TIM1_BRK_TIM15_IRQHandler
 *fill*         0x08006366        0x2 
 .text.__libc_init_array
                0x08006368       0x48 c:/program files (x86)/atollic/truestudio for stm32 9.0.0/armtools/bin/../lib/gcc/arm-atollic-eabi/6.3.1/../../../../arm-atollic-eabi/lib/armv7e-m/fpu\libc_nano.a(lib_a-init.o)
                0x08006368                __libc_init_array
 *(.glue_7)
 .glue_7        0x080063b0        0x0 linker stubs
 *(.glue_7t)
 .glue_7t       0x080063b0        0x0 linker stubs
 *(.eh_frame)
 .eh_frame      0x080063b0        0x0 c:/program files (x86)/atollic/truestudio for stm32 9.0.0/armtools/bin/../lib/gcc/arm-atollic-eabi/6.3.1/armv7e-m/fpu/crtbegin.o
 *(.init)
 .init          0x080063b0        0x4 c:/program files (x86)/atollic/truestudio for stm32 9.0.0/armtools/bin/../lib/gcc/arm-atollic-eabi/6.3.1/armv7e-m/fpu/crti.o
                0x080063b0                _init
 .init          0x080063b4        0x8 c:/program files (x86)/atollic/truestudio for stm32 9.0.0/armtools/bin/../lib/gcc/arm-atollic-eabi/6.3.1/armv7e-m/fpu/crtn.o
 *(.fini)
 .fini          0x080063bc        0x4 c:/program files (x86)/atollic/truestudio for stm32 9.0.0/armtools/bin/../lib/gcc/arm-atollic-eabi/6.3.1/armv7e-m/fpu/crti.o
                0x080063bc                _fini
 .fini          0x080063c0        0x8 c:/program files (x86)/atollic/truestudio for stm32 9.0.0/armtools/bin/../lib/gcc/arm-atollic-eabi/6.3.1/armv7e-m/fpu/crtn.o
                0x080063c8                . = ALIGN (0x4)
                0x080063c8                _etext = .

.vfp11_veneer   0x080063c8        0x0
 .vfp11_veneer  0x080063c8        0x0 linker stubs

.v4_bx          0x080063c8        0x0
 .v4_bx         0x080063c8        0x0 linker stubs

.iplt           0x080063c8        0x0
 .iplt          0x080063c8        0x0 c:/program files (x86)/atollic/truestudio for stm32 9.0.0/armtools/bin/../lib/gcc/arm-atollic-eabi/6.3.1/armv7e-m/fpu/crtbegin.o

.rodata         0x080063c8      0x12c
                0x080063c8                . = ALIGN (0x4)
 *(.rodata)
 .rodata        0x080063c8       0x14 Src\freertos.o
 *(.rodata*)
 .rodata.CSWTCH.51
                0x080063dc        0x4 Drivers\STM32L4xx_HAL_Driver\Src\stm32l4xx_hal_uart.o
 .rodata.CSWTCH.52
                0x080063e0        0xd Drivers\STM32L4xx_HAL_Driver\Src\stm32l4xx_hal_uart.o
 .rodata.vTaskStartScheduler.str1.1
                0x080063ed        0x5 Middlewares\Third_Party\FreeRTOS\Source\tasks.o
 .rodata.str1.1
                0x080063f2        0xc Src\freertos.o
 .rodata.MX_I2C1_Init.str1.1
                0x080063fe        0xd Src\i2c.o
 .rodata.MX_RTC_Init.str1.1
                0x0800640b        0xd Src\rtc.o
 .rodata.MX_SPI1_Init.str1.1
                0x08006418        0xd Src\spi.o
 .rodata.AHBPrescTable
                0x08006425       0x10 Src\system_stm32l4xx.o
                0x08006425                AHBPrescTable
 .rodata.APBPrescTable
                0x08006435        0x8 Src\system_stm32l4xx.o
                0x08006435                APBPrescTable
 *fill*         0x0800643d        0x3 
 .rodata.MSIRangeTable
                0x08006440       0x30 Src\system_stm32l4xx.o
                0x08006440                MSIRangeTable
 .rodata.MX_TIM5_Init.str1.1
                0x08006470        0xd Src\tim.o
 .rodata.MX_LPUART1_UART_Init.str1.1
                0x0800647d        0xf Src\usart.o
 .rodata.CSWTCH.44
                0x0800648c        0x4 Src\usbd_conf.o
 .rodata.USBD_LL_Init.str1.1
                0x08006490       0x13 Src\usbd_conf.o
 .rodata.USBD_FS_ConfigStrDescriptor.str1.1
                0x080064a3        0xb Src\usbd_desc.o
 .rodata.USBD_FS_InterfaceStrDescriptor.str1.1
                0x080064ae        0xe Src\usbd_desc.o
 .rodata.USBD_FS_ManufacturerStrDescriptor.str1.1
                0x080064bc       0x13 Src\usbd_desc.o
 .rodata.USBD_FS_ProductStrDescriptor.str1.1
                0x080064cf       0x16 Src\usbd_desc.o
 .rodata.USBD_FS_SerialStrDescriptor.str1.1
                0x080064e5        0xd Src\usbd_desc.o
                0x080064f4                . = ALIGN (0x4)
 *fill*         0x080064f2        0x2 

.ARM.extab
 *(.ARM.extab* .gnu.linkonce.armextab.*)

.ARM            0x080064f4        0x8
                0x080064f4                __exidx_start = .
 *(.ARM.exidx*)
 .ARM.exidx     0x080064f4        0x8 c:/program files (x86)/atollic/truestudio for stm32 9.0.0/armtools/bin/../lib/gcc/arm-atollic-eabi/6.3.1/armv7e-m/fpu\libgcc.a(_udivmoddi4.o)
                0x080064fc                __exidx_end = .

.rel.dyn        0x080064fc        0x0
 .rel.iplt      0x080064fc        0x0 c:/program files (x86)/atollic/truestudio for stm32 9.0.0/armtools/bin/../lib/gcc/arm-atollic-eabi/6.3.1/armv7e-m/fpu/crtbegin.o

.preinit_array  0x080064fc        0x0
                0x080064fc                PROVIDE (__preinit_array_start, .)
 *(.preinit_array*)
                0x080064fc                PROVIDE (__preinit_array_end, .)

.init_array     0x080064fc        0x4
                0x080064fc                PROVIDE (__init_array_start, .)
 *(SORT(.init_array.*))
 *(.init_array*)
 .init_array    0x080064fc        0x4 c:/program files (x86)/atollic/truestudio for stm32 9.0.0/armtools/bin/../lib/gcc/arm-atollic-eabi/6.3.1/armv7e-m/fpu/crtbegin.o
                0x08006500                PROVIDE (__init_array_end, .)

.fini_array     0x08006500        0x4
                [!provide]                PROVIDE (__fini_array_start, .)
 *(SORT(.fini_array.*))
 *(.fini_array*)
 .fini_array    0x08006500        0x4 c:/program files (x86)/atollic/truestudio for stm32 9.0.0/armtools/bin/../lib/gcc/arm-atollic-eabi/6.3.1/armv7e-m/fpu/crtbegin.o
                [!provide]                PROVIDE (__fini_array_end, .)
                0x08006504                _sidata = LOADADDR (.data)

.data           0x20000000      0x170 load address 0x08006504
                0x20000000                . = ALIGN (0x4)
                0x20000000                _sdata = .
 *(.data)
 *(.data*)
 .data.USBD_CDC
                0x20000000       0x3c Middlewares\ST\STM32_USB_Device_Library\Class\CDC\Src\usbd_cdc.o
                0x20000000                USBD_CDC
 .data.USBD_CDC_CfgFSDesc
                0x2000003c       0x43 Middlewares\ST\STM32_USB_Device_Library\Class\CDC\Src\usbd_cdc.o
                0x2000003c                USBD_CDC_CfgFSDesc
 *fill*         0x2000007f        0x1 
 .data.USBD_CDC_CfgHSDesc
                0x20000080       0x43 Middlewares\ST\STM32_USB_Device_Library\Class\CDC\Src\usbd_cdc.o
                0x20000080                USBD_CDC_CfgHSDesc
 *fill*         0x200000c3        0x1 
 .data.USBD_CDC_DeviceQualifierDesc
                0x200000c4        0xa Middlewares\ST\STM32_USB_Device_Library\Class\CDC\Src\usbd_cdc.o
 *fill*         0x200000ce        0x2 
 .data.USBD_CDC_OtherSpeedCfgDesc
                0x200000d0       0x43 Middlewares\ST\STM32_USB_Device_Library\Class\CDC\Src\usbd_cdc.o
                0x200000d0                USBD_CDC_OtherSpeedCfgDesc
 *fill*         0x20000113        0x1 
 .data.uxCriticalNesting
                0x20000114        0x4 Middlewares\Third_Party\FreeRTOS\Source\portable\GCC\ARM_CM4F\port.o
 .data.SystemCoreClock
                0x20000118        0x4 Src\system_stm32l4xx.o
                0x20000118                SystemCoreClock
 .data.USBD_Interface_fops_FS
                0x2000011c       0x10 Src\usbd_cdc_if.o
                0x2000011c                USBD_Interface_fops_FS
 .data.FS_Desc  0x2000012c       0x20 Src\usbd_desc.o
                0x2000012c                FS_Desc
 .data.USBD_FS_BOSDesc
                0x2000014c        0xc Src\usbd_desc.o
                0x2000014c                USBD_FS_BOSDesc
 .data.USBD_FS_DeviceDesc
                0x20000158       0x12 Src\usbd_desc.o
                0x20000158                USBD_FS_DeviceDesc
 *fill*         0x2000016a        0x2 
 .data.USBD_LangIDDesc
                0x2000016c        0x4 Src\usbd_desc.o
                0x2000016c                USBD_LangIDDesc
                0x20000170                . = ALIGN (0x4)
                0x20000170                _edata = .

.igot.plt       0x20000170        0x0 load address 0x08006674
 .igot.plt      0x20000170        0x0 c:/program files (x86)/atollic/truestudio for stm32 9.0.0/armtools/bin/../lib/gcc/arm-atollic-eabi/6.3.1/armv7e-m/fpu/crtbegin.o
                0x20000170                . = ALIGN (0x4)

.bss            0x20000170     0x29f4 load address 0x08006674
                0x20000170                _sbss = .
                0x20000170                __bss_start__ = _sbss
 *(.bss)
 .bss           0x20000170       0x1c c:/program files (x86)/atollic/truestudio for stm32 9.0.0/armtools/bin/../lib/gcc/arm-atollic-eabi/6.3.1/armv7e-m/fpu/crtbegin.o
 *(.bss*)
 .bss.ifalt.11034
                0x2000018c        0x1 Middlewares\ST\STM32_USB_Device_Library\Class\CDC\Src\usbd_cdc.o
 .bss.cfgidx.11040
                0x2000018d        0x1 Middlewares\ST\STM32_USB_Device_Library\Core\Src\usbd_ctlreq.o
 .bss.ucMaxSysCallPriority
                0x2000018e        0x1 Middlewares\Third_Party\FreeRTOS\Source\portable\GCC\ARM_CM4F\port.o
 *fill*         0x2000018f        0x1 
 .bss.ulMaxPRIGROUPValue
                0x20000190        0x4 Middlewares\Third_Party\FreeRTOS\Source\portable\GCC\ARM_CM4F\port.o
 .bss.pxEnd     0x20000194        0x4 Middlewares\Third_Party\FreeRTOS\Source\portable\MemMang\heap_4.o
 .bss.ucHeap    0x20000198      0xbb8 Middlewares\Third_Party\FreeRTOS\Source\portable\MemMang\heap_4.o
 .bss.xBlockAllocatedBit
                0x20000d50        0x4 Middlewares\Third_Party\FreeRTOS\Source\portable\MemMang\heap_4.o
 .bss.xFreeBytesRemaining
                0x20000d54        0x4 Middlewares\Third_Party\FreeRTOS\Source\portable\MemMang\heap_4.o
 .bss.xMinimumEverFreeBytesRemaining
                0x20000d58        0x4 Middlewares\Third_Party\FreeRTOS\Source\portable\MemMang\heap_4.o
 .bss.xStart    0x20000d5c        0x8 Middlewares\Third_Party\FreeRTOS\Source\portable\MemMang\heap_4.o
 .bss.pxCurrentTCB
                0x20000d64        0x4 Middlewares\Third_Party\FreeRTOS\Source\tasks.o
                0x20000d64                pxCurrentTCB
 .bss.pxDelayedTaskList
                0x20000d68        0x4 Middlewares\Third_Party\FreeRTOS\Source\tasks.o
 .bss.pxOverflowDelayedTaskList
                0x20000d6c        0x4 Middlewares\Third_Party\FreeRTOS\Source\tasks.o
 .bss.pxReadyTasksLists
                0x20000d70       0x8c Middlewares\Third_Party\FreeRTOS\Source\tasks.o
 .bss.uxCurrentNumberOfTasks
                0x20000dfc        0x4 Middlewares\Third_Party\FreeRTOS\Source\tasks.o
 .bss.uxDeletedTasksWaitingCleanUp
                0x20000e00        0x4 Middlewares\Third_Party\FreeRTOS\Source\tasks.o
 .bss.uxPendedTicks
                0x20000e04        0x4 Middlewares\Third_Party\FreeRTOS\Source\tasks.o
 .bss.uxSchedulerSuspended
                0x20000e08        0x4 Middlewares\Third_Party\FreeRTOS\Source\tasks.o
 .bss.uxTaskNumber
                0x20000e0c        0x4 Middlewares\Third_Party\FreeRTOS\Source\tasks.o
 .bss.uxTopReadyPriority
                0x20000e10        0x4 Middlewares\Third_Party\FreeRTOS\Source\tasks.o
 .bss.xDelayedTaskList1
                0x20000e14       0x14 Middlewares\Third_Party\FreeRTOS\Source\tasks.o
 .bss.xDelayedTaskList2
                0x20000e28       0x14 Middlewares\Third_Party\FreeRTOS\Source\tasks.o
 .bss.xIdleTaskHandle
                0x20000e3c        0x4 Middlewares\Third_Party\FreeRTOS\Source\tasks.o
 .bss.xNextTaskUnblockTime
                0x20000e40        0x4 Middlewares\Third_Party\FreeRTOS\Source\tasks.o
 .bss.xNumOfOverflows
                0x20000e44        0x4 Middlewares\Third_Party\FreeRTOS\Source\tasks.o
 .bss.xPendingReadyList
                0x20000e48       0x14 Middlewares\Third_Party\FreeRTOS\Source\tasks.o
 .bss.xSchedulerRunning
                0x20000e5c        0x4 Middlewares\Third_Party\FreeRTOS\Source\tasks.o
 .bss.xSuspendedTaskList
                0x20000e60       0x14 Middlewares\Third_Party\FreeRTOS\Source\tasks.o
 .bss.xTasksWaitingTermination
                0x20000e74       0x14 Middlewares\Third_Party\FreeRTOS\Source\tasks.o
 .bss.xTickCount
                0x20000e88        0x4 Middlewares\Third_Party\FreeRTOS\Source\tasks.o
 .bss.xYieldPending
                0x20000e8c        0x4 Middlewares\Third_Party\FreeRTOS\Source\tasks.o
 .bss.GPIO_InitStruct
                0x20000e90       0x14 Src\freertos.o
 .bss.mem.11212
                0x20000ea4      0x220 Src\usbd_conf.o
 *(COMMON)
 COMMON         0x200010c4        0x4 Drivers\STM32L4xx_HAL_Driver\Src\stm32l4xx_hal.o
                0x200010c4                uwTick
 COMMON         0x200010c8        0x4 Src\freertos.o
                0x200010c8                defaultTaskHandle
 COMMON         0x200010cc       0x4c Src\i2c.o
                0x200010cc                hi2c1
 COMMON         0x20001118       0x24 Src\rtc.o
                0x20001118                hrtc
 COMMON         0x2000113c       0xc8 Src\spi.o
                0x2000113c                hspi2
                0x200011a0                hspi1
 COMMON         0x20001204       0x40 Src\stm32l4xx_hal_timebase_TIM.o
                0x20001204                htim2
 COMMON         0x20001244       0x40 Src\tim.o
                0x20001244                htim5
 COMMON         0x20001284       0xf0 Src\usart.o
                0x20001284                hlpuart1
                0x200012fc                huart5
 COMMON         0x20001374      0x224 Src\usb_device.o
                0x20001374                hUsbDeviceFS
 COMMON         0x20001598     0x1000 Src\usbd_cdc_if.o
                0x20001598                UserRxBufferFS
                0x20001d98                UserTxBufferFS
 COMMON         0x20002598      0x3cc Src\usbd_conf.o
                0x20002598                hpcd_USB_OTG_FS
 COMMON         0x20002964      0x200 Src\usbd_desc.o
                0x20002964                USBD_StrDesc
                0x20002b64                . = ALIGN (0x4)
                0x20002b64                _ebss = .
                0x20002b64                __bss_end__ = _ebss

._user_heap_stack
                0x20002b64      0x600 load address 0x08006674
                0x20002b64                . = ALIGN (0x4)
                [!provide]                PROVIDE (end, .)
                [!provide]                PROVIDE (_end, .)
                0x20002d64                . = (. + _Min_Heap_Size)
 *fill*         0x20002b64      0x200 
                0x20003164                . = (. + _Min_Stack_Size)
 *fill*         0x20002d64      0x400 
                0x20003164                . = ALIGN (0x4)

/DISCARD/
 libc.a(*)
 libm.a(*)
 libgcc.a(*)

.ARM.attributes
                0x00000000       0x30
 *(.ARM.attributes)
 .ARM.attributes
                0x00000000       0x22 c:/program files (x86)/atollic/truestudio for stm32 9.0.0/armtools/bin/../lib/gcc/arm-atollic-eabi/6.3.1/armv7e-m/fpu/crti.o
 .ARM.attributes
                0x00000022       0x34 c:/program files (x86)/atollic/truestudio for stm32 9.0.0/armtools/bin/../lib/gcc/arm-atollic-eabi/6.3.1/armv7e-m/fpu/crtbegin.o
 .ARM.attributes
                0x00000056       0x39 Drivers\STM32L4xx_HAL_Driver\Src\stm32l4xx_hal.o
 .ARM.attributes
                0x0000008f       0x39 Drivers\STM32L4xx_HAL_Driver\Src\stm32l4xx_hal_cortex.o
 .ARM.attributes
                0x000000c8       0x39 Drivers\STM32L4xx_HAL_Driver\Src\stm32l4xx_hal_dma.o
 .ARM.attributes
                0x00000101       0x39 Drivers\STM32L4xx_HAL_Driver\Src\stm32l4xx_hal_gpio.o
 .ARM.attributes
                0x0000013a       0x39 Drivers\STM32L4xx_HAL_Driver\Src\stm32l4xx_hal_i2c.o
 .ARM.attributes
                0x00000173       0x39 Drivers\STM32L4xx_HAL_Driver\Src\stm32l4xx_hal_i2c_ex.o
 .ARM.attributes
                0x000001ac       0x39 Drivers\STM32L4xx_HAL_Driver\Src\stm32l4xx_hal_pcd.o
 .ARM.attributes
                0x000001e5       0x39 Drivers\STM32L4xx_HAL_Driver\Src\stm32l4xx_hal_pcd_ex.o
 .ARM.attributes
                0x0000021e       0x39 Drivers\STM32L4xx_HAL_Driver\Src\stm32l4xx_hal_pwr_ex.o
 .ARM.attributes
                0x00000257       0x39 Drivers\STM32L4xx_HAL_Driver\Src\stm32l4xx_hal_rcc.o
 .ARM.attributes
                0x00000290       0x39 Drivers\STM32L4xx_HAL_Driver\Src\stm32l4xx_hal_rcc_ex.o
 .ARM.attributes
                0x000002c9       0x39 Drivers\STM32L4xx_HAL_Driver\Src\stm32l4xx_hal_rtc.o
 .ARM.attributes
                0x00000302       0x39 Drivers\STM32L4xx_HAL_Driver\Src\stm32l4xx_hal_rtc_ex.o
 .ARM.attributes
                0x0000033b       0x39 Drivers\STM32L4xx_HAL_Driver\Src\stm32l4xx_hal_spi.o
 .ARM.attributes
                0x00000374       0x39 Drivers\STM32L4xx_HAL_Driver\Src\stm32l4xx_hal_tim.o
 .ARM.attributes
                0x000003ad       0x39 Drivers\STM32L4xx_HAL_Driver\Src\stm32l4xx_hal_tim_ex.o
 .ARM.attributes
                0x000003e6       0x39 Drivers\STM32L4xx_HAL_Driver\Src\stm32l4xx_hal_uart.o
 .ARM.attributes
                0x0000041f       0x39 Drivers\STM32L4xx_HAL_Driver\Src\stm32l4xx_ll_usb.o
 .ARM.attributes
                0x00000458       0x39 Middlewares\ST\STM32_USB_Device_Library\Class\CDC\Src\usbd_cdc.o
 .ARM.attributes
                0x00000491       0x39 Middlewares\ST\STM32_USB_Device_Library\Core\Src\usbd_core.o
 .ARM.attributes
                0x000004ca       0x39 Middlewares\ST\STM32_USB_Device_Library\Core\Src\usbd_ctlreq.o
 .ARM.attributes
                0x00000503       0x39 Middlewares\ST\STM32_USB_Device_Library\Core\Src\usbd_ioreq.o
 .ARM.attributes
                0x0000053c       0x39 Middlewares\Third_Party\FreeRTOS\Source\CMSIS_RTOS\cmsis_os.o
 .ARM.attributes
                0x00000575       0x39 Middlewares\Third_Party\FreeRTOS\Source\list.o
 .ARM.attributes
                0x000005ae       0x39 Middlewares\Third_Party\FreeRTOS\Source\portable\GCC\ARM_CM4F\port.o
 .ARM.attributes
                0x000005e7       0x39 Middlewares\Third_Party\FreeRTOS\Source\portable\MemMang\heap_4.o
 .ARM.attributes
                0x00000620       0x39 Middlewares\Third_Party\FreeRTOS\Source\tasks.o
 .ARM.attributes
                0x00000659       0x39 Src\freertos.o
 .ARM.attributes
                0x00000692       0x39 Src\gpio.o
 .ARM.attributes
                0x000006cb       0x39 Src\i2c.o
 .ARM.attributes
                0x00000704       0x39 Src\main.o
 .ARM.attributes
                0x0000073d       0x39 Src\rtc.o
 .ARM.attributes
                0x00000776       0x39 Src\spi.o
 .ARM.attributes
                0x000007af       0x39 Src\stm32l4xx_hal_msp.o
 .ARM.attributes
                0x000007e8       0x39 Src\stm32l4xx_hal_timebase_TIM.o
 .ARM.attributes
                0x00000821       0x39 Src\stm32l4xx_it.o
 .ARM.attributes
                0x0000085a       0x39 Src\system_stm32l4xx.o
 .ARM.attributes
                0x00000893       0x39 Src\tim.o
 .ARM.attributes
                0x000008cc       0x39 Src\usart.o
 .ARM.attributes
                0x00000905       0x39 Src\usb_device.o
 .ARM.attributes
                0x0000093e       0x39 Src\usbd_cdc_if.o
 .ARM.attributes
                0x00000977       0x39 Src\usbd_conf.o
 .ARM.attributes
                0x000009b0       0x39 Src\usbd_desc.o
 .ARM.attributes
                0x000009e9       0x21 startup\startup_stm32l496xx.o
 .ARM.attributes
                0x00000a0a       0x34 c:/program files (x86)/atollic/truestudio for stm32 9.0.0/armtools/bin/../lib/gcc/arm-atollic-eabi/6.3.1/../../../../arm-atollic-eabi/lib/armv7e-m/fpu\libc_nano.a(lib_a-init.o)
 .ARM.attributes
                0x00000a3e       0x22 c:/program files (x86)/atollic/truestudio for stm32 9.0.0/armtools/bin/../lib/gcc/arm-atollic-eabi/6.3.1/armv7e-m/fpu\libgcc.a(_aeabi_uldivmod.o)
 .ARM.attributes
                0x00000a60       0x34 c:/program files (x86)/atollic/truestudio for stm32 9.0.0/armtools/bin/../lib/gcc/arm-atollic-eabi/6.3.1/armv7e-m/fpu\libgcc.a(_udivmoddi4.o)
 .ARM.attributes
                0x00000a94       0x22 c:/program files (x86)/atollic/truestudio for stm32 9.0.0/armtools/bin/../lib/gcc/arm-atollic-eabi/6.3.1/armv7e-m/fpu\libgcc.a(_dvmd_tls.o)
 .ARM.attributes
                0x00000ab6       0x22 c:/program files (x86)/atollic/truestudio for stm32 9.0.0/armtools/bin/../lib/gcc/arm-atollic-eabi/6.3.1/armv7e-m/fpu/crtn.o
OUTPUT(FindMeSAT_V2.elf elf32-littlearm)

.debug_info     0x00000000    0x418d6
 .debug_info    0x00000000     0x146c Drivers\STM32L4xx_HAL_Driver\Src\stm32l4xx_hal.o
 .debug_info    0x0000146c     0x17a9 Drivers\STM32L4xx_HAL_Driver\Src\stm32l4xx_hal_cortex.o
 .debug_info    0x00002c15     0x1067 Drivers\STM32L4xx_HAL_Driver\Src\stm32l4xx_hal_dma.o
 .debug_info    0x00003c7c     0x109b Drivers\STM32L4xx_HAL_Driver\Src\stm32l4xx_hal_gpio.o
 .debug_info    0x00004d17     0x3947 Drivers\STM32L4xx_HAL_Driver\Src\stm32l4xx_hal_i2c.o
 .debug_info    0x0000865e     0x1261 Drivers\STM32L4xx_HAL_Driver\Src\stm32l4xx_hal_i2c_ex.o
 .debug_info    0x000098bf     0x1e4f Drivers\STM32L4xx_HAL_Driver\Src\stm32l4xx_hal_pcd.o
 .debug_info    0x0000b70e     0x12b0 Drivers\STM32L4xx_HAL_Driver\Src\stm32l4xx_hal_pcd_ex.o
 .debug_info    0x0000c9be     0x12bb Drivers\STM32L4xx_HAL_Driver\Src\stm32l4xx_hal_pwr_ex.o
 .debug_info    0x0000dc79     0x1610 Drivers\STM32L4xx_HAL_Driver\Src\stm32l4xx_hal_rcc.o
 .debug_info    0x0000f289     0x1a9c Drivers\STM32L4xx_HAL_Driver\Src\stm32l4xx_hal_rcc_ex.o
 .debug_info    0x00010d25     0x17f5 Drivers\STM32L4xx_HAL_Driver\Src\stm32l4xx_hal_rtc.o
 .debug_info    0x0001251a     0x1a41 Drivers\STM32L4xx_HAL_Driver\Src\stm32l4xx_hal_rtc_ex.o
 .debug_info    0x00013f5b     0x280f Drivers\STM32L4xx_HAL_Driver\Src\stm32l4xx_hal_spi.o
 .debug_info    0x0001676a     0x3c59 Drivers\STM32L4xx_HAL_Driver\Src\stm32l4xx_hal_tim.o
 .debug_info    0x0001a3c3     0x1bab Drivers\STM32L4xx_HAL_Driver\Src\stm32l4xx_hal_tim_ex.o
 .debug_info    0x0001bf6e     0x246f Drivers\STM32L4xx_HAL_Driver\Src\stm32l4xx_hal_uart.o
 .debug_info    0x0001e3dd     0x1f63 Drivers\STM32L4xx_HAL_Driver\Src\stm32l4xx_ll_usb.o
 .debug_info    0x00020340     0x1552 Middlewares\ST\STM32_USB_Device_Library\Class\CDC\Src\usbd_cdc.o
 .debug_info    0x00021892     0x14c2 Middlewares\ST\STM32_USB_Device_Library\Core\Src\usbd_core.o
 .debug_info    0x00022d54     0x150b Middlewares\ST\STM32_USB_Device_Library\Core\Src\usbd_ctlreq.o
 .debug_info    0x0002425f     0x1021 Middlewares\ST\STM32_USB_Device_Library\Core\Src\usbd_ioreq.o
 .debug_info    0x00025280     0x2504 Middlewares\Third_Party\FreeRTOS\Source\CMSIS_RTOS\cmsis_os.o
 .debug_info    0x00027784      0xac0 Middlewares\Third_Party\FreeRTOS\Source\list.o
 .debug_info    0x00028244      0x531 Middlewares\Third_Party\FreeRTOS\Source\portable\GCC\ARM_CM4F\port.o
 .debug_info    0x00028775      0xca5 Middlewares\Third_Party\FreeRTOS\Source\portable\MemMang\heap_4.o
 .debug_info    0x0002941a     0x2997 Middlewares\Third_Party\FreeRTOS\Source\tasks.o
 .debug_info    0x0002bdb1      0xef1 Src\freertos.o
 .debug_info    0x0002cca2      0xfc5 Src\gpio.o
 .debug_info    0x0002dc67     0x164a Src\i2c.o
 .debug_info    0x0002f2b1     0x293f Src\main.o
 .debug_info    0x00031bf0     0x15dc Src\rtc.o
 .debug_info    0x000331cc     0x132a Src\spi.o
 .debug_info    0x000344f6      0xf50 Src\stm32l4xx_hal_msp.o
 .debug_info    0x00035446     0x14ab Src\stm32l4xx_hal_timebase_TIM.o
 .debug_info    0x000368f1     0x1b1f Src\stm32l4xx_it.o
 .debug_info    0x00038410      0xdef Src\system_stm32l4xx.o
 .debug_info    0x000391ff     0x1785 Src\tim.o
 .debug_info    0x0003a984     0x1409 Src\usart.o
 .debug_info    0x0003bd8d     0x149e Src\usb_device.o
 .debug_info    0x0003d22b     0x10ec Src\usbd_cdc_if.o
 .debug_info    0x0003e317     0x271f Src\usbd_conf.o
 .debug_info    0x00040a36      0xe0c Src\usbd_desc.o
 .debug_info    0x00041842       0x94 startup\startup_stm32l496xx.o

.debug_abbrev   0x00000000     0x76f1
 .debug_abbrev  0x00000000      0x2c9 Drivers\STM32L4xx_HAL_Driver\Src\stm32l4xx_hal.o
 .debug_abbrev  0x000002c9      0x37d Drivers\STM32L4xx_HAL_Driver\Src\stm32l4xx_hal_cortex.o
 .debug_abbrev  0x00000646      0x29e Drivers\STM32L4xx_HAL_Driver\Src\stm32l4xx_hal_dma.o
 .debug_abbrev  0x000008e4      0x268 Drivers\STM32L4xx_HAL_Driver\Src\stm32l4xx_hal_gpio.o
 .debug_abbrev  0x00000b4c      0x3b8 Drivers\STM32L4xx_HAL_Driver\Src\stm32l4xx_hal_i2c.o
 .debug_abbrev  0x00000f04      0x218 Drivers\STM32L4xx_HAL_Driver\Src\stm32l4xx_hal_i2c_ex.o
 .debug_abbrev  0x0000111c      0x389 Drivers\STM32L4xx_HAL_Driver\Src\stm32l4xx_hal_pcd.o
 .debug_abbrev  0x000014a5      0x2f3 Drivers\STM32L4xx_HAL_Driver\Src\stm32l4xx_hal_pcd_ex.o
 .debug_abbrev  0x00001798      0x2c7 Drivers\STM32L4xx_HAL_Driver\Src\stm32l4xx_hal_pwr_ex.o
 .debug_abbrev  0x00001a5f      0x2d2 Drivers\STM32L4xx_HAL_Driver\Src\stm32l4xx_hal_rcc.o
 .debug_abbrev  0x00001d31      0x31c Drivers\STM32L4xx_HAL_Driver\Src\stm32l4xx_hal_rcc_ex.o
 .debug_abbrev  0x0000204d      0x2c6 Drivers\STM32L4xx_HAL_Driver\Src\stm32l4xx_hal_rtc.o
 .debug_abbrev  0x00002313      0x2d5 Drivers\STM32L4xx_HAL_Driver\Src\stm32l4xx_hal_rtc_ex.o
 .debug_abbrev  0x000025e8      0x389 Drivers\STM32L4xx_HAL_Driver\Src\stm32l4xx_hal_spi.o
 .debug_abbrev  0x00002971      0x3ab Drivers\STM32L4xx_HAL_Driver\Src\stm32l4xx_hal_tim.o
 .debug_abbrev  0x00002d1c      0x30d Drivers\STM32L4xx_HAL_Driver\Src\stm32l4xx_hal_tim_ex.o
 .debug_abbrev  0x00003029      0x3aa Drivers\STM32L4xx_HAL_Driver\Src\stm32l4xx_hal_uart.o
 .debug_abbrev  0x000033d3      0x2e7 Drivers\STM32L4xx_HAL_Driver\Src\stm32l4xx_ll_usb.o
 .debug_abbrev  0x000036ba      0x2e8 Middlewares\ST\STM32_USB_Device_Library\Class\CDC\Src\usbd_cdc.o
 .debug_abbrev  0x000039a2      0x308 Middlewares\ST\STM32_USB_Device_Library\Core\Src\usbd_core.o
 .debug_abbrev  0x00003caa      0x3aa Middlewares\ST\STM32_USB_Device_Library\Core\Src\usbd_ctlreq.o
 .debug_abbrev  0x00004054      0x1da Middlewares\ST\STM32_USB_Device_Library\Core\Src\usbd_ioreq.o
 .debug_abbrev  0x0000422e      0x450 Middlewares\Third_Party\FreeRTOS\Source\CMSIS_RTOS\cmsis_os.o
 .debug_abbrev  0x0000467e      0x1e3 Middlewares\Third_Party\FreeRTOS\Source\list.o
 .debug_abbrev  0x00004861      0x211 Middlewares\Third_Party\FreeRTOS\Source\portable\GCC\ARM_CM4F\port.o
 .debug_abbrev  0x00004a72      0x314 Middlewares\Third_Party\FreeRTOS\Source\portable\MemMang\heap_4.o
 .debug_abbrev  0x00004d86      0x419 Middlewares\Third_Party\FreeRTOS\Source\tasks.o
 .debug_abbrev  0x0000519f      0x250 Src\freertos.o
 .debug_abbrev  0x000053ef      0x202 Src\gpio.o
 .debug_abbrev  0x000055f1      0x230 Src\i2c.o
 .debug_abbrev  0x00005821      0x28b Src\main.o
 .debug_abbrev  0x00005aac      0x227 Src\rtc.o
 .debug_abbrev  0x00005cd3      0x24b Src\spi.o
 .debug_abbrev  0x00005f1e      0x1f5 Src\stm32l4xx_hal_msp.o
 .debug_abbrev  0x00006113      0x258 Src\stm32l4xx_hal_timebase_TIM.o
 .debug_abbrev  0x0000636b      0x258 Src\stm32l4xx_it.o
 .debug_abbrev  0x000065c3      0x1eb Src\system_stm32l4xx.o
 .debug_abbrev  0x000067ae      0x23f Src\tim.o
 .debug_abbrev  0x000069ed      0x240 Src\usart.o
 .debug_abbrev  0x00006c2d      0x24e Src\usb_device.o
 .debug_abbrev  0x00006e7b      0x2ab Src\usbd_cdc_if.o
 .debug_abbrev  0x00007126      0x358 Src\usbd_conf.o
 .debug_abbrev  0x0000747e      0x261 Src\usbd_desc.o
 .debug_abbrev  0x000076df       0x12 startup\startup_stm32l496xx.o

.debug_loc      0x00000000    0x152bf
 .debug_loc     0x00000000       0xf8 Drivers\STM32L4xx_HAL_Driver\Src\stm32l4xx_hal.o
 .debug_loc     0x000000f8      0x4fb Drivers\STM32L4xx_HAL_Driver\Src\stm32l4xx_hal_cortex.o
 .debug_loc     0x000005f3      0x60c Drivers\STM32L4xx_HAL_Driver\Src\stm32l4xx_hal_dma.o
 .debug_loc     0x00000bff      0x2df Drivers\STM32L4xx_HAL_Driver\Src\stm32l4xx_hal_gpio.o
 .debug_loc     0x00000ede     0x30e5 Drivers\STM32L4xx_HAL_Driver\Src\stm32l4xx_hal_i2c.o
 .debug_loc     0x00003fc3      0x1b8 Drivers\STM32L4xx_HAL_Driver\Src\stm32l4xx_hal_i2c_ex.o
 .debug_loc     0x0000417b      0xb92 Drivers\STM32L4xx_HAL_Driver\Src\stm32l4xx_hal_pcd.o
 .debug_loc     0x00004d0d      0x1d5 Drivers\STM32L4xx_HAL_Driver\Src\stm32l4xx_hal_pcd_ex.o
 .debug_loc     0x00004ee2      0x643 Drivers\STM32L4xx_HAL_Driver\Src\stm32l4xx_hal_pwr_ex.o
 .debug_loc     0x00005525      0x5a9 Drivers\STM32L4xx_HAL_Driver\Src\stm32l4xx_hal_rcc.o
 .debug_loc     0x00005ace      0xedc Drivers\STM32L4xx_HAL_Driver\Src\stm32l4xx_hal_rcc_ex.o
 .debug_loc     0x000069aa      0x82a Drivers\STM32L4xx_HAL_Driver\Src\stm32l4xx_hal_rtc.o
 .debug_loc     0x000071d4      0xaf1 Drivers\STM32L4xx_HAL_Driver\Src\stm32l4xx_hal_rtc_ex.o
 .debug_loc     0x00007cc5     0x1888 Drivers\STM32L4xx_HAL_Driver\Src\stm32l4xx_hal_spi.o
 .debug_loc     0x0000954d     0x317a Drivers\STM32L4xx_HAL_Driver\Src\stm32l4xx_hal_tim.o
 .debug_loc     0x0000c6c7      0xd1d Drivers\STM32L4xx_HAL_Driver\Src\stm32l4xx_hal_tim_ex.o
 .debug_loc     0x0000d3e4     0x19b3 Drivers\STM32L4xx_HAL_Driver\Src\stm32l4xx_hal_uart.o
 .debug_loc     0x0000ed97     0x15d3 Drivers\STM32L4xx_HAL_Driver\Src\stm32l4xx_ll_usb.o
 .debug_loc     0x0001036a      0x4cf Middlewares\ST\STM32_USB_Device_Library\Class\CDC\Src\usbd_cdc.o
 .debug_loc     0x00010839      0x5f2 Middlewares\ST\STM32_USB_Device_Library\Core\Src\usbd_core.o
 .debug_loc     0x00010e2b      0x804 Middlewares\ST\STM32_USB_Device_Library\Core\Src\usbd_ctlreq.o
 .debug_loc     0x0001162f      0x23c Middlewares\ST\STM32_USB_Device_Library\Core\Src\usbd_ioreq.o
 .debug_loc     0x0001186b     0x1038 Middlewares\Third_Party\FreeRTOS\Source\CMSIS_RTOS\cmsis_os.o
 .debug_loc     0x000128a3       0x94 Middlewares\Third_Party\FreeRTOS\Source\list.o
 .debug_loc     0x00012937       0xcf Middlewares\Third_Party\FreeRTOS\Source\portable\GCC\ARM_CM4F\port.o
 .debug_loc     0x00012a06      0x390 Middlewares\Third_Party\FreeRTOS\Source\portable\MemMang\heap_4.o
 .debug_loc     0x00012d96     0x1249 Middlewares\Third_Party\FreeRTOS\Source\tasks.o
 .debug_loc     0x00013fdf       0x5b Src\freertos.o
 .debug_loc     0x0001403a       0x4d Src\i2c.o
 .debug_loc     0x00014087       0x2c Src\main.o
 .debug_loc     0x000140b3       0x58 Src\rtc.o
 .debug_loc     0x0001410b       0x7f Src\spi.o
 .debug_loc     0x0001418a       0x94 Src\stm32l4xx_hal_timebase_TIM.o
 .debug_loc     0x0001421e      0x1be Src\system_stm32l4xx.o
 .debug_loc     0x000143dc       0x4d Src\tim.o
 .debug_loc     0x00014429       0x7f Src\usart.o
 .debug_loc     0x000144a8       0x4d Src\usb_device.o
 .debug_loc     0x000144f5      0x10c Src\usbd_cdc_if.o
 .debug_loc     0x00014601      0xa2a Src\usbd_conf.o
 .debug_loc     0x0001502b      0x294 Src\usbd_desc.o

.debug_aranges  0x00000000     0x1ce0
 .debug_aranges
                0x00000000      0x110 Drivers\STM32L4xx_HAL_Driver\Src\stm32l4xx_hal.o
 .debug_aranges
                0x00000110       0xa8 Drivers\STM32L4xx_HAL_Driver\Src\stm32l4xx_hal_cortex.o
 .debug_aranges
                0x000001b8       0x78 Drivers\STM32L4xx_HAL_Driver\Src\stm32l4xx_hal_dma.o
 .debug_aranges
                0x00000230       0x58 Drivers\STM32L4xx_HAL_Driver\Src\stm32l4xx_hal_gpio.o
 .debug_aranges
                0x00000288      0x200 Drivers\STM32L4xx_HAL_Driver\Src\stm32l4xx_hal_i2c.o
 .debug_aranges
                0x00000488       0x48 Drivers\STM32L4xx_HAL_Driver\Src\stm32l4xx_hal_i2c_ex.o
 .debug_aranges
                0x000004d0       0xc0 Drivers\STM32L4xx_HAL_Driver\Src\stm32l4xx_hal_pcd.o
 .debug_aranges
                0x00000590       0x58 Drivers\STM32L4xx_HAL_Driver\Src\stm32l4xx_hal_pcd_ex.o
 .debug_aranges
                0x000005e8      0x130 Drivers\STM32L4xx_HAL_Driver\Src\stm32l4xx_hal_pwr_ex.o
 .debug_aranges
                0x00000718       0x88 Drivers\STM32L4xx_HAL_Driver\Src\stm32l4xx_hal_rcc.o
 .debug_aranges
                0x000007a0       0xe8 Drivers\STM32L4xx_HAL_Driver\Src\stm32l4xx_hal_rcc_ex.o
 .debug_aranges
                0x00000888       0xa8 Drivers\STM32L4xx_HAL_Driver\Src\stm32l4xx_hal_rtc.o
 .debug_aranges
                0x00000930      0x118 Drivers\STM32L4xx_HAL_Driver\Src\stm32l4xx_hal_rtc_ex.o
 .debug_aranges
                0x00000a48      0x198 Drivers\STM32L4xx_HAL_Driver\Src\stm32l4xx_hal_spi.o
 .debug_aranges
                0x00000be0      0x268 Drivers\STM32L4xx_HAL_Driver\Src\stm32l4xx_hal_tim.o
 .debug_aranges
                0x00000e48      0x100 Drivers\STM32L4xx_HAL_Driver\Src\stm32l4xx_hal_tim_ex.o
 .debug_aranges
                0x00000f48      0x1a0 Drivers\STM32L4xx_HAL_Driver\Src\stm32l4xx_hal_uart.o
 .debug_aranges
                0x000010e8      0x190 Drivers\STM32L4xx_HAL_Driver\Src\stm32l4xx_ll_usb.o
 .debug_aranges
                0x00001278       0x90 Middlewares\ST\STM32_USB_Device_Library\Class\CDC\Src\usbd_cdc.o
 .debug_aranges
                0x00001308       0xa8 Middlewares\ST\STM32_USB_Device_Library\Core\Src\usbd_core.o
 .debug_aranges
                0x000013b0       0x50 Middlewares\ST\STM32_USB_Device_Library\Core\Src\usbd_ctlreq.o
 .debug_aranges
                0x00001400       0x50 Middlewares\ST\STM32_USB_Device_Library\Core\Src\usbd_ioreq.o
 .debug_aranges
                0x00001450      0x190 Middlewares\Third_Party\FreeRTOS\Source\CMSIS_RTOS\cmsis_os.o
 .debug_aranges
                0x000015e0       0x40 Middlewares\Third_Party\FreeRTOS\Source\list.o
 .debug_aranges
                0x00001620       0x80 Middlewares\Third_Party\FreeRTOS\Source\portable\GCC\ARM_CM4F\port.o
 .debug_aranges
                0x000016a0       0x48 Middlewares\Third_Party\FreeRTOS\Source\portable\MemMang\heap_4.o
 .debug_aranges
                0x000016e8      0x170 Middlewares\Third_Party\FreeRTOS\Source\tasks.o
 .debug_aranges
                0x00001858       0x28 Src\freertos.o
 .debug_aranges
                0x00001880       0x20 Src\gpio.o
 .debug_aranges
                0x000018a0       0x30 Src\i2c.o
 .debug_aranges
                0x000018d0       0x38 Src\main.o
 .debug_aranges
                0x00001908       0x30 Src\rtc.o
 .debug_aranges
                0x00001938       0x38 Src\spi.o
 .debug_aranges
                0x00001970       0x20 Src\stm32l4xx_hal_msp.o
 .debug_aranges
                0x00001990       0x30 Src\stm32l4xx_hal_timebase_TIM.o
 .debug_aranges
                0x000019c0       0x80 Src\stm32l4xx_it.o
 .debug_aranges
                0x00001a40       0x28 Src\system_stm32l4xx.o
 .debug_aranges
                0x00001a68       0x30 Src\tim.o
 .debug_aranges
                0x00001a98       0x38 Src\usart.o
 .debug_aranges
                0x00001ad0       0x28 Src\usb_device.o
 .debug_aranges
                0x00001af8       0x40 Src\usbd_cdc_if.o
 .debug_aranges
                0x00001b38      0x128 Src\usbd_conf.o
 .debug_aranges
                0x00001c60       0x58 Src\usbd_desc.o
 .debug_aranges
                0x00001cb8       0x28 startup\startup_stm32l496xx.o

.debug_ranges   0x00000000     0x20a8
 .debug_ranges  0x00000000      0x100 Drivers\STM32L4xx_HAL_Driver\Src\stm32l4xx_hal.o
 .debug_ranges  0x00000100      0x138 Drivers\STM32L4xx_HAL_Driver\Src\stm32l4xx_hal_cortex.o
 .debug_ranges  0x00000238       0xa0 Drivers\STM32L4xx_HAL_Driver\Src\stm32l4xx_hal_dma.o
 .debug_ranges  0x000002d8       0x68 Drivers\STM32L4xx_HAL_Driver\Src\stm32l4xx_hal_gpio.o
 .debug_ranges  0x00000340      0x268 Drivers\STM32L4xx_HAL_Driver\Src\stm32l4xx_hal_i2c.o
 .debug_ranges  0x000005a8       0x68 Drivers\STM32L4xx_HAL_Driver\Src\stm32l4xx_hal_i2c_ex.o
 .debug_ranges  0x00000610       0xc8 Drivers\STM32L4xx_HAL_Driver\Src\stm32l4xx_hal_pcd.o